Component: ARM Compiler 6.14 Tool: armlink [5db06800]

==============================================================================

Section Cross References

    startup_stm32f042x6.o(RESET) refers to startup_stm32f042x6.o(STACK) for __initial_sp
    startup_stm32f042x6.o(RESET) refers to startup_stm32f042x6.o(.text) for Reset_Handler
    startup_stm32f042x6.o(RESET) refers to stm32f0xx_it.o(.text.NMI_Handler) for NMI_Handler
    startup_stm32f042x6.o(RESET) refers to stm32f0xx_it.o(.text.HardFault_Handler) for HardFault_Handler
    startup_stm32f042x6.o(RESET) refers to stm32f0xx_it.o(.text.SVC_Handler) for SVC_Handler
    startup_stm32f042x6.o(RESET) refers to stm32f0xx_it.o(.text.PendSV_Handler) for PendSV_Handler
    startup_stm32f042x6.o(RESET) refers to stm32f0xx_it.o(.text.SysTick_Handler) for SysTick_Handler
    startup_stm32f042x6.o(RESET) refers to stm32f0xx_it.o(.text.EXTI4_15_IRQHandler) for EXTI4_15_IRQHandler
    startup_stm32f042x6.o(RESET) refers to stm32f0xx_it.o(.text.DMA1_Channel1_IRQHandler) for DMA1_Channel1_IRQHandler
    startup_stm32f042x6.o(RESET) refers to stm32f0xx_it.o(.text.DMA1_Channel2_3_IRQHandler) for DMA1_Channel2_3_IRQHandler
    startup_stm32f042x6.o(RESET) refers to stm32f0xx_it.o(.text.ADC1_IRQHandler) for ADC1_IRQHandler
    startup_stm32f042x6.o(RESET) refers to stm32f0xx_it.o(.text.TIM1_BRK_UP_TRG_COM_IRQHandler) for TIM1_BRK_UP_TRG_COM_IRQHandler
    startup_stm32f042x6.o(RESET) refers to stm32f0xx_it.o(.text.I2C1_IRQHandler) for I2C1_IRQHandler
    startup_stm32f042x6.o(RESET) refers to stm32f0xx_it.o(.text.USB_IRQHandler) for USB_IRQHandler
    startup_stm32f042x6.o(.text) refers to startup_stm32f042x6.o(STACK) for __initial_sp
    startup_stm32f042x6.o(.text) refers to system_stm32f0xx.o(.text.SystemInit) for SystemInit
    startup_stm32f042x6.o(.text) refers to entry.o(.ARM.Collect$$$$00000000) for __main
    fonts.o(.data.Font_7x10) refers to fonts.o(.rodata.Font7x10) for [Anonymous Symbol]
    fonts.o(.data.Font_11x18) refers to fonts.o(.rodata.Font11x18) for [Anonymous Symbol]
    fonts.o(.data.Font_16x26) refers to fonts.o(.rodata.Font16x26) for [Anonymous Symbol]
    ssd1306.o(.text.ssd1306_Init) refers to stm32f0xx_hal.o(.text.HAL_Delay) for HAL_Delay
    ssd1306.o(.text.ssd1306_Init) refers to ssd1306.o(.text.ssd1306_Fill) for ssd1306_Fill
    ssd1306.o(.text.ssd1306_Init) refers to ssd1306.o(.text.ssd1306_UpdateScreen) for ssd1306_UpdateScreen
    ssd1306.o(.text.ssd1306_Init) refers to ssd1306.o(.text.ssd1306_WriteCommand) for ssd1306_WriteCommand
    ssd1306.o(.text.ssd1306_Init) refers to ssd1306.o(.bss..L_MergedGlobals) for [Anonymous Symbol]
    ssd1306.o(.ARM.exidx.text.ssd1306_Init) refers to ssd1306.o(.text.ssd1306_Init) for [Anonymous Symbol]
    ssd1306.o(.text.ssd1306_WriteCommand) refers to stm32f0xx_hal_i2c.o(.text.HAL_I2C_Mem_Write) for HAL_I2C_Mem_Write
    ssd1306.o(.text.ssd1306_WriteCommand) refers to main.o(.bss.hi2c1) for hi2c1
    ssd1306.o(.ARM.exidx.text.ssd1306_WriteCommand) refers to ssd1306.o(.text.ssd1306_WriteCommand) for [Anonymous Symbol]
    ssd1306.o(.text.ssd1306_Fill) refers to ssd1306.o(.bss.SSD1306_Buffer) for [Anonymous Symbol]
    ssd1306.o(.ARM.exidx.text.ssd1306_Fill) refers to ssd1306.o(.text.ssd1306_Fill) for [Anonymous Symbol]
    ssd1306.o(.text.ssd1306_UpdateScreen) refers to stm32f0xx_hal_i2c.o(.text.HAL_I2C_Mem_Write) for HAL_I2C_Mem_Write
    ssd1306.o(.text.ssd1306_UpdateScreen) refers to ssd1306.o(.bss.SSD1306_Buffer) for [Anonymous Symbol]
    ssd1306.o(.text.ssd1306_UpdateScreen) refers to ssd1306.o(.text.ssd1306_WriteCommand) for ssd1306_WriteCommand
    ssd1306.o(.text.ssd1306_UpdateScreen) refers to main.o(.bss.hi2c1) for hi2c1
    ssd1306.o(.ARM.exidx.text.ssd1306_UpdateScreen) refers to ssd1306.o(.text.ssd1306_UpdateScreen) for [Anonymous Symbol]
    ssd1306.o(.text.ssd1306_DrawPixel) refers to ssd1306.o(.bss.SSD1306_Buffer) for [Anonymous Symbol]
    ssd1306.o(.ARM.exidx.text.ssd1306_DrawPixel) refers to ssd1306.o(.text.ssd1306_DrawPixel) for [Anonymous Symbol]
    ssd1306.o(.text.ssd1306_WriteChar) refers to ssd1306.o(.text.ssd1306_DrawPixel) for ssd1306_DrawPixel
    ssd1306.o(.text.ssd1306_WriteChar) refers to ssd1306.o(.bss..L_MergedGlobals) for [Anonymous Symbol]
    ssd1306.o(.ARM.exidx.text.ssd1306_WriteChar) refers to ssd1306.o(.text.ssd1306_WriteChar) for [Anonymous Symbol]
    ssd1306.o(.text.ssd1306_WriteString) refers to ssd1306.o(.text.ssd1306_WriteChar) for ssd1306_WriteChar
    ssd1306.o(.ARM.exidx.text.ssd1306_WriteString) refers to ssd1306.o(.text.ssd1306_WriteString) for [Anonymous Symbol]
    ssd1306.o(.text.ssd1306_SetCursor) refers to ssd1306.o(.bss..L_MergedGlobals) for [Anonymous Symbol]
    ssd1306.o(.ARM.exidx.text.ssd1306_SetCursor) refers to ssd1306.o(.text.ssd1306_SetCursor) for [Anonymous Symbol]
    ssd1306.o(.text.ssd1306_DrawLine) refers to ssd1306.o(.text.ssd1306_DrawPixel) for ssd1306_DrawPixel
[...]
    __arm_cp.4_1                             0x08003900   Number         4  usbd_desc.o(.text.USBD_FS_SerialStrDescriptor)
    [Anonymous Symbol]                       0x08003904   Section        0  usbd_ctlreq.o(.text.USBD_GetString)
    USBD_Get_USB_Status                      0x08003949   Thumb Code    24  usbd_conf.o(.text.USBD_Get_USB_Status)
    [Anonymous Symbol]                       0x08003948   Section        0  usbd_conf.o(.text.USBD_Get_USB_Status)
    __arm_cp.15_0                            0x0800395c   Number         4  usbd_conf.o(.text.USBD_Get_USB_Status)
    [Anonymous Symbol]                       0x08003960   Section        0  usbd_core.o(.text.USBD_Init)
    [Anonymous Symbol]                       0x0800398e   Section        0  usbd_conf.o(.text.USBD_LL_ClearStallEP)
    [Anonymous Symbol]                       0x080039a0   Section        0  usbd_conf.o(.text.USBD_LL_CloseEP)
    [Anonymous Symbol]                       0x080039b2   Section        0  usbd_core.o(.text.USBD_LL_DataInStage)
    [Anonymous Symbol]                       0x08003a74   Section        0  usbd_core.o(.text.USBD_LL_DataOutStage)
    [Anonymous Symbol]                       0x08003af4   Section        0  usbd_conf.o(.text.USBD_LL_DeInit)
    [Anonymous Symbol]                       0x08003b06   Section        0  usbd_conf.o(.text.USBD_LL_GetRxDataSize)
    [Anonymous Symbol]                       0x08003b14   Section        0  usbd_conf.o(.text.USBD_LL_Init)
    __arm_cp.13_0                            0x08003b88   Number         4  usbd_conf.o(.text.USBD_LL_Init)
    __arm_cp.13_1                            0x08003b8c   Number         4  usbd_conf.o(.text.USBD_LL_Init)
    __arm_cp.13_2                            0x08003b90   Number         4  usbd_conf.o(.text.USBD_LL_Init)
    [Anonymous Symbol]                       0x08003b94   Section        0  usbd_conf.o(.text.USBD_LL_IsStallEP)
    [Anonymous Symbol]                       0x08003bb2   Section        0  usbd_conf.o(.text.USBD_LL_OpenEP)
    [Anonymous Symbol]                       0x08003bca   Section        0  usbd_conf.o(.text.USBD_LL_PrepareReceive)
    [Anonymous Symbol]                       0x08003bdc   Section        0  usbd_core.o(.text.USBD_LL_Reset)
    [Anonymous Symbol]                       0x08003c2c   Section        0  usbd_core.o(.text.USBD_LL_Resume)
    [Anonymous Symbol]                       0x08003c40   Section        0  usbd_core.o(.text.USBD_LL_SOF)
    [Anonymous Symbol]                       0x08003c5c   Section        0  usbd_conf.o(.text.USBD_LL_SetUSBAddress)
    [Anonymous Symbol]                       0x08003c70   Section        0  usbd_core.o(.text.USBD_LL_SetupStage)
    __arm_cp.8_0                             0x08003ccc   Number         4  usbd_core.o(.text.USBD_LL_SetupStage)
    [Anonymous Symbol]                       0x08003cd0   Section        0  usbd_conf.o(.text.USBD_LL_StallEP)
    [Anonymous Symbol]                       0x08003ce2   Section        0  usbd_conf.o(.text.USBD_LL_Start)
    [Anonymous Symbol]                       0x08003cf4   Section        0  usbd_conf.o(.text.USBD_LL_Stop)
    [Anonymous Symbol]                       0x08003d06   Section        0  usbd_core.o(.text.USBD_LL_Suspend)
    [Anonymous Symbol]                       0x08003d18   Section        0  usbd_conf.o(.text.USBD_LL_Transmit)
    [Anonymous Symbol]                       0x08003d2a   Section        0  usbd_ctlreq.o(.text.USBD_ParseSetupRequest)
    [Anonymous Symbol]                       0x08003d52   Section        0  usbd_core.o(.text.USBD_RegisterClass)
    [Anonymous Symbol]                       0x08003d64   Section        0  usbd_core.o(.text.USBD_SetClassConfig)
    [Anonymous Symbol]                       0x08003d80   Section        0  usbd_core.o(.text.USBD_Start)
    [Anonymous Symbol]                       0x08003d8c   Section        0  usbd_ctlreq.o(.text.USBD_StdDevReq)
    __arm_cp.0_0                             0x08003fc0   Number         4  usbd_ctlreq.o(.text.USBD_StdDevReq)
    [Anonymous Symbol]                       0x08003fc4   Section        0  usbd_ctlreq.o(.text.USBD_StdEPReq)
    [Anonymous Symbol]                       0x08004116   Section        0  usbd_ctlreq.o(.text.USBD_StdItfReq)
    [Anonymous Symbol]                       0x08004168   Section        0  usbd_core.o(.text.USBD_Stop)
    [Anonymous Symbol]                       0x08004184   Section        0  usbd_conf.o(.text.USBD_static_malloc)
    __arm_cp.29_0                            0x08004188   Number         4  usbd_conf.o(.text.USBD_static_malloc)
    [Anonymous Symbol]                       0x0800418c   Section        0  stm32f0xx_ll_usb.o(.text.USB_ActivateEndpoint)
    __arm_cp.8_0                             0x08004390   Number         4  stm32f0xx_ll_usb.o(.text.USB_ActivateEndpoint)
    __arm_cp.8_1                             0x08004394   Number         4  stm32f0xx_ll_usb.o(.text.USB_ActivateEndpoint)
    __arm_cp.8_4                             0x08004398   Number         4  stm32f0xx_ll_usb.o(.text.USB_ActivateEndpoint)
    __arm_cp.8_5                             0x0800439c   Number         4  stm32f0xx_ll_usb.o(.text.USB_ActivateEndpoint)
    __arm_cp.8_9                             0x080043a0   Number         4  stm32f0xx_ll_usb.o(.text.USB_ActivateEndpoint)
    [Anonymous Symbol]                       0x080043a4   Section        0  stm32f0xx_ll_usb.o(.text.USB_DeactivateEndpoint)
    __arm_cp.9_0                             0x08004474   Number         4  stm32f0xx_ll_usb.o(.text.USB_DeactivateEndpoint)
    [Anonymous Symbol]                       0x08004478   Section        0  stm32f0xx_ll_usb.o(.text.USB_DevConnect)
    [Anonymous Symbol]                       0x08004488   Section        0  stm32f0xx_ll_usb.o(.text.USB_DevDisconnect)
    __arm_cp.19_0                            0x08004498   Number         4  stm32f0xx_ll_usb.o(.text.USB_DevDisconnect)
    [Anonymous Symbol]                       0x0800449c   Section        0  stm32f0xx_ll_usb.o(.text.USB_DevInit)
    [Anonymous Symbol]                       0x080044bc   Section        0  stm32f0xx_ll_usb.o(.text.USB_DisableGlobalInt)
    __arm_cp.2_0                             0x080044cc   Number         4  stm32f0xx_ll_usb.o(.text.USB_DisableGlobalInt)
    [Anonymous Symbol]                       0x080044d0   Section        0  stm32f0xx_ll_usb.o(.text.USB_EPClearStall)
    __arm_cp.15_0                            0x0800452c   Number         4  stm32f0xx_ll_usb.o(.text.USB_EPClearStall)
    __arm_cp.15_1                            0x08004530   Number         4  stm32f0xx_ll_usb.o(.text.USB_EPClearStall)
    __arm_cp.15_3                            0x08004534   Number         4  stm32f0xx_ll_usb.o(.text.USB_EPClearStall)
    __arm_cp.15_4                            0x08004538   Number         4  stm32f0xx_ll_usb.o(.text.USB_EPClearStall)
    [Anonymous Symbol]                       0x0800453c   Section        0  stm32f0xx_ll_usb.o(.text.USB_EPSetStall)
    __arm_cp.14_0                            0x08004564   Number         4  stm32f0xx_ll_usb.o(.text.USB_EPSetStall)
    __arm_cp.14_1                            0x08004568   Number         4  stm32f0xx_ll_usb.o(.text.USB_EPSetStall)
    __arm_cp.14_2                            0x0800456c   Number         4  stm32f0xx_ll_usb.o(.text.USB_EPSetStall)
    __arm_cp.14_3                            0x08004570   Number         4  stm32f0xx_ll_usb.o(.text.USB_EPSetStall)
    [Anonymous Symbol]                       0x08004574   Section        0  stm32f0xx_ll_usb.o(.text.USB_EPStartXfer)
    __arm_cp.10_0                            0x08004748   Number         4  stm32f0xx_ll_usb.o(.text.USB_EPStartXfer)
    __arm_cp.10_1                            0x0800474c   Number         4  stm32f0xx_ll_usb.o(.text.USB_EPStartXfer)
    __arm_cp.10_2                            0x08004750   Number         4  stm32f0xx_ll_usb.o(.text.USB_EPStartXfer)
    __arm_cp.10_3                            0x08004754   Number         4  stm32f0xx_ll_usb.o(.text.USB_EPStartXfer)
    __arm_cp.10_4                            0x08004758   Number         4  stm32f0xx_ll_usb.o(.text.USB_EPStartXfer)
    __arm_cp.10_5                            0x0800475c   Number         4  stm32f0xx_ll_usb.o(.text.USB_EPStartXfer)
    __arm_cp.10_6                            0x08004760   Number         4  stm32f0xx_ll_usb.o(.text.USB_EPStartXfer)
    [Anonymous Symbol]                       0x08004764   Section        0  stm32f0xx_ll_usb.o(.text.USB_EnableGlobalInt)
    __arm_cp.1_0                             0x08004774   Number         4  stm32f0xx_ll_usb.o(.text.USB_EnableGlobalInt)
    [Anonymous Symbol]                       0x08004778   Section        0  stm32f0xx_it.o(.text.USB_IRQHandler)
    __arm_cp.11_0                            0x08004784   Number         4  stm32f0xx_it.o(.text.USB_IRQHandler)
    [Anonymous Symbol]                       0x08004788   Section        0  stm32f0xx_ll_usb.o(.text.USB_ReadPMA)
    [Anonymous Symbol]                       0x080047b2   Section        0  stm32f0xx_ll_usb.o(.text.USB_SetDevAddress)
    [Anonymous Symbol]                       0x080047c0   Section        0  stm32f0xx_ll_usb.o(.text.USB_StopDevice)
    [Anonymous Symbol]                       0x080047d6   Section        0  stm32f0xx_ll_usb.o(.text.USB_WritePMA)
    __NVIC_SetPriority                       0x080047fd   Thumb Code    64  stm32f0xx_hal_cortex.o(.text.__NVIC_SetPriority)
    [Anonymous Symbol]                       0x080047fc   Section        0  stm32f0xx_hal_cortex.o(.text.__NVIC_SetPriority)
    __arm_cp.1_0                             0x08004834   Number         4  stm32f0xx_hal_cortex.o(.text.__NVIC_SetPriority)
    __arm_cp.1_1                             0x08004838   Number         4  stm32f0xx_hal_cortex.o(.text.__NVIC_SetPriority)
    [Anonymous Symbol]                       0x0800483c   Section        0  main.o(.text.main)
    __arm_cp.3_0                             0x08004c24   Number         4  main.o(.text.main)
    __arm_cp.3_1                             0x08004c28   Number         4  main.o(.text.main)
    __arm_cp.3_2                             0x08004c2c   Number         4  main.o(.text.main)
    __arm_cp.3_3                             0x08004c30   Number         4  main.o(.text.main)
    __arm_cp.3_4                             0x08004c34   Number         4  main.o(.text.main)
    __arm_cp.3_5                             0x08004c38   Number         4  main.o(.text.main)
    __arm_cp.3_6                             0x08004c3c   Number         4  main.o(.text.main)
    __arm_cp.3_7                             0x08004c40   Number         4  main.o(.text.main)
    __arm_cp.3_8                             0x08004c44   Number         4  main.o(.text.main)
    __arm_cp.3_9                             0x08004c48   Number         4  main.o(.text.main)
    __arm_cp.3_10                            0x08004c4c   Number         4  main.o(.text.main)
    __arm_cp.3_11                            0x08004c50   Number         4  main.o(.text.main)
    __arm_cp.3_12                            0x08004c54   Number         4  main.o(.text.main)
    __arm_cp.3_13                            0x08004c58   Number         4  main.o(.text.main)
    __arm_cp.3_14                            0x08004c5c   Number         4  main.o(.text.main)
    __arm_cp.3_15                            0x08004c60   Number         4  main.o(.text.main)
    __arm_cp.3_16                            0x08004c64   Number         4  main.o(.text.main)
    __arm_cp.3_17                            0x08004c68   Number         4  main.o(.text.main)
    __arm_cp.3_19                            0x08004c78   Number         4  main.o(.text.main)
    __arm_cp.3_22                            0x08004c8c   Number         4  main.o(.text.main)
    __arm_cp.3_23                            0x08004c90   Number         4  main.o(.text.main)
    __arm_cp.3_24                            0x08004c94   Number         4  main.o(.text.main)
    [Anonymous Symbol]                       0x08004c98   Section        0  main.o(.text.setSegVal)
    __arm_cp.1_0                             0x08004cec   Number         4  main.o(.text.setSegVal)
    __arm_cp.1_1                             0x08004cf0   Number         4  main.o(.text.setSegVal)
    [Anonymous Symbol]                       0x08004cf4   Section        0  ssd1306.o(.text.ssd1306_DrawPixel)
    [Anonymous Symbol]                       0x08004d20   Section        0  ssd1306.o(.text.ssd1306_Fill)
    [Anonymous Symbol]                       0x08004d3c   Section        0  ssd1306.o(.text.ssd1306_Init)
    [Anonymous Symbol]                       0x08004dd0   Section        0  ssd1306.o(.text.ssd1306_SetCursor)
    [Anonymous Symbol]                       0x08004dd8   Section        0  ssd1306.o(.text.ssd1306_UpdateScreen)
    __arm_cp.3_0                             0x08004e14   Number         4  ssd1306.o(.text.ssd1306_UpdateScreen)
    __arm_cp.3_1                             0x08004e18   Number         4  ssd1306.o(.text.ssd1306_UpdateScreen)
    [Anonymous Symbol]                       0x08004e1c   Section        0  ssd1306.o(.text.ssd1306_WriteChar)
    __arm_cp.5_0                             0x08004ea4   Number         4  ssd1306.o(.text.ssd1306_WriteChar)
    ssd1306_WriteCommand                     0x08004ea9   Thumb Code    32  ssd1306.o(.text.ssd1306_WriteCommand)
    [Anonymous Symbol]                       0x08004ea8   Section        0  ssd1306.o(.text.ssd1306_WriteCommand)
    __arm_cp.1_0                             0x08004ec4   Number         4  ssd1306.o(.text.ssd1306_WriteCommand)
    [Anonymous Symbol]                       0x08004ec8   Section        0  ssd1306.o(.text.ssd1306_WriteString)
    i.__0sprintf                             0x08004ef4   Section        0  printfa.o(i.__0sprintf)
    i.__ARM_clz                              0x08004f1c   Section        0  depilogue.o(i.__ARM_clz)
    i.__scatterload_copy                     0x08004f4a   Section       14  handlers.o(i.__scatterload_copy)
    i.__scatterload_null                     0x08004f58   Section        2  handlers.o(i.__scatterload_null)
    i.__scatterload_zeroinit                 0x08004f5a   Section       14  handlers.o(i.__scatterload_zeroinit)
    _fp_digits                               0x08004f69   Thumb Code   344  printfa.o(i._fp_digits)
    i._fp_digits                             0x08004f68   Section        0  printfa.o(i._fp_digits)
    _printf_core                             0x080050dd   Thumb Code  1754  printfa.o(i._printf_core)
    i._printf_core                           0x080050dc   Section        0  printfa.o(i._printf_core)
    _printf_post_padding                     0x080057c9   Thumb Code    32  printfa.o(i._printf_post_padding)
    i._printf_post_padding                   0x080057c8   Section        0  printfa.o(i._printf_post_padding)
    _printf_pre_padding                      0x080057e9   Thumb Code    44  printfa.o(i._printf_pre_padding)
    i._printf_pre_padding                    0x080057e8   Section        0  printfa.o(i._printf_pre_padding)
    _sputc                                   0x08005815   Thumb Code    10  printfa.o(i._sputc)
    i._sputc                                 0x08005814   Section        0  printfa.o(i._sputc)
    Font11x18                                0x0800581e   Data        3492  fonts.o(.rodata.Font11x18)
    [Anonymous Symbol]                       0x0800581e   Section        0  fonts.o(.rodata.Font11x18)
    .L.str.3                                 0x080065d2   Data           5  main.o(.rodata.str1.1)
    [Anonymous Symbol]                       0x080065d2   Section        0  main.o(.rodata.str1.1)
    [Anonymous Symbol]                       0x20000000   Section        0  stm32f0xx_hal.o(.data..L_MergedGlobals)
    HAL_TIM_PeriodElapsedCallback.now        0x2000002c   Data           2  main.o(.data.HAL_TIM_PeriodElapsedCallback.now)
    [Anonymous Symbol]                       0x2000002c   Section        0  main.o(.data.HAL_TIM_PeriodElapsedCallback.now)
    USBD_CDC_DeviceQualifierDesc             0x2000026c   Data          10  usbd_cdc.o(.data.USBD_CDC_DeviceQualifierDesc)
    [Anonymous Symbol]                       0x2000026c   Section        0  usbd_cdc.o(.data.USBD_CDC_DeviceQualifierDesc)
    SSD1306.0                                0x20000300   Data           2  ssd1306.o(.bss..L_MergedGlobals)
    [Anonymous Symbol]                       0x20000300   Section        0  ssd1306.o(.bss..L_MergedGlobals)
    SSD1306.1                                0x20000302   Data           2  ssd1306.o(.bss..L_MergedGlobals)
    [Anonymous Symbol]                       0x20000304   Section        0  main.o(.bss..L_MergedGlobals)
    [Anonymous Symbol]                       0x2000037c   Section        0  usbd_cdc_if.o(.bss..L_MergedGlobals)
    SSD1306_Buffer                           0x20000391   Data        1024  ssd1306.o(.bss.SSD1306_Buffer)
    [Anonymous Symbol]                       0x20000391   Section        0  ssd1306.o(.bss.SSD1306_Buffer)
    USBD_SetConfig.cfgidx                    0x20000794   Data           1  usbd_ctlreq.o(.bss.USBD_SetConfig.cfgidx)
    [Anonymous Symbol]                       0x20000794   Section        0  usbd_ctlreq.o(.bss.USBD_SetConfig.cfgidx)
    USBD_static_malloc.mem                   0x20000998   Data         544  usbd_conf.o(.bss.USBD_static_malloc.mem)
    [Anonymous Symbol]                       0x20000998   Section        0  usbd_conf.o(.bss.USBD_static_malloc.mem)
    STACK                                    0x200013e0   Section     1024  startup_stm32f042x6.o(STACK)

    Global Symbols

    Symbol Name                              Value     Ov Type        Size  Object(Section)

    BuildAttributes$$THM_ISAv3M$S$PE$A:L22$X:L11$S22$IEEE1$IW$~IW$USESV6$~STKCKD$USESV7$~SHL$OTIME$ROPI$EBA8$MICROLIB$REQ8$PRES8$EABIv2 0x00000000   Number         0  anon$$obj.o ABSOLUTE
    _printf_a                                0x00000000   Number         0  printfstubs.o ABSOLUTE
    _printf_c                                0x00000000   Number         0  printfstubs.o ABSOLUTE
    _printf_charcount                        0x00000000   Number         0  printfstubs.o ABSOLUTE
    _printf_d                                0x00000000   Number         0  printfstubs.o ABSOLUTE
    _printf_e                                0x00000000   Number         0  printfstubs.o ABSOLUTE
    _printf_f                                0x00000000   Number         0  printfstubs.o ABSOLUTE
    _printf_flags                            0x00000000   Number         0  printfstubs.o ABSOLUTE
    _printf_fp_dec                           0x00000000   Number         0  printfstubs.o ABSOLUTE
    _printf_fp_hex                           0x00000000   Number         0  printfstubs.o ABSOLUTE
    _printf_g                                0x00000000   Number         0  printfstubs.o ABSOLUTE
    _printf_i                                0x00000000   Number         0  printfstubs.o ABSOLUTE
    _printf_int_dec                          0x00000000   Number         0  printfstubs.o ABSOLUTE
    _printf_l                                0x00000000   Number         0  printfstubs.o ABSOLUTE
    _printf_lc                               0x00000000   Number         0  printfstubs.o ABSOLUTE
    _printf_ll                               0x00000000   Number         0  printfstubs.o ABSOLUTE
    _printf_lld                              0x00000000   Number         0  printfstubs.o ABSOLUTE
    _printf_lli                              0x00000000   Number         0  printfstubs.o ABSOLUTE
    _printf_llo                              0x00000000   Number         0  printfstubs.o ABSOLUTE
    _printf_llu                              0x00000000   Number         0  printfstubs.o ABSOLUTE
    _printf_llx                              0x00000000   Number         0  printfstubs.o ABSOLUTE
    _printf_longlong_dec                     0x00000000   Number         0  printfstubs.o ABSOLUTE
    _printf_longlong_hex                     0x00000000   Number         0  printfstubs.o ABSOLUTE
    _printf_longlong_oct                     0x00000000   Number         0  printfstubs.o ABSOLUTE
    _printf_ls                               0x00000000   Number         0  printfstubs.o ABSOLUTE
    _printf_mbtowc                           0x00000000   Number         0  printfstubs.o ABSOLUTE
    _printf_n                                0x00000000   Number         0  printfstubs.o ABSOLUTE
    _printf_o                                0x00000000   Number         0  printfstubs.o ABSOLUTE
    _printf_p                                0x00000000   Number         0  printfstubs.o ABSOLUTE
    _printf_percent                          0x00000000   Number         0  printfstubs.o ABSOLUTE
    _printf_pre_padding                      0x00000000   Number         0  printfstubs.o ABSOLUTE
    _printf_return_value                     0x00000000   Number         0  printfstubs.o ABSOLUTE
    _printf_s                                0x00000000   Number         0  printfstubs.o ABSOLUTE
    _printf_sizespec                         0x00000000   Number         0  printfstubs.o ABSOLUTE
    _printf_str                              0x00000000   Number         0  printfstubs.o ABSOLUTE
    _printf_truncate_signed                  0x00000000   Number         0  printfstubs.o ABSOLUTE
    _printf_truncate_unsigned                0x00000000   Number         0  printfstubs.o ABSOLUTE
    _printf_u                                0x00000000   Number         0  printfstubs.o ABSOLUTE
    _printf_wc                               0x00000000   Number         0  printfstubs.o ABSOLUTE
    _printf_wctomb                           0x00000000   Number         0  printfstubs.o ABSOLUTE
    _printf_widthprec                        0x00000000   Number         0  printfstubs.o ABSOLUTE
    _printf_x                                0x00000000   Number         0  printfstubs.o ABSOLUTE
    __cpp_initialize__aeabi_                  - Undefined Weak Reference
    __cxa_finalize                            - Undefined Weak Reference
    _clock_init                               - Undefined Weak Reference
    _microlib_exit                            - Undefined Weak Reference
    __Vectors_Size                           0x000000c0   Number         0  startup_stm32f042x6.o ABSOLUTE
    __Vectors                                0x08000000   Data           4  startup_stm32f042x6.o(RESET)
    __Vectors_End                            0x080000c0   Data           0  startup_stm32f042x6.o(RESET)
    __main                                   0x080000c1   Thumb Code     0  entry.o(.ARM.Collect$$$$00000000)
    _main_stk                                0x080000c1   Thumb Code     0  entry2.o(.ARM.Collect$$$$00000001)
    _main_scatterload                        0x080000c5   Thumb Code     0  entry5.o(.ARM.Collect$$$$00000004)
    __main_after_scatterload                 0x080000c9   Thumb Code     0  entry5.o(.ARM.Collect$$$$00000004)
    _main_clock                              0x080000c9   Thumb Code     0  entry7b.o(.ARM.Collect$$$$00000008)
    _main_cpp_init                           0x080000c9   Thumb Code     0  entry8b.o(.ARM.Collect$$$$0000000A)
    _main_init                               0x080000c9   Thumb Code     0  entry9a.o(.ARM.Collect$$$$0000000B)
    __rt_final_cpp                           0x080000d1   Thumb Code     0  entry10a.o(.ARM.Collect$$$$0000000D)
    __rt_final_exit                          0x080000d1   Thumb Code     0  entry11a.o(.ARM.Collect$$$$0000000F)
    Reset_Handler                            0x080000d5   Thumb Code    38  startup_stm32f042x6.o(.text)
    CEC_CAN_IRQHandler                       0x08000105   Thumb Code     0  startup_stm32f042x6.o(.text)
    DMA1_Channel4_5_IRQHandler               0x08000105   Thumb Code     0  startup_stm32f042x6.o(.text)
    EXTI0_1_IRQHandler                       0x08000105   Thumb Code     0  startup_stm32f042x6.o(.text)
    EXTI2_3_IRQHandler                       0x08000105   Thumb Code     0  startup_stm32f042x6.o(.text)
    FLASH_IRQHandler                         0x08000105   Thumb Code     0  startup_stm32f042x6.o(.text)
    PVD_VDDIO2_IRQHandler                    0x08000105   Thumb Code     0  startup_stm32f042x6.o(.text)
    RCC_CRS_IRQHandler                       0x08000105   Thumb Code     0  startup_stm32f042x6.o(.text)
    RTC_IRQHandler                           0x08000105   Thumb Code     0  startup_stm32f042x6.o(.text)
    SPI1_IRQHandler                          0x08000105   Thumb Code     0  startup_stm32f042x6.o(.text)
    SPI2_IRQHandler                          0x08000105   Thumb Code     0  startup_stm32f042x6.o(.text)
    TIM14_IRQHandler                         0x08000105   Thumb Code     0  startup_stm32f042x6.o(.text)
    TIM16_IRQHandler                         0x08000105   Thumb Code     0  startup_stm32f042x6.o(.text)
    TIM17_IRQHandler                         0x08000105   Thumb Code     0  startup_stm32f042x6.o(.text)
    TIM1_CC_IRQHandler                       0x08000105   Thumb Code     0  startup_stm32f042x6.o(.text)
    TIM2_IRQHandler                          0x08000105   Thumb Code     0  startup_stm32f042x6.o(.text)
    TIM3_IRQHandler                          0x08000105   Thumb Code     0  startup_stm32f042x6.o(.text)
    TSC_IRQHandler                           0x08000105   Thumb Code     0  startup_stm32f042x6.o(.text)
    USART1_IRQHandler                        0x08000105   Thumb Code     0  startup_stm32f042x6.o(.text)
    USART2_IRQHandler                        0x08000105   Thumb Code     0  startup_stm32f042x6.o(.text)
    WWDG_IRQHandler                          0x08000105   Thumb Code     0  startup_stm32f042x6.o(.text)
    __aeabi_uidiv                            0x0800012d   Thumb Code     0  uidiv.o(.text)
    __aeabi_uidivmod                         0x0800012d   Thumb Code    44  uidiv.o(.text)
    __aeabi_idiv                             0x08000159   Thumb Code     0  idiv.o(.text)
    __aeabi_idivmod                          0x08000159   Thumb Code    40  idiv.o(.text)
    __aeabi_llsr                             0x08000181   Thumb Code    34  llushr.o(.text)
    _ll_ushift_r                             0x08000181   Thumb Code     0  llushr.o(.text)
    __aeabi_memset                           0x080001a3   Thumb Code    14  memseta.o(.text)
    __aeabi_memset4                          0x080001a3   Thumb Code     0  memseta.o(.text)
    __aeabi_memset8                          0x080001a3   Thumb Code     0  memseta.o(.text)
    __aeabi_memclr                           0x080001b1   Thumb Code     4  memseta.o(.text)
    __aeabi_memclr4                          0x080001b1   Thumb Code     0  memseta.o(.text)
    __aeabi_memclr8                          0x080001b1   Thumb Code     0  memseta.o(.text)
    _memset$wrapper                          0x080001b5   Thumb Code    18  memseta.o(.text)
    strlen                                   0x080001c7   Thumb Code    14  strlen.o(.text)
    __aeabi_fmul                             0x080001d5   Thumb Code   122  fmul.o(.text)
    __aeabi_dmul                             0x08000251   Thumb Code   202  dmul.o(.text)
    __aeabi_dcmpge                           0x08000321   Thumb Code    44  dcmpge.o(.text)
    __aeabi_ui2f                             0x0800034d   Thumb Code    14  ffltui.o(.text)
    __aeabi_f2iz                             0x0800035b   Thumb Code    50  ffixi.o(.text)
    __aeabi_d2iz                             0x0800038d   Thumb Code    62  dfixi.o(.text)
    __aeabi_f2d                              0x080003d5   Thumb Code    40  f2d.o(.text)
    __aeabi_uldivmod                         0x080003fd   Thumb Code    96  uldiv.o(.text)
    __I$use$fp                               0x0800045d   Thumb Code     0  iusefp.o(.text)
    _float_round                             0x0800045d   Thumb Code    16  fepilogue.o(.text)
    _float_epilogue                          0x0800046d   Thumb Code   114  fepilogue.o(.text)
    _double_round                            0x080004df   Thumb Code    26  depilogue.o(.text)
    _double_epilogue                         0x080004f9   Thumb Code   164  depilogue.o(.text)
    __aeabi_dadd                             0x0800059d   Thumb Code   328  dadd.o(.text)
    __aeabi_dsub                             0x080006e5   Thumb Code    12  dadd.o(.text)
    __aeabi_drsub                            0x080006f1   Thumb Code    12  dadd.o(.text)
    __aeabi_ddiv                             0x08000701   Thumb Code   234  ddiv.o(.text)
    __aeabi_d2ulz                            0x080007f1   Thumb Code    54  dfixul.o(.text)
    __aeabi_cdrcmple                         0x08000831   Thumb Code    38  cdrcmple.o(.text)
    __scatterload                            0x08000859   Thumb Code    28  init.o(.text)
    __scatterload_rt2                        0x08000859   Thumb Code     0  init.o(.text)
    __aeabi_llsl                             0x0800087d   Thumb Code    32  llshl.o(.text)
    _ll_shift_l                              0x0800087d   Thumb Code     0  llshl.o(.text)
    __aeabi_lasr                             0x0800089d   Thumb Code    38  llsshr.o(.text)
    _ll_sshift_r                             0x0800089d   Thumb Code     0  llsshr.o(.text)
    __decompress                             0x080008c3   Thumb Code     0  __dczerorl2.o(.text)
    __decompress1                            0x080008c3   Thumb Code    86  __dczerorl2.o(.text)
    ADC1_IRQHandler                          0x08000919   Thumb Code    16  stm32f0xx_it.o(.text.ADC1_IRQHandler)
    ADC_PRINT                                0x08000af1   Thumb Code   164  main.o(.text.ADC_PRINT)
    CDC_Transmit_FS                          0x08000e35   Thumb Code    48  usbd_cdc_if.o(.text.CDC_Transmit_FS)
    DMA1_Channel1_IRQHandler                 0x08000e65   Thumb Code    16  stm32f0xx_it.o(.text.DMA1_Channel1_IRQHandler)
    DMA1_Channel2_3_IRQHandler               0x08000e75   Thumb Code    24  stm32f0xx_it.o(.text.DMA1_Channel2_3_IRQHandler)
    EXTI4_15_IRQHandler                      0x08000eb5   Thumb Code    64  stm32f0xx_it.o(.text.EXTI4_15_IRQHandler)
    GetStatus                                0x08000ef5   Thumb Code    32  usbd_cdc_if.o(.text.GetStatus)
    HAL_ADC_ConfigChannel                    0x08000f15   Thumb Code   268  stm32f0xx_hal_adc.o(.text.HAL_ADC_ConfigChannel)
    HAL_ADC_IRQHandler                       0x08001021   Thumb Code   206  stm32f0xx_hal_adc.o(.text.HAL_ADC_IRQHandler)
    HAL_ADC_Init                             0x080010f1   Thumb Code   332  stm32f0xx_hal_adc.o(.text.HAL_ADC_Init)
    HAL_ADC_MspInit                          0x0800123d   Thumb Code   164  stm32f0xx_hal_msp.o(.text.HAL_ADC_MspInit)
    HAL_ADC_Start_DMA                        0x080012e1   Thumb Code   148  stm32f0xx_hal_adc.o(.text.HAL_ADC_Start_DMA)
    HAL_ADC_Stop_DMA                         0x08001375   Thumb Code   108  stm32f0xx_hal_adc.o(.text.HAL_ADC_Stop_DMA)
    HAL_DMA_Abort                            0x080013e1   Thumb Code    60  stm32f0xx_hal_dma.o(.text.HAL_DMA_Abort)
    HAL_DMA_Abort_IT                         0x0800141d   Thumb Code    68  stm32f0xx_hal_dma.o(.text.HAL_DMA_Abort_IT)
    HAL_DMA_IRQHandler                       0x08001461   Thumb Code   146  stm32f0xx_hal_dma.o(.text.HAL_DMA_IRQHandler)
    HAL_DMA_Init                             0x080014f5   Thumb Code   120  stm32f0xx_hal_dma.o(.text.HAL_DMA_Init)
    HAL_DMA_PollForTransfer                  0x0800156d   Thumb Code   168  stm32f0xx_hal_dma.o(.text.HAL_DMA_PollForTransfer)
    HAL_DMA_Start_IT                         0x08001615   Thumb Code    96  stm32f0xx_hal_dma.o(.text.HAL_DMA_Start_IT)
    HAL_Delay                                0x08001675   Thumb Code    36  stm32f0xx_hal.o(.text.HAL_Delay)
    HAL_GPIO_Init                            0x08001699   Thumb Code   376  stm32f0xx_hal_gpio.o(.text.HAL_GPIO_Init)
    HAL_GPIO_ReadPin                         0x08001811   Thumb Code    10  stm32f0xx_hal_gpio.o(.text.HAL_GPIO_ReadPin)
    HAL_GPIO_WritePin                        0x0800181b   Thumb Code    14  stm32f0xx_hal_gpio.o(.text.HAL_GPIO_WritePin)
    HAL_GetTick                              0x08001829   Thumb Code     8  stm32f0xx_hal.o(.text.HAL_GetTick)
    HAL_I2CEx_ConfigAnalogFilter             0x08001831   Thumb Code    68  stm32f0xx_hal_i2c_ex.o(.text.HAL_I2CEx_ConfigAnalogFilter)
    HAL_I2CEx_ConfigDigitalFilter            0x08001875   Thumb Code    68  stm32f0xx_hal_i2c_ex.o(.text.HAL_I2CEx_ConfigDigitalFilter)
    HAL_I2C_ER_IRQHandler                    0x080018b9   Thumb Code    86  stm32f0xx_hal_i2c.o(.text.HAL_I2C_ER_IRQHandler)
    HAL_I2C_EV_IRQHandler                    0x0800190f   Thumb Code    18  stm32f0xx_hal_i2c.o(.text.HAL_I2C_EV_IRQHandler)
    HAL_I2C_Init                             0x08001921   Thumb Code   160  stm32f0xx_hal_i2c.o(.text.HAL_I2C_Init)
    HAL_I2C_Mem_Write                        0x080019c1   Thumb Code   364  stm32f0xx_hal_i2c.o(.text.HAL_I2C_Mem_Write)
    HAL_I2C_MspInit                          0x08001b2d   Thumb Code   216  stm32f0xx_hal_msp.o(.text.HAL_I2C_MspInit)
    HAL_IncTick                              0x08001c05   Thumb Code    20  stm32f0xx_hal.o(.text.HAL_IncTick)
    HAL_Init                                 0x08001c19   Thumb Code    32  stm32f0xx_hal.o(.text.HAL_Init)
    HAL_InitTick                             0x08001c39   Thumb Code    68  stm32f0xx_hal.o(.text.HAL_InitTick)
    HAL_MspInit                              0x08001c7d   Thumb Code    44  stm32f0xx_hal_msp.o(.text.HAL_MspInit)
    HAL_NVIC_DisableIRQ                      0x08001ca9   Thumb Code    32  stm32f0xx_hal_cortex.o(.text.HAL_NVIC_DisableIRQ)
    HAL_NVIC_EnableIRQ                       0x08001cc9   Thumb Code    24  stm32f0xx_hal_cortex.o(.text.HAL_NVIC_EnableIRQ)
    HAL_NVIC_SetPriority                     0x08001ce1   Thumb Code     8  stm32f0xx_hal_cortex.o(.text.HAL_NVIC_SetPriority)
    HAL_PCDEx_ActivateLPM                    0x08001ce9   Thumb Code    38  stm32f0xx_hal_pcd_ex.o(.text.HAL_PCDEx_ActivateLPM)
    HAL_PCDEx_PMAConfig                      0x08001d0f   Thumb Code    52  stm32f0xx_hal_pcd_ex.o(.text.HAL_PCDEx_PMAConfig)
    HAL_PCD_DataInStageCallback              0x08001d43   Thumb Code    22  usbd_conf.o(.text.HAL_PCD_DataInStageCallback)
    HAL_PCD_DataOutStageCallback             0x08001d59   Thumb Code    26  usbd_conf.o(.text.HAL_PCD_DataOutStageCallback)
    HAL_PCD_DeInit                           0x08001d75   Thumb Code    40  stm32f0xx_hal_pcd.o(.text.HAL_PCD_DeInit)
    HAL_PCD_DevDisconnect                    0x08001d9d   Thumb Code    34  stm32f0xx_hal_pcd.o(.text.HAL_PCD_DevDisconnect)
    HAL_PCD_EP_Close                         0x08001dbf   Thumb Code    76  stm32f0xx_hal_pcd.o(.text.HAL_PCD_EP_Close)
    HAL_PCD_EP_ClrStall                      0x08001e0b   Thumb Code    94  stm32f0xx_hal_pcd.o(.text.HAL_PCD_EP_ClrStall)
    HAL_PCD_EP_GetRxCount                    0x08001e69   Thumb Code    14  stm32f0xx_hal_pcd.o(.text.HAL_PCD_EP_GetRxCount)
    HAL_PCD_EP_Open                          0x08001e77   Thumb Code    96  stm32f0xx_hal_pcd.o(.text.HAL_PCD_EP_Open)
    HAL_PCD_EP_Receive                       0x08001ed7   Thumb Code    38  stm32f0xx_hal_pcd.o(.text.HAL_PCD_EP_Receive)
    HAL_PCD_EP_SetStall                      0x08001efd   Thumb Code   106  stm32f0xx_hal_pcd.o(.text.HAL_PCD_EP_SetStall)
    HAL_PCD_EP_Transmit                      0x08001f67   Thumb Code    38  stm32f0xx_hal_pcd.o(.text.HAL_PCD_EP_Transmit)
    HAL_PCD_IRQHandler                       0x08001f8d   Thumb Code  1124  stm32f0xx_hal_pcd.o(.text.HAL_PCD_IRQHandler)
    HAL_PCD_Init                             0x080023f1   Thumb Code   198  stm32f0xx_hal_pcd.o(.text.HAL_PCD_Init)
    HAL_PCD_MspDeInit                        0x080024b9   Thumb Code    32  usbd_conf.o(.text.HAL_PCD_MspDeInit)
    HAL_PCD_MspInit                          0x080024d9   Thumb Code    60  usbd_conf.o(.text.HAL_PCD_MspInit)
    HAL_PCD_ResetCallback                    0x08002515   Thumb Code    34  usbd_conf.o(.text.HAL_PCD_ResetCallback)
    HAL_PCD_ResumeCallback                   0x08002539   Thumb Code    36  usbd_conf.o(.text.HAL_PCD_ResumeCallback)
    HAL_PCD_SOFCallback                      0x0800255d   Thumb Code    14  usbd_conf.o(.text.HAL_PCD_SOFCallback)
    HAL_PCD_SetAddress                       0x0800256b   Thumb Code    40  stm32f0xx_hal_pcd.o(.text.HAL_PCD_SetAddress)
    HAL_PCD_SetupStageCallback               0x08002593   Thumb Code    22  usbd_conf.o(.text.HAL_PCD_SetupStageCallback)
    HAL_PCD_Start                            0x080025a9   Thumb Code    42  stm32f0xx_hal_pcd.o(.text.HAL_PCD_Start)
    HAL_PCD_Stop                             0x080025d3   Thumb Code    42  stm32f0xx_hal_pcd.o(.text.HAL_PCD_Stop)
    HAL_PCD_SuspendCallback                  0x080025fd   Thumb Code    36  usbd_conf.o(.text.HAL_PCD_SuspendCallback)
    HAL_SYSTICK_Config                       0x08002621   Thumb Code    52  stm32f0xx_hal_cortex.o(.text.HAL_SYSTICK_Config)
    HAL_TIMEx_MasterConfigSynchronization    0x08002655   Thumb Code    84  stm32f0xx_hal_tim_ex.o(.text.HAL_TIMEx_MasterConfigSynchronization)
    HAL_TIM_Base_Init                        0x080026a9   Thumb Code    52  stm32f0xx_hal_tim.o(.text.HAL_TIM_Base_Init)
    HAL_TIM_Base_MspInit                     0x080026dd   Thumb Code    56  stm32f0xx_hal_msp.o(.text.HAL_TIM_Base_MspInit)
    HAL_TIM_Base_Start_IT                    0x08002715   Thumb Code    30  stm32f0xx_hal_tim.o(.text.HAL_TIM_Base_Start_IT)
    HAL_TIM_ConfigClockSource                0x08002735   Thumb Code   232  stm32f0xx_hal_tim.o(.text.HAL_TIM_ConfigClockSource)
    HAL_TIM_IRQHandler                       0x0800281d   Thumb Code   328  stm32f0xx_hal_tim.o(.text.HAL_TIM_IRQHandler)
    HAL_TIM_PeriodElapsedCallback            0x08002965   Thumb Code   112  main.o(.text.HAL_TIM_PeriodElapsedCallback)
    HardFault_Handler                        0x080029d5   Thumb Code     2  stm32f0xx_it.o(.text.HardFault_Handler)
    I2C1_IRQHandler                          0x080029d9   Thumb Code    36  stm32f0xx_it.o(.text.I2C1_IRQHandler)
    LL_EXTI_Init                             0x080030f1   Thumb Code   152  stm32f0xx_ll_exti.o(.text.LL_EXTI_Init)
    LL_GPIO_Init                             0x08003189   Thumb Code   154  stm32f0xx_ll_gpio.o(.text.LL_GPIO_Init)
    LL_SetSystemCoreClock                    0x08003225   Thumb Code    12  stm32f0xx_ll_utils.o(.text.LL_SetSystemCoreClock)
    MX_USB_DEVICE_Init                       0x08003231   Thumb Code   100  usb_device.o(.text.MX_USB_DEVICE_Init)
    NMI_Handler                              0x08003295   Thumb Code     2  stm32f0xx_it.o(.text.NMI_Handler)
    PendSV_Handler                           0x08003297   Thumb Code     2  stm32f0xx_it.o(.text.PendSV_Handler)
    SVC_Handler                              0x08003299   Thumb Code     2  stm32f0xx_it.o(.text.SVC_Handler)
    SysTick_Handler                          0x0800329b   Thumb Code     8  stm32f0xx_it.o(.text.SysTick_Handler)
    SystemClock_Config                       0x080032a5   Thumb Code   164  main.o(.text.SystemClock_Config)
    SystemInit                               0x08003349   Thumb Code     2  system_stm32f0xx.o(.text.SystemInit)
    TIM1_BRK_UP_TRG_COM_IRQHandler           0x0800334d   Thumb Code    16  stm32f0xx_it.o(.text.TIM1_BRK_UP_TRG_COM_IRQHandler)
    TIM_Base_SetConfig                       0x0800335d   Thumb Code   148  stm32f0xx_hal_tim.o(.text.TIM_Base_SetConfig)
    USBD_CDC_GetDeviceQualifierDescriptor    0x08003535   Thumb Code    12  usbd_cdc.o(.text.USBD_CDC_GetDeviceQualifierDescriptor)
    USBD_CDC_ReceivePacket                   0x080035fd   Thumb Code    44  usbd_cdc.o(.text.USBD_CDC_ReceivePacket)
    USBD_CDC_RegisterInterface               0x08003629   Thumb Code    18  usbd_cdc.o(.text.USBD_CDC_RegisterInterface)
    USBD_CDC_SetRxBuffer                     0x0800363b   Thumb Code    16  usbd_cdc.o(.text.USBD_CDC_SetRxBuffer)
    USBD_CDC_SetTxBuffer                     0x0800364b   Thumb Code    20  usbd_cdc.o(.text.USBD_CDC_SetTxBuffer)
    USBD_CDC_TransmitPacket                  0x0800370b   Thumb Code    58  usbd_cdc.o(.text.USBD_CDC_TransmitPacket)
    USBD_ClrClassConfig                      0x08003745   Thumb Code    16  usbd_core.o(.text.USBD_ClrClassConfig)
    USBD_CtlContinueRx                       0x08003755   Thumb Code    18  usbd_ioreq.o(.text.USBD_CtlContinueRx)
    USBD_CtlContinueSendData                 0x08003767   Thumb Code    18  usbd_ioreq.o(.text.USBD_CtlContinueSendData)
    USBD_CtlError                            0x08003779   Thumb Code    20  usbd_ctlreq.o(.text.USBD_CtlError)
    USBD_CtlPrepareRx                        0x0800378d   Thumb Code    36  usbd_ioreq.o(.text.USBD_CtlPrepareRx)
    USBD_CtlReceiveStatus                    0x080037b1   Thumb Code    26  usbd_ioreq.o(.text.USBD_CtlReceiveStatus)
    USBD_CtlSendData                         0x080037cb   Thumb Code    30  usbd_ioreq.o(.text.USBD_CtlSendData)
    USBD_CtlSendStatus                       0x080037e9   Thumb Code    26  usbd_ioreq.o(.text.USBD_CtlSendStatus)
    USBD_DeInit                              0x08003803   Thumb Code    40  usbd_core.o(.text.USBD_DeInit)
    USBD_FS_ConfigStrDescriptor              0x0800382d   Thumb Code    32  usbd_desc.o(.text.USBD_FS_ConfigStrDescriptor)
    USBD_FS_DeviceDescriptor                 0x0800384d   Thumb Code    12  usbd_desc.o(.text.USBD_FS_DeviceDescriptor)
    USBD_FS_InterfaceStrDescriptor           0x08003859   Thumb Code    36  usbd_desc.o(.text.USBD_FS_InterfaceStrDescriptor)
    USBD_FS_LangIDStrDescriptor              0x0800387d   Thumb Code    12  usbd_desc.o(.text.USBD_FS_LangIDStrDescriptor)
    USBD_FS_ManufacturerStrDescriptor        0x08003889   Thumb Code    32  usbd_desc.o(.text.USBD_FS_ManufacturerStrDescriptor)
    USBD_FS_ProductStrDescriptor             0x080038a9   Thumb Code    40  usbd_desc.o(.text.USBD_FS_ProductStrDescriptor)
    USBD_FS_SerialStrDescriptor              0x080038d1   Thumb Code    52  usbd_desc.o(.text.USBD_FS_SerialStrDescriptor)
    USBD_GetString                           0x08003905   Thumb Code    66  usbd_ctlreq.o(.text.USBD_GetString)
    USBD_Init                                0x08003961   Thumb Code    46  usbd_core.o(.text.USBD_Init)
    USBD_LL_ClearStallEP                     0x0800398f   Thumb Code    18  usbd_conf.o(.text.USBD_LL_ClearStallEP)
    USBD_LL_CloseEP                          0x080039a1   Thumb Code    18  usbd_conf.o(.text.USBD_LL_CloseEP)
    USBD_LL_DataInStage                      0x080039b3   Thumb Code   194  usbd_core.o(.text.USBD_LL_DataInStage)
    USBD_LL_DataOutStage                     0x08003a75   Thumb Code   128  usbd_core.o(.text.USBD_LL_DataOutStage)
    USBD_LL_DeInit                           0x08003af5   Thumb Code    18  usbd_conf.o(.text.USBD_LL_DeInit)
    USBD_LL_GetRxDataSize                    0x08003b07   Thumb Code    14  usbd_conf.o(.text.USBD_LL_GetRxDataSize)
    USBD_LL_Init                             0x08003b15   Thumb Code   128  usbd_conf.o(.text.USBD_LL_Init)
    USBD_LL_IsStallEP                        0x08003b95   Thumb Code    30  usbd_conf.o(.text.USBD_LL_IsStallEP)
    USBD_LL_OpenEP                           0x08003bb3   Thumb Code    24  usbd_conf.o(.text.USBD_LL_OpenEP)
    USBD_LL_PrepareReceive                   0x08003bcb   Thumb Code    18  usbd_conf.o(.text.USBD_LL_PrepareReceive)
    USBD_LL_Reset                            0x08003bdd   Thumb Code    80  usbd_core.o(.text.USBD_LL_Reset)
    USBD_LL_Resume                           0x08003c2d   Thumb Code    20  usbd_core.o(.text.USBD_LL_Resume)
    USBD_LL_SOF                              0x08003c41   Thumb Code    28  usbd_core.o(.text.USBD_LL_SOF)
    USBD_LL_SetUSBAddress                    0x08003c5d   Thumb Code    18  usbd_conf.o(.text.USBD_LL_SetUSBAddress)
    USBD_LL_SetupStage                       0x08003c71   Thumb Code    96  usbd_core.o(.text.USBD_LL_SetupStage)
    USBD_LL_StallEP                          0x08003cd1   Thumb Code    18  usbd_conf.o(.text.USBD_LL_StallEP)
    USBD_LL_Start                            0x08003ce3   Thumb Code    18  usbd_conf.o(.text.USBD_LL_Start)
    USBD_LL_Stop                             0x08003cf5   Thumb Code    18  usbd_conf.o(.text.USBD_LL_Stop)
    USBD_LL_Suspend                          0x08003d07   Thumb Code    18  usbd_core.o(.text.USBD_LL_Suspend)
    USBD_LL_Transmit                         0x08003d19   Thumb Code    18  usbd_conf.o(.text.USBD_LL_Transmit)
    USBD_ParseSetupRequest                   0x08003d2b   Thumb Code    40  usbd_ctlreq.o(.text.USBD_ParseSetupRequest)
    USBD_RegisterClass                       0x08003d53   Thumb Code    18  usbd_core.o(.text.USBD_RegisterClass)
    USBD_SetClassConfig                      0x08003d65   Thumb Code    28  usbd_core.o(.text.USBD_SetClassConfig)
    USBD_Start                               0x08003d81   Thumb Code    10  usbd_core.o(.text.USBD_Start)
    USBD_StdDevReq                           0x08003d8d   Thumb Code   568  usbd_ctlreq.o(.text.USBD_StdDevReq)
    USBD_StdEPReq                            0x08003fc5   Thumb Code   338  usbd_ctlreq.o(.text.USBD_StdEPReq)
    USBD_StdItfReq                           0x08004117   Thumb Code    82  usbd_ctlreq.o(.text.USBD_StdItfReq)
    USBD_Stop                                0x08004169   Thumb Code    28  usbd_core.o(.text.USBD_Stop)
    USBD_static_malloc                       0x08004185   Thumb Code     8  usbd_conf.o(.text.USBD_static_malloc)
    USB_ActivateEndpoint                     0x0800418d   Thumb Code   536  stm32f0xx_ll_usb.o(.text.USB_ActivateEndpoint)
    USB_DeactivateEndpoint                   0x080043a5   Thumb Code   212  stm32f0xx_ll_usb.o(.text.USB_DeactivateEndpoint)
    USB_DevConnect                           0x08004479   Thumb Code    16  stm32f0xx_ll_usb.o(.text.USB_DevConnect)
    USB_DevDisconnect                        0x08004489   Thumb Code    20  stm32f0xx_ll_usb.o(.text.USB_DevDisconnect)
    USB_DevInit                              0x0800449d   Thumb Code    32  stm32f0xx_ll_usb.o(.text.USB_DevInit)
    USB_DisableGlobalInt                     0x080044bd   Thumb Code    20  stm32f0xx_ll_usb.o(.text.USB_DisableGlobalInt)
    USB_EPClearStall                         0x080044d1   Thumb Code   108  stm32f0xx_ll_usb.o(.text.USB_EPClearStall)
    USB_EPSetStall                           0x0800453d   Thumb Code    56  stm32f0xx_ll_usb.o(.text.USB_EPSetStall)
    USB_EPStartXfer                          0x08004575   Thumb Code   496  stm32f0xx_ll_usb.o(.text.USB_EPStartXfer)
    USB_EnableGlobalInt                      0x08004765   Thumb Code    20  stm32f0xx_ll_usb.o(.text.USB_EnableGlobalInt)
    USB_IRQHandler                           0x08004779   Thumb Code    16  stm32f0xx_it.o(.text.USB_IRQHandler)
    USB_ReadPMA                              0x08004789   Thumb Code    42  stm32f0xx_ll_usb.o(.text.USB_ReadPMA)
    USB_SetDevAddress                        0x080047b3   Thumb Code    14  stm32f0xx_ll_usb.o(.text.USB_SetDevAddress)
    USB_StopDevice                           0x080047c1   Thumb Code    22  stm32f0xx_ll_usb.o(.text.USB_StopDevice)
    USB_WritePMA                             0x080047d7   Thumb Code    38  stm32f0xx_ll_usb.o(.text.USB_WritePMA)
    main                                     0x0800483d   Thumb Code  1116  main.o(.text.main)
    setSegVal                                0x08004c99   Thumb Code    92  main.o(.text.setSegVal)
    ssd1306_DrawPixel                        0x08004cf5   Thumb Code    44  ssd1306.o(.text.ssd1306_DrawPixel)
    ssd1306_Fill                             0x08004d21   Thumb Code    28  ssd1306.o(.text.ssd1306_Fill)
    ssd1306_Init                             0x08004d3d   Thumb Code   148  ssd1306.o(.text.ssd1306_Init)
    ssd1306_SetCursor                        0x08004dd1   Thumb Code     8  ssd1306.o(.text.ssd1306_SetCursor)
    ssd1306_UpdateScreen                     0x08004dd9   Thumb Code    68  ssd1306.o(.text.ssd1306_UpdateScreen)
    ssd1306_WriteChar                        0x08004e1d   Thumb Code   140  ssd1306.o(.text.ssd1306_WriteChar)
    ssd1306_WriteString                      0x08004ec9   Thumb Code    44  ssd1306.o(.text.ssd1306_WriteString)
    __0sprintf                               0x08004ef5   Thumb Code    36  printfa.o(i.__0sprintf)
    __1sprintf                               0x08004ef5   Thumb Code     0  printfa.o(i.__0sprintf)
    __2sprintf                               0x08004ef5   Thumb Code     0  printfa.o(i.__0sprintf)
    __c89sprintf                             0x08004ef5   Thumb Code     0  printfa.o(i.__0sprintf)
    sprintf                                  0x08004ef5   Thumb Code     0  printfa.o(i.__0sprintf)
    __ARM_clz                                0x08004f1d   Thumb Code    46  depilogue.o(i.__ARM_clz)
    __scatterload_copy                       0x08004f4b   Thumb Code    14  handlers.o(i.__scatterload_copy)
    __scatterload_null                       0x08004f59   Thumb Code     2  handlers.o(i.__scatterload_null)
    __scatterload_zeroinit                   0x08004f5b   Thumb Code    14  handlers.o(i.__scatterload_zeroinit)
    SegmentArrInfo                           0x080065c2   Data          16  main.o(.rodata.SegmentArrInfo)
    Region$$Table$$Base                      0x080065d8   Number         0  anon$$obj.o(Region$$Table)
    Region$$Table$$Limit                     0x080065f8   Number         0  anon$$obj.o(Region$$Table)
    uwTickFreq                               0x20000000   Data           1  stm32f0xx_hal.o(.data..L_MergedGlobals)
    uwTickPrio                               0x20000004   Data           4  stm32f0xx_hal.o(.data..L_MergedGlobals)
    FS_Desc                                  0x20000008   Data          28  usbd_desc.o(.data.FS_Desc)
    Font_11x18                               0x20000024   Data           8  fonts.o(.data.Font_11x18)
    Manual                                   0x2000002e   Data         376  usbd_cdc_if.o(.data.Manual)
    SystemCoreClock                          0x200001a8   Data           4  system_stm32f0xx.o(.data.SystemCoreClock)
    USBD_CDC                                 0x200001ac   Data          56  usbd_cdc.o(.data.USBD_CDC)
    USBD_CDC_CfgFSDesc                       0x200001e4   Data          67  usbd_cdc.o(.data.USBD_CDC_CfgFSDesc)
    USBD_CDC_CfgHSDesc                       0x20000228   Data          67  usbd_cdc.o(.data.USBD_CDC_CfgHSDesc)
    USBD_CDC_OtherSpeedCfgDesc               0x20000278   Data          67  usbd_cdc.o(.data.USBD_CDC_OtherSpeedCfgDesc)
    USBD_FS_DeviceDesc                       0x200002bc   Data          18  usbd_desc.o(.data.USBD_FS_DeviceDesc)
    USBD_Interface_fops_FS                   0x200002d0   Data          16  usbd_cdc_if.o(.data.USBD_Interface_fops_FS)
    USBD_LangIDDesc                          0x200002e0   Data           4  usbd_desc.o(.data.USBD_LangIDDesc)
    USBD_StringSerial                        0x200002e4   Data          26  usbd_desc.o(.data.USBD_StringSerial)
    _Inited                                  0x20000304   Data           1  main.o(.bss..L_MergedGlobals)
    usbInitFlag                              0x20000305   Data           1  main.o(.bss..L_MergedGlobals)
    adcValue                                 0x20000306   Data           4  main.o(.bss..L_MergedGlobals)
    _bresult                                 0x2000030c   Data           4  main.o(.bss..L_MergedGlobals)
    _cresult                                 0x20000310   Data           4  main.o(.bss..L_MergedGlobals)
    bdata                                    0x20000314   Data          20  main.o(.bss..L_MergedGlobals)
    cdata                                    0x20000328   Data          20  main.o(.bss..L_MergedGlobals)
    hadc                                     0x2000033c   Data          64  main.o(.bss..L_MergedGlobals)
    action                                   0x2000037c   Data           1  usbd_cdc_if.o(.bss..L_MergedGlobals)
    buf                                      0x2000037d   Data          20  usbd_cdc_if.o(.bss..L_MergedGlobals)
    SegVar                                   0x20000791   Data           3  main.o(.bss.SegVar)
    USBD_StrDesc                             0x20000798   Data         512  usbd_desc.o(.bss.USBD_StrDesc)
    UserRxBufferFS                           0x20000bb8   Data         200  usbd_cdc_if.o(.bss.UserRxBufferFS)
    UserTxBufferFS                           0x20000c80   Data         200  usbd_cdc_if.o(.bss.UserTxBufferFS)
    hUsbDeviceFS                             0x20000d48   Data         708  usb_device.o(.bss.hUsbDeviceFS)
    hdma_adc                                 0x2000100c   Data          68  main.o(.bss.hdma_adc)
    hdma_i2c1_rx                             0x20001050   Data          68  main.o(.bss.hdma_i2c1_rx)
    hdma_i2c1_tx                             0x20001094   Data          68  main.o(.bss.hdma_i2c1_tx)
    hi2c1                                    0x200010d8   Data          76  main.o(.bss.hi2c1)
    hpcd_USB_FS                              0x20001124   Data         628  usbd_conf.o(.bss.hpcd_USB_FS)
    htim1                                    0x20001398   Data          64  main.o(.bss.htim1)
    pstat                                    0x200013d8   Data           1  usbd_cdc_if.o(.bss.pstat)
    uwTick                                   0x200013dc   Data           4  stm32f0xx_hal.o(.bss.uwTick)
    __initial_sp                             0x200017e0   Data           0  startup_stm32f042x6.o(STACK)



==============================================================================

Memory Map of the image

  Image Entry point : 0x080000c1

  Load Region LR_IROM1 (Base: 0x08000000, Size: 0x000068f8, Max: 0x00008000, ABSOLUTE, COMPRESSED[0x00006790])

    Execution Region ER_IROM1 (Exec base: 0x08000000, Load base: 0x08000000, Size: 0x000065f8, Max: 0x00008000, ABSOLUTE)

    Exec Addr    Load Addr    Size         Type   Attr      Idx    E Section Name        Object

    0x08000000   0x08000000   0x000000c0   Data   RO            3    RESET               startup_stm32f042x6.o
    0x080000c0   0x080000c0   0x00000000   Code   RO         1630  * .ARM.Collect$$$$00000000  mc_p.l(entry.o)
    0x080000c0   0x080000c0   0x00000004   Code   RO         1918    .ARM.Collect$$$$00000001  mc_p.l(entry2.o)
    0x080000c4   0x080000c4   0x00000004   Code   RO         1921    .ARM.Collect$$$$00000004  mc_p.l(entry5.o)
    0x080000c8   0x080000c8   0x00000000   Code   RO         1923    .ARM.Collect$$$$00000008  mc_p.l(entry7b.o)
    0x080000c8   0x080000c8   0x00000000   Code   RO         1925    .ARM.Collect$$$$0000000A  mc_p.l(entry8b.o)
    0x080000c8   0x080000c8   0x00000008   Code   RO         1926    .ARM.Collect$$$$0000000B  mc_p.l(entry9a.o)
    0x080000d0   0x080000d0   0x00000000   Code   RO         1928    .ARM.Collect$$$$0000000D  mc_p.l(entry10a.o)
    0x080000d0   0x080000d0   0x00000000   Code   RO         1930    .ARM.Collect$$$$0000000F  mc_p.l(entry11a.o)
    0x080000d0   0x080000d0   0x00000004   Code   RO         1919    .ARM.Collect$$$$00002712  mc_p.l(entry2.o)
    0x080000d4   0x080000d4   0x00000058   Code   RO            4    .text               startup_stm32f042x6.o
    0x0800012c   0x0800012c   0x0000002c   Code   RO         1633    .text               mc_p.l(uidiv.o)
    0x08000158   0x08000158   0x00000028   Code   RO         1635    .text               mc_p.l(idiv.o)
    0x08000180   0x08000180   0x00000022   Code   RO         1637    .text               mc_p.l(llushr.o)
    0x080001a2   0x080001a2   0x00000024   Code   RO         1639    .text               mc_p.l(memseta.o)
    0x080001c6   0x080001c6   0x0000000e   Code   RO         1641    .text               mc_p.l(strlen.o)
    0x080001d4   0x080001d4   0x0000007a   Code   RO         1904    .text               mf_p.l(fmul.o)
    0x0800024e   0x0800024e   0x00000002   PAD
    0x08000250   0x08000250   0x000000d0   Code   RO         1906    .text               mf_p.l(dmul.o)
    0x08000320   0x08000320   0x0000002c   Code   RO         1908    .text               mf_p.l(dcmpge.o)
    0x0800034c   0x0800034c   0x0000000e   Code   RO         1910    .text               mf_p.l(ffltui.o)
    0x0800035a   0x0800035a   0x00000032   Code   RO         1912    .text               mf_p.l(ffixi.o)
    0x0800038c   0x0800038c   0x00000048   Code   RO         1914    .text               mf_p.l(dfixi.o)
    0x080003d4   0x080003d4   0x00000028   Code   RO         1916    .text               mf_p.l(f2d.o)
    0x080003fc   0x080003fc   0x00000060   Code   RO         1937    .text               mc_p.l(uldiv.o)
    0x0800045c   0x0800045c   0x00000000   Code   RO         1939    .text               mc_p.l(iusefp.o)
    0x0800045c   0x0800045c   0x00000082   Code   RO         1940    .text               mf_p.l(fepilogue.o)
    0x080004de   0x080004de   0x000000be   Code   RO         1942    .text               mf_p.l(depilogue.o)
    0x0800059c   0x0800059c   0x00000164   Code   RO         1946    .text               mf_p.l(dadd.o)
    0x08000700   0x08000700   0x000000f0   Code   RO         1948    .text               mf_p.l(ddiv.o)
    0x080007f0   0x080007f0   0x00000040   Code   RO         1950    .text               mf_p.l(dfixul.o)
    0x08000830   0x08000830   0x00000028   Code   RO         1952    .text               mf_p.l(cdrcmple.o)
    0x08000858   0x08000858   0x00000024   Code   RO         1954    .text               mc_p.l(init.o)
    0x0800087c   0x0800087c   0x00000020   Code   RO         1957    .text               mc_p.l(llshl.o)
    0x0800089c   0x0800089c   0x00000026   Code   RO         1959    .text               mc_p.l(llsshr.o)
    0x080008c2   0x080008c2   0x00000056   Code   RO         1970    .text               mc_p.l(__dczerorl2.o)
    0x08000918   0x08000918   0x00000010   Code   RO          122    .text.ADC1_IRQHandler  stm32f0xx_it.o
    0x08000928   0x08000928   0x0000004e   Code   RO         1095    .text.ADC_ConversionStop  stm32f0xx_hal_adc.o
    0x08000976   0x08000976   0x00000068   Code   RO         1117    .text.ADC_DMAConvCplt  stm32f0xx_hal_adc.o
    0x080009de   0x080009de   0x0000001a   Code   RO         1121    .text.ADC_DMAError  stm32f0xx_hal_adc.o
    0x080009f8   0x080009f8   0x0000000a   Code   RO         1119    .text.ADC_DMAHalfConvCplt  stm32f0xx_hal_adc.o
    0x08000a02   0x08000a02   0x0000005e   Code   RO         1097    .text.ADC_Disable   stm32f0xx_hal_adc.o
    0x08000a60   0x08000a60   0x00000090   Code   RO         1103    .text.ADC_Enable    stm32f0xx_hal_adc.o
    0x08000af0   0x08000af0   0x000000a4   Code   RO           70    .text.ADC_PRINT     main.o
    0x08000b94   0x08000b94   0x00000004   Code   RO          206    .text.CDC_Control_FS  usbd_cdc_if.o
    0x08000b98   0x08000b98   0x00000004   Code   RO          204    .text.CDC_DeInit_FS  usbd_cdc_if.o
    0x08000b9c   0x08000b9c   0x00000024   Code   RO          202    .text.CDC_Init_FS   usbd_cdc_if.o
    0x08000bc0   0x08000bc0   0x00000274   Code   RO          208    .text.CDC_Receive_FS  usbd_cdc_if.o
    0x08000e34   0x08000e34   0x00000030   Code   RO          200    .text.CDC_Transmit_FS  usbd_cdc_if.o
    0x08000e64   0x08000e64   0x00000010   Code   RO          118    .text.DMA1_Channel1_IRQHandler  stm32f0xx_it.o
    0x08000e74   0x08000e74   0x00000018   Code   RO          120    .text.DMA1_Channel2_3_IRQHandler  stm32f0xx_it.o
    0x08000e8c   0x08000e8c   0x00000026   Code   RO          878    .text.DMA_SetConfig  stm32f0xx_hal_dma.o
    0x08000eb2   0x08000eb2   0x00000002   PAD
    0x08000eb4   0x08000eb4   0x00000040   Code   RO          116    .text.EXTI4_15_IRQHandler  stm32f0xx_it.o
    0x08000ef4   0x08000ef4   0x00000020   Code   RO          198    .text.GetStatus     usbd_cdc_if.o
    0x08000f14   0x08000f14   0x0000010c   Code   RO         1137    .text.HAL_ADC_ConfigChannel  stm32f0xx_hal_adc.o
    0x08001020   0x08001020   0x000000ce   Code   RO         1127    .text.HAL_ADC_IRQHandler  stm32f0xx_hal_adc.o
    0x080010ee   0x080010ee   0x00000002   PAD
    0x080010f0   0x080010f0   0x0000014c   Code   RO         1089    .text.HAL_ADC_Init  stm32f0xx_hal_adc.o
    0x0800123c   0x0800123c   0x000000a4   Code   RO          140    .text.HAL_ADC_MspInit  stm32f0xx_hal_msp.o
    0x080012e0   0x080012e0   0x00000094   Code   RO         1115    .text.HAL_ADC_Start_DMA  stm32f0xx_hal_adc.o
    0x08001374   0x08001374   0x0000006c   Code   RO         1123    .text.HAL_ADC_Stop_DMA  stm32f0xx_hal_adc.o
    0x080013e0   0x080013e0   0x0000003c   Code   RO          882    .text.HAL_DMA_Abort  stm32f0xx_hal_dma.o
    0x0800141c   0x0800141c   0x00000044   Code   RO          884    .text.HAL_DMA_Abort_IT  stm32f0xx_hal_dma.o
    0x08001460   0x08001460   0x00000092   Code   RO          888    .text.HAL_DMA_IRQHandler  stm32f0xx_hal_dma.o
    0x080014f2   0x080014f2   0x00000002   PAD
    0x080014f4   0x080014f4   0x00000078   Code   RO          872    .text.HAL_DMA_Init  stm32f0xx_hal_dma.o
    0x0800156c   0x0800156c   0x000000a8   Code   RO          886    .text.HAL_DMA_PollForTransfer  stm32f0xx_hal_dma.o
    0x08001614   0x08001614   0x00000060   Code   RO          880    .text.HAL_DMA_Start_IT  stm32f0xx_hal_dma.o
    0x08001674   0x08001674   0x00000024   Code   RO          628    .text.HAL_Delay     stm32f0xx_hal.o
    0x08001698   0x08001698   0x00000178   Code   RO          848    .text.HAL_GPIO_Init  stm32f0xx_hal_gpio.o
    0x08001810   0x08001810   0x0000000a   Code   RO          852    .text.HAL_GPIO_ReadPin  stm32f0xx_hal_gpio.o
    0x0800181a   0x0800181a   0x0000000e   Code   RO          854    .text.HAL_GPIO_WritePin  stm32f0xx_hal_gpio.o
    0x08001828   0x08001828   0x00000008   Code   RO          620    .text.HAL_GetTick   stm32f0xx_hal.o
    0x08001830   0x08001830   0x00000044   Code   RO          828    .text.HAL_I2CEx_ConfigAnalogFilter  stm32f0xx_hal_i2c_ex.o
    0x08001874   0x08001874   0x00000044   Code   RO          830    .text.HAL_I2CEx_ConfigDigitalFilter  stm32f0xx_hal_i2c_ex.o
    0x080018b8   0x080018b8   0x00000056   Code   RO          774    .text.HAL_I2C_ER_IRQHandler  stm32f0xx_hal_i2c.o
    0x0800190e   0x0800190e   0x00000012   Code   RO          772    .text.HAL_I2C_EV_IRQHandler  stm32f0xx_hal_i2c.o
    0x08001920   0x08001920   0x000000a0   Code   RO          664    .text.HAL_I2C_Init  stm32f0xx_hal_i2c.o
    0x080019c0   0x080019c0   0x0000016c   Code   RO          726    .text.HAL_I2C_Mem_Write  stm32f0xx_hal_i2c.o
    0x08001b2c   0x08001b2c   0x000000d8   Code   RO          144    .text.HAL_I2C_MspInit  stm32f0xx_hal_msp.o
    0x08001c04   0x08001c04   0x00000014   Code   RO          618    .text.HAL_IncTick   stm32f0xx_hal.o
    0x08001c18   0x08001c18   0x00000020   Code   RO          608    .text.HAL_Init      stm32f0xx_hal.o
    0x08001c38   0x08001c38   0x00000044   Code   RO          610    .text.HAL_InitTick  stm32f0xx_hal.o
    0x08001c7c   0x08001c7c   0x0000002c   Code   RO          138    .text.HAL_MspInit   stm32f0xx_hal_msp.o
    0x08001ca8   0x08001ca8   0x00000020   Code   RO          912    .text.HAL_NVIC_DisableIRQ  stm32f0xx_hal_cortex.o
    0x08001cc8   0x08001cc8   0x00000018   Code   RO          910    .text.HAL_NVIC_EnableIRQ  stm32f0xx_hal_cortex.o
    0x08001ce0   0x08001ce0   0x00000008   Code   RO          906    .text.HAL_NVIC_SetPriority  stm32f0xx_hal_cortex.o
    0x08001ce8   0x08001ce8   0x00000026   Code   RO          460    .text.HAL_PCDEx_ActivateLPM  stm32f0xx_hal_pcd_ex.o
    0x08001d0e   0x08001d0e   0x00000034   Code   RO          450    .text.HAL_PCDEx_PMAConfig  stm32f0xx_hal_pcd_ex.o
    0x08001d42   0x08001d42   0x00000016   Code   RO          232    .text.HAL_PCD_DataInStageCallback  usbd_conf.o
    0x08001d58   0x08001d58   0x0000001a   Code   RO          230    .text.HAL_PCD_DataOutStageCallback  usbd_conf.o
    0x08001d72   0x08001d72   0x00000002   PAD
    0x08001d74   0x08001d74   0x00000028   Code   RO          382    .text.HAL_PCD_DeInit  stm32f0xx_hal_pcd.o
    0x08001d9c   0x08001d9c   0x00000022   Code   RO          418    .text.HAL_PCD_DevDisconnect  stm32f0xx_hal_pcd.o
    0x08001dbe   0x08001dbe   0x0000004c   Code   RO          422    .text.HAL_PCD_EP_Close  stm32f0xx_hal_pcd.o
    0x08001e0a   0x08001e0a   0x0000005e   Code   RO          432    .text.HAL_PCD_EP_ClrStall  stm32f0xx_hal_pcd.o
    0x08001e68   0x08001e68   0x0000000e   Code   RO          426    .text.HAL_PCD_EP_GetRxCount  stm32f0xx_hal_pcd.o
    0x08001e76   0x08001e76   0x00000060   Code   RO          420    .text.HAL_PCD_EP_Open  stm32f0xx_hal_pcd.o
    0x08001ed6   0x08001ed6   0x00000026   Code   RO          424    .text.HAL_PCD_EP_Receive  stm32f0xx_hal_pcd.o
    0x08001efc   0x08001efc   0x0000006a   Code   RO          430    .text.HAL_PCD_EP_SetStall  stm32f0xx_hal_pcd.o
    0x08001f66   0x08001f66   0x00000026   Code   RO          428    .text.HAL_PCD_EP_Transmit  stm32f0xx_hal_pcd.o
    0x08001f8c   0x08001f8c   0x00000464   Code   RO          390    .text.HAL_PCD_IRQHandler  stm32f0xx_hal_pcd.o
    0x080023f0   0x080023f0   0x000000c6   Code   RO          378    .text.HAL_PCD_Init  stm32f0xx_hal_pcd.o
    0x080024b6   0x080024b6   0x00000002   PAD
    0x080024b8   0x080024b8   0x00000020   Code   RO          226    .text.HAL_PCD_MspDeInit  usbd_conf.o
    0x080024d8   0x080024d8   0x0000003c   Code   RO          224    .text.HAL_PCD_MspInit  usbd_conf.o
    0x08002514   0x08002514   0x00000022   Code   RO          236    .text.HAL_PCD_ResetCallback  usbd_conf.o
    0x08002536   0x08002536   0x00000002   PAD
    0x08002538   0x08002538   0x00000024   Code   RO          240    .text.HAL_PCD_ResumeCallback  usbd_conf.o
    0x0800255c   0x0800255c   0x0000000e   Code   RO          234    .text.HAL_PCD_SOFCallback  usbd_conf.o
    0x0800256a   0x0800256a   0x00000028   Code   RO          394    .text.HAL_PCD_SetAddress  stm32f0xx_hal_pcd.o
    0x08002592   0x08002592   0x00000016   Code   RO          228    .text.HAL_PCD_SetupStageCallback  usbd_conf.o
    0x080025a8   0x080025a8   0x0000002a   Code   RO          388    .text.HAL_PCD_Start  stm32f0xx_hal_pcd.o
    0x080025d2   0x080025d2   0x0000002a   Code   RO          384    .text.HAL_PCD_Stop  stm32f0xx_hal_pcd.o
    0x080025fc   0x080025fc   0x00000024   Code   RO          238    .text.HAL_PCD_SuspendCallback  usbd_conf.o
    0x08002620   0x08002620   0x00000034   Code   RO          918    .text.HAL_SYSTICK_Config  stm32f0xx_hal_cortex.o
    0x08002654   0x08002654   0x00000054   Code   RO         1460    .text.HAL_TIMEx_MasterConfigSynchronization  stm32f0xx_hal_tim_ex.o
    0x080026a8   0x080026a8   0x00000034   Code   RO         1162    .text.HAL_TIM_Base_Init  stm32f0xx_hal_tim.o
    0x080026dc   0x080026dc   0x00000038   Code   RO          148    .text.HAL_TIM_Base_MspInit  stm32f0xx_hal_msp.o
    0x08002714   0x08002714   0x0000001e   Code   RO         1176    .text.HAL_TIM_Base_Start_IT  stm32f0xx_hal_tim.o
    0x08002732   0x08002732   0x00000002   PAD
    0x08002734   0x08002734   0x000000e8   Code   RO         1350    .text.HAL_TIM_ConfigClockSource  stm32f0xx_hal_tim.o
    0x0800281c   0x0800281c   0x00000148   Code   RO         1296    .text.HAL_TIM_IRQHandler  stm32f0xx_hal_tim.o
    0x08002964   0x08002964   0x00000070   Code   RO           66    .text.HAL_TIM_PeriodElapsedCallback  main.o
    0x080029d4   0x080029d4   0x00000002   Code   RO          108    .text.HardFault_Handler  stm32f0xx_it.o
    0x080029d6   0x080029d6   0x00000002   PAD
    0x080029d8   0x080029d8   0x00000024   Code   RO          126    .text.I2C1_IRQHandler  stm32f0xx_it.o
    0x080029fc   0x080029fc   0x0000002a   Code   RO          758    .text.I2C_DMAAbort  stm32f0xx_hal_i2c.o
    0x08002a26   0x08002a26   0x00000062   Code   RO          756    .text.I2C_Disable_IRQ  stm32f0xx_hal_i2c.o
    0x08002a88   0x08002a88   0x0000001c   Code   RO          804    .text.I2C_Flush_TXDR  stm32f0xx_hal_i2c.o
    0x08002aa4   0x08002aa4   0x0000009c   Code   RO          816    .text.I2C_ITAddrCplt  stm32f0xx_hal_i2c.o
    0x08002b40   0x08002b40   0x000000d0   Code   RO          776    .text.I2C_ITError   stm32f0xx_hal_i2c.o
    0x08002c10   0x08002c10   0x00000060   Code   RO          812    .text.I2C_ITListenCplt  stm32f0xx_hal_i2c.o
    0x08002c70   0x08002c70   0x000000e8   Code   RO          810    .text.I2C_ITSlaveCplt  stm32f0xx_hal_i2c.o
    0x08002d58   0x08002d58   0x00000050   Code   RO          814    .text.I2C_ITSlaveSeqCplt  stm32f0xx_hal_i2c.o
    0x08002da8   0x08002da8   0x00000068   Code   RO          818    .text.I2C_IsAcknowledgeFailed  stm32f0xx_hal_i2c.o
    0x08002e10   0x08002e10   0x00000070   Code   RO          728    .text.I2C_RequestMemoryWrite  stm32f0xx_hal_i2c.o
    0x08002e80   0x08002e80   0x00000110   Code   RO          700    .text.I2C_Slave_ISR_IT  stm32f0xx_hal_i2c.o
    0x08002f90   0x08002f90   0x0000002c   Code   RO          676    .text.I2C_TransferConfig  stm32f0xx_hal_i2c.o
    0x08002fbc   0x08002fbc   0x00000050   Code   RO          674    .text.I2C_WaitOnFlagUntilTimeout  stm32f0xx_hal_i2c.o
    0x0800300c   0x0800300c   0x0000004c   Code   RO          680    .text.I2C_WaitOnSTOPFlagUntilTimeout  stm32f0xx_hal_i2c.o
    0x08003058   0x08003058   0x00000050   Code   RO          678    .text.I2C_WaitOnTXISFlagUntilTimeout  stm32f0xx_hal_i2c.o
    0x080030a8   0x080030a8   0x0000002a   Code   RO          183    .text.IntToUnicode  usbd_desc.o
    0x080030d2   0x080030d2   0x00000002   PAD
    0x080030d4   0x080030d4   0x0000001c   Code   RO           78    .text.LL_AHB1_GRP1_EnableClock  main.o
    0x080030f0   0x080030f0   0x00000098   Code   RO          530    .text.LL_EXTI_Init  stm32f0xx_ll_exti.o
    0x08003188   0x08003188   0x0000009a   Code   RO          366    .text.LL_GPIO_Init  stm32f0xx_ll_gpio.o
    0x08003222   0x08003222   0x00000002   PAD
    0x08003224   0x08003224   0x0000000c   Code   RO          506    .text.LL_SetSystemCoreClock  stm32f0xx_ll_utils.o
    0x08003230   0x08003230   0x00000064   Code   RO          160    .text.MX_USB_DEVICE_Init  usb_device.o
    0x08003294   0x08003294   0x00000002   Code   RO          106    .text.NMI_Handler   stm32f0xx_it.o
    0x08003296   0x08003296   0x00000002   Code   RO          112    .text.PendSV_Handler  stm32f0xx_it.o
    0x08003298   0x08003298   0x00000002   Code   RO          110    .text.SVC_Handler   stm32f0xx_it.o
    0x0800329a   0x0800329a   0x00000008   Code   RO          114    .text.SysTick_Handler  stm32f0xx_it.o
    0x080032a2   0x080032a2   0x00000002   PAD
    0x080032a4   0x080032a4   0x000000a4   Code   RO           74    .text.SystemClock_Config  main.o
    0x08003348   0x08003348   0x00000002   Code   RO         1482    .text.SystemInit    system_stm32f0xx.o
    0x0800334a   0x0800334a   0x00000002   PAD
    0x0800334c   0x0800334c   0x00000010   Code   RO          124    .text.TIM1_BRK_UP_TRG_COM_IRQHandler  stm32f0xx_it.o
    0x0800335c   0x0800335c   0x00000094   Code   RO         1166    .text.TIM_Base_SetConfig  stm32f0xx_hal_tim.o
    0x080033f0   0x080033f0   0x00000022   Code   RO         1352    .text.TIM_TI1_ConfigInputStage  stm32f0xx_hal_tim.o
    0x08003412   0x08003412   0x00000026   Code   RO         1354    .text.TIM_TI2_ConfigInputStage  stm32f0xx_hal_tim.o
    0x08003438   0x08003438   0x00000054   Code   RO         1596    .text.USBD_CDC_DataIn  usbd_cdc.o
    0x0800348c   0x0800348c   0x00000036   Code   RO         1598    .text.USBD_CDC_DataOut  usbd_cdc.o
    0x080034c2   0x080034c2   0x00000002   PAD
    0x080034c4   0x080034c4   0x00000044   Code   RO         1590    .text.USBD_CDC_DeInit  usbd_cdc.o
    0x08003508   0x08003508   0x0000002a   Code   RO         1594    .text.USBD_CDC_EP0_RxReady  usbd_cdc.o
    0x08003532   0x08003532   0x00000002   PAD
    0x08003534   0x08003534   0x0000000c   Code   RO         1606    .text.USBD_CDC_GetDeviceQualifierDescriptor  usbd_cdc.o
    0x08003540   0x08003540   0x0000000c   Code   RO         1602    .text.USBD_CDC_GetFSCfgDesc  usbd_cdc.o
    0x0800354c   0x0800354c   0x0000000c   Code   RO         1600    .text.USBD_CDC_GetHSCfgDesc  usbd_cdc.o
    0x08003558   0x08003558   0x0000000c   Code   RO         1604    .text.USBD_CDC_GetOtherSpeedCfgDesc  usbd_cdc.o
    0x08003564   0x08003564   0x00000098   Code   RO         1588    .text.USBD_CDC_Init  usbd_cdc.o
    0x080035fc   0x080035fc   0x0000002c   Code   RO         1616    .text.USBD_CDC_ReceivePacket  usbd_cdc.o
    0x08003628   0x08003628   0x00000012   Code   RO         1608    .text.USBD_CDC_RegisterInterface  usbd_cdc.o
    0x0800363a   0x0800363a   0x00000010   Code   RO         1612    .text.USBD_CDC_SetRxBuffer  usbd_cdc.o
    0x0800364a   0x0800364a   0x00000014   Code   RO         1610    .text.USBD_CDC_SetTxBuffer  usbd_cdc.o
    0x0800365e   0x0800365e   0x000000ac   Code   RO         1592    .text.USBD_CDC_Setup  usbd_cdc.o
    0x0800370a   0x0800370a   0x0000003a   Code   RO         1614    .text.USBD_CDC_TransmitPacket  usbd_cdc.o
    0x08003744   0x08003744   0x00000010   Code   RO         1511    .text.USBD_ClrClassConfig  usbd_core.o
    0x08003754   0x08003754   0x00000012   Code   RO         1572    .text.USBD_CtlContinueRx  usbd_ioreq.o
    0x08003766   0x08003766   0x00000012   Code   RO         1568    .text.USBD_CtlContinueSendData  usbd_ioreq.o
    0x08003778   0x08003778   0x00000014   Code   RO         1547    .text.USBD_CtlError  usbd_ctlreq.o
    0x0800378c   0x0800378c   0x00000024   Code   RO         1570    .text.USBD_CtlPrepareRx  usbd_ioreq.o
    0x080037b0   0x080037b0   0x0000001a   Code   RO         1576    .text.USBD_CtlReceiveStatus  usbd_ioreq.o
    0x080037ca   0x080037ca   0x0000001e   Code   RO         1566    .text.USBD_CtlSendData  usbd_ioreq.o
    0x080037e8   0x080037e8   0x0000001a   Code   RO         1574    .text.USBD_CtlSendStatus  usbd_ioreq.o
    0x08003802   0x08003802   0x00000028   Code   RO         1499    .text.USBD_DeInit   usbd_core.o
    0x0800382a   0x0800382a   0x00000002   PAD
    0x0800382c   0x0800382c   0x00000020   Code   RO          179    .text.USBD_FS_ConfigStrDescriptor  usbd_desc.o
    0x0800384c   0x0800384c   0x0000000c   Code   RO          169    .text.USBD_FS_DeviceDescriptor  usbd_desc.o
    0x08003858   0x08003858   0x00000024   Code   RO          181    .text.USBD_FS_InterfaceStrDescriptor  usbd_desc.o
    0x0800387c   0x0800387c   0x0000000c   Code   RO          171    .text.USBD_FS_LangIDStrDescriptor  usbd_desc.o
    0x08003888   0x08003888   0x00000020   Code   RO          173    .text.USBD_FS_ManufacturerStrDescriptor  usbd_desc.o
    0x080038a8   0x080038a8   0x00000028   Code   RO          175    .text.USBD_FS_ProductStrDescriptor  usbd_desc.o
    0x080038d0   0x080038d0   0x00000034   Code   RO          177    .text.USBD_FS_SerialStrDescriptor  usbd_desc.o
    0x08003904   0x08003904   0x00000042   Code   RO         1555    .text.USBD_GetString  usbd_ctlreq.o
    0x08003946   0x08003946   0x00000002   PAD
    0x08003948   0x08003948   0x00000018   Code   RO          254    .text.USBD_Get_USB_Status  usbd_conf.o
    0x08003960   0x08003960   0x0000002e   Code   RO         1497    .text.USBD_Init     usbd_core.o
    0x0800398e   0x0800398e   0x00000012   Code   RO          268    .text.USBD_LL_ClearStallEP  usbd_conf.o
    0x080039a0   0x080039a0   0x00000012   Code   RO          262    .text.USBD_LL_CloseEP  usbd_conf.o
    0x080039b2   0x080039b2   0x000000c2   Code   RO         1517    .text.USBD_LL_DataInStage  usbd_core.o
    0x08003a74   0x08003a74   0x00000080   Code   RO         1515    .text.USBD_LL_DataOutStage  usbd_core.o
    0x08003af4   0x08003af4   0x00000012   Code   RO          252    .text.USBD_LL_DeInit  usbd_conf.o
    0x08003b06   0x08003b06   0x0000000e   Code   RO          278    .text.USBD_LL_GetRxDataSize  usbd_conf.o
    0x08003b14   0x08003b14   0x00000080   Code   RO          250    .text.USBD_LL_Init  usbd_conf.o
    0x08003b94   0x08003b94   0x0000001e   Code   RO          270    .text.USBD_LL_IsStallEP  usbd_conf.o
    0x08003bb2   0x08003bb2   0x00000018   Code   RO          260    .text.USBD_LL_OpenEP  usbd_conf.o
    0x08003bca   0x08003bca   0x00000012   Code   RO          276    .text.USBD_LL_PrepareReceive  usbd_conf.o
    0x08003bdc   0x08003bdc   0x00000050   Code   RO         1519    .text.USBD_LL_Reset  usbd_core.o
    0x08003c2c   0x08003c2c   0x00000014   Code   RO         1525    .text.USBD_LL_Resume  usbd_core.o
    0x08003c40   0x08003c40   0x0000001c   Code   RO         1527    .text.USBD_LL_SOF   usbd_core.o
    0x08003c5c   0x08003c5c   0x00000012   Code   RO          272    .text.USBD_LL_SetUSBAddress  usbd_conf.o
    0x08003c6e   0x08003c6e   0x00000002   PAD
    0x08003c70   0x08003c70   0x00000060   Code   RO         1513    .text.USBD_LL_SetupStage  usbd_core.o
    0x08003cd0   0x08003cd0   0x00000012   Code   RO          266    .text.USBD_LL_StallEP  usbd_conf.o
    0x08003ce2   0x08003ce2   0x00000012   Code   RO          256    .text.USBD_LL_Start  usbd_conf.o
    0x08003cf4   0x08003cf4   0x00000012   Code   RO          258    .text.USBD_LL_Stop  usbd_conf.o
    0x08003d06   0x08003d06   0x00000012   Code   RO         1523    .text.USBD_LL_Suspend  usbd_core.o
    0x08003d18   0x08003d18   0x00000012   Code   RO          274    .text.USBD_LL_Transmit  usbd_conf.o
    0x08003d2a   0x08003d2a   0x00000028   Code   RO         1553    .text.USBD_ParseSetupRequest  usbd_ctlreq.o
    0x08003d52   0x08003d52   0x00000012   Code   RO         1501    .text.USBD_RegisterClass  usbd_core.o
    0x08003d64   0x08003d64   0x0000001c   Code   RO         1509    .text.USBD_SetClassConfig  usbd_core.o
    0x08003d80   0x08003d80   0x0000000a   Code   RO         1503    .text.USBD_Start    usbd_core.o
    0x08003d8a   0x08003d8a   0x00000002   PAD
    0x08003d8c   0x08003d8c   0x00000238   Code   RO         1545    .text.USBD_StdDevReq  usbd_ctlreq.o
    0x08003fc4   0x08003fc4   0x00000152   Code   RO         1551    .text.USBD_StdEPReq  usbd_ctlreq.o
    0x08004116   0x08004116   0x00000052   Code   RO         1549    .text.USBD_StdItfReq  usbd_ctlreq.o
    0x08004168   0x08004168   0x0000001c   Code   RO         1505    .text.USBD_Stop     usbd_core.o
    0x08004184   0x08004184   0x00000008   Code   RO          282    .text.USBD_static_malloc  usbd_conf.o
    0x0800418c   0x0800418c   0x00000218   Code   RO          312    .text.USB_ActivateEndpoint  stm32f0xx_ll_usb.o
    0x080043a4   0x080043a4   0x000000d4   Code   RO          314    .text.USB_DeactivateEndpoint  stm32f0xx_ll_usb.o
    0x08004478   0x08004478   0x00000010   Code   RO          332    .text.USB_DevConnect  stm32f0xx_ll_usb.o
    0x08004488   0x08004488   0x00000014   Code   RO          334    .text.USB_DevDisconnect  stm32f0xx_ll_usb.o
    0x0800449c   0x0800449c   0x00000020   Code   RO          304    .text.USB_DevInit   stm32f0xx_ll_usb.o
    0x080044bc   0x080044bc   0x00000014   Code   RO          300    .text.USB_DisableGlobalInt  stm32f0xx_ll_usb.o
    0x080044d0   0x080044d0   0x0000006c   Code   RO          326    .text.USB_EPClearStall  stm32f0xx_ll_usb.o
    0x0800453c   0x0800453c   0x00000038   Code   RO          324    .text.USB_EPSetStall  stm32f0xx_ll_usb.o
    0x08004574   0x08004574   0x000001f0   Code   RO          316    .text.USB_EPStartXfer  stm32f0xx_ll_usb.o
    0x08004764   0x08004764   0x00000014   Code   RO          298    .text.USB_EnableGlobalInt  stm32f0xx_ll_usb.o
    0x08004778   0x08004778   0x00000010   Code   RO          128    .text.USB_IRQHandler  stm32f0xx_it.o
    0x08004788   0x08004788   0x0000002a   Code   RO          354    .text.USB_ReadPMA   stm32f0xx_ll_usb.o
    0x080047b2   0x080047b2   0x0000000e   Code   RO          330    .text.USB_SetDevAddress  stm32f0xx_ll_usb.o
    0x080047c0   0x080047c0   0x00000016   Code   RO          328    .text.USB_StopDevice  stm32f0xx_ll_usb.o
    0x080047d6   0x080047d6   0x00000026   Code   RO          318    .text.USB_WritePMA  stm32f0xx_ll_usb.o
    0x080047fc   0x080047fc   0x00000040   Code   RO          908    .text.__NVIC_SetPriority  stm32f0xx_hal_cortex.o
    0x0800483c   0x0800483c   0x0000045c   Code   RO           72    .text.main          main.o
    0x08004c98   0x08004c98   0x0000005c   Code   RO           68    .text.setSegVal     main.o
    0x08004cf4   0x08004cf4   0x0000002c   Code   RO           30    .text.ssd1306_DrawPixel  ssd1306.o
    0x08004d20   0x08004d20   0x0000001c   Code   RO           26    .text.ssd1306_Fill  ssd1306.o
    0x08004d3c   0x08004d3c   0x00000094   Code   RO           22    .text.ssd1306_Init  ssd1306.o
    0x08004dd0   0x08004dd0   0x00000008   Code   RO           36    .text.ssd1306_SetCursor  ssd1306.o
    0x08004dd8   0x08004dd8   0x00000044   Code   RO           28    .text.ssd1306_UpdateScreen  ssd1306.o
    0x08004e1c   0x08004e1c   0x0000008c   Code   RO           32    .text.ssd1306_WriteChar  ssd1306.o
    0x08004ea8   0x08004ea8   0x00000020   Code   RO           24    .text.ssd1306_WriteCommand  ssd1306.o
    0x08004ec8   0x08004ec8   0x0000002c   Code   RO           34    .text.ssd1306_WriteString  ssd1306.o
    0x08004ef4   0x08004ef4   0x00000028   Code   RO         1878    i.__0sprintf        mc_p.l(printfa.o)
    0x08004f1c   0x08004f1c   0x0000002e   Code   RO         1944    i.__ARM_clz         mf_p.l(depilogue.o)
    0x08004f4a   0x08004f4a   0x0000000e   Code   RO         1964    i.__scatterload_copy  mc_p.l(handlers.o)
    0x08004f58   0x08004f58   0x00000002   Code   RO         1965    i.__scatterload_null  mc_p.l(handlers.o)
    0x08004f5a   0x08004f5a   0x0000000e   Code   RO         1966    i.__scatterload_zeroinit  mc_p.l(handlers.o)
    0x08004f68   0x08004f68   0x00000174   Code   RO         1883    i._fp_digits        mc_p.l(printfa.o)
    0x080050dc   0x080050dc   0x000006ec   Code   RO         1884    i._printf_core      mc_p.l(printfa.o)
    0x080057c8   0x080057c8   0x00000020   Code   RO         1885    i._printf_post_padding  mc_p.l(printfa.o)
    0x080057e8   0x080057e8   0x0000002c   Code   RO         1886    i._printf_pre_padding  mc_p.l(printfa.o)
    0x08005814   0x08005814   0x0000000a   Code   RO         1888    i._sputc            mc_p.l(printfa.o)
    0x0800581e   0x0800581e   0x00000da4   Data   RO           13    .rodata.Font11x18   fonts.o
    0x080065c2   0x080065c2   0x00000010   Data   RO           80    .rodata.SegmentArrInfo  main.o
    0x080065d2   0x080065d2   0x00000005   Data   RO           92    .rodata.str1.1      main.o
    0x080065d7   0x080065d7   0x00000001   PAD
    0x080065d8   0x080065d8   0x00000020   Data   RO         1963    Region$$Table       anon$$obj.o


    Execution Region RW_IRAM1 (Exec base: 0x20000000, Load base: 0x080065f8, Size: 0x000017e0, Max: 0x00001800, ABSOLUTE, COMPRESSED[0x00000198])

    Exec Addr    Load Addr    Size         Type   Attr      Idx    E Section Name        Object

    0x20000000   COMPRESSED   0x00000008   Data   RW          655    .data..L_MergedGlobals  stm32f0xx_hal.o
    0x20000008   COMPRESSED   0x0000001c   Data   RW          185    .data.FS_Desc       usbd_desc.o
    0x20000024   COMPRESSED   0x00000008   Data   RW           14    .data.Font_11x18    fonts.o
    0x2000002c   COMPRESSED   0x00000002   Data   RW           88    .data.HAL_TIM_PeriodElapsedCallback.now  main.o
    0x2000002e   COMPRESSED   0x00000178   Data   RW          210    .data.Manual        usbd_cdc_if.o
    0x200001a6   COMPRESSED   0x00000002   PAD
    0x200001a8   COMPRESSED   0x00000004   Data   RW         1486    .data.SystemCoreClock  system_stm32f0xx.o
    0x200001ac   COMPRESSED   0x00000038   Data   RW         1618    .data.USBD_CDC      usbd_cdc.o
    0x200001e4   COMPRESSED   0x00000043   Data   RW         1620    .data.USBD_CDC_CfgFSDesc  usbd_cdc.o
    0x20000227   COMPRESSED   0x00000001   PAD
    0x20000228   COMPRESSED   0x00000043   Data   RW         1619    .data.USBD_CDC_CfgHSDesc  usbd_cdc.o
    0x2000026b   COMPRESSED   0x00000001   PAD
    0x2000026c   COMPRESSED   0x0000000a   Data   RW         1622    .data.USBD_CDC_DeviceQualifierDesc  usbd_cdc.o
    0x20000276   COMPRESSED   0x00000002   PAD
    0x20000278   COMPRESSED   0x00000043   Data   RW         1621    .data.USBD_CDC_OtherSpeedCfgDesc  usbd_cdc.o
    0x200002bb   COMPRESSED   0x00000001   PAD
    0x200002bc   COMPRESSED   0x00000012   Data   RW          186    .data.USBD_FS_DeviceDesc  usbd_desc.o
    0x200002ce   COMPRESSED   0x00000002   PAD
    0x200002d0   COMPRESSED   0x00000010   Data   RW          212    .data.USBD_Interface_fops_FS  usbd_cdc_if.o
    0x200002e0   COMPRESSED   0x00000004   Data   RW          187    .data.USBD_LangIDDesc  usbd_desc.o
    0x200002e4   COMPRESSED   0x0000001a   Data   RW          188    .data.USBD_StringSerial  usbd_desc.o
    0x200002fe   COMPRESSED   0x00000002   PAD
    0x20000300        -       0x00000004   Zero   RW           57    .bss..L_MergedGlobals  ssd1306.o
    0x20000304        -       0x00000078   Zero   RW           97    .bss..L_MergedGlobals  main.o
    0x2000037c        -       0x00000015   Zero   RW          215    .bss..L_MergedGlobals  usbd_cdc_if.o
    0x20000391        -       0x00000400   Zero   RW           56    .bss.SSD1306_Buffer  ssd1306.o
    0x20000791        -       0x00000003   Zero   RW           89    .bss.SegVar         main.o
    0x20000794        -       0x00000001   Zero   RW         1557    .bss.USBD_SetConfig.cfgidx  usbd_ctlreq.o
    0x20000795   COMPRESSED   0x00000003   PAD
    0x20000798        -       0x00000200   Zero   RW          189    .bss.USBD_StrDesc   usbd_desc.o
    0x20000998        -       0x00000220   Zero   RW          287    .bss.USBD_static_malloc.mem  usbd_conf.o
    0x20000bb8        -       0x000000c8   Zero   RW          213    .bss.UserRxBufferFS  usbd_cdc_if.o
    0x20000c80        -       0x000000c8   Zero   RW          214    .bss.UserTxBufferFS  usbd_cdc_if.o
    0x20000d48        -       0x000002c4   Zero   RW          162    .bss.hUsbDeviceFS   usb_device.o
    0x2000100c        -       0x00000044   Zero   RW           90    .bss.hdma_adc       main.o
    0x20001050        -       0x00000044   Zero   RW           94    .bss.hdma_i2c1_rx   main.o
    0x20001094        -       0x00000044   Zero   RW           95    .bss.hdma_i2c1_tx   main.o
    0x200010d8        -       0x0000004c   Zero   RW           93    .bss.hi2c1          main.o
    0x20001124        -       0x00000274   Zero   RW          286    .bss.hpcd_USB_FS    usbd_conf.o
    0x20001398        -       0x00000040   Zero   RW           91    .bss.htim1          main.o
    0x200013d8        -       0x00000001   Zero   RW          211    .bss.pstat          usbd_cdc_if.o
    0x200013d9   COMPRESSED   0x00000003   PAD
    0x200013dc        -       0x00000004   Zero   RW          654    .bss.uwTick         stm32f0xx_hal.o
    0x200013e0        -       0x00000400   Zero   RW            1    STACK               startup_stm32f042x6.o


==============================================================================

Image component sizes


      Code (inc. data)   RO Data    RW Data    ZI Data      Debug   Object Name

         0          0       3492          8          0        852   fonts.o
      1676        188         21          2        467      14744   main.o
       512         16          0          0       1028       9454   ssd1306.o
        88         38        192          0       1024        628   startup_stm32f042x6.o
       164         20          0          8          4       5343   stm32f0xx_hal.o
      1518         64          0          0          0      11342   stm32f0xx_hal_adc.o
       180         28          0          0          0       5484   stm32f0xx_hal_cortex.o
       696         12          0          0          0       7180   stm32f0xx_hal_dma.o
       400         24          0          0          0       4694   stm32f0xx_hal_gpio.o
      2336         52          0          0          0      37362   stm32f0xx_hal_i2c.o
       136          0          0          0          0       5307   stm32f0xx_hal_i2c_ex.o
       480         48          0          0          0       8459   stm32f0xx_hal_msp.o
      1982         52          0          0          0      11406   stm32f0xx_hal_pcd.o
        90          0          0          0          0       5600   stm32f0xx_hal_pcd_ex.o
       862         24          0          0          0      40218   stm32f0xx_hal_tim.o
        84          4          0          0          0      14787   stm32f0xx_hal_tim_ex.o
       204         40          0          0          0       2678   stm32f0xx_it.o
       152          8          0          0          0       2772   stm32f0xx_ll_exti.o
       154          0          0          0          0       3721   stm32f0xx_ll_gpio.o
      1632        100          0          0          0      12910   stm32f0xx_ll_usb.o
        12          4          0          0          0       7523   stm32f0xx_ll_utils.o
         2          0          0          4          0       1685   system_stm32f0xx.o
       100         16          0          0        708       3211   usb_device.o
       776         24          0        267          0       9973   usbd_cdc.o
       752        122          0        392        422       3609   usbd_cdc_if.o
       672         32          0          0       1172      13532   usbd_conf.o
       750          4          0          0          0       7248   usbd_core.o
      1114         28          0          0          1       7767   usbd_ctlreq.o
       258         76          0         76        512       3387   usbd_desc.o
       154          0          0          0          0       4292   usbd_ioreq.o

    ----------------------------------------------------------------------
     17972       1024       3738        768       5344     267168   Object Totals
         0          0         32          0          0          0   (incl. Generated)
        36          0          1         11          6          0   (incl. Padding)

    ----------------------------------------------------------------------

      Code (inc. data)   RO Data    RW Data    ZI Data      Debug   Library Member Name

        86          0          0          0          0          0   __dczerorl2.o
         0          0          0          0          0          0   entry.o
         0          0          0          0          0          0   entry10a.o
         0          0          0          0          0          0   entry11a.o
         8          4          0          0          0          0   entry2.o
         4          0          0          0          0          0   entry5.o
         0          0          0          0          0          0   entry7b.o
         0          0          0          0          0          0   entry8b.o
         8          4          0          0          0          0   entry9a.o
        30          0          0          0          0          0   handlers.o
        40          0          0          0          0         72   idiv.o
        36          8          0          0          0         68   init.o
         0          0          0          0          0          0   iusefp.o
        32          0          0          0          0         68   llshl.o
        38          0          0          0          0         68   llsshr.o
        34          0          0          0          0         68   llushr.o
        36          0          0          0          0        100   memseta.o
      2270         94          0          0          0        472   printfa.o
        14          0          0          0          0         60   strlen.o
        44          0          0          0          0         72   uidiv.o
        96          0          0          0          0         84   uldiv.o
        40          2          0          0          0         68   cdrcmple.o
       356          4          0          0          0        140   dadd.o
        44          0          0          0          0         68   dcmpge.o
       240          6          0          0          0         84   ddiv.o
       236          0          0          0          0        216   depilogue.o
        72         10          0          0          0         72   dfixi.o
        64         10          0          0          0         68   dfixul.o
       208          6          0          0          0         88   dmul.o
        40          0          0          0          0         60   f2d.o
       130          0          0          0          0        144   fepilogue.o
        50          0          0          0          0         60   ffixi.o
        14          0          0          0          0         68   ffltui.o
       122          0          0          0          0         72   fmul.o

    ----------------------------------------------------------------------
      4394        148          0          0          0       2340   Library Totals
         2          0          0          0          0          0   (incl. Padding)

    ----------------------------------------------------------------------

      Code (inc. data)   RO Data    RW Data    ZI Data      Debug   Library Name

      2776        110          0          0          0       1132   mc_p.l
      1616         38          0          0          0       1208   mf_p.l

    ----------------------------------------------------------------------
      4394        148          0          0          0       2340   Library Totals

    ----------------------------------------------------------------------

==============================================================================


      Code (inc. data)   RO Data    RW Data    ZI Data      Debug   

     22366       1172       3738        768       5344     268148   Grand Totals
     22366       1172       3738        408       5344     268148   ELF Image Totals (compressed)
     22366       1172       3738        408          0          0   ROM Totals

==============================================================================

    Total RO  Size (Code + RO Data)                26104 (  25.49kB)
    Total RW  Size (RW Data + ZI Data)              6112 (   5.97kB)
    Total ROM Size (Code + RO Data + RW Data)      26512 (  25.89kB)

==============================================================================

