<!doctype html public "-//w3c//dtd html 4.0 transitional//en">
<html><head>
<title>Static Call Graph - [Web_MMS_Power\Web_MMS_Power.axf]</title></head>
<body><HR>
<H1>Static Call Graph for image Web_MMS_Power\Web_MMS_Power.axf</H1><HR>
<BR><P>#&#060CALLGRAPH&#062# ARM Linker, 6140002: Last Updated: Tue Nov 17 11:50:36 2020
<BR><P>
<H3>Maximum Stack Usage =        296 bytes + Unknown(Cycles, Untraceable Function Pointers)</H3><H3>
Call chain for Maximum Stack Depth:</H3>
main &rArr; ssd1306_Init &rArr; ssd1306_UpdateScreen &rArr; HAL_I2C_Mem_Write &rArr; I2C_RequestMemoryWrite &rArr; I2C_WaitOnTXISFlagUntilTimeout &rArr; I2C_IsAcknowledgeFailed
<P>
<H3>
Mutually Recursive functions
</H3> <LI><a href="#[34]">CEC_CAN_IRQHandler</a>&nbsp;&nbsp;&nbsp;&rArr;&nbsp;&nbsp;&nbsp;<a href="#[34]">CEC_CAN_IRQHandler</a><BR>
 <LI><a href="#[17]">HardFault_Handler</a>&nbsp;&nbsp;&nbsp;&rArr;&nbsp;&nbsp;&nbsp;<a href="#[17]">HardFault_Handler</a><BR>
</UL>
<P>
<H3>
Function Pointers
</H3><UL>
 <LI><a href="#[27]">ADC1_IRQHandler</a> from stm32f0xx_it.o(.text.ADC1_IRQHandler) referenced from startup_stm32f042x6.o(RESET)
 <LI><a href="#[3b]">ADC_DMAConvCplt</a> from stm32f0xx_hal_adc.o(.text.ADC_DMAConvCplt) referenced from stm32f0xx_hal_adc.o(.text.HAL_ADC_Start_DMA)
 <LI><a href="#[39]">ADC_DMAError</a> from stm32f0xx_hal_adc.o(.text.ADC_DMAError) referenced from stm32f0xx_hal_adc.o(.text.HAL_ADC_Start_DMA)
 <LI><a href="#[3a]">ADC_DMAHalfConvCplt</a> from stm32f0xx_hal_adc.o(.text.ADC_DMAHalfConvCplt) referenced from stm32f0xx_hal_adc.o(.text.HAL_ADC_Start_DMA)
 <LI><a href="#[13]">CDC_Control_FS</a> from usbd_cdc_if.o(.text.CDC_Control_FS) referenced 2 times from usbd_cdc_if.o(.data.USBD_Interface_fops_FS)
 <LI><a href="#[12]">CDC_DeInit_FS</a> from usbd_cdc_if.o(.text.CDC_DeInit_FS) referenced 2 times from usbd_cdc_if.o(.data.USBD_Interface_fops_FS)
 <LI><a href="#[11]">CDC_Init_FS</a> from usbd_cdc_if.o(.text.CDC_Init_FS) referenced 2 times from usbd_cdc_if.o(.data.USBD_Interface_fops_FS)
 <LI><a href="#[14]">CDC_Receive_FS</a> from usbd_cdc_if.o(.text.CDC_Receive_FS) referenced 2 times from usbd_cdc_if.o(.data.USBD_Interface_fops_FS)
 <LI><a href="#[34]">CEC_CAN_IRQHandler</a> from startup_stm32f042x6.o(.text) referenced from startup_stm32f042x6.o(RESET)
 <LI><a href="#[24]">DMA1_Channel1_IRQHandler</a> from stm32f0xx_it.o(.text.DMA1_Channel1_IRQHandler) referenced from startup_stm32f042x6.o(RESET)
 <LI><a href="#[25]">DMA1_Channel2_3_IRQHandler</a> from stm32f0xx_it.o(.text.DMA1_Channel2_3_IRQHandler) referenced from startup_stm32f042x6.o(RESET)
 <LI><a href="#[26]">DMA1_Channel4_5_IRQHandler</a> from startup_stm32f042x6.o(.text) referenced from startup_stm32f042x6.o(RESET)
 <LI><a href="#[20]">EXTI0_1_IRQHandler</a> from startup_stm32f042x6.o(.text) referenced from startup_stm32f042x6.o(RESET)
 <LI><a href="#[21]">EXTI2_3_IRQHandler</a> from startup_stm32f042x6.o(.text) referenced from startup_stm32f042x6.o(RESET)
 <LI><a href="#[22]">EXTI4_15_IRQHandler</a> from stm32f0xx_it.o(.text.EXTI4_15_IRQHandler) referenced from startup_stm32f042x6.o(RESET)
 <LI><a href="#[1e]">FLASH_IRQHandler</a> from startup_stm32f042x6.o(.text) referenced from startup_stm32f042x6.o(RESET)
 <LI><a href="#[3c]">HAL_GPIO_WritePin</a> from stm32f0xx_hal_gpio.o(.text.HAL_GPIO_WritePin) referenced from main.o(.text.HAL_TIM_PeriodElapsedCallback)
 <LI><a href="#[41]">HAL_PCDEx_PMAConfig</a> from stm32f0xx_hal_pcd_ex.o(.text.HAL_PCDEx_PMAConfig) referenced from usbd_conf.o(.text.USBD_LL_Init)
 <LI><a href="#[17]">HardFault_Handler</a> from stm32f0xx_it.o(.text.HardFault_Handler) referenced from startup_stm32f042x6.o(RESET)
 <LI><a href="#[2f]">I2C1_IRQHandler</a> from stm32f0xx_it.o(.text.I2C1_IRQHandler) referenced from startup_stm32f042x6.o(RESET)
 <LI><a href="#[3e]">I2C_DMAAbort</a> from stm32f0xx_hal_i2c.o(.text.I2C_DMAAbort) referenced from stm32f0xx_hal_i2c.o(.text.I2C_ITError)
 <LI><a href="#[3d]">I2C_Slave_ISR_IT</a> from stm32f0xx_hal_i2c.o(.text.I2C_Slave_ISR_IT) referenced from stm32f0xx_hal_i2c.o(.text.I2C_ITError)
 <LI><a href="#[42]">LL_AHB1_GRP1_EnableClock</a> from main.o(.text.LL_AHB1_GRP1_EnableClock) referenced from main.o(.text.main)
 <LI><a href="#[43]">LL_GPIO_Init</a> from stm32f0xx_ll_gpio.o(.text.LL_GPIO_Init) referenced from main.o(.text.main)
 <LI><a href="#[16]">NMI_Handler</a> from stm32f0xx_it.o(.text.NMI_Handler) referenced from startup_stm32f042x6.o(RESET)
 <LI><a href="#[1c]">PVD_VDDIO2_IRQHandler</a> from startup_stm32f042x6.o(.text) referenced from startup_stm32f042x6.o(RESET)
 <LI><a href="#[19]">PendSV_Handler</a> from stm32f0xx_it.o(.text.PendSV_Handler) referenced from startup_stm32f042x6.o(RESET)
 <LI><a href="#[1f]">RCC_CRS_IRQHandler</a> from startup_stm32f042x6.o(.text) referenced from startup_stm32f042x6.o(RESET)
 <LI><a href="#[1d]">RTC_IRQHandler</a> from startup_stm32f042x6.o(.text) referenced from startup_stm32f042x6.o(RESET)
 <LI><a href="#[15]">Reset_Handler</a> from startup_stm32f042x6.o(.text) referenced from startup_stm32f042x6.o(RESET)
 <LI><a href="#[30]">SPI1_IRQHandler</a> from startup_stm32f042x6.o(.text) referenced from startup_stm32f042x6.o(RESET)
 <LI><a href="#[31]">SPI2_IRQHandler</a> from startup_stm32f042x6.o(.text) referenced from startup_stm32f042x6.o(RESET)
 <LI><a href="#[18]">SVC_Handler</a> from stm32f0xx_it.o(.text.SVC_Handler) referenced from startup_stm32f042x6.o(RESET)
 <LI><a href="#[1a]">SysTick_Handler</a> from stm32f0xx_it.o(.text.SysTick_Handler) referenced from startup_stm32f042x6.o(RESET)
 <LI><a href="#[37]">SystemInit</a> from system_stm32f0xx.o(.text.SystemInit) referenced from startup_stm32f042x6.o(.text)
 <LI><a href="#[2c]">TIM14_IRQHandler</a> from startup_stm32f042x6.o(.text) referenced from startup_stm32f042x6.o(RESET)
 <LI><a href="#[2d]">TIM16_IRQHandler</a> from startup_stm32f042x6.o(.text) referenced from startup_stm32f042x6.o(RESET)
 <LI><a href="#[2e]">TIM17_IRQHandler</a> from startup_stm32f042x6.o(.text) referenced from startup_stm32f042x6.o(RESET)
 <LI><a href="#[28]">TIM1_BRK_UP_TRG_COM_IRQHandler</a> from stm32f0xx_it.o(.text.TIM1_BRK_UP_TRG_COM_IRQHandler) referenced from startup_stm32f042x6.o(RESET)
 <LI><a href="#[29]">TIM1_CC_IRQHandler</a> from startup_stm32f042x6.o(.text) referenced from startup_stm32f042x6.o(RESET)
 <LI><a href="#[2a]">TIM2_IRQHandler</a> from startup_stm32f042x6.o(.text) referenced from startup_stm32f042x6.o(RESET)
 <LI><a href="#[2b]">TIM3_IRQHandler</a> from startup_stm32f042x6.o(.text) referenced from startup_stm32f042x6.o(RESET)
 <LI><a href="#[23]">TSC_IRQHandler</a> from startup_stm32f042x6.o(.text) referenced from startup_stm32f042x6.o(RESET)
 <LI><a href="#[32]">USART1_IRQHandler</a> from startup_stm32f042x6.o(.text) referenced from startup_stm32f042x6.o(RESET)
 <LI><a href="#[33]">USART2_IRQHandler</a> from startup_stm32f042x6.o(.text) referenced from startup_stm32f042x6.o(RESET)
 <LI><a href="#[b]">USBD_CDC_DataIn</a> from usbd_cdc.o(.text.USBD_CDC_DataIn) referenced 2 times from usbd_cdc.o(.data.USBD_CDC)
 <LI><a href="#[c]">USBD_CDC_DataOut</a> from usbd_cdc.o(.text.USBD_CDC_DataOut) referenced 2 times from usbd_cdc.o(.data.USBD_CDC)
 <LI><a href="#[8]">USBD_CDC_DeInit</a> from usbd_cdc.o(.text.USBD_CDC_DeInit) referenced 2 times from usbd_cdc.o(.data.USBD_CDC)
 <LI><a href="#[a]">USBD_CDC_EP0_RxReady</a> from usbd_cdc.o(.text.USBD_CDC_EP0_RxReady) referenced 2 times from usbd_cdc.o(.data.USBD_CDC)
 <LI><a href="#[10]">USBD_CDC_GetDeviceQualifierDescriptor</a> from usbd_cdc.o(.text.USBD_CDC_GetDeviceQualifierDescriptor) referenced 2 times from usbd_cdc.o(.data.USBD_CDC)
 <LI><a href="#[e]">USBD_CDC_GetFSCfgDesc</a> from usbd_cdc.o(.text.USBD_CDC_GetFSCfgDesc) referenced 2 times from usbd_cdc.o(.data.USBD_CDC)
 <LI><a href="#[d]">USBD_CDC_GetHSCfgDesc</a> from usbd_cdc.o(.text.USBD_CDC_GetHSCfgDesc) referenced 2 times from usbd_cdc.o(.data.USBD_CDC)
 <LI><a href="#[f]">USBD_CDC_GetOtherSpeedCfgDesc</a> from usbd_cdc.o(.text.USBD_CDC_GetOtherSpeedCfgDesc) referenced 2 times from usbd_cdc.o(.data.USBD_CDC)
 <LI><a href="#[7]">USBD_CDC_Init</a> from usbd_cdc.o(.text.USBD_CDC_Init) referenced 2 times from usbd_cdc.o(.data.USBD_CDC)
 <LI><a href="#[9]">USBD_CDC_Setup</a> from usbd_cdc.o(.text.USBD_CDC_Setup) referenced 2 times from usbd_cdc.o(.data.USBD_CDC)
 <LI><a href="#[5]">USBD_FS_ConfigStrDescriptor</a> from usbd_desc.o(.text.USBD_FS_ConfigStrDescriptor) referenced 2 times from usbd_desc.o(.data.FS_Desc)
 <LI><a href="#[0]">USBD_FS_DeviceDescriptor</a> from usbd_desc.o(.text.USBD_FS_DeviceDescriptor) referenced 2 times from usbd_desc.o(.data.FS_Desc)
 <LI><a href="#[6]">USBD_FS_InterfaceStrDescriptor</a> from usbd_desc.o(.text.USBD_FS_InterfaceStrDescriptor) referenced 2 times from usbd_desc.o(.data.FS_Desc)
 <LI><a href="#[1]">USBD_FS_LangIDStrDescriptor</a> from usbd_desc.o(.text.USBD_FS_LangIDStrDescriptor) referenced 2 times from usbd_desc.o(.data.FS_Desc)
 <LI><a href="#[2]">USBD_FS_ManufacturerStrDescriptor</a> from usbd_desc.o(.text.USBD_FS_ManufacturerStrDescriptor) referenced 2 times from usbd_desc.o(.data.FS_Desc)
 <LI><a href="#[3]">USBD_FS_ProductStrDescriptor</a> from usbd_desc.o(.text.USBD_FS_ProductStrDescriptor) referenced 2 times from usbd_desc.o(.data.FS_Desc)
 <LI><a href="#[4]">USBD_FS_SerialStrDescriptor</a> from usbd_desc.o(.text.USBD_FS_SerialStrDescriptor) referenced 2 times from usbd_desc.o(.data.FS_Desc)
 <LI><a href="#[3f]">USBD_LL_CloseEP</a> from usbd_conf.o(.text.USBD_LL_CloseEP) referenced from usbd_cdc.o(.text.USBD_CDC_DeInit)
 <LI><a href="#[40]">USBD_LL_OpenEP</a> from usbd_conf.o(.text.USBD_LL_OpenEP) referenced from usbd_cdc.o(.text.USBD_CDC_Init)
 <LI><a href="#[35]">USB_IRQHandler</a> from stm32f0xx_it.o(.text.USB_IRQHandler) referenced from startup_stm32f042x6.o(RESET)
 <LI><a href="#[1b]">WWDG_IRQHandler</a> from startup_stm32f042x6.o(.text) referenced from startup_stm32f042x6.o(RESET)
 <LI><a href="#[38]">__main</a> from entry.o(.ARM.Collect$$$$00000000) referenced from startup_stm32f042x6.o(.text)
 <LI><a href="#[47]">_sputc</a> from printfa.o(i._sputc) referenced from printfa.o(i.__0sprintf)
 <LI><a href="#[36]">main</a> from main.o(.text.main) referenced from entry9a.o(.ARM.Collect$$$$0000000B)
 <LI><a href="#[44]">ssd1306_SetCursor</a> from ssd1306.o(.text.ssd1306_SetCursor) referenced from main.o(.text.main)
 <LI><a href="#[46]">ssd1306_WriteCommand</a> from ssd1306.o(.text.ssd1306_WriteCommand) referenced from ssd1306.o(.text.ssd1306_UpdateScreen)
 <LI><a href="#[45]">ssd1306_WriteString</a> from ssd1306.o(.text.ssd1306_WriteString) referenced from main.o(.text.main)
</UL>
<P>
<H3>
Global Symbols
</H3>
<P><STRONG><a name="[38]"></a>__main</STRONG> (Thumb, 0 bytes, Stack size unknown bytes, entry.o(.ARM.Collect$$$$00000000))
<BR>[Address Reference Count : 1]<UL><LI> startup_stm32f042x6.o(.text)
</UL>
<P><STRONG><a name="[10a]"></a>_main_stk</STRONG> (Thumb, 0 bytes, Stack size unknown bytes, entry2.o(.ARM.Collect$$$$00000001))

<P><STRONG><a name="[48]"></a>_main_scatterload</STRONG> (Thumb, 0 bytes, Stack size unknown bytes, entry5.o(.ARM.Collect$$$$00000004))
<BR><BR>[Calls]<UL><LI><a href="#[49]">&gt;&gt;</a>&nbsp;&nbsp;&nbsp;__scatterload
</UL>

<P><STRONG><a name="[5f]"></a>__main_after_scatterload</STRONG> (Thumb, 0 bytes, Stack size unknown bytes, entry5.o(.ARM.Collect$$$$00000004))
<BR><BR>[Called By]<UL><LI><a href="#[49]">&gt;&gt;</a>&nbsp;&nbsp;&nbsp;__scatterload
</UL>

<P><STRONG><a name="[10b]"></a>_main_clock</STRONG> (Thumb, 0 bytes, Stack size unknown bytes, entry7b.o(.ARM.Collect$$$$00000008))

<P><STRONG><a name="[10c]"></a>_main_cpp_init</STRONG> (Thumb, 0 bytes, Stack size unknown bytes, entry8b.o(.ARM.Collect$$$$0000000A))

<P><STRONG><a name="[10d]"></a>_main_init</STRONG> (Thumb, 0 bytes, Stack size unknown bytes, entry9a.o(.ARM.Collect$$$$0000000B))

<P><STRONG><a name="[10e]"></a>__rt_final_cpp</STRONG> (Thumb, 0 bytes, Stack size unknown bytes, entry10a.o(.ARM.Collect$$$$0000000D))

<P><STRONG><a name="[10f]"></a>__rt_final_exit</STRONG> (Thumb, 0 bytes, Stack size unknown bytes, entry11a.o(.ARM.Collect$$$$0000000F))

<P><STRONG><a name="[15]"></a>Reset_Handler</STRONG> (Thumb, 38 bytes, Stack size 0 bytes, startup_stm32f042x6.o(.text))
<BR>[Address Reference Count : 1]<UL><LI> startup_stm32f042x6.o(RESET)
</UL>
<P><STRONG><a name="[34]"></a>CEC_CAN_IRQHandler</STRONG> (Thumb, 0 bytes, Stack size 0 bytes, startup_stm32f042x6.o(.text))
<BR><BR>[Calls]<UL><LI><a href="#[34]">&gt;&gt;</a>&nbsp;&nbsp;&nbsp;CEC_CAN_IRQHandler
</UL>
<BR>[Called By]<UL><LI><a href="#[34]">&gt;&gt;</a>&nbsp;&nbsp;&nbsp;CEC_CAN_IRQHandler
</UL>
<BR>[Address Reference Count : 1]<UL><LI> startup_stm32f042x6.o(RESET)
</UL>
<P><STRONG><a name="[26]"></a>DMA1_Channel4_5_IRQHandler</STRONG> (Thumb, 0 bytes, Stack size 0 bytes, startup_stm32f042x6.o(.text))
<BR>[Address Reference Count : 1]<UL><LI> startup_stm32f042x6.o(RESET)
</UL>
<P><STRONG><a name="[20]"></a>EXTI0_1_IRQHandler</STRONG> (Thumb, 0 bytes, Stack size 0 bytes, startup_stm32f042x6.o(.text))
<BR>[Address Reference Count : 1]<UL><LI> startup_stm32f042x6.o(RESET)
</UL>
<P><STRONG><a name="[21]"></a>EXTI2_3_IRQHandler</STRONG> (Thumb, 0 bytes, Stack size 0 bytes, startup_stm32f042x6.o(.text))
<BR>[Address Reference Count : 1]<UL><LI> startup_stm32f042x6.o(RESET)
</UL>
<P><STRONG><a name="[1e]"></a>FLASH_IRQHandler</STRONG> (Thumb, 0 bytes, Stack size 0 bytes, startup_stm32f042x6.o(.text))
<BR>[Address Reference Count : 1]<UL><LI> startup_stm32f042x6.o(RESET)
</UL>
<P><STRONG><a name="[1c]"></a>PVD_VDDIO2_IRQHandler</STRONG> (Thumb, 0 bytes, Stack size 0 bytes, startup_stm32f042x6.o(.text))
<BR>[Address Reference Count : 1]<UL><LI> startup_stm32f042x6.o(RESET)
</UL>
<P><STRONG><a name="[1f]"></a>RCC_CRS_IRQHandler</STRONG> (Thumb, 0 bytes, Stack size 0 bytes, startup_stm32f042x6.o(.text))
<BR>[Address Reference Count : 1]<UL><LI> startup_stm32f042x6.o(RESET)
</UL>
<P><STRONG><a name="[1d]"></a>RTC_IRQHandler</STRONG> (Thumb, 0 bytes, Stack size 0 bytes, startup_stm32f042x6.o(.text))
<BR>[Address Reference Count : 1]<UL><LI> startup_stm32f042x6.o(RESET)
</UL>
<P><STRONG><a name="[30]"></a>SPI1_IRQHandler</STRONG> (Thumb, 0 bytes, Stack size 0 bytes, startup_stm32f042x6.o(.text))
<BR>[Address Reference Count : 1]<UL><LI> startup_stm32f042x6.o(RESET)
</UL>
<P><STRONG><a name="[31]"></a>SPI2_IRQHandler</STRONG> (Thumb, 0 bytes, Stack size 0 bytes, startup_stm32f042x6.o(.text))
<BR>[Address Reference Count : 1]<UL><LI> startup_stm32f042x6.o(RESET)
</UL>
<P><STRONG><a name="[2c]"></a>TIM14_IRQHandler</STRONG> (Thumb, 0 bytes, Stack size 0 bytes, startup_stm32f042x6.o(.text))
<BR>[Address Reference Count : 1]<UL><LI> startup_stm32f042x6.o(RESET)
</UL>
<P><STRONG><a name="[2d]"></a>TIM16_IRQHandler</STRONG> (Thumb, 0 bytes, Stack size 0 bytes, startup_stm32f042x6.o(.text))
<BR>[Address Reference Count : 1]<UL><LI> startup_stm32f042x6.o(RESET)
</UL>
<P><STRONG><a name="[2e]"></a>TIM17_IRQHandler</STRONG> (Thumb, 0 bytes, Stack size 0 bytes, startup_stm32f042x6.o(.text))
<BR>[Address Reference Count : 1]<UL><LI> startup_stm32f042x6.o(RESET)
</UL>
<P><STRONG><a name="[29]"></a>TIM1_CC_IRQHandler</STRONG> (Thumb, 0 bytes, Stack size 0 bytes, startup_stm32f042x6.o(.text))
<BR>[Address Reference Count : 1]<UL><LI> startup_stm32f042x6.o(RESET)
</UL>
<P><STRONG><a name="[2a]"></a>TIM2_IRQHandler</STRONG> (Thumb, 0 bytes, Stack size 0 bytes, startup_stm32f042x6.o(.text))
<BR>[Address Reference Count : 1]<UL><LI> startup_stm32f042x6.o(RESET)
</UL>
<P><STRONG><a name="[2b]"></a>TIM3_IRQHandler</STRONG> (Thumb, 0 bytes, Stack size 0 bytes, startup_stm32f042x6.o(.text))
<BR>[Address Reference Count : 1]<UL><LI> startup_stm32f042x6.o(RESET)
</UL>
<P><STRONG><a name="[23]"></a>TSC_IRQHandler</STRONG> (Thumb, 0 bytes, Stack size 0 bytes, startup_stm32f042x6.o(.text))
<BR>[Address Reference Count : 1]<UL><LI> startup_stm32f042x6.o(RESET)
</UL>
<P><STRONG><a name="[32]"></a>USART1_IRQHandler</STRONG> (Thumb, 0 bytes, Stack size 0 bytes, startup_stm32f042x6.o(.text))
<BR>[Address Reference Count : 1]<UL><LI> startup_stm32f042x6.o(RESET)
</UL>
<P><STRONG><a name="[33]"></a>USART2_IRQHandler</STRONG> (Thumb, 0 bytes, Stack size 0 bytes, startup_stm32f042x6.o(.text))
<BR>[Address Reference Count : 1]<UL><LI> startup_stm32f042x6.o(RESET)
</UL>
<P><STRONG><a name="[1b]"></a>WWDG_IRQHandler</STRONG> (Thumb, 0 bytes, Stack size 0 bytes, startup_stm32f042x6.o(.text))
<BR>[Address Reference Count : 1]<UL><LI> startup_stm32f042x6.o(RESET)
</UL>
<P><STRONG><a name="[65]"></a>__aeabi_uidiv</STRONG> (Thumb, 0 bytes, Stack size 12 bytes, uidiv.o(.text))
<BR><BR>[Stack]<UL><LI>Max Depth = 12<LI>Call Chain = __aeabi_uidiv
</UL>
<BR>[Called By]<UL><LI><a href="#[6d]">&gt;&gt;</a>&nbsp;&nbsp;&nbsp;setSegVal
<LI><a href="#[91]">&gt;&gt;</a>&nbsp;&nbsp;&nbsp;HAL_InitTick
<LI><a href="#[7b]">&gt;&gt;</a>&nbsp;&nbsp;&nbsp;HAL_ADC_ConfigChannel
<LI><a href="#[80]">&gt;&gt;</a>&nbsp;&nbsp;&nbsp;HAL_DMA_Init
<LI><a href="#[64]">&gt;&gt;</a>&nbsp;&nbsp;&nbsp;ADC_Enable
</UL>

<P><STRONG><a name="[4b]"></a>__aeabi_uidivmod</STRONG> (Thumb, 44 bytes, Stack size 12 bytes, uidiv.o(.text))
<BR><BR>[Stack]<UL><LI>Max Depth = 12<LI>Call Chain = __aeabi_uidivmod
</UL>
<BR>[Called By]<UL><LI><a href="#[6d]">&gt;&gt;</a>&nbsp;&nbsp;&nbsp;setSegVal
<LI><a href="#[96]">&gt;&gt;</a>&nbsp;&nbsp;&nbsp;USBD_LL_DataInStage
<LI><a href="#[4a]">&gt;&gt;</a>&nbsp;&nbsp;&nbsp;__aeabi_idivmod
<LI><a href="#[b]">&gt;&gt;</a>&nbsp;&nbsp;&nbsp;USBD_CDC_DataIn
<LI><a href="#[105]">&gt;&gt;</a>&nbsp;&nbsp;&nbsp;_printf_core
</UL>

<P><STRONG><a name="[76]"></a>__aeabi_idiv</STRONG> (Thumb, 0 bytes, Stack size 16 bytes, idiv.o(.text))
<BR><BR>[Stack]<UL><LI>Max Depth = 16<LI>Call Chain = __aeabi_idiv
</UL>
<BR>[Called By]<UL><LI><a href="#[14]">&gt;&gt;</a>&nbsp;&nbsp;&nbsp;CDC_Receive_FS
</UL>

<P><STRONG><a name="[4a]"></a>__aeabi_idivmod</STRONG> (Thumb, 40 bytes, Stack size 16 bytes, idiv.o(.text))
<BR><BR>[Stack]<UL><LI>Max Depth = 28<LI>Call Chain = __aeabi_idivmod &rArr; __aeabi_uidivmod
</UL>
<BR>[Calls]<UL><LI><a href="#[4b]">&gt;&gt;</a>&nbsp;&nbsp;&nbsp;__aeabi_uidivmod
</UL>
<BR>[Called By]<UL><LI><a href="#[14]">&gt;&gt;</a>&nbsp;&nbsp;&nbsp;CDC_Receive_FS
</UL>

<P><STRONG><a name="[54]"></a>__aeabi_llsr</STRONG> (Thumb, 34 bytes, Stack size 8 bytes, llushr.o(.text))
<BR><BR>[Stack]<UL><LI>Max Depth = 8<LI>Call Chain = __aeabi_llsr
</UL>
<BR>[Called By]<UL><LI><a href="#[53]">&gt;&gt;</a>&nbsp;&nbsp;&nbsp;__aeabi_d2iz
<LI><a href="#[55]">&gt;&gt;</a>&nbsp;&nbsp;&nbsp;__aeabi_uldivmod
<LI><a href="#[50]">&gt;&gt;</a>&nbsp;&nbsp;&nbsp;_double_epilogue
<LI><a href="#[5e]">&gt;&gt;</a>&nbsp;&nbsp;&nbsp;__aeabi_d2ulz
</UL>

<P><STRONG><a name="[110]"></a>_ll_ushift_r</STRONG> (Thumb, 0 bytes, Stack size 8 bytes, llushr.o(.text), UNUSED)

<P><STRONG><a name="[4d]"></a>__aeabi_memset</STRONG> (Thumb, 14 bytes, Stack size 0 bytes, memseta.o(.text))
<BR><BR>[Called By]<UL><LI><a href="#[4e]">&gt;&gt;</a>&nbsp;&nbsp;&nbsp;_memset$wrapper
<LI><a href="#[4c]">&gt;&gt;</a>&nbsp;&nbsp;&nbsp;__aeabi_memclr
</UL>

<P><STRONG><a name="[111]"></a>__aeabi_memset4</STRONG> (Thumb, 0 bytes, Stack size 0 bytes, memseta.o(.text), UNUSED)

<P><STRONG><a name="[112]"></a>__aeabi_memset8</STRONG> (Thumb, 0 bytes, Stack size 0 bytes, memseta.o(.text), UNUSED)

<P><STRONG><a name="[4c]"></a>__aeabi_memclr</STRONG> (Thumb, 4 bytes, Stack size 0 bytes, memseta.o(.text))
<BR><BR>[Calls]<UL><LI><a href="#[4d]">&gt;&gt;</a>&nbsp;&nbsp;&nbsp;__aeabi_memset
</UL>
<BR>[Called By]<UL><LI><a href="#[7]">&gt;&gt;</a>&nbsp;&nbsp;&nbsp;USBD_CDC_Init
</UL>

<P><STRONG><a name="[7e]"></a>__aeabi_memclr4</STRONG> (Thumb, 0 bytes, Stack size 0 bytes, memseta.o(.text))
<BR><BR>[Called By]<UL><LI><a href="#[36]">&gt;&gt;</a>&nbsp;&nbsp;&nbsp;main
<LI><a href="#[89]">&gt;&gt;</a>&nbsp;&nbsp;&nbsp;HAL_I2C_MspInit
<LI><a href="#[7d]">&gt;&gt;</a>&nbsp;&nbsp;&nbsp;HAL_ADC_MspInit
</UL>

<P><STRONG><a name="[113]"></a>__aeabi_memclr8</STRONG> (Thumb, 0 bytes, Stack size 0 bytes, memseta.o(.text), UNUSED)

<P><STRONG><a name="[4e]"></a>_memset$wrapper</STRONG> (Thumb, 18 bytes, Stack size 8 bytes, memseta.o(.text), UNUSED)
<BR><BR>[Calls]<UL><LI><a href="#[4d]">&gt;&gt;</a>&nbsp;&nbsp;&nbsp;__aeabi_memset
</UL>

<P><STRONG><a name="[73]"></a>strlen</STRONG> (Thumb, 14 bytes, Stack size 0 bytes, strlen.o(.text))
<BR><BR>[Called By]<UL><LI><a href="#[14]">&gt;&gt;</a>&nbsp;&nbsp;&nbsp;CDC_Receive_FS
</UL>

<P><STRONG><a name="[6a]"></a>__aeabi_fmul</STRONG> (Thumb, 122 bytes, Stack size 16 bytes, fmul.o(.text))
<BR><BR>[Stack]<UL><LI>Max Depth = 16<LI>Call Chain = __aeabi_fmul
</UL>
<BR>[Called By]<UL><LI><a href="#[66]">&gt;&gt;</a>&nbsp;&nbsp;&nbsp;ADC_PRINT
<LI><a href="#[14]">&gt;&gt;</a>&nbsp;&nbsp;&nbsp;CDC_Receive_FS
</UL>

<P><STRONG><a name="[4f]"></a>__aeabi_dmul</STRONG> (Thumb, 202 bytes, Stack size 72 bytes, dmul.o(.text))
<BR><BR>[Stack]<UL><LI>Max Depth = 128<LI>Call Chain = __aeabi_dmul &rArr; _double_epilogue &rArr; __aeabi_llsr
</UL>
<BR>[Calls]<UL><LI><a href="#[50]">&gt;&gt;</a>&nbsp;&nbsp;&nbsp;_double_epilogue
</UL>
<BR>[Called By]<UL><LI><a href="#[66]">&gt;&gt;</a>&nbsp;&nbsp;&nbsp;ADC_PRINT
<LI><a href="#[106]">&gt;&gt;</a>&nbsp;&nbsp;&nbsp;_fp_digits
</UL>

<P><STRONG><a name="[6c]"></a>__aeabi_dcmpge</STRONG> (Thumb, 44 bytes, Stack size 8 bytes, dcmpge.o(.text))
<BR><BR>[Stack]<UL><LI>Max Depth = 8<LI>Call Chain = __aeabi_dcmpge
</UL>
<BR>[Called By]<UL><LI><a href="#[66]">&gt;&gt;</a>&nbsp;&nbsp;&nbsp;ADC_PRINT
</UL>

<P><STRONG><a name="[51]"></a>__aeabi_ui2f</STRONG> (Thumb, 14 bytes, Stack size 8 bytes, ffltui.o(.text))
<BR><BR>[Stack]<UL><LI>Max Depth = 20<LI>Call Chain = __aeabi_ui2f &rArr; _float_epilogue
</UL>
<BR>[Calls]<UL><LI><a href="#[52]">&gt;&gt;</a>&nbsp;&nbsp;&nbsp;_float_epilogue
</UL>
<BR>[Called By]<UL><LI><a href="#[66]">&gt;&gt;</a>&nbsp;&nbsp;&nbsp;ADC_PRINT
</UL>

<P><STRONG><a name="[75]"></a>__aeabi_f2iz</STRONG> (Thumb, 50 bytes, Stack size 0 bytes, ffixi.o(.text))
<BR><BR>[Called By]<UL><LI><a href="#[14]">&gt;&gt;</a>&nbsp;&nbsp;&nbsp;CDC_Receive_FS
</UL>

<P><STRONG><a name="[53]"></a>__aeabi_d2iz</STRONG> (Thumb, 62 bytes, Stack size 16 bytes, dfixi.o(.text))
<BR><BR>[Stack]<UL><LI>Max Depth = 24<LI>Call Chain = __aeabi_d2iz &rArr; __aeabi_llsr
</UL>
<BR>[Calls]<UL><LI><a href="#[54]">&gt;&gt;</a>&nbsp;&nbsp;&nbsp;__aeabi_llsr
</UL>
<BR>[Called By]<UL><LI><a href="#[66]">&gt;&gt;</a>&nbsp;&nbsp;&nbsp;ADC_PRINT
</UL>

<P><STRONG><a name="[6b]"></a>__aeabi_f2d</STRONG> (Thumb, 40 bytes, Stack size 0 bytes, f2d.o(.text))
<BR><BR>[Called By]<UL><LI><a href="#[36]">&gt;&gt;</a>&nbsp;&nbsp;&nbsp;main
<LI><a href="#[66]">&gt;&gt;</a>&nbsp;&nbsp;&nbsp;ADC_PRINT
</UL>

<P><STRONG><a name="[55]"></a>__aeabi_uldivmod</STRONG> (Thumb, 96 bytes, Stack size 48 bytes, uldiv.o(.text), UNUSED)
<BR><BR>[Calls]<UL><LI><a href="#[54]">&gt;&gt;</a>&nbsp;&nbsp;&nbsp;__aeabi_llsr
<LI><a href="#[56]">&gt;&gt;</a>&nbsp;&nbsp;&nbsp;__aeabi_llsl
</UL>
<BR>[Called By]<UL><LI><a href="#[105]">&gt;&gt;</a>&nbsp;&nbsp;&nbsp;_printf_core
<LI><a href="#[106]">&gt;&gt;</a>&nbsp;&nbsp;&nbsp;_fp_digits
</UL>

<P><STRONG><a name="[114]"></a>__I$use$fp</STRONG> (Thumb, 0 bytes, Stack size 0 bytes, iusefp.o(.text), UNUSED)

<P><STRONG><a name="[115]"></a>_float_round</STRONG> (Thumb, 16 bytes, Stack size 0 bytes, fepilogue.o(.text), UNUSED)

<P><STRONG><a name="[52]"></a>_float_epilogue</STRONG> (Thumb, 114 bytes, Stack size 12 bytes, fepilogue.o(.text))
<BR><BR>[Stack]<UL><LI>Max Depth = 12<LI>Call Chain = _float_epilogue
</UL>
<BR>[Called By]<UL><LI><a href="#[51]">&gt;&gt;</a>&nbsp;&nbsp;&nbsp;__aeabi_ui2f
</UL>

<P><STRONG><a name="[58]"></a>_double_round</STRONG> (Thumb, 26 bytes, Stack size 8 bytes, depilogue.o(.text))
<BR><BR>[Stack]<UL><LI>Max Depth = 8<LI>Call Chain = _double_round
</UL>
<BR>[Called By]<UL><LI><a href="#[50]">&gt;&gt;</a>&nbsp;&nbsp;&nbsp;_double_epilogue
<LI><a href="#[5d]">&gt;&gt;</a>&nbsp;&nbsp;&nbsp;__aeabi_ddiv
<LI><a href="#[59]">&gt;&gt;</a>&nbsp;&nbsp;&nbsp;__aeabi_dadd
</UL>

<P><STRONG><a name="[50]"></a>_double_epilogue</STRONG> (Thumb, 164 bytes, Stack size 48 bytes, depilogue.o(.text))
<BR><BR>[Stack]<UL><LI>Max Depth = 56<LI>Call Chain = _double_epilogue &rArr; __aeabi_llsr
</UL>
<BR>[Calls]<UL><LI><a href="#[54]">&gt;&gt;</a>&nbsp;&nbsp;&nbsp;__aeabi_llsr
<LI><a href="#[56]">&gt;&gt;</a>&nbsp;&nbsp;&nbsp;__aeabi_llsl
<LI><a href="#[57]">&gt;&gt;</a>&nbsp;&nbsp;&nbsp;__ARM_clz
<LI><a href="#[58]">&gt;&gt;</a>&nbsp;&nbsp;&nbsp;_double_round
</UL>
<BR>[Called By]<UL><LI><a href="#[4f]">&gt;&gt;</a>&nbsp;&nbsp;&nbsp;__aeabi_dmul
<LI><a href="#[59]">&gt;&gt;</a>&nbsp;&nbsp;&nbsp;__aeabi_dadd
</UL>

<P><STRONG><a name="[59]"></a>__aeabi_dadd</STRONG> (Thumb, 328 bytes, Stack size 48 bytes, dadd.o(.text), UNUSED)
<BR><BR>[Calls]<UL><LI><a href="#[5a]">&gt;&gt;</a>&nbsp;&nbsp;&nbsp;__aeabi_lasr
<LI><a href="#[56]">&gt;&gt;</a>&nbsp;&nbsp;&nbsp;__aeabi_llsl
<LI><a href="#[58]">&gt;&gt;</a>&nbsp;&nbsp;&nbsp;_double_round
<LI><a href="#[50]">&gt;&gt;</a>&nbsp;&nbsp;&nbsp;_double_epilogue
</UL>
<BR>[Called By]<UL><LI><a href="#[5c]">&gt;&gt;</a>&nbsp;&nbsp;&nbsp;__aeabi_drsub
<LI><a href="#[5b]">&gt;&gt;</a>&nbsp;&nbsp;&nbsp;__aeabi_dsub
<LI><a href="#[106]">&gt;&gt;</a>&nbsp;&nbsp;&nbsp;_fp_digits
</UL>

<P><STRONG><a name="[5b]"></a>__aeabi_dsub</STRONG> (Thumb, 12 bytes, Stack size 8 bytes, dadd.o(.text), UNUSED)
<BR><BR>[Calls]<UL><LI><a href="#[59]">&gt;&gt;</a>&nbsp;&nbsp;&nbsp;__aeabi_dadd
</UL>

<P><STRONG><a name="[5c]"></a>__aeabi_drsub</STRONG> (Thumb, 12 bytes, Stack size 8 bytes, dadd.o(.text), UNUSED)
<BR><BR>[Calls]<UL><LI><a href="#[59]">&gt;&gt;</a>&nbsp;&nbsp;&nbsp;__aeabi_dadd
</UL>

<P><STRONG><a name="[5d]"></a>__aeabi_ddiv</STRONG> (Thumb, 234 bytes, Stack size 40 bytes, ddiv.o(.text), UNUSED)
<BR><BR>[Calls]<UL><LI><a href="#[58]">&gt;&gt;</a>&nbsp;&nbsp;&nbsp;_double_round
</UL>
<BR>[Called By]<UL><LI><a href="#[106]">&gt;&gt;</a>&nbsp;&nbsp;&nbsp;_fp_digits
</UL>

<P><STRONG><a name="[5e]"></a>__aeabi_d2ulz</STRONG> (Thumb, 54 bytes, Stack size 8 bytes, dfixul.o(.text), UNUSED)
<BR><BR>[Calls]<UL><LI><a href="#[54]">&gt;&gt;</a>&nbsp;&nbsp;&nbsp;__aeabi_llsr
<LI><a href="#[56]">&gt;&gt;</a>&nbsp;&nbsp;&nbsp;__aeabi_llsl
</UL>
<BR>[Called By]<UL><LI><a href="#[106]">&gt;&gt;</a>&nbsp;&nbsp;&nbsp;_fp_digits
</UL>

<P><STRONG><a name="[107]"></a>__aeabi_cdrcmple</STRONG> (Thumb, 38 bytes, Stack size 0 bytes, cdrcmple.o(.text), UNUSED)
<BR><BR>[Called By]<UL><LI><a href="#[106]">&gt;&gt;</a>&nbsp;&nbsp;&nbsp;_fp_digits
</UL>

<P><STRONG><a name="[49]"></a>__scatterload</STRONG> (Thumb, 28 bytes, Stack size 0 bytes, init.o(.text))
<BR><BR>[Calls]<UL><LI><a href="#[5f]">&gt;&gt;</a>&nbsp;&nbsp;&nbsp;__main_after_scatterload
</UL>
<BR>[Called By]<UL><LI><a href="#[48]">&gt;&gt;</a>&nbsp;&nbsp;&nbsp;_main_scatterload
</UL>

<P><STRONG><a name="[116]"></a>__scatterload_rt2</STRONG> (Thumb, 0 bytes, Stack size 0 bytes, init.o(.text), UNUSED)

<P><STRONG><a name="[56]"></a>__aeabi_llsl</STRONG> (Thumb, 32 bytes, Stack size 8 bytes, llshl.o(.text))
<BR><BR>[Stack]<UL><LI>Max Depth = 8<LI>Call Chain = __aeabi_llsl
</UL>
<BR>[Called By]<UL><LI><a href="#[55]">&gt;&gt;</a>&nbsp;&nbsp;&nbsp;__aeabi_uldivmod
<LI><a href="#[50]">&gt;&gt;</a>&nbsp;&nbsp;&nbsp;_double_epilogue
<LI><a href="#[59]">&gt;&gt;</a>&nbsp;&nbsp;&nbsp;__aeabi_dadd
<LI><a href="#[5e]">&gt;&gt;</a>&nbsp;&nbsp;&nbsp;__aeabi_d2ulz
</UL>

<P><STRONG><a name="[117]"></a>_ll_shift_l</STRONG> (Thumb, 0 bytes, Stack size 8 bytes, llshl.o(.text), UNUSED)

<P><STRONG><a name="[5a]"></a>__aeabi_lasr</STRONG> (Thumb, 38 bytes, Stack size 8 bytes, llsshr.o(.text), UNUSED)
<BR><BR>[Called By]<UL><LI><a href="#[59]">&gt;&gt;</a>&nbsp;&nbsp;&nbsp;__aeabi_dadd
</UL>

<P><STRONG><a name="[118]"></a>_ll_sshift_r</STRONG> (Thumb, 0 bytes, Stack size 8 bytes, llsshr.o(.text), UNUSED)

<P><STRONG><a name="[119]"></a>__decompress</STRONG> (Thumb, 0 bytes, Stack size unknown bytes, __dczerorl2.o(.text), UNUSED)

<P><STRONG><a name="[11a]"></a>__decompress1</STRONG> (Thumb, 86 bytes, Stack size unknown bytes, __dczerorl2.o(.text), UNUSED)

<P><STRONG><a name="[27]"></a>ADC1_IRQHandler</STRONG> (Thumb, 16 bytes, Stack size 8 bytes, stm32f0xx_it.o(.text.ADC1_IRQHandler))
<BR><BR>[Stack]<UL><LI>Max Depth = 16<LI>Call Chain = ADC1_IRQHandler &rArr; HAL_ADC_IRQHandler
</UL>
<BR>[Calls]<UL><LI><a href="#[60]">&gt;&gt;</a>&nbsp;&nbsp;&nbsp;HAL_ADC_IRQHandler
</UL>
<BR>[Address Reference Count : 1]<UL><LI> startup_stm32f042x6.o(RESET)
</UL>
<P><STRONG><a name="[66]"></a>ADC_PRINT</STRONG> (Thumb, 164 bytes, Stack size 24 bytes, main.o(.text.ADC_PRINT))
<BR><BR>[Stack]<UL><LI>Max Depth = 152<LI>Call Chain = ADC_PRINT &rArr; __aeabi_dmul &rArr; _double_epilogue &rArr; __aeabi_llsr
</UL>
<BR>[Calls]<UL><LI><a href="#[6d]">&gt;&gt;</a>&nbsp;&nbsp;&nbsp;setSegVal
<LI><a href="#[51]">&gt;&gt;</a>&nbsp;&nbsp;&nbsp;__aeabi_ui2f
<LI><a href="#[6a]">&gt;&gt;</a>&nbsp;&nbsp;&nbsp;__aeabi_fmul
<LI><a href="#[6b]">&gt;&gt;</a>&nbsp;&nbsp;&nbsp;__aeabi_f2d
<LI><a href="#[4f]">&gt;&gt;</a>&nbsp;&nbsp;&nbsp;__aeabi_dmul
<LI><a href="#[6c]">&gt;&gt;</a>&nbsp;&nbsp;&nbsp;__aeabi_dcmpge
<LI><a href="#[53]">&gt;&gt;</a>&nbsp;&nbsp;&nbsp;__aeabi_d2iz
<LI><a href="#[3c]">&gt;&gt;</a>&nbsp;&nbsp;&nbsp;HAL_GPIO_WritePin
<LI><a href="#[68]">&gt;&gt;</a>&nbsp;&nbsp;&nbsp;HAL_DMA_PollForTransfer
<LI><a href="#[69]">&gt;&gt;</a>&nbsp;&nbsp;&nbsp;HAL_ADC_Stop_DMA
<LI><a href="#[67]">&gt;&gt;</a>&nbsp;&nbsp;&nbsp;HAL_ADC_Start_DMA
<LI><a href="#[6e]">&gt;&gt;</a>&nbsp;&nbsp;&nbsp;HAL_Delay
</UL>
<BR>[Called By]<UL><LI><a href="#[36]">&gt;&gt;</a>&nbsp;&nbsp;&nbsp;main
</UL>

<P><STRONG><a name="[74]"></a>CDC_Transmit_FS</STRONG> (Thumb, 48 bytes, Stack size 8 bytes, usbd_cdc_if.o(.text.CDC_Transmit_FS))
<BR><BR>[Stack]<UL><LI>Max Depth = 96<LI>Call Chain = CDC_Transmit_FS &rArr; USBD_CDC_TransmitPacket &rArr; USBD_LL_Transmit &rArr; HAL_PCD_EP_Transmit &rArr; USB_EPStartXfer &rArr; USB_WritePMA
</UL>
<BR>[Calls]<UL><LI><a href="#[78]">&gt;&gt;</a>&nbsp;&nbsp;&nbsp;USBD_CDC_TransmitPacket
<LI><a href="#[6f]">&gt;&gt;</a>&nbsp;&nbsp;&nbsp;USBD_CDC_SetTxBuffer
</UL>
<BR>[Called By]<UL><LI><a href="#[72]">&gt;&gt;</a>&nbsp;&nbsp;&nbsp;GetStatus
<LI><a href="#[14]">&gt;&gt;</a>&nbsp;&nbsp;&nbsp;CDC_Receive_FS
</UL>

<P><STRONG><a name="[24]"></a>DMA1_Channel1_IRQHandler</STRONG> (Thumb, 16 bytes, Stack size 8 bytes, stm32f0xx_it.o(.text.DMA1_Channel1_IRQHandler))
<BR><BR>[Stack]<UL><LI>Max Depth = 32<LI>Call Chain = DMA1_Channel1_IRQHandler &rArr; HAL_DMA_IRQHandler
</UL>
<BR>[Calls]<UL><LI><a href="#[79]">&gt;&gt;</a>&nbsp;&nbsp;&nbsp;HAL_DMA_IRQHandler
</UL>
<BR>[Address Reference Count : 1]<UL><LI> startup_stm32f042x6.o(RESET)
</UL>
<P><STRONG><a name="[25]"></a>DMA1_Channel2_3_IRQHandler</STRONG> (Thumb, 24 bytes, Stack size 8 bytes, stm32f0xx_it.o(.text.DMA1_Channel2_3_IRQHandler))
<BR><BR>[Stack]<UL><LI>Max Depth = 32<LI>Call Chain = DMA1_Channel2_3_IRQHandler &rArr; HAL_DMA_IRQHandler
</UL>
<BR>[Calls]<UL><LI><a href="#[79]">&gt;&gt;</a>&nbsp;&nbsp;&nbsp;HAL_DMA_IRQHandler
</UL>
<BR>[Address Reference Count : 1]<UL><LI> startup_stm32f042x6.o(RESET)
</UL>
<P><STRONG><a name="[22]"></a>EXTI4_15_IRQHandler</STRONG> (Thumb, 64 bytes, Stack size 8 bytes, stm32f0xx_it.o(.text.EXTI4_15_IRQHandler))
<BR><BR>[Stack]<UL><LI>Max Depth = 8<LI>Call Chain = EXTI4_15_IRQHandler
</UL>
<BR>[Calls]<UL><LI><a href="#[7a]">&gt;&gt;</a>&nbsp;&nbsp;&nbsp;HAL_GPIO_ReadPin
</UL>
<BR>[Address Reference Count : 1]<UL><LI> startup_stm32f042x6.o(RESET)
</UL>
<P><STRONG><a name="[72]"></a>GetStatus</STRONG> (Thumb, 32 bytes, Stack size 8 bytes, usbd_cdc_if.o(.text.GetStatus))
<BR><BR>[Stack]<UL><LI>Max Depth = 104<LI>Call Chain = GetStatus &rArr; CDC_Transmit_FS &rArr; USBD_CDC_TransmitPacket &rArr; USBD_LL_Transmit &rArr; HAL_PCD_EP_Transmit &rArr; USB_EPStartXfer &rArr; USB_WritePMA
</UL>
<BR>[Calls]<UL><LI><a href="#[74]">&gt;&gt;</a>&nbsp;&nbsp;&nbsp;CDC_Transmit_FS
</UL>
<BR>[Called By]<UL><LI><a href="#[14]">&gt;&gt;</a>&nbsp;&nbsp;&nbsp;CDC_Receive_FS
</UL>

<P><STRONG><a name="[7b]"></a>HAL_ADC_ConfigChannel</STRONG> (Thumb, 268 bytes, Stack size 32 bytes, stm32f0xx_hal_adc.o(.text.HAL_ADC_ConfigChannel))
<BR><BR>[Stack]<UL><LI>Max Depth = 44<LI>Call Chain = HAL_ADC_ConfigChannel &rArr; __aeabi_uidiv
</UL>
<BR>[Calls]<UL><LI><a href="#[65]">&gt;&gt;</a>&nbsp;&nbsp;&nbsp;__aeabi_uidiv
</UL>
<BR>[Called By]<UL><LI><a href="#[36]">&gt;&gt;</a>&nbsp;&nbsp;&nbsp;main
</UL>

<P><STRONG><a name="[60]"></a>HAL_ADC_IRQHandler</STRONG> (Thumb, 206 bytes, Stack size 8 bytes, stm32f0xx_hal_adc.o(.text.HAL_ADC_IRQHandler))
<BR><BR>[Stack]<UL><LI>Max Depth = 8<LI>Call Chain = HAL_ADC_IRQHandler
</UL>
<BR>[Called By]<UL><LI><a href="#[27]">&gt;&gt;</a>&nbsp;&nbsp;&nbsp;ADC1_IRQHandler
</UL>

<P><STRONG><a name="[7c]"></a>HAL_ADC_Init</STRONG> (Thumb, 332 bytes, Stack size 24 bytes, stm32f0xx_hal_adc.o(.text.HAL_ADC_Init))
<BR><BR>[Stack]<UL><LI>Max Depth = 128<LI>Call Chain = HAL_ADC_Init &rArr; HAL_ADC_MspInit &rArr; HAL_GPIO_Init
</UL>
<BR>[Calls]<UL><LI><a href="#[7d]">&gt;&gt;</a>&nbsp;&nbsp;&nbsp;HAL_ADC_MspInit
</UL>
<BR>[Called By]<UL><LI><a href="#[36]">&gt;&gt;</a>&nbsp;&nbsp;&nbsp;main
</UL>

<P><STRONG><a name="[7d]"></a>HAL_ADC_MspInit</STRONG> (Thumb, 164 bytes, Stack size 48 bytes, stm32f0xx_hal_msp.o(.text.HAL_ADC_MspInit))
<BR><BR>[Stack]<UL><LI>Max Depth = 104<LI>Call Chain = HAL_ADC_MspInit &rArr; HAL_GPIO_Init
</UL>
<BR>[Calls]<UL><LI><a href="#[81]">&gt;&gt;</a>&nbsp;&nbsp;&nbsp;HAL_NVIC_SetPriority
<LI><a href="#[82]">&gt;&gt;</a>&nbsp;&nbsp;&nbsp;HAL_NVIC_EnableIRQ
<LI><a href="#[7f]">&gt;&gt;</a>&nbsp;&nbsp;&nbsp;HAL_GPIO_Init
<LI><a href="#[80]">&gt;&gt;</a>&nbsp;&nbsp;&nbsp;HAL_DMA_Init
<LI><a href="#[7e]">&gt;&gt;</a>&nbsp;&nbsp;&nbsp;__aeabi_memclr4
</UL>
<BR>[Called By]<UL><LI><a href="#[7c]">&gt;&gt;</a>&nbsp;&nbsp;&nbsp;HAL_ADC_Init
</UL>

<P><STRONG><a name="[67]"></a>HAL_ADC_Start_DMA</STRONG> (Thumb, 148 bytes, Stack size 32 bytes, stm32f0xx_hal_adc.o(.text.HAL_ADC_Start_DMA))
<BR><BR>[Stack]<UL><LI>Max Depth = 72<LI>Call Chain = HAL_ADC_Start_DMA &rArr; HAL_DMA_Start_IT &rArr; DMA_SetConfig
</UL>
<BR>[Calls]<UL><LI><a href="#[83]">&gt;&gt;</a>&nbsp;&nbsp;&nbsp;HAL_DMA_Start_IT
<LI><a href="#[64]">&gt;&gt;</a>&nbsp;&nbsp;&nbsp;ADC_Enable
</UL>
<BR>[Called By]<UL><LI><a href="#[66]">&gt;&gt;</a>&nbsp;&nbsp;&nbsp;ADC_PRINT
</UL>

<P><STRONG><a name="[69]"></a>HAL_ADC_Stop_DMA</STRONG> (Thumb, 108 bytes, Stack size 16 bytes, stm32f0xx_hal_adc.o(.text.HAL_ADC_Stop_DMA))
<BR><BR>[Stack]<UL><LI>Max Depth = 32<LI>Call Chain = HAL_ADC_Stop_DMA &rArr; ADC_Disable
</UL>
<BR>[Calls]<UL><LI><a href="#[63]">&gt;&gt;</a>&nbsp;&nbsp;&nbsp;ADC_Disable
<LI><a href="#[61]">&gt;&gt;</a>&nbsp;&nbsp;&nbsp;ADC_ConversionStop
<LI><a href="#[84]">&gt;&gt;</a>&nbsp;&nbsp;&nbsp;HAL_DMA_Abort
</UL>
<BR>[Called By]<UL><LI><a href="#[66]">&gt;&gt;</a>&nbsp;&nbsp;&nbsp;ADC_PRINT
</UL>

<P><STRONG><a name="[84]"></a>HAL_DMA_Abort</STRONG> (Thumb, 60 bytes, Stack size 8 bytes, stm32f0xx_hal_dma.o(.text.HAL_DMA_Abort))
<BR><BR>[Stack]<UL><LI>Max Depth = 8<LI>Call Chain = HAL_DMA_Abort
</UL>
<BR>[Called By]<UL><LI><a href="#[69]">&gt;&gt;</a>&nbsp;&nbsp;&nbsp;HAL_ADC_Stop_DMA
</UL>

<P><STRONG><a name="[cd]"></a>HAL_DMA_Abort_IT</STRONG> (Thumb, 68 bytes, Stack size 16 bytes, stm32f0xx_hal_dma.o(.text.HAL_DMA_Abort_IT))
<BR><BR>[Stack]<UL><LI>Max Depth = 16<LI>Call Chain = HAL_DMA_Abort_IT
</UL>
<BR>[Called By]<UL><LI><a href="#[87]">&gt;&gt;</a>&nbsp;&nbsp;&nbsp;I2C_ITError
</UL>

<P><STRONG><a name="[79]"></a>HAL_DMA_IRQHandler</STRONG> (Thumb, 146 bytes, Stack size 24 bytes, stm32f0xx_hal_dma.o(.text.HAL_DMA_IRQHandler))
<BR><BR>[Stack]<UL><LI>Max Depth = 24<LI>Call Chain = HAL_DMA_IRQHandler
</UL>
<BR>[Called By]<UL><LI><a href="#[25]">&gt;&gt;</a>&nbsp;&nbsp;&nbsp;DMA1_Channel2_3_IRQHandler
<LI><a href="#[24]">&gt;&gt;</a>&nbsp;&nbsp;&nbsp;DMA1_Channel1_IRQHandler
</UL>

<P><STRONG><a name="[80]"></a>HAL_DMA_Init</STRONG> (Thumb, 120 bytes, Stack size 40 bytes, stm32f0xx_hal_dma.o(.text.HAL_DMA_Init))
<BR><BR>[Stack]<UL><LI>Max Depth = 52<LI>Call Chain = HAL_DMA_Init &rArr; __aeabi_uidiv
</UL>
<BR>[Calls]<UL><LI><a href="#[65]">&gt;&gt;</a>&nbsp;&nbsp;&nbsp;__aeabi_uidiv
</UL>
<BR>[Called By]<UL><LI><a href="#[89]">&gt;&gt;</a>&nbsp;&nbsp;&nbsp;HAL_I2C_MspInit
<LI><a href="#[7d]">&gt;&gt;</a>&nbsp;&nbsp;&nbsp;HAL_ADC_MspInit
</UL>

<P><STRONG><a name="[68]"></a>HAL_DMA_PollForTransfer</STRONG> (Thumb, 168 bytes, Stack size 32 bytes, stm32f0xx_hal_dma.o(.text.HAL_DMA_PollForTransfer))
<BR><BR>[Stack]<UL><LI>Max Depth = 32<LI>Call Chain = HAL_DMA_PollForTransfer
</UL>
<BR>[Calls]<UL><LI><a href="#[62]">&gt;&gt;</a>&nbsp;&nbsp;&nbsp;HAL_GetTick
</UL>
<BR>[Called By]<UL><LI><a href="#[66]">&gt;&gt;</a>&nbsp;&nbsp;&nbsp;ADC_PRINT
</UL>

<P><STRONG><a name="[83]"></a>HAL_DMA_Start_IT</STRONG> (Thumb, 96 bytes, Stack size 24 bytes, stm32f0xx_hal_dma.o(.text.HAL_DMA_Start_IT))
<BR><BR>[Stack]<UL><LI>Max Depth = 40<LI>Call Chain = HAL_DMA_Start_IT &rArr; DMA_SetConfig
</UL>
<BR>[Calls]<UL><LI><a href="#[85]">&gt;&gt;</a>&nbsp;&nbsp;&nbsp;DMA_SetConfig
</UL>
<BR>[Called By]<UL><LI><a href="#[67]">&gt;&gt;</a>&nbsp;&nbsp;&nbsp;HAL_ADC_Start_DMA
</UL>

<P><STRONG><a name="[6e]"></a>HAL_Delay</STRONG> (Thumb, 36 bytes, Stack size 16 bytes, stm32f0xx_hal.o(.text.HAL_Delay))
<BR><BR>[Stack]<UL><LI>Max Depth = 16<LI>Call Chain = HAL_Delay
</UL>
<BR>[Calls]<UL><LI><a href="#[62]">&gt;&gt;</a>&nbsp;&nbsp;&nbsp;HAL_GetTick
</UL>
<BR>[Called By]<UL><LI><a href="#[66]">&gt;&gt;</a>&nbsp;&nbsp;&nbsp;ADC_PRINT
<LI><a href="#[ff]">&gt;&gt;</a>&nbsp;&nbsp;&nbsp;ssd1306_Init
</UL>

<P><STRONG><a name="[7f]"></a>HAL_GPIO_Init</STRONG> (Thumb, 376 bytes, Stack size 56 bytes, stm32f0xx_hal_gpio.o(.text.HAL_GPIO_Init))
<BR><BR>[Stack]<UL><LI>Max Depth = 56<LI>Call Chain = HAL_GPIO_Init
</UL>
<BR>[Called By]<UL><LI><a href="#[89]">&gt;&gt;</a>&nbsp;&nbsp;&nbsp;HAL_I2C_MspInit
<LI><a href="#[7d]">&gt;&gt;</a>&nbsp;&nbsp;&nbsp;HAL_ADC_MspInit
</UL>

<P><STRONG><a name="[7a]"></a>HAL_GPIO_ReadPin</STRONG> (Thumb, 10 bytes, Stack size 0 bytes, stm32f0xx_hal_gpio.o(.text.HAL_GPIO_ReadPin))
<BR><BR>[Called By]<UL><LI><a href="#[22]">&gt;&gt;</a>&nbsp;&nbsp;&nbsp;EXTI4_15_IRQHandler
<LI><a href="#[d3]">&gt;&gt;</a>&nbsp;&nbsp;&nbsp;MX_USB_DEVICE_Init
</UL>

<P><STRONG><a name="[3c]"></a>HAL_GPIO_WritePin</STRONG> (Thumb, 14 bytes, Stack size 0 bytes, stm32f0xx_hal_gpio.o(.text.HAL_GPIO_WritePin))
<BR><BR>[Called By]<UL><LI><a href="#[66]">&gt;&gt;</a>&nbsp;&nbsp;&nbsp;ADC_PRINT
<LI><a href="#[14]">&gt;&gt;</a>&nbsp;&nbsp;&nbsp;CDC_Receive_FS
</UL>
<BR>[Address Reference Count : 1]<UL><LI> main.o(.text.HAL_TIM_PeriodElapsedCallback)
</UL>
<P><STRONG><a name="[62]"></a>HAL_GetTick</STRONG> (Thumb, 8 bytes, Stack size 0 bytes, stm32f0xx_hal.o(.text.HAL_GetTick))
<BR><BR>[Called By]<UL><LI><a href="#[68]">&gt;&gt;</a>&nbsp;&nbsp;&nbsp;HAL_DMA_PollForTransfer
<LI><a href="#[8a]">&gt;&gt;</a>&nbsp;&nbsp;&nbsp;HAL_I2C_Mem_Write
<LI><a href="#[6e]">&gt;&gt;</a>&nbsp;&nbsp;&nbsp;HAL_Delay
<LI><a href="#[8e]">&gt;&gt;</a>&nbsp;&nbsp;&nbsp;I2C_WaitOnTXISFlagUntilTimeout
<LI><a href="#[8f]">&gt;&gt;</a>&nbsp;&nbsp;&nbsp;I2C_WaitOnSTOPFlagUntilTimeout
<LI><a href="#[8b]">&gt;&gt;</a>&nbsp;&nbsp;&nbsp;I2C_WaitOnFlagUntilTimeout
<LI><a href="#[d2]">&gt;&gt;</a>&nbsp;&nbsp;&nbsp;I2C_IsAcknowledgeFailed
<LI><a href="#[64]">&gt;&gt;</a>&nbsp;&nbsp;&nbsp;ADC_Enable
<LI><a href="#[63]">&gt;&gt;</a>&nbsp;&nbsp;&nbsp;ADC_Disable
<LI><a href="#[61]">&gt;&gt;</a>&nbsp;&nbsp;&nbsp;ADC_ConversionStop
</UL>

<P><STRONG><a name="[fc]"></a>HAL_I2CEx_ConfigAnalogFilter</STRONG> (Thumb, 68 bytes, Stack size 16 bytes, stm32f0xx_hal_i2c_ex.o(.text.HAL_I2CEx_ConfigAnalogFilter))
<BR><BR>[Stack]<UL><LI>Max Depth = 16<LI>Call Chain = HAL_I2CEx_ConfigAnalogFilter
</UL>
<BR>[Called By]<UL><LI><a href="#[36]">&gt;&gt;</a>&nbsp;&nbsp;&nbsp;main
</UL>

<P><STRONG><a name="[fd]"></a>HAL_I2CEx_ConfigDigitalFilter</STRONG> (Thumb, 68 bytes, Stack size 16 bytes, stm32f0xx_hal_i2c_ex.o(.text.HAL_I2CEx_ConfigDigitalFilter))
<BR><BR>[Stack]<UL><LI>Max Depth = 16<LI>Call Chain = HAL_I2CEx_ConfigDigitalFilter
</UL>
<BR>[Called By]<UL><LI><a href="#[36]">&gt;&gt;</a>&nbsp;&nbsp;&nbsp;main
</UL>

<P><STRONG><a name="[86]"></a>HAL_I2C_ER_IRQHandler</STRONG> (Thumb, 86 bytes, Stack size 24 bytes, stm32f0xx_hal_i2c.o(.text.HAL_I2C_ER_IRQHandler))
<BR><BR>[Stack]<UL><LI>Max Depth = 56<LI>Call Chain = HAL_I2C_ER_IRQHandler &rArr; I2C_ITError &rArr; HAL_DMA_Abort_IT
</UL>
<BR>[Calls]<UL><LI><a href="#[87]">&gt;&gt;</a>&nbsp;&nbsp;&nbsp;I2C_ITError
</UL>
<BR>[Called By]<UL><LI><a href="#[2f]">&gt;&gt;</a>&nbsp;&nbsp;&nbsp;I2C1_IRQHandler
</UL>

<P><STRONG><a name="[ca]"></a>HAL_I2C_EV_IRQHandler</STRONG> (Thumb, 18 bytes, Stack size 8 bytes, stm32f0xx_hal_i2c.o(.text.HAL_I2C_EV_IRQHandler))
<BR><BR>[Stack]<UL><LI>Max Depth = 8<LI>Call Chain = HAL_I2C_EV_IRQHandler
</UL>
<BR>[Called By]<UL><LI><a href="#[2f]">&gt;&gt;</a>&nbsp;&nbsp;&nbsp;I2C1_IRQHandler
</UL>

<P><STRONG><a name="[88]"></a>HAL_I2C_Init</STRONG> (Thumb, 160 bytes, Stack size 24 bytes, stm32f0xx_hal_i2c.o(.text.HAL_I2C_Init))
<BR><BR>[Stack]<UL><LI>Max Depth = 128<LI>Call Chain = HAL_I2C_Init &rArr; HAL_I2C_MspInit &rArr; HAL_GPIO_Init
</UL>
<BR>[Calls]<UL><LI><a href="#[89]">&gt;&gt;</a>&nbsp;&nbsp;&nbsp;HAL_I2C_MspInit
</UL>
<BR>[Called By]<UL><LI><a href="#[36]">&gt;&gt;</a>&nbsp;&nbsp;&nbsp;main
</UL>

<P><STRONG><a name="[8a]"></a>HAL_I2C_Mem_Write</STRONG> (Thumb, 364 bytes, Stack size 56 bytes, stm32f0xx_hal_i2c.o(.text.HAL_I2C_Mem_Write))
<BR><BR>[Stack]<UL><LI>Max Depth = 144<LI>Call Chain = HAL_I2C_Mem_Write &rArr; I2C_RequestMemoryWrite &rArr; I2C_WaitOnTXISFlagUntilTimeout &rArr; I2C_IsAcknowledgeFailed
</UL>
<BR>[Calls]<UL><LI><a href="#[62]">&gt;&gt;</a>&nbsp;&nbsp;&nbsp;HAL_GetTick
<LI><a href="#[8e]">&gt;&gt;</a>&nbsp;&nbsp;&nbsp;I2C_WaitOnTXISFlagUntilTimeout
<LI><a href="#[8f]">&gt;&gt;</a>&nbsp;&nbsp;&nbsp;I2C_WaitOnSTOPFlagUntilTimeout
<LI><a href="#[8b]">&gt;&gt;</a>&nbsp;&nbsp;&nbsp;I2C_WaitOnFlagUntilTimeout
<LI><a href="#[8d]">&gt;&gt;</a>&nbsp;&nbsp;&nbsp;I2C_TransferConfig
<LI><a href="#[8c]">&gt;&gt;</a>&nbsp;&nbsp;&nbsp;I2C_RequestMemoryWrite
</UL>
<BR>[Called By]<UL><LI><a href="#[101]">&gt;&gt;</a>&nbsp;&nbsp;&nbsp;ssd1306_UpdateScreen
<LI><a href="#[46]">&gt;&gt;</a>&nbsp;&nbsp;&nbsp;ssd1306_WriteCommand
</UL>

<P><STRONG><a name="[89]"></a>HAL_I2C_MspInit</STRONG> (Thumb, 216 bytes, Stack size 48 bytes, stm32f0xx_hal_msp.o(.text.HAL_I2C_MspInit))
<BR><BR>[Stack]<UL><LI>Max Depth = 104<LI>Call Chain = HAL_I2C_MspInit &rArr; HAL_GPIO_Init
</UL>
<BR>[Calls]<UL><LI><a href="#[81]">&gt;&gt;</a>&nbsp;&nbsp;&nbsp;HAL_NVIC_SetPriority
<LI><a href="#[82]">&gt;&gt;</a>&nbsp;&nbsp;&nbsp;HAL_NVIC_EnableIRQ
<LI><a href="#[7f]">&gt;&gt;</a>&nbsp;&nbsp;&nbsp;HAL_GPIO_Init
<LI><a href="#[80]">&gt;&gt;</a>&nbsp;&nbsp;&nbsp;HAL_DMA_Init
<LI><a href="#[7e]">&gt;&gt;</a>&nbsp;&nbsp;&nbsp;__aeabi_memclr4
</UL>
<BR>[Called By]<UL><LI><a href="#[88]">&gt;&gt;</a>&nbsp;&nbsp;&nbsp;HAL_I2C_Init
</UL>

<P><STRONG><a name="[d8]"></a>HAL_IncTick</STRONG> (Thumb, 20 bytes, Stack size 0 bytes, stm32f0xx_hal.o(.text.HAL_IncTick))
<BR><BR>[Called By]<UL><LI><a href="#[1a]">&gt;&gt;</a>&nbsp;&nbsp;&nbsp;SysTick_Handler
</UL>

<P><STRONG><a name="[90]"></a>HAL_Init</STRONG> (Thumb, 32 bytes, Stack size 8 bytes, stm32f0xx_hal.o(.text.HAL_Init))
<BR><BR>[Stack]<UL><LI>Max Depth = 36<LI>Call Chain = HAL_Init &rArr; HAL_InitTick &rArr; __aeabi_uidiv
</UL>
<BR>[Calls]<UL><LI><a href="#[91]">&gt;&gt;</a>&nbsp;&nbsp;&nbsp;HAL_InitTick
<LI><a href="#[92]">&gt;&gt;</a>&nbsp;&nbsp;&nbsp;HAL_MspInit
</UL>
<BR>[Called By]<UL><LI><a href="#[36]">&gt;&gt;</a>&nbsp;&nbsp;&nbsp;main
</UL>

<P><STRONG><a name="[91]"></a>HAL_InitTick</STRONG> (Thumb, 68 bytes, Stack size 16 bytes, stm32f0xx_hal.o(.text.HAL_InitTick))
<BR><BR>[Stack]<UL><LI>Max Depth = 28<LI>Call Chain = HAL_InitTick &rArr; __aeabi_uidiv
</UL>
<BR>[Calls]<UL><LI><a href="#[81]">&gt;&gt;</a>&nbsp;&nbsp;&nbsp;HAL_NVIC_SetPriority
<LI><a href="#[93]">&gt;&gt;</a>&nbsp;&nbsp;&nbsp;HAL_SYSTICK_Config
<LI><a href="#[65]">&gt;&gt;</a>&nbsp;&nbsp;&nbsp;__aeabi_uidiv
</UL>
<BR>[Called By]<UL><LI><a href="#[b8]">&gt;&gt;</a>&nbsp;&nbsp;&nbsp;SystemClock_Config
<LI><a href="#[90]">&gt;&gt;</a>&nbsp;&nbsp;&nbsp;HAL_Init
</UL>

<P><STRONG><a name="[92]"></a>HAL_MspInit</STRONG> (Thumb, 44 bytes, Stack size 8 bytes, stm32f0xx_hal_msp.o(.text.HAL_MspInit))
<BR><BR>[Stack]<UL><LI>Max Depth = 8<LI>Call Chain = HAL_MspInit
</UL>
<BR>[Called By]<UL><LI><a href="#[90]">&gt;&gt;</a>&nbsp;&nbsp;&nbsp;HAL_Init
</UL>

<P><STRONG><a name="[b6]"></a>HAL_NVIC_DisableIRQ</STRONG> (Thumb, 32 bytes, Stack size 0 bytes, stm32f0xx_hal_cortex.o(.text.HAL_NVIC_DisableIRQ))
<BR><BR>[Called By]<UL><LI><a href="#[9b]">&gt;&gt;</a>&nbsp;&nbsp;&nbsp;HAL_PCD_MspDeInit
</UL>

<P><STRONG><a name="[82]"></a>HAL_NVIC_EnableIRQ</STRONG> (Thumb, 24 bytes, Stack size 0 bytes, stm32f0xx_hal_cortex.o(.text.HAL_NVIC_EnableIRQ))
<BR><BR>[Called By]<UL><LI><a href="#[36]">&gt;&gt;</a>&nbsp;&nbsp;&nbsp;main
<LI><a href="#[b2]">&gt;&gt;</a>&nbsp;&nbsp;&nbsp;HAL_PCD_MspInit
<LI><a href="#[c3]">&gt;&gt;</a>&nbsp;&nbsp;&nbsp;HAL_TIM_Base_MspInit
<LI><a href="#[89]">&gt;&gt;</a>&nbsp;&nbsp;&nbsp;HAL_I2C_MspInit
<LI><a href="#[7d]">&gt;&gt;</a>&nbsp;&nbsp;&nbsp;HAL_ADC_MspInit
</UL>

<P><STRONG><a name="[81]"></a>HAL_NVIC_SetPriority</STRONG> (Thumb, 8 bytes, Stack size 8 bytes, stm32f0xx_hal_cortex.o(.text.HAL_NVIC_SetPriority))
<BR><BR>[Stack]<UL><LI>Max Depth = 8<LI>Call Chain = HAL_NVIC_SetPriority
</UL>
<BR>[Calls]<UL><LI><a href="#[94]">&gt;&gt;</a>&nbsp;&nbsp;&nbsp;__NVIC_SetPriority
</UL>
<BR>[Called By]<UL><LI><a href="#[36]">&gt;&gt;</a>&nbsp;&nbsp;&nbsp;main
<LI><a href="#[91]">&gt;&gt;</a>&nbsp;&nbsp;&nbsp;HAL_InitTick
<LI><a href="#[b2]">&gt;&gt;</a>&nbsp;&nbsp;&nbsp;HAL_PCD_MspInit
<LI><a href="#[c3]">&gt;&gt;</a>&nbsp;&nbsp;&nbsp;HAL_TIM_Base_MspInit
<LI><a href="#[89]">&gt;&gt;</a>&nbsp;&nbsp;&nbsp;HAL_I2C_MspInit
<LI><a href="#[7d]">&gt;&gt;</a>&nbsp;&nbsp;&nbsp;HAL_ADC_MspInit
</UL>

<P><STRONG><a name="[b5]"></a>HAL_PCDEx_ActivateLPM</STRONG> (Thumb, 38 bytes, Stack size 20 bytes, stm32f0xx_hal_pcd_ex.o(.text.HAL_PCDEx_ActivateLPM))
<BR><BR>[Stack]<UL><LI>Max Depth = 20<LI>Call Chain = HAL_PCDEx_ActivateLPM
</UL>
<BR>[Called By]<UL><LI><a href="#[b1]">&gt;&gt;</a>&nbsp;&nbsp;&nbsp;HAL_PCD_Init
</UL>

<P><STRONG><a name="[41]"></a>HAL_PCDEx_PMAConfig</STRONG> (Thumb, 52 bytes, Stack size 8 bytes, stm32f0xx_hal_pcd_ex.o(.text.HAL_PCDEx_PMAConfig))
<BR><BR>[Stack]<UL><LI>Max Depth = 8<LI>Call Chain = HAL_PCDEx_PMAConfig
</UL>
<BR>[Address Reference Count : 1]<UL><LI> usbd_conf.o(.text.USBD_LL_Init)
</UL>
<P><STRONG><a name="[95]"></a>HAL_PCD_DataInStageCallback</STRONG> (Thumb, 22 bytes, Stack size 8 bytes, usbd_conf.o(.text.HAL_PCD_DataInStageCallback))
<BR><BR>[Stack]<UL><LI>Max Depth = 120<LI>Call Chain = HAL_PCD_DataInStageCallback &rArr; USBD_LL_DataInStage &rArr; USBD_CtlReceiveStatus &rArr; USBD_LL_PrepareReceive &rArr; HAL_PCD_EP_Receive &rArr; USB_EPStartXfer &rArr; USB_WritePMA
</UL>
<BR>[Calls]<UL><LI><a href="#[96]">&gt;&gt;</a>&nbsp;&nbsp;&nbsp;USBD_LL_DataInStage
</UL>
<BR>[Called By]<UL><LI><a href="#[a9]">&gt;&gt;</a>&nbsp;&nbsp;&nbsp;HAL_PCD_IRQHandler
</UL>

<P><STRONG><a name="[97]"></a>HAL_PCD_DataOutStageCallback</STRONG> (Thumb, 26 bytes, Stack size 8 bytes, usbd_conf.o(.text.HAL_PCD_DataOutStageCallback))
<BR><BR>[Stack]<UL><LI>Max Depth = 112<LI>Call Chain = HAL_PCD_DataOutStageCallback &rArr; USBD_LL_DataOutStage &rArr; USBD_CtlSendStatus &rArr; USBD_LL_Transmit &rArr; HAL_PCD_EP_Transmit &rArr; USB_EPStartXfer &rArr; USB_WritePMA
</UL>
<BR>[Calls]<UL><LI><a href="#[98]">&gt;&gt;</a>&nbsp;&nbsp;&nbsp;USBD_LL_DataOutStage
</UL>
<BR>[Called By]<UL><LI><a href="#[a9]">&gt;&gt;</a>&nbsp;&nbsp;&nbsp;HAL_PCD_IRQHandler
</UL>

<P><STRONG><a name="[99]"></a>HAL_PCD_DeInit</STRONG> (Thumb, 40 bytes, Stack size 16 bytes, stm32f0xx_hal_pcd.o(.text.HAL_PCD_DeInit))
<BR><BR>[Stack]<UL><LI>Max Depth = 32<LI>Call Chain = HAL_PCD_DeInit &rArr; HAL_PCD_Stop
</UL>
<BR>[Calls]<UL><LI><a href="#[9a]">&gt;&gt;</a>&nbsp;&nbsp;&nbsp;HAL_PCD_Stop
<LI><a href="#[9b]">&gt;&gt;</a>&nbsp;&nbsp;&nbsp;HAL_PCD_MspDeInit
</UL>
<BR>[Called By]<UL><LI><a href="#[e8]">&gt;&gt;</a>&nbsp;&nbsp;&nbsp;USBD_LL_DeInit
</UL>

<P><STRONG><a name="[9c]"></a>HAL_PCD_DevDisconnect</STRONG> (Thumb, 34 bytes, Stack size 8 bytes, stm32f0xx_hal_pcd.o(.text.HAL_PCD_DevDisconnect))
<BR><BR>[Stack]<UL><LI>Max Depth = 8<LI>Call Chain = HAL_PCD_DevDisconnect
</UL>
<BR>[Calls]<UL><LI><a href="#[9d]">&gt;&gt;</a>&nbsp;&nbsp;&nbsp;USB_DevDisconnect
</UL>
<BR>[Called By]<UL><LI><a href="#[36]">&gt;&gt;</a>&nbsp;&nbsp;&nbsp;main
</UL>

<P><STRONG><a name="[9e]"></a>HAL_PCD_EP_Close</STRONG> (Thumb, 76 bytes, Stack size 8 bytes, stm32f0xx_hal_pcd.o(.text.HAL_PCD_EP_Close))
<BR><BR>[Stack]<UL><LI>Max Depth = 24<LI>Call Chain = HAL_PCD_EP_Close &rArr; USB_DeactivateEndpoint
</UL>
<BR>[Calls]<UL><LI><a href="#[9f]">&gt;&gt;</a>&nbsp;&nbsp;&nbsp;USB_DeactivateEndpoint
</UL>
<BR>[Called By]<UL><LI><a href="#[3f]">&gt;&gt;</a>&nbsp;&nbsp;&nbsp;USBD_LL_CloseEP
</UL>

<P><STRONG><a name="[a0]"></a>HAL_PCD_EP_ClrStall</STRONG> (Thumb, 94 bytes, Stack size 16 bytes, stm32f0xx_hal_pcd.o(.text.HAL_PCD_EP_ClrStall))
<BR><BR>[Stack]<UL><LI>Max Depth = 32<LI>Call Chain = HAL_PCD_EP_ClrStall &rArr; USB_EPClearStall
</UL>
<BR>[Calls]<UL><LI><a href="#[a1]">&gt;&gt;</a>&nbsp;&nbsp;&nbsp;USB_EPClearStall
</UL>
<BR>[Called By]<UL><LI><a href="#[ec]">&gt;&gt;</a>&nbsp;&nbsp;&nbsp;USBD_LL_ClearStallEP
</UL>

<P><STRONG><a name="[ee]"></a>HAL_PCD_EP_GetRxCount</STRONG> (Thumb, 14 bytes, Stack size 0 bytes, stm32f0xx_hal_pcd.o(.text.HAL_PCD_EP_GetRxCount))
<BR><BR>[Called By]<UL><LI><a href="#[db]">&gt;&gt;</a>&nbsp;&nbsp;&nbsp;USBD_LL_GetRxDataSize
</UL>

<P><STRONG><a name="[a2]"></a>HAL_PCD_EP_Open</STRONG> (Thumb, 96 bytes, Stack size 16 bytes, stm32f0xx_hal_pcd.o(.text.HAL_PCD_EP_Open))
<BR><BR>[Stack]<UL><LI>Max Depth = 60<LI>Call Chain = HAL_PCD_EP_Open &rArr; USB_ActivateEndpoint
</UL>
<BR>[Calls]<UL><LI><a href="#[a3]">&gt;&gt;</a>&nbsp;&nbsp;&nbsp;USB_ActivateEndpoint
</UL>
<BR>[Called By]<UL><LI><a href="#[40]">&gt;&gt;</a>&nbsp;&nbsp;&nbsp;USBD_LL_OpenEP
</UL>

<P><STRONG><a name="[a4]"></a>HAL_PCD_EP_Receive</STRONG> (Thumb, 38 bytes, Stack size 16 bytes, stm32f0xx_hal_pcd.o(.text.HAL_PCD_EP_Receive))
<BR><BR>[Stack]<UL><LI>Max Depth = 72<LI>Call Chain = HAL_PCD_EP_Receive &rArr; USB_EPStartXfer &rArr; USB_WritePMA
</UL>
<BR>[Calls]<UL><LI><a href="#[a5]">&gt;&gt;</a>&nbsp;&nbsp;&nbsp;USB_EPStartXfer
</UL>
<BR>[Called By]<UL><LI><a href="#[a9]">&gt;&gt;</a>&nbsp;&nbsp;&nbsp;HAL_PCD_IRQHandler
<LI><a href="#[dd]">&gt;&gt;</a>&nbsp;&nbsp;&nbsp;USBD_LL_PrepareReceive
</UL>

<P><STRONG><a name="[a6]"></a>HAL_PCD_EP_SetStall</STRONG> (Thumb, 106 bytes, Stack size 16 bytes, stm32f0xx_hal_pcd.o(.text.HAL_PCD_EP_SetStall))
<BR><BR>[Stack]<UL><LI>Max Depth = 24<LI>Call Chain = HAL_PCD_EP_SetStall &rArr; USB_EPSetStall
</UL>
<BR>[Calls]<UL><LI><a href="#[a7]">&gt;&gt;</a>&nbsp;&nbsp;&nbsp;USB_EPSetStall
</UL>
<BR>[Called By]<UL><LI><a href="#[e3]">&gt;&gt;</a>&nbsp;&nbsp;&nbsp;USBD_LL_StallEP
</UL>

<P><STRONG><a name="[a8]"></a>HAL_PCD_EP_Transmit</STRONG> (Thumb, 38 bytes, Stack size 16 bytes, stm32f0xx_hal_pcd.o(.text.HAL_PCD_EP_Transmit))
<BR><BR>[Stack]<UL><LI>Max Depth = 72<LI>Call Chain = HAL_PCD_EP_Transmit &rArr; USB_EPStartXfer &rArr; USB_WritePMA
</UL>
<BR>[Calls]<UL><LI><a href="#[a5]">&gt;&gt;</a>&nbsp;&nbsp;&nbsp;USB_EPStartXfer
</UL>
<BR>[Called By]<UL><LI><a href="#[a9]">&gt;&gt;</a>&nbsp;&nbsp;&nbsp;HAL_PCD_IRQHandler
<LI><a href="#[da]">&gt;&gt;</a>&nbsp;&nbsp;&nbsp;USBD_LL_Transmit
</UL>

<P><STRONG><a name="[a9]"></a>HAL_PCD_IRQHandler</STRONG> (Thumb, 1124 bytes, Stack size 64 bytes, stm32f0xx_hal_pcd.o(.text.HAL_PCD_IRQHandler))
<BR><BR>[Stack]<UL><LI>Max Depth = 208<LI>Call Chain = HAL_PCD_IRQHandler &rArr; HAL_PCD_SetupStageCallback &rArr; USBD_LL_SetupStage &rArr; USBD_StdDevReq &rArr; USBD_CtlSendData &rArr; USBD_LL_Transmit &rArr; HAL_PCD_EP_Transmit &rArr; USB_EPStartXfer &rArr; USB_WritePMA
</UL>
<BR>[Calls]<UL><LI><a href="#[af]">&gt;&gt;</a>&nbsp;&nbsp;&nbsp;HAL_PCD_SuspendCallback
<LI><a href="#[ab]">&gt;&gt;</a>&nbsp;&nbsp;&nbsp;HAL_PCD_SetupStageCallback
<LI><a href="#[ad]">&gt;&gt;</a>&nbsp;&nbsp;&nbsp;HAL_PCD_SetAddress
<LI><a href="#[b0]">&gt;&gt;</a>&nbsp;&nbsp;&nbsp;HAL_PCD_SOFCallback
<LI><a href="#[ae]">&gt;&gt;</a>&nbsp;&nbsp;&nbsp;HAL_PCD_ResumeCallback
<LI><a href="#[ac]">&gt;&gt;</a>&nbsp;&nbsp;&nbsp;HAL_PCD_ResetCallback
<LI><a href="#[a8]">&gt;&gt;</a>&nbsp;&nbsp;&nbsp;HAL_PCD_EP_Transmit
<LI><a href="#[a4]">&gt;&gt;</a>&nbsp;&nbsp;&nbsp;HAL_PCD_EP_Receive
<LI><a href="#[97]">&gt;&gt;</a>&nbsp;&nbsp;&nbsp;HAL_PCD_DataOutStageCallback
<LI><a href="#[95]">&gt;&gt;</a>&nbsp;&nbsp;&nbsp;HAL_PCD_DataInStageCallback
<LI><a href="#[aa]">&gt;&gt;</a>&nbsp;&nbsp;&nbsp;USB_ReadPMA
</UL>
<BR>[Called By]<UL><LI><a href="#[35]">&gt;&gt;</a>&nbsp;&nbsp;&nbsp;USB_IRQHandler
</UL>

<P><STRONG><a name="[b1]"></a>HAL_PCD_Init</STRONG> (Thumb, 198 bytes, Stack size 56 bytes, stm32f0xx_hal_pcd.o(.text.HAL_PCD_Init))
<BR><BR>[Stack]<UL><LI>Max Depth = 80<LI>Call Chain = HAL_PCD_Init &rArr; HAL_PCD_MspInit &rArr; HAL_NVIC_SetPriority
</UL>
<BR>[Calls]<UL><LI><a href="#[b2]">&gt;&gt;</a>&nbsp;&nbsp;&nbsp;HAL_PCD_MspInit
<LI><a href="#[b5]">&gt;&gt;</a>&nbsp;&nbsp;&nbsp;HAL_PCDEx_ActivateLPM
<LI><a href="#[b3]">&gt;&gt;</a>&nbsp;&nbsp;&nbsp;USB_DisableGlobalInt
<LI><a href="#[b4]">&gt;&gt;</a>&nbsp;&nbsp;&nbsp;USB_DevInit
</UL>
<BR>[Called By]<UL><LI><a href="#[eb]">&gt;&gt;</a>&nbsp;&nbsp;&nbsp;USBD_LL_Init
</UL>

<P><STRONG><a name="[9b]"></a>HAL_PCD_MspDeInit</STRONG> (Thumb, 32 bytes, Stack size 8 bytes, usbd_conf.o(.text.HAL_PCD_MspDeInit))
<BR><BR>[Stack]<UL><LI>Max Depth = 8<LI>Call Chain = HAL_PCD_MspDeInit
</UL>
<BR>[Calls]<UL><LI><a href="#[b6]">&gt;&gt;</a>&nbsp;&nbsp;&nbsp;HAL_NVIC_DisableIRQ
</UL>
<BR>[Called By]<UL><LI><a href="#[99]">&gt;&gt;</a>&nbsp;&nbsp;&nbsp;HAL_PCD_DeInit
</UL>

<P><STRONG><a name="[b2]"></a>HAL_PCD_MspInit</STRONG> (Thumb, 60 bytes, Stack size 16 bytes, usbd_conf.o(.text.HAL_PCD_MspInit))
<BR><BR>[Stack]<UL><LI>Max Depth = 24<LI>Call Chain = HAL_PCD_MspInit &rArr; HAL_NVIC_SetPriority
</UL>
<BR>[Calls]<UL><LI><a href="#[81]">&gt;&gt;</a>&nbsp;&nbsp;&nbsp;HAL_NVIC_SetPriority
<LI><a href="#[82]">&gt;&gt;</a>&nbsp;&nbsp;&nbsp;HAL_NVIC_EnableIRQ
</UL>
<BR>[Called By]<UL><LI><a href="#[b1]">&gt;&gt;</a>&nbsp;&nbsp;&nbsp;HAL_PCD_Init
</UL>

<P><STRONG><a name="[ac]"></a>HAL_PCD_ResetCallback</STRONG> (Thumb, 34 bytes, Stack size 16 bytes, usbd_conf.o(.text.HAL_PCD_ResetCallback))
<BR><BR>[Stack]<UL><LI>Max Depth = 108<LI>Call Chain = HAL_PCD_ResetCallback &rArr; USBD_LL_Reset &rArr; USBD_LL_OpenEP &rArr; HAL_PCD_EP_Open &rArr; USB_ActivateEndpoint
</UL>
<BR>[Calls]<UL><LI><a href="#[b7]">&gt;&gt;</a>&nbsp;&nbsp;&nbsp;USBD_LL_Reset
</UL>
<BR>[Called By]<UL><LI><a href="#[a9]">&gt;&gt;</a>&nbsp;&nbsp;&nbsp;HAL_PCD_IRQHandler
</UL>

<P><STRONG><a name="[ae]"></a>HAL_PCD_ResumeCallback</STRONG> (Thumb, 36 bytes, Stack size 8 bytes, usbd_conf.o(.text.HAL_PCD_ResumeCallback))
<BR><BR>[Stack]<UL><LI>Max Depth = 52<LI>Call Chain = HAL_PCD_ResumeCallback &rArr; SystemClock_Config &rArr; HAL_InitTick &rArr; __aeabi_uidiv
</UL>
<BR>[Calls]<UL><LI><a href="#[b8]">&gt;&gt;</a>&nbsp;&nbsp;&nbsp;SystemClock_Config
<LI><a href="#[b9]">&gt;&gt;</a>&nbsp;&nbsp;&nbsp;USBD_LL_Resume
</UL>
<BR>[Called By]<UL><LI><a href="#[a9]">&gt;&gt;</a>&nbsp;&nbsp;&nbsp;HAL_PCD_IRQHandler
</UL>

<P><STRONG><a name="[b0]"></a>HAL_PCD_SOFCallback</STRONG> (Thumb, 14 bytes, Stack size 8 bytes, usbd_conf.o(.text.HAL_PCD_SOFCallback))
<BR><BR>[Stack]<UL><LI>Max Depth = 16<LI>Call Chain = HAL_PCD_SOFCallback &rArr; USBD_LL_SOF
</UL>
<BR>[Calls]<UL><LI><a href="#[ba]">&gt;&gt;</a>&nbsp;&nbsp;&nbsp;USBD_LL_SOF
</UL>
<BR>[Called By]<UL><LI><a href="#[a9]">&gt;&gt;</a>&nbsp;&nbsp;&nbsp;HAL_PCD_IRQHandler
</UL>

<P><STRONG><a name="[ad]"></a>HAL_PCD_SetAddress</STRONG> (Thumb, 40 bytes, Stack size 8 bytes, stm32f0xx_hal_pcd.o(.text.HAL_PCD_SetAddress))
<BR><BR>[Stack]<UL><LI>Max Depth = 8<LI>Call Chain = HAL_PCD_SetAddress
</UL>
<BR>[Calls]<UL><LI><a href="#[bb]">&gt;&gt;</a>&nbsp;&nbsp;&nbsp;USB_SetDevAddress
</UL>
<BR>[Called By]<UL><LI><a href="#[a9]">&gt;&gt;</a>&nbsp;&nbsp;&nbsp;HAL_PCD_IRQHandler
<LI><a href="#[ef]">&gt;&gt;</a>&nbsp;&nbsp;&nbsp;USBD_LL_SetUSBAddress
</UL>

<P><STRONG><a name="[ab]"></a>HAL_PCD_SetupStageCallback</STRONG> (Thumb, 22 bytes, Stack size 8 bytes, usbd_conf.o(.text.HAL_PCD_SetupStageCallback))
<BR><BR>[Stack]<UL><LI>Max Depth = 144<LI>Call Chain = HAL_PCD_SetupStageCallback &rArr; USBD_LL_SetupStage &rArr; USBD_StdDevReq &rArr; USBD_CtlSendData &rArr; USBD_LL_Transmit &rArr; HAL_PCD_EP_Transmit &rArr; USB_EPStartXfer &rArr; USB_WritePMA
</UL>
<BR>[Calls]<UL><LI><a href="#[bc]">&gt;&gt;</a>&nbsp;&nbsp;&nbsp;USBD_LL_SetupStage
</UL>
<BR>[Called By]<UL><LI><a href="#[a9]">&gt;&gt;</a>&nbsp;&nbsp;&nbsp;HAL_PCD_IRQHandler
</UL>

<P><STRONG><a name="[bd]"></a>HAL_PCD_Start</STRONG> (Thumb, 42 bytes, Stack size 16 bytes, stm32f0xx_hal_pcd.o(.text.HAL_PCD_Start))
<BR><BR>[Stack]<UL><LI>Max Depth = 16<LI>Call Chain = HAL_PCD_Start
</UL>
<BR>[Calls]<UL><LI><a href="#[bf]">&gt;&gt;</a>&nbsp;&nbsp;&nbsp;USB_EnableGlobalInt
<LI><a href="#[be]">&gt;&gt;</a>&nbsp;&nbsp;&nbsp;USB_DevConnect
</UL>
<BR>[Called By]<UL><LI><a href="#[f4]">&gt;&gt;</a>&nbsp;&nbsp;&nbsp;USBD_LL_Start
</UL>

<P><STRONG><a name="[9a]"></a>HAL_PCD_Stop</STRONG> (Thumb, 42 bytes, Stack size 16 bytes, stm32f0xx_hal_pcd.o(.text.HAL_PCD_Stop))
<BR><BR>[Stack]<UL><LI>Max Depth = 16<LI>Call Chain = HAL_PCD_Stop
</UL>
<BR>[Calls]<UL><LI><a href="#[c0]">&gt;&gt;</a>&nbsp;&nbsp;&nbsp;USB_StopDevice
<LI><a href="#[b3]">&gt;&gt;</a>&nbsp;&nbsp;&nbsp;USB_DisableGlobalInt
</UL>
<BR>[Called By]<UL><LI><a href="#[e7]">&gt;&gt;</a>&nbsp;&nbsp;&nbsp;USBD_LL_Stop
<LI><a href="#[99]">&gt;&gt;</a>&nbsp;&nbsp;&nbsp;HAL_PCD_DeInit
</UL>

<P><STRONG><a name="[af]"></a>HAL_PCD_SuspendCallback</STRONG> (Thumb, 36 bytes, Stack size 8 bytes, usbd_conf.o(.text.HAL_PCD_SuspendCallback))
<BR><BR>[Stack]<UL><LI>Max Depth = 8<LI>Call Chain = HAL_PCD_SuspendCallback
</UL>
<BR>[Calls]<UL><LI><a href="#[c1]">&gt;&gt;</a>&nbsp;&nbsp;&nbsp;USBD_LL_Suspend
</UL>
<BR>[Called By]<UL><LI><a href="#[a9]">&gt;&gt;</a>&nbsp;&nbsp;&nbsp;HAL_PCD_IRQHandler
</UL>

<P><STRONG><a name="[93]"></a>HAL_SYSTICK_Config</STRONG> (Thumb, 52 bytes, Stack size 0 bytes, stm32f0xx_hal_cortex.o(.text.HAL_SYSTICK_Config))
<BR><BR>[Called By]<UL><LI><a href="#[91]">&gt;&gt;</a>&nbsp;&nbsp;&nbsp;HAL_InitTick
</UL>

<P><STRONG><a name="[fb]"></a>HAL_TIMEx_MasterConfigSynchronization</STRONG> (Thumb, 84 bytes, Stack size 16 bytes, stm32f0xx_hal_tim_ex.o(.text.HAL_TIMEx_MasterConfigSynchronization))
<BR><BR>[Stack]<UL><LI>Max Depth = 16<LI>Call Chain = HAL_TIMEx_MasterConfigSynchronization
</UL>
<BR>[Called By]<UL><LI><a href="#[36]">&gt;&gt;</a>&nbsp;&nbsp;&nbsp;main
</UL>

<P><STRONG><a name="[c2]"></a>HAL_TIM_Base_Init</STRONG> (Thumb, 52 bytes, Stack size 16 bytes, stm32f0xx_hal_tim.o(.text.HAL_TIM_Base_Init))
<BR><BR>[Stack]<UL><LI>Max Depth = 40<LI>Call Chain = HAL_TIM_Base_Init &rArr; HAL_TIM_Base_MspInit &rArr; HAL_NVIC_SetPriority
</UL>
<BR>[Calls]<UL><LI><a href="#[c3]">&gt;&gt;</a>&nbsp;&nbsp;&nbsp;HAL_TIM_Base_MspInit
<LI><a href="#[c4]">&gt;&gt;</a>&nbsp;&nbsp;&nbsp;TIM_Base_SetConfig
</UL>
<BR>[Called By]<UL><LI><a href="#[36]">&gt;&gt;</a>&nbsp;&nbsp;&nbsp;main
</UL>

<P><STRONG><a name="[c3]"></a>HAL_TIM_Base_MspInit</STRONG> (Thumb, 56 bytes, Stack size 16 bytes, stm32f0xx_hal_msp.o(.text.HAL_TIM_Base_MspInit))
<BR><BR>[Stack]<UL><LI>Max Depth = 24<LI>Call Chain = HAL_TIM_Base_MspInit &rArr; HAL_NVIC_SetPriority
</UL>
<BR>[Calls]<UL><LI><a href="#[81]">&gt;&gt;</a>&nbsp;&nbsp;&nbsp;HAL_NVIC_SetPriority
<LI><a href="#[82]">&gt;&gt;</a>&nbsp;&nbsp;&nbsp;HAL_NVIC_EnableIRQ
</UL>
<BR>[Called By]<UL><LI><a href="#[c2]">&gt;&gt;</a>&nbsp;&nbsp;&nbsp;HAL_TIM_Base_Init
</UL>

<P><STRONG><a name="[fe]"></a>HAL_TIM_Base_Start_IT</STRONG> (Thumb, 30 bytes, Stack size 0 bytes, stm32f0xx_hal_tim.o(.text.HAL_TIM_Base_Start_IT))
<BR><BR>[Called By]<UL><LI><a href="#[36]">&gt;&gt;</a>&nbsp;&nbsp;&nbsp;main
</UL>

<P><STRONG><a name="[c5]"></a>HAL_TIM_ConfigClockSource</STRONG> (Thumb, 232 bytes, Stack size 24 bytes, stm32f0xx_hal_tim.o(.text.HAL_TIM_ConfigClockSource))
<BR><BR>[Stack]<UL><LI>Max Depth = 40<LI>Call Chain = HAL_TIM_ConfigClockSource &rArr; TIM_TI1_ConfigInputStage
</UL>
<BR>[Calls]<UL><LI><a href="#[c7]">&gt;&gt;</a>&nbsp;&nbsp;&nbsp;TIM_TI2_ConfigInputStage
<LI><a href="#[c6]">&gt;&gt;</a>&nbsp;&nbsp;&nbsp;TIM_TI1_ConfigInputStage
</UL>
<BR>[Called By]<UL><LI><a href="#[36]">&gt;&gt;</a>&nbsp;&nbsp;&nbsp;main
</UL>

<P><STRONG><a name="[c8]"></a>HAL_TIM_IRQHandler</STRONG> (Thumb, 328 bytes, Stack size 16 bytes, stm32f0xx_hal_tim.o(.text.HAL_TIM_IRQHandler))
<BR><BR>[Stack]<UL><LI>Max Depth = 40<LI>Call Chain = HAL_TIM_IRQHandler &rArr; HAL_TIM_PeriodElapsedCallback
</UL>
<BR>[Calls]<UL><LI><a href="#[c9]">&gt;&gt;</a>&nbsp;&nbsp;&nbsp;HAL_TIM_PeriodElapsedCallback
</UL>
<BR>[Called By]<UL><LI><a href="#[28]">&gt;&gt;</a>&nbsp;&nbsp;&nbsp;TIM1_BRK_UP_TRG_COM_IRQHandler
</UL>

<P><STRONG><a name="[c9]"></a>HAL_TIM_PeriodElapsedCallback</STRONG> (Thumb, 112 bytes, Stack size 24 bytes, main.o(.text.HAL_TIM_PeriodElapsedCallback))
<BR><BR>[Stack]<UL><LI>Max Depth = 24<LI>Call Chain = HAL_TIM_PeriodElapsedCallback
</UL>
<BR>[Called By]<UL><LI><a href="#[c8]">&gt;&gt;</a>&nbsp;&nbsp;&nbsp;HAL_TIM_IRQHandler
</UL>

<P><STRONG><a name="[17]"></a>HardFault_Handler</STRONG> (Thumb, 2 bytes, Stack size 0 bytes, stm32f0xx_it.o(.text.HardFault_Handler))
<BR><BR>[Calls]<UL><LI><a href="#[17]">&gt;&gt;</a>&nbsp;&nbsp;&nbsp;HardFault_Handler
</UL>
<BR>[Called By]<UL><LI><a href="#[17]">&gt;&gt;</a>&nbsp;&nbsp;&nbsp;HardFault_Handler
</UL>
<BR>[Address Reference Count : 1]<UL><LI> startup_stm32f042x6.o(RESET)
</UL>
<P><STRONG><a name="[2f]"></a>I2C1_IRQHandler</STRONG> (Thumb, 36 bytes, Stack size 8 bytes, stm32f0xx_it.o(.text.I2C1_IRQHandler))
<BR><BR>[Stack]<UL><LI>Max Depth = 64<LI>Call Chain = I2C1_IRQHandler &rArr; HAL_I2C_ER_IRQHandler &rArr; I2C_ITError &rArr; HAL_DMA_Abort_IT
</UL>
<BR>[Calls]<UL><LI><a href="#[ca]">&gt;&gt;</a>&nbsp;&nbsp;&nbsp;HAL_I2C_EV_IRQHandler
<LI><a href="#[86]">&gt;&gt;</a>&nbsp;&nbsp;&nbsp;HAL_I2C_ER_IRQHandler
</UL>
<BR>[Address Reference Count : 1]<UL><LI> startup_stm32f042x6.o(RESET)
</UL>
<P><STRONG><a name="[fa]"></a>LL_EXTI_Init</STRONG> (Thumb, 152 bytes, Stack size 8 bytes, stm32f0xx_ll_exti.o(.text.LL_EXTI_Init))
<BR><BR>[Stack]<UL><LI>Max Depth = 8<LI>Call Chain = LL_EXTI_Init
</UL>
<BR>[Called By]<UL><LI><a href="#[36]">&gt;&gt;</a>&nbsp;&nbsp;&nbsp;main
</UL>

<P><STRONG><a name="[43]"></a>LL_GPIO_Init</STRONG> (Thumb, 154 bytes, Stack size 24 bytes, stm32f0xx_ll_gpio.o(.text.LL_GPIO_Init))
<BR><BR>[Stack]<UL><LI>Max Depth = 24<LI>Call Chain = LL_GPIO_Init
</UL>
<BR>[Address Reference Count : 1]<UL><LI> main.o(.text.main)
</UL>
<P><STRONG><a name="[d9]"></a>LL_SetSystemCoreClock</STRONG> (Thumb, 12 bytes, Stack size 0 bytes, stm32f0xx_ll_utils.o(.text.LL_SetSystemCoreClock))
<BR><BR>[Called By]<UL><LI><a href="#[b8]">&gt;&gt;</a>&nbsp;&nbsp;&nbsp;SystemClock_Config
</UL>

<P><STRONG><a name="[d3]"></a>MX_USB_DEVICE_Init</STRONG> (Thumb, 100 bytes, Stack size 8 bytes, usb_device.o(.text.MX_USB_DEVICE_Init))
<BR><BR>[Stack]<UL><LI>Max Depth = 120<LI>Call Chain = MX_USB_DEVICE_Init &rArr; USBD_Init &rArr; USBD_LL_Init &rArr; HAL_PCD_Init &rArr; HAL_PCD_MspInit &rArr; HAL_NVIC_SetPriority
</UL>
<BR>[Calls]<UL><LI><a href="#[7a]">&gt;&gt;</a>&nbsp;&nbsp;&nbsp;HAL_GPIO_ReadPin
<LI><a href="#[d7]">&gt;&gt;</a>&nbsp;&nbsp;&nbsp;USBD_Start
<LI><a href="#[d5]">&gt;&gt;</a>&nbsp;&nbsp;&nbsp;USBD_RegisterClass
<LI><a href="#[d4]">&gt;&gt;</a>&nbsp;&nbsp;&nbsp;USBD_Init
<LI><a href="#[d6]">&gt;&gt;</a>&nbsp;&nbsp;&nbsp;USBD_CDC_RegisterInterface
</UL>
<BR>[Called By]<UL><LI><a href="#[36]">&gt;&gt;</a>&nbsp;&nbsp;&nbsp;main
</UL>

<P><STRONG><a name="[16]"></a>NMI_Handler</STRONG> (Thumb, 2 bytes, Stack size 0 bytes, stm32f0xx_it.o(.text.NMI_Handler))
<BR>[Address Reference Count : 1]<UL><LI> startup_stm32f042x6.o(RESET)
</UL>
<P><STRONG><a name="[19]"></a>PendSV_Handler</STRONG> (Thumb, 2 bytes, Stack size 0 bytes, stm32f0xx_it.o(.text.PendSV_Handler))
<BR>[Address Reference Count : 1]<UL><LI> startup_stm32f042x6.o(RESET)
</UL>
<P><STRONG><a name="[18]"></a>SVC_Handler</STRONG> (Thumb, 2 bytes, Stack size 0 bytes, stm32f0xx_it.o(.text.SVC_Handler))
<BR>[Address Reference Count : 1]<UL><LI> startup_stm32f042x6.o(RESET)
</UL>
<P><STRONG><a name="[1a]"></a>SysTick_Handler</STRONG> (Thumb, 8 bytes, Stack size 8 bytes, stm32f0xx_it.o(.text.SysTick_Handler))
<BR><BR>[Stack]<UL><LI>Max Depth = 8<LI>Call Chain = SysTick_Handler
</UL>
<BR>[Calls]<UL><LI><a href="#[d8]">&gt;&gt;</a>&nbsp;&nbsp;&nbsp;HAL_IncTick
</UL>
<BR>[Address Reference Count : 1]<UL><LI> startup_stm32f042x6.o(RESET)
</UL>
<P><STRONG><a name="[b8]"></a>SystemClock_Config</STRONG> (Thumb, 164 bytes, Stack size 16 bytes, main.o(.text.SystemClock_Config))
<BR><BR>[Stack]<UL><LI>Max Depth = 44<LI>Call Chain = SystemClock_Config &rArr; HAL_InitTick &rArr; __aeabi_uidiv
</UL>
<BR>[Calls]<UL><LI><a href="#[d9]">&gt;&gt;</a>&nbsp;&nbsp;&nbsp;LL_SetSystemCoreClock
<LI><a href="#[91]">&gt;&gt;</a>&nbsp;&nbsp;&nbsp;HAL_InitTick
</UL>
<BR>[Called By]<UL><LI><a href="#[36]">&gt;&gt;</a>&nbsp;&nbsp;&nbsp;main
<LI><a href="#[ae]">&gt;&gt;</a>&nbsp;&nbsp;&nbsp;HAL_PCD_ResumeCallback
</UL>

<P><STRONG><a name="[37]"></a>SystemInit</STRONG> (Thumb, 2 bytes, Stack size 0 bytes, system_stm32f0xx.o(.text.SystemInit))
<BR>[Address Reference Count : 1]<UL><LI> startup_stm32f042x6.o(.text)
</UL>
<P><STRONG><a name="[28]"></a>TIM1_BRK_UP_TRG_COM_IRQHandler</STRONG> (Thumb, 16 bytes, Stack size 8 bytes, stm32f0xx_it.o(.text.TIM1_BRK_UP_TRG_COM_IRQHandler))
<BR><BR>[Stack]<UL><LI>Max Depth = 48<LI>Call Chain = TIM1_BRK_UP_TRG_COM_IRQHandler &rArr; HAL_TIM_IRQHandler &rArr; HAL_TIM_PeriodElapsedCallback
</UL>
<BR>[Calls]<UL><LI><a href="#[c8]">&gt;&gt;</a>&nbsp;&nbsp;&nbsp;HAL_TIM_IRQHandler
</UL>
<BR>[Address Reference Count : 1]<UL><LI> startup_stm32f042x6.o(RESET)
</UL>
<P><STRONG><a name="[c4]"></a>TIM_Base_SetConfig</STRONG> (Thumb, 148 bytes, Stack size 16 bytes, stm32f0xx_hal_tim.o(.text.TIM_Base_SetConfig))
<BR><BR>[Stack]<UL><LI>Max Depth = 16<LI>Call Chain = TIM_Base_SetConfig
</UL>
<BR>[Called By]<UL><LI><a href="#[c2]">&gt;&gt;</a>&nbsp;&nbsp;&nbsp;HAL_TIM_Base_Init
</UL>

<P><STRONG><a name="[10]"></a>USBD_CDC_GetDeviceQualifierDescriptor</STRONG> (Thumb, 12 bytes, Stack size 0 bytes, usbd_cdc.o(.text.USBD_CDC_GetDeviceQualifierDescriptor))
<BR>[Address Reference Count : 1]<UL><LI> usbd_cdc.o(.data.USBD_CDC)
</UL>
<P><STRONG><a name="[71]"></a>USBD_CDC_ReceivePacket</STRONG> (Thumb, 44 bytes, Stack size 8 bytes, usbd_cdc.o(.text.USBD_CDC_ReceivePacket))
<BR><BR>[Stack]<UL><LI>Max Depth = 88<LI>Call Chain = USBD_CDC_ReceivePacket &rArr; USBD_LL_PrepareReceive &rArr; HAL_PCD_EP_Receive &rArr; USB_EPStartXfer &rArr; USB_WritePMA
</UL>
<BR>[Calls]<UL><LI><a href="#[dd]">&gt;&gt;</a>&nbsp;&nbsp;&nbsp;USBD_LL_PrepareReceive
</UL>
<BR>[Called By]<UL><LI><a href="#[14]">&gt;&gt;</a>&nbsp;&nbsp;&nbsp;CDC_Receive_FS
</UL>

<P><STRONG><a name="[d6]"></a>USBD_CDC_RegisterInterface</STRONG> (Thumb, 18 bytes, Stack size 0 bytes, usbd_cdc.o(.text.USBD_CDC_RegisterInterface))
<BR><BR>[Called By]<UL><LI><a href="#[d3]">&gt;&gt;</a>&nbsp;&nbsp;&nbsp;MX_USB_DEVICE_Init
</UL>

<P><STRONG><a name="[70]"></a>USBD_CDC_SetRxBuffer</STRONG> (Thumb, 16 bytes, Stack size 0 bytes, usbd_cdc.o(.text.USBD_CDC_SetRxBuffer))
<BR><BR>[Called By]<UL><LI><a href="#[14]">&gt;&gt;</a>&nbsp;&nbsp;&nbsp;CDC_Receive_FS
<LI><a href="#[11]">&gt;&gt;</a>&nbsp;&nbsp;&nbsp;CDC_Init_FS
</UL>

<P><STRONG><a name="[6f]"></a>USBD_CDC_SetTxBuffer</STRONG> (Thumb, 20 bytes, Stack size 0 bytes, usbd_cdc.o(.text.USBD_CDC_SetTxBuffer))
<BR><BR>[Called By]<UL><LI><a href="#[74]">&gt;&gt;</a>&nbsp;&nbsp;&nbsp;CDC_Transmit_FS
<LI><a href="#[11]">&gt;&gt;</a>&nbsp;&nbsp;&nbsp;CDC_Init_FS
</UL>

<P><STRONG><a name="[78]"></a>USBD_CDC_TransmitPacket</STRONG> (Thumb, 58 bytes, Stack size 8 bytes, usbd_cdc.o(.text.USBD_CDC_TransmitPacket))
<BR><BR>[Stack]<UL><LI>Max Depth = 88<LI>Call Chain = USBD_CDC_TransmitPacket &rArr; USBD_LL_Transmit &rArr; HAL_PCD_EP_Transmit &rArr; USB_EPStartXfer &rArr; USB_WritePMA
</UL>
<BR>[Calls]<UL><LI><a href="#[da]">&gt;&gt;</a>&nbsp;&nbsp;&nbsp;USBD_LL_Transmit
</UL>
<BR>[Called By]<UL><LI><a href="#[74]">&gt;&gt;</a>&nbsp;&nbsp;&nbsp;CDC_Transmit_FS
</UL>

<P><STRONG><a name="[f5]"></a>USBD_ClrClassConfig</STRONG> (Thumb, 16 bytes, Stack size 8 bytes, usbd_core.o(.text.USBD_ClrClassConfig))
<BR><BR>[Stack]<UL><LI>Max Depth = 8<LI>Call Chain = USBD_ClrClassConfig
</UL>
<BR>[Called By]<UL><LI><a href="#[f1]">&gt;&gt;</a>&nbsp;&nbsp;&nbsp;USBD_StdDevReq
</UL>

<P><STRONG><a name="[e1]"></a>USBD_CtlContinueRx</STRONG> (Thumb, 18 bytes, Stack size 8 bytes, usbd_ioreq.o(.text.USBD_CtlContinueRx))
<BR><BR>[Stack]<UL><LI>Max Depth = 88<LI>Call Chain = USBD_CtlContinueRx &rArr; USBD_LL_PrepareReceive &rArr; HAL_PCD_EP_Receive &rArr; USB_EPStartXfer &rArr; USB_WritePMA
</UL>
<BR>[Calls]<UL><LI><a href="#[dd]">&gt;&gt;</a>&nbsp;&nbsp;&nbsp;USBD_LL_PrepareReceive
</UL>
<BR>[Called By]<UL><LI><a href="#[98]">&gt;&gt;</a>&nbsp;&nbsp;&nbsp;USBD_LL_DataOutStage
</UL>

<P><STRONG><a name="[e2]"></a>USBD_CtlContinueSendData</STRONG> (Thumb, 18 bytes, Stack size 8 bytes, usbd_ioreq.o(.text.USBD_CtlContinueSendData))
<BR><BR>[Stack]<UL><LI>Max Depth = 88<LI>Call Chain = USBD_CtlContinueSendData &rArr; USBD_LL_Transmit &rArr; HAL_PCD_EP_Transmit &rArr; USB_EPStartXfer &rArr; USB_WritePMA
</UL>
<BR>[Calls]<UL><LI><a href="#[da]">&gt;&gt;</a>&nbsp;&nbsp;&nbsp;USBD_LL_Transmit
</UL>
<BR>[Called By]<UL><LI><a href="#[96]">&gt;&gt;</a>&nbsp;&nbsp;&nbsp;USBD_LL_DataInStage
</UL>

<P><STRONG><a name="[e0]"></a>USBD_CtlError</STRONG> (Thumb, 20 bytes, Stack size 8 bytes, usbd_ctlreq.o(.text.USBD_CtlError))
<BR><BR>[Stack]<UL><LI>Max Depth = 40<LI>Call Chain = USBD_CtlError &rArr; USBD_LL_StallEP &rArr; HAL_PCD_EP_SetStall &rArr; USB_EPSetStall
</UL>
<BR>[Calls]<UL><LI><a href="#[e3]">&gt;&gt;</a>&nbsp;&nbsp;&nbsp;USBD_LL_StallEP
</UL>
<BR>[Called By]<UL><LI><a href="#[9]">&gt;&gt;</a>&nbsp;&nbsp;&nbsp;USBD_CDC_Setup
<LI><a href="#[f3]">&gt;&gt;</a>&nbsp;&nbsp;&nbsp;USBD_StdItfReq
<LI><a href="#[f2]">&gt;&gt;</a>&nbsp;&nbsp;&nbsp;USBD_StdEPReq
<LI><a href="#[f1]">&gt;&gt;</a>&nbsp;&nbsp;&nbsp;USBD_StdDevReq
</UL>

<P><STRONG><a name="[de]"></a>USBD_CtlPrepareRx</STRONG> (Thumb, 36 bytes, Stack size 16 bytes, usbd_ioreq.o(.text.USBD_CtlPrepareRx))
<BR><BR>[Stack]<UL><LI>Max Depth = 96<LI>Call Chain = USBD_CtlPrepareRx &rArr; USBD_LL_PrepareReceive &rArr; HAL_PCD_EP_Receive &rArr; USB_EPStartXfer &rArr; USB_WritePMA
</UL>
<BR>[Calls]<UL><LI><a href="#[dd]">&gt;&gt;</a>&nbsp;&nbsp;&nbsp;USBD_LL_PrepareReceive
</UL>
<BR>[Called By]<UL><LI><a href="#[9]">&gt;&gt;</a>&nbsp;&nbsp;&nbsp;USBD_CDC_Setup
</UL>

<P><STRONG><a name="[e4]"></a>USBD_CtlReceiveStatus</STRONG> (Thumb, 26 bytes, Stack size 8 bytes, usbd_ioreq.o(.text.USBD_CtlReceiveStatus))
<BR><BR>[Stack]<UL><LI>Max Depth = 88<LI>Call Chain = USBD_CtlReceiveStatus &rArr; USBD_LL_PrepareReceive &rArr; HAL_PCD_EP_Receive &rArr; USB_EPStartXfer &rArr; USB_WritePMA
</UL>
<BR>[Calls]<UL><LI><a href="#[dd]">&gt;&gt;</a>&nbsp;&nbsp;&nbsp;USBD_LL_PrepareReceive
</UL>
<BR>[Called By]<UL><LI><a href="#[96]">&gt;&gt;</a>&nbsp;&nbsp;&nbsp;USBD_LL_DataInStage
</UL>

<P><STRONG><a name="[df]"></a>USBD_CtlSendData</STRONG> (Thumb, 30 bytes, Stack size 8 bytes, usbd_ioreq.o(.text.USBD_CtlSendData))
<BR><BR>[Stack]<UL><LI>Max Depth = 88<LI>Call Chain = USBD_CtlSendData &rArr; USBD_LL_Transmit &rArr; HAL_PCD_EP_Transmit &rArr; USB_EPStartXfer &rArr; USB_WritePMA
</UL>
<BR>[Calls]<UL><LI><a href="#[da]">&gt;&gt;</a>&nbsp;&nbsp;&nbsp;USBD_LL_Transmit
</UL>
<BR>[Called By]<UL><LI><a href="#[9]">&gt;&gt;</a>&nbsp;&nbsp;&nbsp;USBD_CDC_Setup
<LI><a href="#[f2]">&gt;&gt;</a>&nbsp;&nbsp;&nbsp;USBD_StdEPReq
<LI><a href="#[f1]">&gt;&gt;</a>&nbsp;&nbsp;&nbsp;USBD_StdDevReq
</UL>

<P><STRONG><a name="[e5]"></a>USBD_CtlSendStatus</STRONG> (Thumb, 26 bytes, Stack size 8 bytes, usbd_ioreq.o(.text.USBD_CtlSendStatus))
<BR><BR>[Stack]<UL><LI>Max Depth = 88<LI>Call Chain = USBD_CtlSendStatus &rArr; USBD_LL_Transmit &rArr; HAL_PCD_EP_Transmit &rArr; USB_EPStartXfer &rArr; USB_WritePMA
</UL>
<BR>[Calls]<UL><LI><a href="#[da]">&gt;&gt;</a>&nbsp;&nbsp;&nbsp;USBD_LL_Transmit
</UL>
<BR>[Called By]<UL><LI><a href="#[98]">&gt;&gt;</a>&nbsp;&nbsp;&nbsp;USBD_LL_DataOutStage
<LI><a href="#[f3]">&gt;&gt;</a>&nbsp;&nbsp;&nbsp;USBD_StdItfReq
<LI><a href="#[f2]">&gt;&gt;</a>&nbsp;&nbsp;&nbsp;USBD_StdEPReq
<LI><a href="#[f1]">&gt;&gt;</a>&nbsp;&nbsp;&nbsp;USBD_StdDevReq
</UL>

<P><STRONG><a name="[e6]"></a>USBD_DeInit</STRONG> (Thumb, 40 bytes, Stack size 8 bytes, usbd_core.o(.text.USBD_DeInit))
<BR><BR>[Stack]<UL><LI>Max Depth = 48<LI>Call Chain = USBD_DeInit &rArr; USBD_LL_DeInit &rArr; HAL_PCD_DeInit &rArr; HAL_PCD_Stop
</UL>
<BR>[Calls]<UL><LI><a href="#[e7]">&gt;&gt;</a>&nbsp;&nbsp;&nbsp;USBD_LL_Stop
<LI><a href="#[e8]">&gt;&gt;</a>&nbsp;&nbsp;&nbsp;USBD_LL_DeInit
</UL>
<BR>[Called By]<UL><LI><a href="#[36]">&gt;&gt;</a>&nbsp;&nbsp;&nbsp;main
</UL>

<P><STRONG><a name="[5]"></a>USBD_FS_ConfigStrDescriptor</STRONG> (Thumb, 32 bytes, Stack size 8 bytes, usbd_desc.o(.text.USBD_FS_ConfigStrDescriptor))
<BR><BR>[Stack]<UL><LI>Max Depth = 24<LI>Call Chain = USBD_FS_ConfigStrDescriptor &rArr; USBD_GetString
</UL>
<BR>[Calls]<UL><LI><a href="#[e9]">&gt;&gt;</a>&nbsp;&nbsp;&nbsp;USBD_GetString
</UL>
<BR>[Address Reference Count : 1]<UL><LI> usbd_desc.o(.data.FS_Desc)
</UL>
<P><STRONG><a name="[0]"></a>USBD_FS_DeviceDescriptor</STRONG> (Thumb, 12 bytes, Stack size 0 bytes, usbd_desc.o(.text.USBD_FS_DeviceDescriptor))
<BR>[Address Reference Count : 1]<UL><LI> usbd_desc.o(.data.FS_Desc)
</UL>
<P><STRONG><a name="[6]"></a>USBD_FS_InterfaceStrDescriptor</STRONG> (Thumb, 36 bytes, Stack size 8 bytes, usbd_desc.o(.text.USBD_FS_InterfaceStrDescriptor))
<BR><BR>[Stack]<UL><LI>Max Depth = 24<LI>Call Chain = USBD_FS_InterfaceStrDescriptor &rArr; USBD_GetString
</UL>
<BR>[Calls]<UL><LI><a href="#[e9]">&gt;&gt;</a>&nbsp;&nbsp;&nbsp;USBD_GetString
</UL>
<BR>[Address Reference Count : 1]<UL><LI> usbd_desc.o(.data.FS_Desc)
</UL>
<P><STRONG><a name="[1]"></a>USBD_FS_LangIDStrDescriptor</STRONG> (Thumb, 12 bytes, Stack size 0 bytes, usbd_desc.o(.text.USBD_FS_LangIDStrDescriptor))
<BR>[Address Reference Count : 1]<UL><LI> usbd_desc.o(.data.FS_Desc)
</UL>
<P><STRONG><a name="[2]"></a>USBD_FS_ManufacturerStrDescriptor</STRONG> (Thumb, 32 bytes, Stack size 8 bytes, usbd_desc.o(.text.USBD_FS_ManufacturerStrDescriptor))
<BR><BR>[Stack]<UL><LI>Max Depth = 24<LI>Call Chain = USBD_FS_ManufacturerStrDescriptor &rArr; USBD_GetString
</UL>
<BR>[Calls]<UL><LI><a href="#[e9]">&gt;&gt;</a>&nbsp;&nbsp;&nbsp;USBD_GetString
</UL>
<BR>[Address Reference Count : 1]<UL><LI> usbd_desc.o(.data.FS_Desc)
</UL>
<P><STRONG><a name="[3]"></a>USBD_FS_ProductStrDescriptor</STRONG> (Thumb, 40 bytes, Stack size 8 bytes, usbd_desc.o(.text.USBD_FS_ProductStrDescriptor))
<BR><BR>[Stack]<UL><LI>Max Depth = 24<LI>Call Chain = USBD_FS_ProductStrDescriptor &rArr; USBD_GetString
</UL>
<BR>[Calls]<UL><LI><a href="#[e9]">&gt;&gt;</a>&nbsp;&nbsp;&nbsp;USBD_GetString
</UL>
<BR>[Address Reference Count : 1]<UL><LI> usbd_desc.o(.data.FS_Desc)
</UL>
<P><STRONG><a name="[4]"></a>USBD_FS_SerialStrDescriptor</STRONG> (Thumb, 52 bytes, Stack size 16 bytes, usbd_desc.o(.text.USBD_FS_SerialStrDescriptor))
<BR><BR>[Stack]<UL><LI>Max Depth = 32<LI>Call Chain = USBD_FS_SerialStrDescriptor &rArr; IntToUnicode
</UL>
<BR>[Calls]<UL><LI><a href="#[ea]">&gt;&gt;</a>&nbsp;&nbsp;&nbsp;IntToUnicode
</UL>
<BR>[Address Reference Count : 1]<UL><LI> usbd_desc.o(.data.FS_Desc)
</UL>
<P><STRONG><a name="[e9]"></a>USBD_GetString</STRONG> (Thumb, 66 bytes, Stack size 16 bytes, usbd_ctlreq.o(.text.USBD_GetString))
<BR><BR>[Stack]<UL><LI>Max Depth = 16<LI>Call Chain = USBD_GetString
</UL>
<BR>[Called By]<UL><LI><a href="#[3]">&gt;&gt;</a>&nbsp;&nbsp;&nbsp;USBD_FS_ProductStrDescriptor
<LI><a href="#[2]">&gt;&gt;</a>&nbsp;&nbsp;&nbsp;USBD_FS_ManufacturerStrDescriptor
<LI><a href="#[6]">&gt;&gt;</a>&nbsp;&nbsp;&nbsp;USBD_FS_InterfaceStrDescriptor
<LI><a href="#[5]">&gt;&gt;</a>&nbsp;&nbsp;&nbsp;USBD_FS_ConfigStrDescriptor
</UL>

<P><STRONG><a name="[d4]"></a>USBD_Init</STRONG> (Thumb, 46 bytes, Stack size 8 bytes, usbd_core.o(.text.USBD_Init))
<BR><BR>[Stack]<UL><LI>Max Depth = 112<LI>Call Chain = USBD_Init &rArr; USBD_LL_Init &rArr; HAL_PCD_Init &rArr; HAL_PCD_MspInit &rArr; HAL_NVIC_SetPriority
</UL>
<BR>[Calls]<UL><LI><a href="#[eb]">&gt;&gt;</a>&nbsp;&nbsp;&nbsp;USBD_LL_Init
</UL>
<BR>[Called By]<UL><LI><a href="#[d3]">&gt;&gt;</a>&nbsp;&nbsp;&nbsp;MX_USB_DEVICE_Init
</UL>

<P><STRONG><a name="[ec]"></a>USBD_LL_ClearStallEP</STRONG> (Thumb, 18 bytes, Stack size 8 bytes, usbd_conf.o(.text.USBD_LL_ClearStallEP))
<BR><BR>[Stack]<UL><LI>Max Depth = 40<LI>Call Chain = USBD_LL_ClearStallEP &rArr; HAL_PCD_EP_ClrStall &rArr; USB_EPClearStall
</UL>
<BR>[Calls]<UL><LI><a href="#[a0]">&gt;&gt;</a>&nbsp;&nbsp;&nbsp;HAL_PCD_EP_ClrStall
<LI><a href="#[ed]">&gt;&gt;</a>&nbsp;&nbsp;&nbsp;USBD_Get_USB_Status
</UL>
<BR>[Called By]<UL><LI><a href="#[f2]">&gt;&gt;</a>&nbsp;&nbsp;&nbsp;USBD_StdEPReq
</UL>

<P><STRONG><a name="[3f]"></a>USBD_LL_CloseEP</STRONG> (Thumb, 18 bytes, Stack size 8 bytes, usbd_conf.o(.text.USBD_LL_CloseEP))
<BR><BR>[Stack]<UL><LI>Max Depth = 32<LI>Call Chain = USBD_LL_CloseEP &rArr; HAL_PCD_EP_Close &rArr; USB_DeactivateEndpoint
</UL>
<BR>[Calls]<UL><LI><a href="#[9e]">&gt;&gt;</a>&nbsp;&nbsp;&nbsp;HAL_PCD_EP_Close
<LI><a href="#[ed]">&gt;&gt;</a>&nbsp;&nbsp;&nbsp;USBD_Get_USB_Status
</UL>
<BR>[Address Reference Count : 1]<UL><LI> usbd_cdc.o(.text.USBD_CDC_DeInit)
</UL>
<P><STRONG><a name="[96]"></a>USBD_LL_DataInStage</STRONG> (Thumb, 194 bytes, Stack size 24 bytes, usbd_core.o(.text.USBD_LL_DataInStage))
<BR><BR>[Stack]<UL><LI>Max Depth = 112<LI>Call Chain = USBD_LL_DataInStage &rArr; USBD_CtlReceiveStatus &rArr; USBD_LL_PrepareReceive &rArr; HAL_PCD_EP_Receive &rArr; USB_EPStartXfer &rArr; USB_WritePMA
</UL>
<BR>[Calls]<UL><LI><a href="#[e3]">&gt;&gt;</a>&nbsp;&nbsp;&nbsp;USBD_LL_StallEP
<LI><a href="#[dd]">&gt;&gt;</a>&nbsp;&nbsp;&nbsp;USBD_LL_PrepareReceive
<LI><a href="#[4b]">&gt;&gt;</a>&nbsp;&nbsp;&nbsp;__aeabi_uidivmod
<LI><a href="#[e4]">&gt;&gt;</a>&nbsp;&nbsp;&nbsp;USBD_CtlReceiveStatus
<LI><a href="#[e2]">&gt;&gt;</a>&nbsp;&nbsp;&nbsp;USBD_CtlContinueSendData
</UL>
<BR>[Called By]<UL><LI><a href="#[95]">&gt;&gt;</a>&nbsp;&nbsp;&nbsp;HAL_PCD_DataInStageCallback
</UL>

<P><STRONG><a name="[98]"></a>USBD_LL_DataOutStage</STRONG> (Thumb, 128 bytes, Stack size 16 bytes, usbd_core.o(.text.USBD_LL_DataOutStage))
<BR><BR>[Stack]<UL><LI>Max Depth = 104<LI>Call Chain = USBD_LL_DataOutStage &rArr; USBD_CtlSendStatus &rArr; USBD_LL_Transmit &rArr; HAL_PCD_EP_Transmit &rArr; USB_EPStartXfer &rArr; USB_WritePMA
</UL>
<BR>[Calls]<UL><LI><a href="#[e3]">&gt;&gt;</a>&nbsp;&nbsp;&nbsp;USBD_LL_StallEP
<LI><a href="#[e5]">&gt;&gt;</a>&nbsp;&nbsp;&nbsp;USBD_CtlSendStatus
<LI><a href="#[e1]">&gt;&gt;</a>&nbsp;&nbsp;&nbsp;USBD_CtlContinueRx
</UL>
<BR>[Called By]<UL><LI><a href="#[97]">&gt;&gt;</a>&nbsp;&nbsp;&nbsp;HAL_PCD_DataOutStageCallback
</UL>

<P><STRONG><a name="[e8]"></a>USBD_LL_DeInit</STRONG> (Thumb, 18 bytes, Stack size 8 bytes, usbd_conf.o(.text.USBD_LL_DeInit))
[...]
</UL>
<P><STRONG><a name="[ea]"></a>IntToUnicode</STRONG> (Thumb, 42 bytes, Stack size 16 bytes, usbd_desc.o(.text.IntToUnicode))
<BR><BR>[Stack]<UL><LI>Max Depth = 16<LI>Call Chain = IntToUnicode
</UL>
<BR>[Called By]<UL><LI><a href="#[4]">&gt;&gt;</a>&nbsp;&nbsp;&nbsp;USBD_FS_SerialStrDescriptor
</UL>

<P><STRONG><a name="[13]"></a>CDC_Control_FS</STRONG> (Thumb, 4 bytes, Stack size 0 bytes, usbd_cdc_if.o(.text.CDC_Control_FS))
<BR>[Address Reference Count : 1]<UL><LI> usbd_cdc_if.o(.data.USBD_Interface_fops_FS)
</UL>
<P><STRONG><a name="[12]"></a>CDC_DeInit_FS</STRONG> (Thumb, 4 bytes, Stack size 0 bytes, usbd_cdc_if.o(.text.CDC_DeInit_FS))
<BR>[Address Reference Count : 1]<UL><LI> usbd_cdc_if.o(.data.USBD_Interface_fops_FS)
</UL>
<P><STRONG><a name="[11]"></a>CDC_Init_FS</STRONG> (Thumb, 36 bytes, Stack size 16 bytes, usbd_cdc_if.o(.text.CDC_Init_FS))
<BR><BR>[Stack]<UL><LI>Max Depth = 16<LI>Call Chain = CDC_Init_FS
</UL>
<BR>[Calls]<UL><LI><a href="#[6f]">&gt;&gt;</a>&nbsp;&nbsp;&nbsp;USBD_CDC_SetTxBuffer
<LI><a href="#[70]">&gt;&gt;</a>&nbsp;&nbsp;&nbsp;USBD_CDC_SetRxBuffer
</UL>
<BR>[Address Reference Count : 1]<UL><LI> usbd_cdc_if.o(.data.USBD_Interface_fops_FS)
</UL>
<P><STRONG><a name="[14]"></a>CDC_Receive_FS</STRONG> (Thumb, 628 bytes, Stack size 48 bytes, usbd_cdc_if.o(.text.CDC_Receive_FS))
<BR><BR>[Stack]<UL><LI>Max Depth = 152<LI>Call Chain = CDC_Receive_FS &rArr; GetStatus &rArr; CDC_Transmit_FS &rArr; USBD_CDC_TransmitPacket &rArr; USBD_LL_Transmit &rArr; HAL_PCD_EP_Transmit &rArr; USB_EPStartXfer &rArr; USB_WritePMA
</UL>
<BR>[Calls]<UL><LI><a href="#[6a]">&gt;&gt;</a>&nbsp;&nbsp;&nbsp;__aeabi_fmul
<LI><a href="#[3c]">&gt;&gt;</a>&nbsp;&nbsp;&nbsp;HAL_GPIO_WritePin
<LI><a href="#[75]">&gt;&gt;</a>&nbsp;&nbsp;&nbsp;__aeabi_f2iz
<LI><a href="#[70]">&gt;&gt;</a>&nbsp;&nbsp;&nbsp;USBD_CDC_SetRxBuffer
<LI><a href="#[71]">&gt;&gt;</a>&nbsp;&nbsp;&nbsp;USBD_CDC_ReceivePacket
<LI><a href="#[72]">&gt;&gt;</a>&nbsp;&nbsp;&nbsp;GetStatus
<LI><a href="#[74]">&gt;&gt;</a>&nbsp;&nbsp;&nbsp;CDC_Transmit_FS
<LI><a href="#[73]">&gt;&gt;</a>&nbsp;&nbsp;&nbsp;strlen
<LI><a href="#[4a]">&gt;&gt;</a>&nbsp;&nbsp;&nbsp;__aeabi_idivmod
<LI><a href="#[76]">&gt;&gt;</a>&nbsp;&nbsp;&nbsp;__aeabi_idiv
<LI><a href="#[77]">&gt;&gt;</a>&nbsp;&nbsp;&nbsp;__2sprintf
</UL>
<BR>[Address Reference Count : 1]<UL><LI> usbd_cdc_if.o(.data.USBD_Interface_fops_FS)
</UL>
<P><STRONG><a name="[ed]"></a>USBD_Get_USB_Status</STRONG> (Thumb, 24 bytes, Stack size 0 bytes, usbd_conf.o(.text.USBD_Get_USB_Status))
<BR><BR>[Called By]<UL><LI><a href="#[da]">&gt;&gt;</a>&nbsp;&nbsp;&nbsp;USBD_LL_Transmit
<LI><a href="#[e7]">&gt;&gt;</a>&nbsp;&nbsp;&nbsp;USBD_LL_Stop
<LI><a href="#[f4]">&gt;&gt;</a>&nbsp;&nbsp;&nbsp;USBD_LL_Start
<LI><a href="#[e3]">&gt;&gt;</a>&nbsp;&nbsp;&nbsp;USBD_LL_StallEP
<LI><a href="#[ef]">&gt;&gt;</a>&nbsp;&nbsp;&nbsp;USBD_LL_SetUSBAddress
<LI><a href="#[dd]">&gt;&gt;</a>&nbsp;&nbsp;&nbsp;USBD_LL_PrepareReceive
<LI><a href="#[40]">&gt;&gt;</a>&nbsp;&nbsp;&nbsp;USBD_LL_OpenEP
<LI><a href="#[e8]">&gt;&gt;</a>&nbsp;&nbsp;&nbsp;USBD_LL_DeInit
<LI><a href="#[3f]">&gt;&gt;</a>&nbsp;&nbsp;&nbsp;USBD_LL_CloseEP
<LI><a href="#[ec]">&gt;&gt;</a>&nbsp;&nbsp;&nbsp;USBD_LL_ClearStallEP
</UL>

<P><STRONG><a name="[3e]"></a>I2C_DMAAbort</STRONG> (Thumb, 42 bytes, Stack size 8 bytes, stm32f0xx_hal_i2c.o(.text.I2C_DMAAbort))
<BR><BR>[Stack]<UL><LI>Max Depth = 8<LI>Call Chain = I2C_DMAAbort
</UL>
<BR>[Address Reference Count : 1]<UL><LI> stm32f0xx_hal_i2c.o(.text.I2C_ITError)
</UL>
<P><STRONG><a name="[cc]"></a>I2C_Disable_IRQ</STRONG> (Thumb, 98 bytes, Stack size 8 bytes, stm32f0xx_hal_i2c.o(.text.I2C_Disable_IRQ))
<BR><BR>[Stack]<UL><LI>Max Depth = 8<LI>Call Chain = I2C_Disable_IRQ
</UL>
<BR>[Called By]<UL><LI><a href="#[d1]">&gt;&gt;</a>&nbsp;&nbsp;&nbsp;I2C_ITSlaveSeqCplt
<LI><a href="#[cf]">&gt;&gt;</a>&nbsp;&nbsp;&nbsp;I2C_ITSlaveCplt
<LI><a href="#[ce]">&gt;&gt;</a>&nbsp;&nbsp;&nbsp;I2C_ITListenCplt
<LI><a href="#[87]">&gt;&gt;</a>&nbsp;&nbsp;&nbsp;I2C_ITError
<LI><a href="#[cb]">&gt;&gt;</a>&nbsp;&nbsp;&nbsp;I2C_ITAddrCplt
</UL>

<P><STRONG><a name="[d0]"></a>I2C_Flush_TXDR</STRONG> (Thumb, 28 bytes, Stack size 0 bytes, stm32f0xx_hal_i2c.o(.text.I2C_Flush_TXDR))
<BR><BR>[Called By]<UL><LI><a href="#[3d]">&gt;&gt;</a>&nbsp;&nbsp;&nbsp;I2C_Slave_ISR_IT
<LI><a href="#[d2]">&gt;&gt;</a>&nbsp;&nbsp;&nbsp;I2C_IsAcknowledgeFailed
<LI><a href="#[cf]">&gt;&gt;</a>&nbsp;&nbsp;&nbsp;I2C_ITSlaveCplt
</UL>

<P><STRONG><a name="[cb]"></a>I2C_ITAddrCplt</STRONG> (Thumb, 156 bytes, Stack size 24 bytes, stm32f0xx_hal_i2c.o(.text.I2C_ITAddrCplt))
<BR><BR>[Stack]<UL><LI>Max Depth = 32<LI>Call Chain = I2C_ITAddrCplt &rArr; I2C_Disable_IRQ
</UL>
<BR>[Calls]<UL><LI><a href="#[cc]">&gt;&gt;</a>&nbsp;&nbsp;&nbsp;I2C_Disable_IRQ
</UL>
<BR>[Called By]<UL><LI><a href="#[3d]">&gt;&gt;</a>&nbsp;&nbsp;&nbsp;I2C_Slave_ISR_IT
</UL>

<P><STRONG><a name="[87]"></a>I2C_ITError</STRONG> (Thumb, 208 bytes, Stack size 16 bytes, stm32f0xx_hal_i2c.o(.text.I2C_ITError))
<BR><BR>[Stack]<UL><LI>Max Depth = 32<LI>Call Chain = I2C_ITError &rArr; HAL_DMA_Abort_IT
</UL>
<BR>[Calls]<UL><LI><a href="#[cd]">&gt;&gt;</a>&nbsp;&nbsp;&nbsp;HAL_DMA_Abort_IT
<LI><a href="#[cc]">&gt;&gt;</a>&nbsp;&nbsp;&nbsp;I2C_Disable_IRQ
</UL>
<BR>[Called By]<UL><LI><a href="#[86]">&gt;&gt;</a>&nbsp;&nbsp;&nbsp;HAL_I2C_ER_IRQHandler
<LI><a href="#[3d]">&gt;&gt;</a>&nbsp;&nbsp;&nbsp;I2C_Slave_ISR_IT
<LI><a href="#[cf]">&gt;&gt;</a>&nbsp;&nbsp;&nbsp;I2C_ITSlaveCplt
</UL>

<P><STRONG><a name="[ce]"></a>I2C_ITListenCplt</STRONG> (Thumb, 96 bytes, Stack size 16 bytes, stm32f0xx_hal_i2c.o(.text.I2C_ITListenCplt))
<BR><BR>[Stack]<UL><LI>Max Depth = 24<LI>Call Chain = I2C_ITListenCplt &rArr; I2C_Disable_IRQ
</UL>
<BR>[Calls]<UL><LI><a href="#[cc]">&gt;&gt;</a>&nbsp;&nbsp;&nbsp;I2C_Disable_IRQ
</UL>
<BR>[Called By]<UL><LI><a href="#[3d]">&gt;&gt;</a>&nbsp;&nbsp;&nbsp;I2C_Slave_ISR_IT
<LI><a href="#[cf]">&gt;&gt;</a>&nbsp;&nbsp;&nbsp;I2C_ITSlaveCplt
</UL>

<P><STRONG><a name="[cf]"></a>I2C_ITSlaveCplt</STRONG> (Thumb, 232 bytes, Stack size 24 bytes, stm32f0xx_hal_i2c.o(.text.I2C_ITSlaveCplt))
<BR><BR>[Stack]<UL><LI>Max Depth = 56<LI>Call Chain = I2C_ITSlaveCplt &rArr; I2C_ITError &rArr; HAL_DMA_Abort_IT
</UL>
<BR>[Calls]<UL><LI><a href="#[d1]">&gt;&gt;</a>&nbsp;&nbsp;&nbsp;I2C_ITSlaveSeqCplt
<LI><a href="#[ce]">&gt;&gt;</a>&nbsp;&nbsp;&nbsp;I2C_ITListenCplt
<LI><a href="#[87]">&gt;&gt;</a>&nbsp;&nbsp;&nbsp;I2C_ITError
<LI><a href="#[d0]">&gt;&gt;</a>&nbsp;&nbsp;&nbsp;I2C_Flush_TXDR
<LI><a href="#[cc]">&gt;&gt;</a>&nbsp;&nbsp;&nbsp;I2C_Disable_IRQ
</UL>
<BR>[Called By]<UL><LI><a href="#[3d]">&gt;&gt;</a>&nbsp;&nbsp;&nbsp;I2C_Slave_ISR_IT
</UL>

<P><STRONG><a name="[d1]"></a>I2C_ITSlaveSeqCplt</STRONG> (Thumb, 80 bytes, Stack size 16 bytes, stm32f0xx_hal_i2c.o(.text.I2C_ITSlaveSeqCplt))
<BR><BR>[Stack]<UL><LI>Max Depth = 24<LI>Call Chain = I2C_ITSlaveSeqCplt &rArr; I2C_Disable_IRQ
</UL>
<BR>[Calls]<UL><LI><a href="#[cc]">&gt;&gt;</a>&nbsp;&nbsp;&nbsp;I2C_Disable_IRQ
</UL>
<BR>[Called By]<UL><LI><a href="#[3d]">&gt;&gt;</a>&nbsp;&nbsp;&nbsp;I2C_Slave_ISR_IT
<LI><a href="#[cf]">&gt;&gt;</a>&nbsp;&nbsp;&nbsp;I2C_ITSlaveCplt
</UL>

<P><STRONG><a name="[d2]"></a>I2C_IsAcknowledgeFailed</STRONG> (Thumb, 104 bytes, Stack size 24 bytes, stm32f0xx_hal_i2c.o(.text.I2C_IsAcknowledgeFailed))
<BR><BR>[Stack]<UL><LI>Max Depth = 24<LI>Call Chain = I2C_IsAcknowledgeFailed
</UL>
<BR>[Calls]<UL><LI><a href="#[62]">&gt;&gt;</a>&nbsp;&nbsp;&nbsp;HAL_GetTick
<LI><a href="#[d0]">&gt;&gt;</a>&nbsp;&nbsp;&nbsp;I2C_Flush_TXDR
</UL>
<BR>[Called By]<UL><LI><a href="#[8e]">&gt;&gt;</a>&nbsp;&nbsp;&nbsp;I2C_WaitOnTXISFlagUntilTimeout
<LI><a href="#[8f]">&gt;&gt;</a>&nbsp;&nbsp;&nbsp;I2C_WaitOnSTOPFlagUntilTimeout
</UL>

<P><STRONG><a name="[8c]"></a>I2C_RequestMemoryWrite</STRONG> (Thumb, 112 bytes, Stack size 40 bytes, stm32f0xx_hal_i2c.o(.text.I2C_RequestMemoryWrite))
<BR><BR>[Stack]<UL><LI>Max Depth = 88<LI>Call Chain = I2C_RequestMemoryWrite &rArr; I2C_WaitOnTXISFlagUntilTimeout &rArr; I2C_IsAcknowledgeFailed
</UL>
<BR>[Calls]<UL><LI><a href="#[8e]">&gt;&gt;</a>&nbsp;&nbsp;&nbsp;I2C_WaitOnTXISFlagUntilTimeout
<LI><a href="#[8b]">&gt;&gt;</a>&nbsp;&nbsp;&nbsp;I2C_WaitOnFlagUntilTimeout
<LI><a href="#[8d]">&gt;&gt;</a>&nbsp;&nbsp;&nbsp;I2C_TransferConfig
</UL>
<BR>[Called By]<UL><LI><a href="#[8a]">&gt;&gt;</a>&nbsp;&nbsp;&nbsp;HAL_I2C_Mem_Write
</UL>

<P><STRONG><a name="[3d]"></a>I2C_Slave_ISR_IT</STRONG> (Thumb, 272 bytes, Stack size 32 bytes, stm32f0xx_hal_i2c.o(.text.I2C_Slave_ISR_IT))
<BR><BR>[Stack]<UL><LI>Max Depth = 88<LI>Call Chain = I2C_Slave_ISR_IT &rArr; I2C_ITSlaveCplt &rArr; I2C_ITError &rArr; HAL_DMA_Abort_IT
</UL>
<BR>[Calls]<UL><LI><a href="#[d1]">&gt;&gt;</a>&nbsp;&nbsp;&nbsp;I2C_ITSlaveSeqCplt
<LI><a href="#[cf]">&gt;&gt;</a>&nbsp;&nbsp;&nbsp;I2C_ITSlaveCplt
<LI><a href="#[ce]">&gt;&gt;</a>&nbsp;&nbsp;&nbsp;I2C_ITListenCplt
<LI><a href="#[87]">&gt;&gt;</a>&nbsp;&nbsp;&nbsp;I2C_ITError
<LI><a href="#[cb]">&gt;&gt;</a>&nbsp;&nbsp;&nbsp;I2C_ITAddrCplt
<LI><a href="#[d0]">&gt;&gt;</a>&nbsp;&nbsp;&nbsp;I2C_Flush_TXDR
</UL>
<BR>[Address Reference Count : 1]<UL><LI> stm32f0xx_hal_i2c.o(.text.I2C_ITError)
</UL>
<P><STRONG><a name="[8d]"></a>I2C_TransferConfig</STRONG> (Thumb, 44 bytes, Stack size 16 bytes, stm32f0xx_hal_i2c.o(.text.I2C_TransferConfig))
<BR><BR>[Stack]<UL><LI>Max Depth = 16<LI>Call Chain = I2C_TransferConfig
</UL>
<BR>[Called By]<UL><LI><a href="#[8a]">&gt;&gt;</a>&nbsp;&nbsp;&nbsp;HAL_I2C_Mem_Write
<LI><a href="#[8c]">&gt;&gt;</a>&nbsp;&nbsp;&nbsp;I2C_RequestMemoryWrite
</UL>

<P><STRONG><a name="[8b]"></a>I2C_WaitOnFlagUntilTimeout</STRONG> (Thumb, 80 bytes, Stack size 32 bytes, stm32f0xx_hal_i2c.o(.text.I2C_WaitOnFlagUntilTimeout))
<BR><BR>[Stack]<UL><LI>Max Depth = 32<LI>Call Chain = I2C_WaitOnFlagUntilTimeout
</UL>
<BR>[Calls]<UL><LI><a href="#[62]">&gt;&gt;</a>&nbsp;&nbsp;&nbsp;HAL_GetTick
</UL>
<BR>[Called By]<UL><LI><a href="#[8a]">&gt;&gt;</a>&nbsp;&nbsp;&nbsp;HAL_I2C_Mem_Write
<LI><a href="#[8c]">&gt;&gt;</a>&nbsp;&nbsp;&nbsp;I2C_RequestMemoryWrite
</UL>

<P><STRONG><a name="[8f]"></a>I2C_WaitOnSTOPFlagUntilTimeout</STRONG> (Thumb, 76 bytes, Stack size 24 bytes, stm32f0xx_hal_i2c.o(.text.I2C_WaitOnSTOPFlagUntilTimeout))
<BR><BR>[Stack]<UL><LI>Max Depth = 48<LI>Call Chain = I2C_WaitOnSTOPFlagUntilTimeout &rArr; I2C_IsAcknowledgeFailed
</UL>
<BR>[Calls]<UL><LI><a href="#[62]">&gt;&gt;</a>&nbsp;&nbsp;&nbsp;HAL_GetTick
<LI><a href="#[d2]">&gt;&gt;</a>&nbsp;&nbsp;&nbsp;I2C_IsAcknowledgeFailed
</UL>
<BR>[Called By]<UL><LI><a href="#[8a]">&gt;&gt;</a>&nbsp;&nbsp;&nbsp;HAL_I2C_Mem_Write
</UL>

<P><STRONG><a name="[8e]"></a>I2C_WaitOnTXISFlagUntilTimeout</STRONG> (Thumb, 80 bytes, Stack size 24 bytes, stm32f0xx_hal_i2c.o(.text.I2C_WaitOnTXISFlagUntilTimeout))
<BR><BR>[Stack]<UL><LI>Max Depth = 48<LI>Call Chain = I2C_WaitOnTXISFlagUntilTimeout &rArr; I2C_IsAcknowledgeFailed
</UL>
<BR>[Calls]<UL><LI><a href="#[62]">&gt;&gt;</a>&nbsp;&nbsp;&nbsp;HAL_GetTick
<LI><a href="#[d2]">&gt;&gt;</a>&nbsp;&nbsp;&nbsp;I2C_IsAcknowledgeFailed
</UL>
<BR>[Called By]<UL><LI><a href="#[8a]">&gt;&gt;</a>&nbsp;&nbsp;&nbsp;HAL_I2C_Mem_Write
<LI><a href="#[8c]">&gt;&gt;</a>&nbsp;&nbsp;&nbsp;I2C_RequestMemoryWrite
</UL>

<P><STRONG><a name="[85]"></a>DMA_SetConfig</STRONG> (Thumb, 38 bytes, Stack size 16 bytes, stm32f0xx_hal_dma.o(.text.DMA_SetConfig))
<BR><BR>[Stack]<UL><LI>Max Depth = 16<LI>Call Chain = DMA_SetConfig
</UL>
<BR>[Called By]<UL><LI><a href="#[83]">&gt;&gt;</a>&nbsp;&nbsp;&nbsp;HAL_DMA_Start_IT
</UL>

<P><STRONG><a name="[94]"></a>__NVIC_SetPriority</STRONG> (Thumb, 64 bytes, Stack size 0 bytes, stm32f0xx_hal_cortex.o(.text.__NVIC_SetPriority))
<BR><BR>[Called By]<UL><LI><a href="#[81]">&gt;&gt;</a>&nbsp;&nbsp;&nbsp;HAL_NVIC_SetPriority
</UL>

<P><STRONG><a name="[61]"></a>ADC_ConversionStop</STRONG> (Thumb, 78 bytes, Stack size 16 bytes, stm32f0xx_hal_adc.o(.text.ADC_ConversionStop))
<BR><BR>[Stack]<UL><LI>Max Depth = 16<LI>Call Chain = ADC_ConversionStop
</UL>
<BR>[Calls]<UL><LI><a href="#[62]">&gt;&gt;</a>&nbsp;&nbsp;&nbsp;HAL_GetTick
</UL>
<BR>[Called By]<UL><LI><a href="#[69]">&gt;&gt;</a>&nbsp;&nbsp;&nbsp;HAL_ADC_Stop_DMA
</UL>

<P><STRONG><a name="[3b]"></a>ADC_DMAConvCplt</STRONG> (Thumb, 104 bytes, Stack size 8 bytes, stm32f0xx_hal_adc.o(.text.ADC_DMAConvCplt))
<BR><BR>[Stack]<UL><LI>Max Depth = 8<LI>Call Chain = ADC_DMAConvCplt
</UL>
<BR>[Address Reference Count : 1]<UL><LI> stm32f0xx_hal_adc.o(.text.HAL_ADC_Start_DMA)
</UL>
<P><STRONG><a name="[39]"></a>ADC_DMAError</STRONG> (Thumb, 26 bytes, Stack size 8 bytes, stm32f0xx_hal_adc.o(.text.ADC_DMAError))
<BR><BR>[Stack]<UL><LI>Max Depth = 8<LI>Call Chain = ADC_DMAError
</UL>
<BR>[Address Reference Count : 1]<UL><LI> stm32f0xx_hal_adc.o(.text.HAL_ADC_Start_DMA)
</UL>
<P><STRONG><a name="[3a]"></a>ADC_DMAHalfConvCplt</STRONG> (Thumb, 10 bytes, Stack size 8 bytes, stm32f0xx_hal_adc.o(.text.ADC_DMAHalfConvCplt))
<BR><BR>[Stack]<UL><LI>Max Depth = 8<LI>Call Chain = ADC_DMAHalfConvCplt
</UL>
<BR>[Address Reference Count : 1]<UL><LI> stm32f0xx_hal_adc.o(.text.HAL_ADC_Start_DMA)
</UL>
<P><STRONG><a name="[63]"></a>ADC_Disable</STRONG> (Thumb, 94 bytes, Stack size 16 bytes, stm32f0xx_hal_adc.o(.text.ADC_Disable))
<BR><BR>[Stack]<UL><LI>Max Depth = 16<LI>Call Chain = ADC_Disable
</UL>
<BR>[Calls]<UL><LI><a href="#[62]">&gt;&gt;</a>&nbsp;&nbsp;&nbsp;HAL_GetTick
</UL>
<BR>[Called By]<UL><LI><a href="#[69]">&gt;&gt;</a>&nbsp;&nbsp;&nbsp;HAL_ADC_Stop_DMA
</UL>

<P><STRONG><a name="[64]"></a>ADC_Enable</STRONG> (Thumb, 144 bytes, Stack size 24 bytes, stm32f0xx_hal_adc.o(.text.ADC_Enable))
<BR><BR>[Stack]<UL><LI>Max Depth = 36<LI>Call Chain = ADC_Enable &rArr; __aeabi_uidiv
</UL>
<BR>[Calls]<UL><LI><a href="#[62]">&gt;&gt;</a>&nbsp;&nbsp;&nbsp;HAL_GetTick
<LI><a href="#[65]">&gt;&gt;</a>&nbsp;&nbsp;&nbsp;__aeabi_uidiv
</UL>
<BR>[Called By]<UL><LI><a href="#[67]">&gt;&gt;</a>&nbsp;&nbsp;&nbsp;HAL_ADC_Start_DMA
</UL>

<P><STRONG><a name="[c6]"></a>TIM_TI1_ConfigInputStage</STRONG> (Thumb, 34 bytes, Stack size 16 bytes, stm32f0xx_hal_tim.o(.text.TIM_TI1_ConfigInputStage))
<BR><BR>[Stack]<UL><LI>Max Depth = 16<LI>Call Chain = TIM_TI1_ConfigInputStage
</UL>
<BR>[Called By]<UL><LI><a href="#[c5]">&gt;&gt;</a>&nbsp;&nbsp;&nbsp;HAL_TIM_ConfigClockSource
</UL>

<P><STRONG><a name="[c7]"></a>TIM_TI2_ConfigInputStage</STRONG> (Thumb, 38 bytes, Stack size 8 bytes, stm32f0xx_hal_tim.o(.text.TIM_TI2_ConfigInputStage))
<BR><BR>[Stack]<UL><LI>Max Depth = 8<LI>Call Chain = TIM_TI2_ConfigInputStage
</UL>
<BR>[Called By]<UL><LI><a href="#[c5]">&gt;&gt;</a>&nbsp;&nbsp;&nbsp;HAL_TIM_ConfigClockSource
</UL>

<P><STRONG><a name="[b]"></a>USBD_CDC_DataIn</STRONG> (Thumb, 84 bytes, Stack size 24 bytes, usbd_cdc.o(.text.USBD_CDC_DataIn))
<BR><BR>[Stack]<UL><LI>Max Depth = 104<LI>Call Chain = USBD_CDC_DataIn &rArr; USBD_LL_Transmit &rArr; HAL_PCD_EP_Transmit &rArr; USB_EPStartXfer &rArr; USB_WritePMA
</UL>
<BR>[Calls]<UL><LI><a href="#[da]">&gt;&gt;</a>&nbsp;&nbsp;&nbsp;USBD_LL_Transmit
<LI><a href="#[4b]">&gt;&gt;</a>&nbsp;&nbsp;&nbsp;__aeabi_uidivmod
</UL>
<BR>[Address Reference Count : 1]<UL><LI> usbd_cdc.o(.data.USBD_CDC)
</UL>
<P><STRONG><a name="[c]"></a>USBD_CDC_DataOut</STRONG> (Thumb, 54 bytes, Stack size 16 bytes, usbd_cdc.o(.text.USBD_CDC_DataOut))
<BR><BR>[Stack]<UL><LI>Max Depth = 24<LI>Call Chain = USBD_CDC_DataOut &rArr; USBD_LL_GetRxDataSize
</UL>
<BR>[Calls]<UL><LI><a href="#[db]">&gt;&gt;</a>&nbsp;&nbsp;&nbsp;USBD_LL_GetRxDataSize
</UL>
<BR>[Address Reference Count : 1]<UL><LI> usbd_cdc.o(.data.USBD_CDC)
</UL>
<P><STRONG><a name="[8]"></a>USBD_CDC_DeInit</STRONG> (Thumb, 68 bytes, Stack size 16 bytes, usbd_cdc.o(.text.USBD_CDC_DeInit))
<BR><BR>[Stack]<UL><LI>Max Depth = 16<LI>Call Chain = USBD_CDC_DeInit
</UL>
<BR>[Address Reference Count : 1]<UL><LI> usbd_cdc.o(.data.USBD_CDC)
</UL>
<P><STRONG><a name="[a]"></a>USBD_CDC_EP0_RxReady</STRONG> (Thumb, 42 bytes, Stack size 8 bytes, usbd_cdc.o(.text.USBD_CDC_EP0_RxReady))
<BR><BR>[Stack]<UL><LI>Max Depth = 8<LI>Call Chain = USBD_CDC_EP0_RxReady
</UL>
<BR>[Address Reference Count : 1]<UL><LI> usbd_cdc.o(.data.USBD_CDC)
</UL>
<P><STRONG><a name="[e]"></a>USBD_CDC_GetFSCfgDesc</STRONG> (Thumb, 12 bytes, Stack size 0 bytes, usbd_cdc.o(.text.USBD_CDC_GetFSCfgDesc))
<BR>[Address Reference Count : 1]<UL><LI> usbd_cdc.o(.data.USBD_CDC)
</UL>
<P><STRONG><a name="[d]"></a>USBD_CDC_GetHSCfgDesc</STRONG> (Thumb, 12 bytes, Stack size 0 bytes, usbd_cdc.o(.text.USBD_CDC_GetHSCfgDesc))
<BR>[Address Reference Count : 1]<UL><LI> usbd_cdc.o(.data.USBD_CDC)
</UL>
<P><STRONG><a name="[f]"></a>USBD_CDC_GetOtherSpeedCfgDesc</STRONG> (Thumb, 12 bytes, Stack size 0 bytes, usbd_cdc.o(.text.USBD_CDC_GetOtherSpeedCfgDesc))
<BR>[Address Reference Count : 1]<UL><LI> usbd_cdc.o(.data.USBD_CDC)
</UL>
<P><STRONG><a name="[7]"></a>USBD_CDC_Init</STRONG> (Thumb, 152 bytes, Stack size 32 bytes, usbd_cdc.o(.text.USBD_CDC_Init))
<BR><BR>[Stack]<UL><LI>Max Depth = 112<LI>Call Chain = USBD_CDC_Init &rArr; USBD_LL_PrepareReceive &rArr; HAL_PCD_EP_Receive &rArr; USB_EPStartXfer &rArr; USB_WritePMA
</UL>
<BR>[Calls]<UL><LI><a href="#[dc]">&gt;&gt;</a>&nbsp;&nbsp;&nbsp;USBD_static_malloc
<LI><a href="#[dd]">&gt;&gt;</a>&nbsp;&nbsp;&nbsp;USBD_LL_PrepareReceive
<LI><a href="#[4c]">&gt;&gt;</a>&nbsp;&nbsp;&nbsp;__aeabi_memclr
</UL>
<BR>[Address Reference Count : 1]<UL><LI> usbd_cdc.o(.data.USBD_CDC)
</UL>
<P><STRONG><a name="[9]"></a>USBD_CDC_Setup</STRONG> (Thumb, 172 bytes, Stack size 32 bytes, usbd_cdc.o(.text.USBD_CDC_Setup))
<BR><BR>[Stack]<UL><LI>Max Depth = 128<LI>Call Chain = USBD_CDC_Setup &rArr; USBD_CtlPrepareRx &rArr; USBD_LL_PrepareReceive &rArr; HAL_PCD_EP_Receive &rArr; USB_EPStartXfer &rArr; USB_WritePMA
</UL>
<BR>[Calls]<UL><LI><a href="#[de]">&gt;&gt;</a>&nbsp;&nbsp;&nbsp;USBD_CtlPrepareRx
<LI><a href="#[df]">&gt;&gt;</a>&nbsp;&nbsp;&nbsp;USBD_CtlSendData
<LI><a href="#[e0]">&gt;&gt;</a>&nbsp;&nbsp;&nbsp;USBD_CtlError
</UL>
<BR>[Address Reference Count : 1]<UL><LI> usbd_cdc.o(.data.USBD_CDC)
</UL>
<P><STRONG><a name="[106]"></a>_fp_digits</STRONG> (Thumb, 344 bytes, Stack size 64 bytes, printfa.o(i._fp_digits), UNUSED)
<BR><BR>[Calls]<UL><LI><a href="#[4f]">&gt;&gt;</a>&nbsp;&nbsp;&nbsp;__aeabi_dmul
<LI><a href="#[55]">&gt;&gt;</a>&nbsp;&nbsp;&nbsp;__aeabi_uldivmod
<LI><a href="#[5d]">&gt;&gt;</a>&nbsp;&nbsp;&nbsp;__aeabi_ddiv
<LI><a href="#[59]">&gt;&gt;</a>&nbsp;&nbsp;&nbsp;__aeabi_dadd
<LI><a href="#[5e]">&gt;&gt;</a>&nbsp;&nbsp;&nbsp;__aeabi_d2ulz
<LI><a href="#[107]">&gt;&gt;</a>&nbsp;&nbsp;&nbsp;__aeabi_cdrcmple
</UL>
<BR>[Called By]<UL><LI><a href="#[105]">&gt;&gt;</a>&nbsp;&nbsp;&nbsp;_printf_core
</UL>

<P><STRONG><a name="[105]"></a>_printf_core</STRONG> (Thumb, 1754 bytes, Stack size 128 bytes, printfa.o(i._printf_core), UNUSED)
<BR><BR>[Calls]<UL><LI><a href="#[4b]">&gt;&gt;</a>&nbsp;&nbsp;&nbsp;__aeabi_uidivmod
<LI><a href="#[55]">&gt;&gt;</a>&nbsp;&nbsp;&nbsp;__aeabi_uldivmod
<LI><a href="#[108]">&gt;&gt;</a>&nbsp;&nbsp;&nbsp;_printf_pre_padding
<LI><a href="#[109]">&gt;&gt;</a>&nbsp;&nbsp;&nbsp;_printf_post_padding
<LI><a href="#[106]">&gt;&gt;</a>&nbsp;&nbsp;&nbsp;_fp_digits
</UL>
<BR>[Called By]<UL><LI><a href="#[104]">&gt;&gt;</a>&nbsp;&nbsp;&nbsp;__0sprintf
</UL>

<P><STRONG><a name="[109]"></a>_printf_post_padding</STRONG> (Thumb, 32 bytes, Stack size 24 bytes, printfa.o(i._printf_post_padding), UNUSED)
<BR><BR>[Called By]<UL><LI><a href="#[105]">&gt;&gt;</a>&nbsp;&nbsp;&nbsp;_printf_core
</UL>

<P><STRONG><a name="[108]"></a>_printf_pre_padding</STRONG> (Thumb, 44 bytes, Stack size 40 bytes, printfa.o(i._printf_pre_padding), UNUSED)
<BR><BR>[Called By]<UL><LI><a href="#[105]">&gt;&gt;</a>&nbsp;&nbsp;&nbsp;_printf_core
</UL>

<P><STRONG><a name="[47]"></a>_sputc</STRONG> (Thumb, 10 bytes, Stack size 0 bytes, printfa.o(i._sputc))
<BR><BR>[Called By]<UL><LI><a href="#[104]">&gt;&gt;</a>&nbsp;&nbsp;&nbsp;__0sprintf
</UL>
<BR>[Address Reference Count : 1]<UL><LI> printfa.o(i.__0sprintf)
</UL><P>
<H3>
Undefined Global Symbols
</H3><HR></body></html>
