Archive member included to satisfy reference by file (symbol)

c:/st/stm32cubeide_1.4.0/stm32cubeide/plugins/com.st.stm32cube.ide.mcu.externaltools.gnu-tools-for-stm32.7-2018-q2-update.win32_1.4.0.202007081208/tools/bin/../lib/gcc/arm-none-eabi/7.3.1/../../../../arm-none-eabi/lib/thumb/v6-m\libc_nano.a(lib_a-errno.o)
                              Core/Src/syscalls.o (__errno)
c:/st/stm32cubeide_1.4.0/stm32cubeide/plugins/com.st.stm32cube.ide.mcu.externaltools.gnu-tools-for-stm32.7-2018-q2-update.win32_1.4.0.202007081208/tools/bin/../lib/gcc/arm-none-eabi/7.3.1/../../../../arm-none-eabi/lib/thumb/v6-m\libc_nano.a(lib_a-exit.o)
                              c:/st/stm32cubeide_1.4.0/stm32cubeide/plugins/com.st.stm32cube.ide.mcu.externaltools.gnu-tools-for-stm32.7-2018-q2-update.win32_1.4.0.202007081208/tools/bin/../lib/gcc/arm-none-eabi/7.3.1/../../../../arm-none-eabi/lib/thumb/v6-m/crt0.o (exit)
c:/st/stm32cubeide_1.4.0/stm32cubeide/plugins/com.st.stm32cube.ide.mcu.externaltools.gnu-tools-for-stm32.7-2018-q2-update.win32_1.4.0.202007081208/tools/bin/../lib/gcc/arm-none-eabi/7.3.1/../../../../arm-none-eabi/lib/thumb/v6-m\libc_nano.a(lib_a-impure.o)
                              c:/st/stm32cubeide_1.4.0/stm32cubeide/plugins/com.st.stm32cube.ide.mcu.externaltools.gnu-tools-for-stm32.7-2018-q2-update.win32_1.4.0.202007081208/tools/bin/../lib/gcc/arm-none-eabi/7.3.1/../../../../arm-none-eabi/lib/thumb/v6-m\libc_nano.a(lib_a-exit.o) (_global_impure_ptr)
c:/st/stm32cubeide_1.4.0/stm32cubeide/plugins/com.st.stm32cube.ide.mcu.externaltools.gnu-tools-for-stm32.7-2018-q2-update.win32_1.4.0.202007081208/tools/bin/../lib/gcc/arm-none-eabi/7.3.1/../../../../arm-none-eabi/lib/thumb/v6-m\libc_nano.a(lib_a-init.o)
                              c:/st/stm32cubeide_1.4.0/stm32cubeide/plugins/com.st.stm32cube.ide.mcu.externaltools.gnu-tools-for-stm32.7-2018-q2-update.win32_1.4.0.202007081208/tools/bin/../lib/gcc/arm-none-eabi/7.3.1/../../../../arm-none-eabi/lib/thumb/v6-m/crt0.o (__libc_init_array)
c:/st/stm32cubeide_1.4.0/stm32cubeide/plugins/com.st.stm32cube.ide.mcu.externaltools.gnu-tools-for-stm32.7-2018-q2-update.win32_1.4.0.202007081208/tools/bin/../lib/gcc/arm-none-eabi/7.3.1/../../../../arm-none-eabi/lib/thumb/v6-m\libc_nano.a(lib_a-memcpy-stub.o)
                              Drivers/STM32F0xx_HAL_Driver/Src/stm32f0xx_hal_rcc.o (memcpy)
c:/st/stm32cubeide_1.4.0/stm32cubeide/plugins/com.st.stm32cube.ide.mcu.externaltools.gnu-tools-for-stm32.7-2018-q2-update.win32_1.4.0.202007081208/tools/bin/../lib/gcc/arm-none-eabi/7.3.1/../../../../arm-none-eabi/lib/thumb/v6-m\libc_nano.a(lib_a-memset.o)
                              c:/st/stm32cubeide_1.4.0/stm32cubeide/plugins/com.st.stm32cube.ide.mcu.externaltools.gnu-tools-for-stm32.7-2018-q2-update.win32_1.4.0.202007081208/tools/bin/../lib/gcc/arm-none-eabi/7.3.1/../../../../arm-none-eabi/lib/thumb/v6-m/crt0.o (memset)
c:/st/stm32cubeide_1.4.0/stm32cubeide/plugins/com.st.stm32cube.ide.mcu.externaltools.gnu-tools-for-stm32.7-2018-q2-update.win32_1.4.0.202007081208/tools/bin/../lib/gcc/arm-none-eabi/7.3.1/../../../../arm-none-eabi/lib/thumb/v6-m\libc_nano.a(lib_a-sprintf.o)
                              Core/Src/main.o (sprintf)
c:/st/stm32cubeide_1.4.0/stm32cubeide/plugins/com.st.stm32cube.ide.mcu.externaltools.gnu-tools-for-stm32.7-2018-q2-update.win32_1.4.0.202007081208/tools/bin/../lib/gcc/arm-none-eabi/7.3.1/../../../../arm-none-eabi/lib/thumb/v6-m\libc_nano.a(lib_a-strlen.o)
                              USB_DEVICE/App/usbd_cdc_if.o (strlen)
c:/st/stm32cubeide_1.4.0/stm32cubeide/plugins/com.st.stm32cube.ide.mcu.externaltools.gnu-tools-for-stm32.7-2018-q2-update.win32_1.4.0.202007081208/tools/bin/../lib/gcc/arm-none-eabi/7.3.1/../../../../arm-none-eabi/lib/thumb/v6-m\libc_nano.a(lib_a-nano-svfprintf.o)
                              c:/st/stm32cubeide_1.4.0/stm32cubeide/plugins/com.st.stm32cube.ide.mcu.externaltools.gnu-tools-for-stm32.7-2018-q2-update.win32_1.4.0.202007081208/tools/bin/../lib/gcc/arm-none-eabi/7.3.1/../../../../arm-none-eabi/lib/thumb/v6-m\libc_nano.a(lib_a-sprintf.o) (_svfprintf_r)
c:/st/stm32cubeide_1.4.0/stm32cubeide/plugins/com.st.stm32cube.ide.mcu.externaltools.gnu-tools-for-stm32.7-2018-q2-update.win32_1.4.0.202007081208/tools/bin/../lib/gcc/arm-none-eabi/7.3.1/../../../../arm-none-eabi/lib/thumb/v6-m\libc_nano.a(lib_a-nano-vfprintf_i.o)
                              c:/st/stm32cubeide_1.4.0/stm32cubeide/plugins/com.st.stm32cube.ide.mcu.externaltools.gnu-tools-for-stm32.7-2018-q2-update.win32_1.4.0.202007081208/tools/bin/../lib/gcc/arm-none-eabi/7.3.1/../../../../arm-none-eabi/lib/thumb/v6-m\libc_nano.a(lib_a-nano-svfprintf.o) (_printf_i)
c:/st/stm32cubeide_1.4.0/stm32cubeide/plugins/com.st.stm32cube.ide.mcu.externaltools.gnu-tools-for-stm32.7-2018-q2-update.win32_1.4.0.202007081208/tools/bin/../lib/gcc/arm-none-eabi/7.3.1/../../../../arm-none-eabi/lib/thumb/v6-m\libc_nano.a(lib_a-memchr-stub.o)
[...]
Memory Configuration

Name             Origin             Length             Attributes
RAM              0x0000000020000000 0x0000000000001800 xrw
FLASH            0x0000000008000000 0x0000000000008000 xr
*default*        0x0000000000000000 0xffffffffffffffff

Linker script and memory map

LOAD c:/st/stm32cubeide_1.4.0/stm32cubeide/plugins/com.st.stm32cube.ide.mcu.externaltools.gnu-tools-for-stm32.7-2018-q2-update.win32_1.4.0.202007081208/tools/bin/../lib/gcc/arm-none-eabi/7.3.1/thumb/v6-m/crti.o
LOAD c:/st/stm32cubeide_1.4.0/stm32cubeide/plugins/com.st.stm32cube.ide.mcu.externaltools.gnu-tools-for-stm32.7-2018-q2-update.win32_1.4.0.202007081208/tools/bin/../lib/gcc/arm-none-eabi/7.3.1/thumb/v6-m/crtbegin.o
LOAD c:/st/stm32cubeide_1.4.0/stm32cubeide/plugins/com.st.stm32cube.ide.mcu.externaltools.gnu-tools-for-stm32.7-2018-q2-update.win32_1.4.0.202007081208/tools/bin/../lib/gcc/arm-none-eabi/7.3.1/../../../../arm-none-eabi/lib/thumb/v6-m/crt0.o
LOAD Core/Src/fonts.o
LOAD Core/Src/main.o
LOAD Core/Src/ssd1306.o
LOAD Core/Src/stm32f0xx_hal_msp.o
LOAD Core/Src/stm32f0xx_it.o
LOAD Core/Src/syscalls.o
LOAD Core/Src/sysmem.o
LOAD Core/Src/system_stm32f0xx.o
LOAD Core/Startup/startup_stm32f042c6tx.o
LOAD Drivers/STM32F0xx_HAL_Driver/Src/stm32f0xx_hal.o
LOAD Drivers/STM32F0xx_HAL_Driver/Src/stm32f0xx_hal_adc.o
LOAD Drivers/STM32F0xx_HAL_Driver/Src/stm32f0xx_hal_adc_ex.o
LOAD Drivers/STM32F0xx_HAL_Driver/Src/stm32f0xx_hal_cortex.o
LOAD Drivers/STM32F0xx_HAL_Driver/Src/stm32f0xx_hal_dma.o
LOAD Drivers/STM32F0xx_HAL_Driver/Src/stm32f0xx_hal_exti.o
LOAD Drivers/STM32F0xx_HAL_Driver/Src/stm32f0xx_hal_flash.o
LOAD Drivers/STM32F0xx_HAL_Driver/Src/stm32f0xx_hal_flash_ex.o
LOAD Drivers/STM32F0xx_HAL_Driver/Src/stm32f0xx_hal_gpio.o
LOAD Drivers/STM32F0xx_HAL_Driver/Src/stm32f0xx_hal_i2c.o
LOAD Drivers/STM32F0xx_HAL_Driver/Src/stm32f0xx_hal_i2c_ex.o
LOAD Drivers/STM32F0xx_HAL_Driver/Src/stm32f0xx_hal_pcd.o
LOAD Drivers/STM32F0xx_HAL_Driver/Src/stm32f0xx_hal_pcd_ex.o
LOAD Drivers/STM32F0xx_HAL_Driver/Src/stm32f0xx_hal_pwr.o
LOAD Drivers/STM32F0xx_HAL_Driver/Src/stm32f0xx_hal_pwr_ex.o
LOAD Drivers/STM32F0xx_HAL_Driver/Src/stm32f0xx_hal_rcc.o
LOAD Drivers/STM32F0xx_HAL_Driver/Src/stm32f0xx_hal_rcc_ex.o
LOAD Drivers/STM32F0xx_HAL_Driver/Src/stm32f0xx_hal_tim.o
LOAD Drivers/STM32F0xx_HAL_Driver/Src/stm32f0xx_hal_tim_ex.o
LOAD Drivers/STM32F0xx_HAL_Driver/Src/stm32f0xx_ll_exti.o
LOAD Drivers/STM32F0xx_HAL_Driver/Src/stm32f0xx_ll_gpio.o
LOAD Drivers/STM32F0xx_HAL_Driver/Src/stm32f0xx_ll_rcc.o
LOAD Drivers/STM32F0xx_HAL_Driver/Src/stm32f0xx_ll_usb.o
LOAD Drivers/STM32F0xx_HAL_Driver/Src/stm32f0xx_ll_utils.o
LOAD Middlewares/ST/STM32_USB_Device_Library/Class/CDC/Src/usbd_cdc.o
LOAD Middlewares/ST/STM32_USB_Device_Library/Core/Src/usbd_core.o
LOAD Middlewares/ST/STM32_USB_Device_Library/Core/Src/usbd_ctlreq.o
LOAD Middlewares/ST/STM32_USB_Device_Library/Core/Src/usbd_ioreq.o
LOAD USB_DEVICE/App/usb_device.o
LOAD USB_DEVICE/App/usbd_cdc_if.o
LOAD USB_DEVICE/App/usbd_desc.o
LOAD USB_DEVICE/Target/usbd_conf.o
START GROUP
LOAD c:/st/stm32cubeide_1.4.0/stm32cubeide/plugins/com.st.stm32cube.ide.mcu.externaltools.gnu-tools-for-stm32.7-2018-q2-update.win32_1.4.0.202007081208/tools/bin/../lib/gcc/arm-none-eabi/7.3.1/../../../../arm-none-eabi/lib/thumb/v6-m\libc_nano.a
LOAD c:/st/stm32cubeide_1.4.0/stm32cubeide/plugins/com.st.stm32cube.ide.mcu.externaltools.gnu-tools-for-stm32.7-2018-q2-update.win32_1.4.0.202007081208/tools/bin/../lib/gcc/arm-none-eabi/7.3.1/../../../../arm-none-eabi/lib/thumb/v6-m\libm.a
END GROUP
START GROUP
LOAD c:/st/stm32cubeide_1.4.0/stm32cubeide/plugins/com.st.stm32cube.ide.mcu.externaltools.gnu-tools-for-stm32.7-2018-q2-update.win32_1.4.0.202007081208/tools/bin/../lib/gcc/arm-none-eabi/7.3.1/thumb/v6-m\libgcc.a
LOAD c:/st/stm32cubeide_1.4.0/stm32cubeide/plugins/com.st.stm32cube.ide.mcu.externaltools.gnu-tools-for-stm32.7-2018-q2-update.win32_1.4.0.202007081208/tools/bin/../lib/gcc/arm-none-eabi/7.3.1/../../../../arm-none-eabi/lib/thumb/v6-m\libc_nano.a
END GROUP
START GROUP
LOAD c:/st/stm32cubeide_1.4.0/stm32cubeide/plugins/com.st.stm32cube.ide.mcu.externaltools.gnu-tools-for-stm32.7-2018-q2-update.win32_1.4.0.202007081208/tools/bin/../lib/gcc/arm-none-eabi/7.3.1/thumb/v6-m\libgcc.a
LOAD c:/st/stm32cubeide_1.4.0/stm32cubeide/plugins/com.st.stm32cube.ide.mcu.externaltools.gnu-tools-for-stm32.7-2018-q2-update.win32_1.4.0.202007081208/tools/bin/../lib/gcc/arm-none-eabi/7.3.1/../../../../arm-none-eabi/lib/thumb/v6-m\libc_nano.a
LOAD c:/st/stm32cubeide_1.4.0/stm32cubeide/plugins/com.st.stm32cube.ide.mcu.externaltools.gnu-tools-for-stm32.7-2018-q2-update.win32_1.4.0.202007081208/tools/bin/../lib/gcc/arm-none-eabi/7.3.1/../../../../arm-none-eabi/lib/thumb/v6-m\libnosys.a
END GROUP
START GROUP
LOAD c:/st/stm32cubeide_1.4.0/stm32cubeide/plugins/com.st.stm32cube.ide.mcu.externaltools.gnu-tools-for-stm32.7-2018-q2-update.win32_1.4.0.202007081208/tools/bin/../lib/gcc/arm-none-eabi/7.3.1/thumb/v6-m\libgcc.a
LOAD c:/st/stm32cubeide_1.4.0/stm32cubeide/plugins/com.st.stm32cube.ide.mcu.externaltools.gnu-tools-for-stm32.7-2018-q2-update.win32_1.4.0.202007081208/tools/bin/../lib/gcc/arm-none-eabi/7.3.1/../../../../arm-none-eabi/lib/thumb/v6-m\libc_nano.a
LOAD c:/st/stm32cubeide_1.4.0/stm32cubeide/plugins/com.st.stm32cube.ide.mcu.externaltools.gnu-tools-for-stm32.7-2018-q2-update.win32_1.4.0.202007081208/tools/bin/../lib/gcc/arm-none-eabi/7.3.1/../../../../arm-none-eabi/lib/thumb/v6-m\libnosys.a
END GROUP
LOAD c:/st/stm32cubeide_1.4.0/stm32cubeide/plugins/com.st.stm32cube.ide.mcu.externaltools.gnu-tools-for-stm32.7-2018-q2-update.win32_1.4.0.202007081208/tools/bin/../lib/gcc/arm-none-eabi/7.3.1/thumb/v6-m/crtend.o
LOAD c:/st/stm32cubeide_1.4.0/stm32cubeide/plugins/com.st.stm32cube.ide.mcu.externaltools.gnu-tools-for-stm32.7-2018-q2-update.win32_1.4.0.202007081208/tools/bin/../lib/gcc/arm-none-eabi/7.3.1/thumb/v6-m/crtn.o
                0x0000000020001800                _estack = (ORIGIN (RAM) + LENGTH (RAM))
                0x0000000000000100                _Min_Heap_Size = 0x100
                0x0000000000000200                _Min_Stack_Size = 0x200

.isr_vector     0x0000000008000000       0xc0
                0x0000000008000000                . = ALIGN (0x4)
 *(.isr_vector)
 .isr_vector    0x0000000008000000       0xc0 Core/Startup/startup_stm32f042c6tx.o
                0x0000000008000000                g_pfnVectors
                0x00000000080000c0                . = ALIGN (0x4)

.text           0x00000000080000c0     0x69ac
                0x00000000080000c0                . = ALIGN (0x4)
 *(.text)
 .text          0x00000000080000c0       0x48 c:/st/stm32cubeide_1.4.0/stm32cubeide/plugins/com.st.stm32cube.ide.mcu.externaltools.gnu-tools-for-stm32.7-2018-q2-update.win32_1.4.0.202007081208/tools/bin/../lib/gcc/arm-none-eabi/7.3.1/thumb/v6-m/crtbegin.o
 .text          0x0000000008000108        0xe c:/st/stm32cubeide_1.4.0/stm32cubeide/plugins/com.st.stm32cube.ide.mcu.externaltools.gnu-tools-for-stm32.7-2018-q2-update.win32_1.4.0.202007081208/tools/bin/../lib/gcc/arm-none-eabi/7.3.1/../../../../arm-none-eabi/lib/thumb/v6-m\libc_nano.a(lib_a-strlen.o)
                0x0000000008000108                strlen
 *fill*         0x0000000008000116        0x2 
 .text          0x0000000008000118       0x14 c:/st/stm32cubeide_1.4.0/stm32cubeide/plugins/com.st.stm32cube.ide.mcu.externaltools.gnu-tools-for-stm32.7-2018-q2-update.win32_1.4.0.202007081208/tools/bin/../lib/gcc/arm-none-eabi/7.3.1/thumb/v6-m\libgcc.a(_thumb1_case_uqi.o)
                0x0000000008000118                __gnu_thumb1_case_uqi
 .text          0x000000000800012c       0x14 c:/st/stm32cubeide_1.4.0/stm32cubeide/plugins/com.st.stm32cube.ide.mcu.externaltools.gnu-tools-for-stm32.7-2018-q2-update.win32_1.4.0.202007081208/tools/bin/../lib/gcc/arm-none-eabi/7.3.1/thumb/v6-m\libgcc.a(_thumb1_case_uhi.o)
                0x000000000800012c                __gnu_thumb1_case_uhi
 .text          0x0000000008000140      0x114 c:/st/stm32cubeide_1.4.0/stm32cubeide/plugins/com.st.stm32cube.ide.mcu.externaltools.gnu-tools-for-stm32.7-2018-q2-update.win32_1.4.0.202007081208/tools/bin/../lib/gcc/arm-none-eabi/7.3.1/thumb/v6-m\libgcc.a(_udivsi3.o)
                0x0000000008000140                __aeabi_uidiv
                0x0000000008000140                __udivsi3
                0x000000000800024c                __aeabi_uidivmod
 .text          0x0000000008000254      0x1d4 c:/st/stm32cubeide_1.4.0/stm32cubeide/plugins/com.st.stm32cube.ide.mcu.externaltools.gnu-tools-for-stm32.7-2018-q2-update.win32_1.4.0.202007081208/tools/bin/../lib/gcc/arm-none-eabi/7.3.1/thumb/v6-m\libgcc.a(_divsi3.o)
                0x0000000008000254                __divsi3
                0x0000000008000254                __aeabi_idiv
                0x0000000008000420                __aeabi_idivmod
 .text          0x0000000008000428        0x4 c:/st/stm32cubeide_1.4.0/stm32cubeide/plugins/com.st.stm32cube.ide.mcu.externaltools.gnu-tools-for-stm32.7-2018-q2-update.win32_1.4.0.202007081208/tools/bin/../lib/gcc/arm-none-eabi/7.3.1/thumb/v6-m\libgcc.a(_dvmd_tls.o)
                0x0000000008000428                __aeabi_idiv0
                0x0000000008000428                __aeabi_ldiv0
 .text          0x000000000800042c       0x7c c:/st/stm32cubeide_1.4.0/stm32cubeide/plugins/com.st.stm32cube.ide.mcu.externaltools.gnu-tools-for-stm32.7-2018-q2-update.win32_1.4.0.202007081208/tools/bin/../lib/gcc/arm-none-eabi/7.3.1/thumb/v6-m\libgcc.a(_arm_cmpdf2.o)
                0x000000000800042c                __aeabi_cdrcmple
                0x000000000800043c                __aeabi_cdcmple
                0x000000000800043c                __aeabi_cdcmpeq
                0x000000000800044c                __aeabi_dcmpeq
                0x0000000008000458                __aeabi_dcmplt
                0x000000000800046c                __aeabi_dcmple
                0x0000000008000480                __aeabi_dcmpgt
                0x0000000008000494                __aeabi_dcmpge
 .text          0x00000000080004a8       0x3c c:/st/stm32cubeide_1.4.0/stm32cubeide/plugins/com.st.stm32cube.ide.mcu.externaltools.gnu-tools-for-stm32.7-2018-q2-update.win32_1.4.0.202007081208/tools/bin/../lib/gcc/arm-none-eabi/7.3.1/thumb/v6-m\libgcc.a(_fixunsdfsi.o)
                0x00000000080004a8                __aeabi_d2uiz
                0x00000000080004a8                __fixunsdfsi
 .text          0x00000000080004e4      0x264 c:/st/stm32cubeide_1.4.0/stm32cubeide/plugins/com.st.stm32cube.ide.mcu.externaltools.gnu-tools-for-stm32.7-2018-q2-update.win32_1.4.0.202007081208/tools/bin/../lib/gcc/arm-none-eabi/7.3.1/thumb/v6-m\libgcc.a(mulsf3.o)
                0x00000000080004e4                __aeabi_fmul
 .text          0x0000000008000748       0x40 c:/st/stm32cubeide_1.4.0/stm32cubeide/plugins/com.st.stm32cube.ide.mcu.externaltools.gnu-tools-for-stm32.7-2018-q2-update.win32_1.4.0.202007081208/tools/bin/../lib/gcc/arm-none-eabi/7.3.1/thumb/v6-m\libgcc.a(fixsfsi.o)
                0x0000000008000748                __aeabi_f2iz
 .text          0x0000000008000788       0x80 c:/st/stm32cubeide_1.4.0/stm32cubeide/plugins/com.st.stm32cube.ide.mcu.externaltools.gnu-tools-for-stm32.7-2018-q2-update.win32_1.4.0.202007081208/tools/bin/../lib/gcc/arm-none-eabi/7.3.1/thumb/v6-m\libgcc.a(floatunsisf.o)
                0x0000000008000788                __aeabi_ui2f
 .text          0x0000000008000808       0x78 c:/st/stm32cubeide_1.4.0/stm32cubeide/plugins/com.st.stm32cube.ide.mcu.externaltools.gnu-tools-for-stm32.7-2018-q2-update.win32_1.4.0.202007081208/tools/bin/../lib/gcc/arm-none-eabi/7.3.1/thumb/v6-m\libgcc.a(eqdf2.o)
                0x0000000008000808                __nedf2
                0x0000000008000808                __eqdf2
 .text          0x0000000008000880       0xc8 c:/st/stm32cubeide_1.4.0/stm32cubeide/plugins/com.st.stm32cube.ide.mcu.externaltools.gnu-tools-for-stm32.7-2018-q2-update.win32_1.4.0.202007081208/tools/bin/../lib/gcc/arm-none-eabi/7.3.1/thumb/v6-m\libgcc.a(gedf2.o)
                0x0000000008000880                __gedf2
                0x0000000008000880                __gtdf2
 .text          0x0000000008000948       0xd0 c:/st/stm32cubeide_1.4.0/stm32cubeide/plugins/com.st.stm32cube.ide.mcu.externaltools.gnu-tools-for-stm32.7-2018-q2-update.win32_1.4.0.202007081208/tools/bin/../lib/gcc/arm-none-eabi/7.3.1/thumb/v6-m\libgcc.a(ledf2.o)
                0x0000000008000948                __ledf2
                0x0000000008000948                __ltdf2
 .text          0x0000000008000a18      0x4e4 c:/st/stm32cubeide_1.4.0/stm32cubeide/plugins/com.st.stm32cube.ide.mcu.externaltools.gnu-tools-for-stm32.7-2018-q2-update.win32_1.4.0.202007081208/tools/bin/../lib/gcc/arm-none-eabi/7.3.1/thumb/v6-m\libgcc.a(muldf3.o)
                0x0000000008000a18                __aeabi_dmul
 .text          0x0000000008000efc      0x690 c:/st/stm32cubeide_1.4.0/stm32cubeide/plugins/com.st.stm32cube.ide.mcu.externaltools.gnu-tools-for-stm32.7-2018-q2-update.win32_1.4.0.202007081208/tools/bin/../lib/gcc/arm-none-eabi/7.3.1/thumb/v6-m\libgcc.a(subdf3.o)
                0x0000000008000efc                __aeabi_dsub
 .text          0x000000000800158c       0x6c c:/st/stm32cubeide_1.4.0/stm32cubeide/plugins/com.st.stm32cube.ide.mcu.externaltools.gnu-tools-for-stm32.7-2018-q2-update.win32_1.4.0.202007081208/tools/bin/../lib/gcc/arm-none-eabi/7.3.1/thumb/v6-m\libgcc.a(fixdfsi.o)
                0x000000000800158c                __aeabi_d2iz
 .text          0x00000000080015f8       0xa4 c:/st/stm32cubeide_1.4.0/stm32cubeide/plugins/com.st.stm32cube.ide.mcu.externaltools.gnu-tools-for-stm32.7-2018-q2-update.win32_1.4.0.202007081208/tools/bin/../lib/gcc/arm-none-eabi/7.3.1/thumb/v6-m\libgcc.a(extendsfdf2.o)
                0x00000000080015f8                __aeabi_f2d
 .text          0x000000000800169c       0x3c c:/st/stm32cubeide_1.4.0/stm32cubeide/plugins/com.st.stm32cube.ide.mcu.externaltools.gnu-tools-for-stm32.7-2018-q2-update.win32_1.4.0.202007081208/tools/bin/../lib/gcc/arm-none-eabi/7.3.1/thumb/v6-m\libgcc.a(_clzsi2.o)
                0x000000000800169c                __clzsi2
 *(.text*)
 .text.LL_AHB1_GRP1_EnableClock
                0x00000000080016d8       0x1c Core/Src/main.o
 .text.HAL_TIM_PeriodElapsedCallback
                0x00000000080016f4       0x70 Core/Src/main.o
                0x00000000080016f4                HAL_TIM_PeriodElapsedCallback
 .text.setSegVal
                0x0000000008001764       0x64 Core/Src/main.o
                0x0000000008001764                setSegVal
 .text.ADC_PRINT
                0x00000000080017c8       0xb8 Core/Src/main.o
                0x00000000080017c8                ADC_PRINT
 .text.SystemClock_Config
                0x0000000008001880       0xbc Core/Src/main.o
                0x0000000008001880                SystemClock_Config
 .text.startup.main
                0x000000000800193c      0x514 Core/Src/main.o
                0x000000000800193c                main
 .text.Error_Handler
                0x0000000008001e50        0x2 Core/Src/main.o
                0x0000000008001e50                Error_Handler
 *fill*         0x0000000008001e52        0x2 
 .text.ssd1306_WriteCommand
                0x0000000008001e54       0x24 Core/Src/ssd1306.o
 .text.ssd1306_Fill
                0x0000000008001e78       0x1c Core/Src/ssd1306.o
                0x0000000008001e78                ssd1306_Fill
 .text.ssd1306_UpdateScreen
                0x0000000008001e94       0x48 Core/Src/ssd1306.o
                0x0000000008001e94                ssd1306_UpdateScreen
 .text.ssd1306_Init
                0x0000000008001edc       0xcc Core/Src/ssd1306.o
                0x0000000008001edc                ssd1306_Init
 .text.ssd1306_DrawPixel
                0x0000000008001fa8       0x48 Core/Src/ssd1306.o
                0x0000000008001fa8                ssd1306_DrawPixel
 .text.ssd1306_WriteChar
                0x0000000008001ff0       0x9c Core/Src/ssd1306.o
                0x0000000008001ff0                ssd1306_WriteChar
 .text.ssd1306_WriteString
                0x000000000800208c       0x28 Core/Src/ssd1306.o
                0x000000000800208c                ssd1306_WriteString
 .text.ssd1306_SetCursor
                0x00000000080020b4        0xc Core/Src/ssd1306.o
                0x00000000080020b4                ssd1306_SetCursor
 .text.HAL_MspInit
                0x00000000080020c0       0x30 Core/Src/stm32f0xx_hal_msp.o
                0x00000000080020c0                HAL_MspInit
 .text.HAL_ADC_MspInit
                0x00000000080020f0       0xa4 Core/Src/stm32f0xx_hal_msp.o
                0x00000000080020f0                HAL_ADC_MspInit
 .text.HAL_I2C_MspInit
                0x0000000008002194       0x78 Core/Src/stm32f0xx_hal_msp.o
                0x0000000008002194                HAL_I2C_MspInit
 .text.HAL_TIM_Base_MspInit
                0x000000000800220c       0x38 Core/Src/stm32f0xx_hal_msp.o
                0x000000000800220c                HAL_TIM_Base_MspInit
 .text.NMI_Handler
                0x0000000008002244        0x2 Core/Src/stm32f0xx_it.o
                0x0000000008002244                NMI_Handler
 .text.HardFault_Handler
                0x0000000008002246        0x2 Core/Src/stm32f0xx_it.o
                0x0000000008002246                HardFault_Handler
 .text.SVC_Handler
                0x0000000008002248        0x2 Core/Src/stm32f0xx_it.o
                0x0000000008002248                SVC_Handler
 .text.PendSV_Handler
                0x000000000800224a        0x2 Core/Src/stm32f0xx_it.o
                0x000000000800224a                PendSV_Handler
 .text.SysTick_Handler
                0x000000000800224c        0x8 Core/Src/stm32f0xx_it.o
                0x000000000800224c                SysTick_Handler
 .text.EXTI4_15_IRQHandler
                0x0000000008002254       0x3c Core/Src/stm32f0xx_it.o
                0x0000000008002254                EXTI4_15_IRQHandler
 .text.DMA1_Channel1_IRQHandler
                0x0000000008002290       0x10 Core/Src/stm32f0xx_it.o
                0x0000000008002290                DMA1_Channel1_IRQHandler
 .text.ADC1_IRQHandler
                0x00000000080022a0       0x10 Core/Src/stm32f0xx_it.o
                0x00000000080022a0                ADC1_IRQHandler
 .text.TIM1_BRK_UP_TRG_COM_IRQHandler
                0x00000000080022b0       0x10 Core/Src/stm32f0xx_it.o
                0x00000000080022b0                TIM1_BRK_UP_TRG_COM_IRQHandler
 .text.I2C1_IRQHandler
                0x00000000080022c0       0x20 Core/Src/stm32f0xx_it.o
                0x00000000080022c0                I2C1_IRQHandler
 .text.USB_IRQHandler
                0x00000000080022e0       0x10 Core/Src/stm32f0xx_it.o
                0x00000000080022e0                USB_IRQHandler
 .text._sbrk    0x00000000080022f0       0x40 Core/Src/sysmem.o
                0x00000000080022f0                _sbrk
 .text.SystemInit
                0x0000000008002330        0x2 Core/Src/system_stm32f0xx.o
                0x0000000008002330                SystemInit
 *fill*         0x0000000008002332        0x2 
 .text.Reset_Handler
                0x0000000008002334       0x80 Core/Startup/startup_stm32f042c6tx.o
                0x0000000008002334                Reset_Handler
 .text.Default_Handler
                0x00000000080023b4        0x2 Core/Startup/startup_stm32f042c6tx.o
                0x00000000080023b4                TIM1_CC_IRQHandler
                0x00000000080023b4                TSC_IRQHandler
                0x00000000080023b4                RCC_CRS_IRQHandler
                0x00000000080023b4                SPI1_IRQHandler
                0x00000000080023b4                EXTI2_3_IRQHandler
                0x00000000080023b4                TIM17_IRQHandler
                0x00000000080023b4                CEC_CAN_IRQHandler
                0x00000000080023b4                RTC_IRQHandler
                0x00000000080023b4                PVD_VDDIO2_IRQHandler
                0x00000000080023b4                TIM16_IRQHandler
                0x00000000080023b4                TIM3_IRQHandler
                0x00000000080023b4                Default_Handler
                0x00000000080023b4                TIM14_IRQHandler
                0x00000000080023b4                DMA1_Channel4_5_IRQHandler
                0x00000000080023b4                EXTI0_1_IRQHandler
                0x00000000080023b4                SPI2_IRQHandler
                0x00000000080023b4                WWDG_IRQHandler
                0x00000000080023b4                TIM2_IRQHandler
                0x00000000080023b4                DMA1_Channel2_3_IRQHandler
                0x00000000080023b4                USART2_IRQHandler
                0x00000000080023b4                FLASH_IRQHandler
                0x00000000080023b4                USART1_IRQHandler
 *fill*         0x00000000080023b6        0x2 
 .text.HAL_InitTick
                0x00000000080023b8       0x48 Drivers/STM32F0xx_HAL_Driver/Src/stm32f0xx_hal.o
                0x00000000080023b8                HAL_InitTick
 .text.HAL_Init
                0x0000000008002400       0x20 Drivers/STM32F0xx_HAL_Driver/Src/stm32f0xx_hal.o
                0x0000000008002400                HAL_Init
 .text.HAL_IncTick
                0x0000000008002420       0x18 Drivers/STM32F0xx_HAL_Driver/Src/stm32f0xx_hal.o
                0x0000000008002420                HAL_IncTick
 .text.HAL_GetTick
                0x0000000008002438        0xc Drivers/STM32F0xx_HAL_Driver/Src/stm32f0xx_hal.o
                0x0000000008002438                HAL_GetTick
 .text.HAL_Delay
                0x0000000008002444       0x24 Drivers/STM32F0xx_HAL_Driver/Src/stm32f0xx_hal.o
                0x0000000008002444                HAL_Delay
 .text.ADC_Disable
                0x0000000008002468       0x72 Drivers/STM32F0xx_HAL_Driver/Src/stm32f0xx_hal_adc.o
 *fill*         0x00000000080024da        0x2 
 .text.ADC_Enable
                0x00000000080024dc       0x98 Drivers/STM32F0xx_HAL_Driver/Src/stm32f0xx_hal_adc.o
 .text.ADC_ConversionStop
                0x0000000008002574       0x52 Drivers/STM32F0xx_HAL_Driver/Src/stm32f0xx_hal_adc.o
 *fill*         0x00000000080025c6        0x2 
 .text.HAL_ADC_Init
                0x00000000080025c8      0x14c Drivers/STM32F0xx_HAL_Driver/Src/stm32f0xx_hal_adc.o
                0x00000000080025c8                HAL_ADC_Init
 .text.HAL_ADC_Start_DMA
                0x0000000008002714       0x94 Drivers/STM32F0xx_HAL_Driver/Src/stm32f0xx_hal_adc.o
                0x0000000008002714                HAL_ADC_Start_DMA
 .text.HAL_ADC_Stop_DMA
                0x00000000080027a8       0x70 Drivers/STM32F0xx_HAL_Driver/Src/stm32f0xx_hal_adc.o
                0x00000000080027a8                HAL_ADC_Stop_DMA
 .text.HAL_ADC_ConvCpltCallback
                0x0000000008002818        0x2 Drivers/STM32F0xx_HAL_Driver/Src/stm32f0xx_hal_adc.o
                0x0000000008002818                HAL_ADC_ConvCpltCallback
 *fill*         0x000000000800281a        0x2 
 .text.ADC_DMAConvCplt
                0x000000000800281c       0x70 Drivers/STM32F0xx_HAL_Driver/Src/stm32f0xx_hal_adc.o
 .text.HAL_ADC_ConvHalfCpltCallback
                0x000000000800288c        0x2 Drivers/STM32F0xx_HAL_Driver/Src/stm32f0xx_hal_adc.o
                0x000000000800288c                HAL_ADC_ConvHalfCpltCallback
 .text.ADC_DMAHalfConvCplt
                0x000000000800288e        0xa Drivers/STM32F0xx_HAL_Driver/Src/stm32f0xx_hal_adc.o
 .text.HAL_ADC_LevelOutOfWindowCallback
                0x0000000008002898        0x2 Drivers/STM32F0xx_HAL_Driver/Src/stm32f0xx_hal_adc.o
                0x0000000008002898                HAL_ADC_LevelOutOfWindowCallback
 .text.HAL_ADC_ErrorCallback
                0x000000000800289a        0x2 Drivers/STM32F0xx_HAL_Driver/Src/stm32f0xx_hal_adc.o
                0x000000000800289a                HAL_ADC_ErrorCallback
 .text.ADC_DMAError
                0x000000000800289c       0x1a Drivers/STM32F0xx_HAL_Driver/Src/stm32f0xx_hal_adc.o
 *fill*         0x00000000080028b6        0x2 
 .text.HAL_ADC_IRQHandler
                0x00000000080028b8       0xe0 Drivers/STM32F0xx_HAL_Driver/Src/stm32f0xx_hal_adc.o
                0x00000000080028b8                HAL_ADC_IRQHandler
 .text.HAL_ADC_ConfigChannel
                0x0000000008002998      0x100 Drivers/STM32F0xx_HAL_Driver/Src/stm32f0xx_hal_adc.o
                0x0000000008002998                HAL_ADC_ConfigChannel
 .text.HAL_NVIC_SetPriority
                0x0000000008002a98       0x54 Drivers/STM32F0xx_HAL_Driver/Src/stm32f0xx_hal_cortex.o
                0x0000000008002a98                HAL_NVIC_SetPriority
 .text.HAL_NVIC_EnableIRQ
                0x0000000008002aec       0x18 Drivers/STM32F0xx_HAL_Driver/Src/stm32f0xx_hal_cortex.o
                0x0000000008002aec                HAL_NVIC_EnableIRQ
 .text.HAL_NVIC_DisableIRQ
                0x0000000008002b04       0x20 Drivers/STM32F0xx_HAL_Driver/Src/stm32f0xx_hal_cortex.o
                0x0000000008002b04                HAL_NVIC_DisableIRQ
 .text.HAL_SYSTICK_Config
                0x0000000008002b24       0x34 Drivers/STM32F0xx_HAL_Driver/Src/stm32f0xx_hal_cortex.o
                0x0000000008002b24                HAL_SYSTICK_Config
 .text.HAL_DMA_Init
                0x0000000008002b58       0x64 Drivers/STM32F0xx_HAL_Driver/Src/stm32f0xx_hal_dma.o
                0x0000000008002b58                HAL_DMA_Init
 .text.HAL_DMA_Start_IT
                0x0000000008002bbc       0x78 Drivers/STM32F0xx_HAL_Driver/Src/stm32f0xx_hal_dma.o
                0x0000000008002bbc                HAL_DMA_Start_IT
 .text.HAL_DMA_Abort
                0x0000000008002c34       0x3c Drivers/STM32F0xx_HAL_Driver/Src/stm32f0xx_hal_dma.o
                0x0000000008002c34                HAL_DMA_Abort
 .text.HAL_DMA_Abort_IT
                0x0000000008002c70       0x46 Drivers/STM32F0xx_HAL_Driver/Src/stm32f0xx_hal_dma.o
                0x0000000008002c70                HAL_DMA_Abort_IT
 .text.HAL_DMA_PollForTransfer
                0x0000000008002cb6       0xba Drivers/STM32F0xx_HAL_Driver/Src/stm32f0xx_hal_dma.o
                0x0000000008002cb6                HAL_DMA_PollForTransfer
 .text.HAL_DMA_IRQHandler
                0x0000000008002d70       0x92 Drivers/STM32F0xx_HAL_Driver/Src/stm32f0xx_hal_dma.o
                0x0000000008002d70                HAL_DMA_IRQHandler
 *fill*         0x0000000008002e02        0x2 
 .text.HAL_GPIO_Init
                0x0000000008002e04      0x154 Drivers/STM32F0xx_HAL_Driver/Src/stm32f0xx_hal_gpio.o
                0x0000000008002e04                HAL_GPIO_Init
 .text.HAL_GPIO_ReadPin
                0x0000000008002f58        0xc Drivers/STM32F0xx_HAL_Driver/Src/stm32f0xx_hal_gpio.o
                0x0000000008002f58                HAL_GPIO_ReadPin
 .text.HAL_GPIO_WritePin
                0x0000000008002f64        0xc Drivers/STM32F0xx_HAL_Driver/Src/stm32f0xx_hal_gpio.o
                0x0000000008002f64                HAL_GPIO_WritePin
 .text.I2C_Flush_TXDR
                0x0000000008002f70       0x1c Drivers/STM32F0xx_HAL_Driver/Src/stm32f0xx_hal_i2c.o
 .text.I2C_TransferConfig
                0x0000000008002f8c       0x28 Drivers/STM32F0xx_HAL_Driver/Src/stm32f0xx_hal_i2c.o
 .text.I2C_Disable_IRQ
                0x0000000008002fb4       0x46 Drivers/STM32F0xx_HAL_Driver/Src/stm32f0xx_hal_i2c.o
 *fill*         0x0000000008002ffa        0x2 
 .text.I2C_IsAcknowledgeFailed
                0x0000000008002ffc       0x7c Drivers/STM32F0xx_HAL_Driver/Src/stm32f0xx_hal_i2c.o
 .text.I2C_WaitOnSTOPFlagUntilTimeout
                0x0000000008003078       0x50 Drivers/STM32F0xx_HAL_Driver/Src/stm32f0xx_hal_i2c.o
 .text.I2C_WaitOnFlagUntilTimeout
                0x00000000080030c8       0x50 Drivers/STM32F0xx_HAL_Driver/Src/stm32f0xx_hal_i2c.o
 .text.I2C_WaitOnTXISFlagUntilTimeout
                0x0000000008003118       0x54 Drivers/STM32F0xx_HAL_Driver/Src/stm32f0xx_hal_i2c.o
 .text.I2C_RequestMemoryWrite
                0x000000000800316c       0x64 Drivers/STM32F0xx_HAL_Driver/Src/stm32f0xx_hal_i2c.o
 .text.HAL_I2C_Init
                0x00000000080031d0       0xac Drivers/STM32F0xx_HAL_Driver/Src/stm32f0xx_hal_i2c.o
                0x00000000080031d0                HAL_I2C_Init
 .text.HAL_I2C_Mem_Write
                0x000000000800327c      0x16c Drivers/STM32F0xx_HAL_Driver/Src/stm32f0xx_hal_i2c.o
                0x000000000800327c                HAL_I2C_Mem_Write
 .text.HAL_I2C_EV_IRQHandler
                0x00000000080033e8       0x12 Drivers/STM32F0xx_HAL_Driver/Src/stm32f0xx_hal_i2c.o
                0x00000000080033e8                HAL_I2C_EV_IRQHandler
 .text.HAL_I2C_SlaveTxCpltCallback
                0x00000000080033fa        0x2 Drivers/STM32F0xx_HAL_Driver/Src/stm32f0xx_hal_i2c.o
                0x00000000080033fa                HAL_I2C_SlaveTxCpltCallback
 .text.HAL_I2C_SlaveRxCpltCallback
                0x00000000080033fc        0x2 Drivers/STM32F0xx_HAL_Driver/Src/stm32f0xx_hal_i2c.o
                0x00000000080033fc                HAL_I2C_SlaveRxCpltCallback
 .text.I2C_ITSlaveSeqCplt
                0x00000000080033fe       0x52 Drivers/STM32F0xx_HAL_Driver/Src/stm32f0xx_hal_i2c.o
 .text.HAL_I2C_AddrCallback
                0x0000000008003450        0x2 Drivers/STM32F0xx_HAL_Driver/Src/stm32f0xx_hal_i2c.o
                0x0000000008003450                HAL_I2C_AddrCallback
 .text.I2C_ITAddrCplt.isra.9
                0x0000000008003452       0x90 Drivers/STM32F0xx_HAL_Driver/Src/stm32f0xx_hal_i2c.o
 .text.HAL_I2C_ListenCpltCallback
                0x00000000080034e2        0x2 Drivers/STM32F0xx_HAL_Driver/Src/stm32f0xx_hal_i2c.o
                0x00000000080034e2                HAL_I2C_ListenCpltCallback
 .text.I2C_ITListenCplt
                0x00000000080034e4       0x68 Drivers/STM32F0xx_HAL_Driver/Src/stm32f0xx_hal_i2c.o
 .text.HAL_I2C_ErrorCallback
                0x000000000800354c        0x2 Drivers/STM32F0xx_HAL_Driver/Src/stm32f0xx_hal_i2c.o
                0x000000000800354c                HAL_I2C_ErrorCallback
 .text.HAL_I2C_AbortCpltCallback
                0x000000000800354e        0x2 Drivers/STM32F0xx_HAL_Driver/Src/stm32f0xx_hal_i2c.o
                0x000000000800354e                HAL_I2C_AbortCpltCallback
 .text.I2C_ITError
                0x0000000008003550       0xe4 Drivers/STM32F0xx_HAL_Driver/Src/stm32f0xx_hal_i2c.o
 .text.I2C_ITSlaveCplt
                0x0000000008003634       0xf8 Drivers/STM32F0xx_HAL_Driver/Src/stm32f0xx_hal_i2c.o
 .text.I2C_Slave_ISR_IT
                0x000000000800372c      0x130 Drivers/STM32F0xx_HAL_Driver/Src/stm32f0xx_hal_i2c.o
 .text.HAL_I2C_ER_IRQHandler
                0x000000000800385c       0x62 Drivers/STM32F0xx_HAL_Driver/Src/stm32f0xx_hal_i2c.o
                0x000000000800385c                HAL_I2C_ER_IRQHandler
 .text.I2C_DMAAbort
                0x00000000080038be       0x28 Drivers/STM32F0xx_HAL_Driver/Src/stm32f0xx_hal_i2c.o
 *fill*         0x00000000080038e6        0x2 
 .text.HAL_I2CEx_ConfigAnalogFilter
                0x00000000080038e8       0x4c Drivers/STM32F0xx_HAL_Driver/Src/stm32f0xx_hal_i2c_ex.o
                0x00000000080038e8                HAL_I2CEx_ConfigAnalogFilter
 .text.HAL_I2CEx_ConfigDigitalFilter
                0x0000000008003934       0x48 Drivers/STM32F0xx_HAL_Driver/Src/stm32f0xx_hal_i2c_ex.o
                0x0000000008003934                HAL_I2CEx_ConfigDigitalFilter
 .text.HAL_PCD_Init
                0x000000000800397c       0xc4 Drivers/STM32F0xx_HAL_Driver/Src/stm32f0xx_hal_pcd.o
                0x000000000800397c                HAL_PCD_Init
 .text.HAL_PCD_Start
                0x0000000008003a40       0x26 Drivers/STM32F0xx_HAL_Driver/Src/stm32f0xx_hal_pcd.o
                0x0000000008003a40                HAL_PCD_Start
 .text.HAL_PCD_Stop
                0x0000000008003a66       0x26 Drivers/STM32F0xx_HAL_Driver/Src/stm32f0xx_hal_pcd.o
                0x0000000008003a66                HAL_PCD_Stop
 .text.HAL_PCD_DeInit
                0x0000000008003a8c       0x28 Drivers/STM32F0xx_HAL_Driver/Src/stm32f0xx_hal_pcd.o
                0x0000000008003a8c                HAL_PCD_DeInit
 .text.HAL_PCD_DevDisconnect
                0x0000000008003ab4       0x20 Drivers/STM32F0xx_HAL_Driver/Src/stm32f0xx_hal_pcd.o
                0x0000000008003ab4                HAL_PCD_DevDisconnect
 .text.HAL_PCD_SetAddress
                0x0000000008003ad4       0x24 Drivers/STM32F0xx_HAL_Driver/Src/stm32f0xx_hal_pcd.o
                0x0000000008003ad4                HAL_PCD_SetAddress
 .text.HAL_PCD_EP_Open
                0x0000000008003af8       0x60 Drivers/STM32F0xx_HAL_Driver/Src/stm32f0xx_hal_pcd.o
                0x0000000008003af8                HAL_PCD_EP_Open
 .text.HAL_PCD_EP_Close
                0x0000000008003b58       0x48 Drivers/STM32F0xx_HAL_Driver/Src/stm32f0xx_hal_pcd.o
                0x0000000008003b58                HAL_PCD_EP_Close
 .text.HAL_PCD_EP_Receive
                0x0000000008003ba0       0x36 Drivers/STM32F0xx_HAL_Driver/Src/stm32f0xx_hal_pcd.o
                0x0000000008003ba0                HAL_PCD_EP_Receive
 .text.HAL_PCD_EP_GetRxCount
                0x0000000008003bd6        0xe Drivers/STM32F0xx_HAL_Driver/Src/stm32f0xx_hal_pcd.o
                0x0000000008003bd6                HAL_PCD_EP_GetRxCount
 .text.HAL_PCD_EP_Transmit
                0x0000000008003be4       0x2e Drivers/STM32F0xx_HAL_Driver/Src/stm32f0xx_hal_pcd.o
                0x0000000008003be4                HAL_PCD_EP_Transmit
 *fill*         0x0000000008003c12        0x2 
 .text.HAL_PCD_IRQHandler
                0x0000000008003c14      0x498 Drivers/STM32F0xx_HAL_Driver/Src/stm32f0xx_hal_pcd.o
                0x0000000008003c14                HAL_PCD_IRQHandler
 .text.HAL_PCD_EP_SetStall
                0x00000000080040ac       0x6a Drivers/STM32F0xx_HAL_Driver/Src/stm32f0xx_hal_pcd.o
                0x00000000080040ac                HAL_PCD_EP_SetStall
 .text.HAL_PCD_EP_ClrStall
                0x0000000008004116       0x58 Drivers/STM32F0xx_HAL_Driver/Src/stm32f0xx_hal_pcd.o
                0x0000000008004116                HAL_PCD_EP_ClrStall
 .text.HAL_PCDEx_PMAConfig
                0x000000000800416e       0x32 Drivers/STM32F0xx_HAL_Driver/Src/stm32f0xx_hal_pcd_ex.o
                0x000000000800416e                HAL_PCDEx_PMAConfig
 .text.HAL_PCDEx_ActivateLPM
                0x00000000080041a0       0x28 Drivers/STM32F0xx_HAL_Driver/Src/stm32f0xx_hal_pcd_ex.o
                0x00000000080041a0                HAL_PCDEx_ActivateLPM
 .text.HAL_PCDEx_LPM_Callback
                0x00000000080041c8        0x2 Drivers/STM32F0xx_HAL_Driver/Src/stm32f0xx_hal_pcd_ex.o
                0x00000000080041c8                HAL_PCDEx_LPM_Callback
 .text.HAL_TIM_Base_Start_IT
                0x00000000080041ca       0x1e Drivers/STM32F0xx_HAL_Driver/Src/stm32f0xx_hal_tim.o
                0x00000000080041ca                HAL_TIM_Base_Start_IT
 .text.HAL_TIM_OC_DelayElapsedCallback
                0x00000000080041e8        0x2 Drivers/STM32F0xx_HAL_Driver/Src/stm32f0xx_hal_tim.o
                0x00000000080041e8                HAL_TIM_OC_DelayElapsedCallback
 .text.HAL_TIM_IC_CaptureCallback
                0x00000000080041ea        0x2 Drivers/STM32F0xx_HAL_Driver/Src/stm32f0xx_hal_tim.o
                0x00000000080041ea                HAL_TIM_IC_CaptureCallback
 .text.HAL_TIM_PWM_PulseFinishedCallback
                0x00000000080041ec        0x2 Drivers/STM32F0xx_HAL_Driver/Src/stm32f0xx_hal_tim.o
                0x00000000080041ec                HAL_TIM_PWM_PulseFinishedCallback
 .text.HAL_TIM_TriggerCallback
                0x00000000080041ee        0x2 Drivers/STM32F0xx_HAL_Driver/Src/stm32f0xx_hal_tim.o
                0x00000000080041ee                HAL_TIM_TriggerCallback
 .text.HAL_TIM_IRQHandler
                0x00000000080041f0      0x148 Drivers/STM32F0xx_HAL_Driver/Src/stm32f0xx_hal_tim.o
                0x00000000080041f0                HAL_TIM_IRQHandler
 .text.TIM_Base_SetConfig
                0x0000000008004338       0x90 Drivers/STM32F0xx_HAL_Driver/Src/stm32f0xx_hal_tim.o
                0x0000000008004338                TIM_Base_SetConfig
 .text.HAL_TIM_Base_Init
                0x00000000080043c8       0x36 Drivers/STM32F0xx_HAL_Driver/Src/stm32f0xx_hal_tim.o
                0x00000000080043c8                HAL_TIM_Base_Init
 *fill*         0x00000000080043fe        0x2 
 .text.TIM_ETR_SetConfig
                0x0000000008004400       0x18 Drivers/STM32F0xx_HAL_Driver/Src/stm32f0xx_hal_tim.o
                0x0000000008004400                TIM_ETR_SetConfig
 .text.HAL_TIM_ConfigClockSource
                0x0000000008004418      0x12c Drivers/STM32F0xx_HAL_Driver/Src/stm32f0xx_hal_tim.o
                0x0000000008004418                HAL_TIM_ConfigClockSource
 .text.HAL_TIMEx_MasterConfigSynchronization
                0x0000000008004544       0x5c Drivers/STM32F0xx_HAL_Driver/Src/stm32f0xx_hal_tim_ex.o
                0x0000000008004544                HAL_TIMEx_MasterConfigSynchronization
 .text.HAL_TIMEx_CommutCallback
                0x00000000080045a0        0x2 Drivers/STM32F0xx_HAL_Driver/Src/stm32f0xx_hal_tim_ex.o
                0x00000000080045a0                HAL_TIMEx_CommutCallback
 .text.HAL_TIMEx_BreakCallback
                0x00000000080045a2        0x2 Drivers/STM32F0xx_HAL_Driver/Src/stm32f0xx_hal_tim_ex.o
                0x00000000080045a2                HAL_TIMEx_BreakCallback
 .text.LL_EXTI_Init
                0x00000000080045a4       0xa0 Drivers/STM32F0xx_HAL_Driver/Src/stm32f0xx_ll_exti.o
                0x00000000080045a4                LL_EXTI_Init
 .text.LL_GPIO_Init
                0x0000000008004644       0xb8 Drivers/STM32F0xx_HAL_Driver/Src/stm32f0xx_ll_gpio.o
                0x0000000008004644                LL_GPIO_Init
 .text.USB_EnableGlobalInt
                0x00000000080046fc       0x14 Drivers/STM32F0xx_HAL_Driver/Src/stm32f0xx_ll_usb.o
                0x00000000080046fc                USB_EnableGlobalInt
 .text.USB_DisableGlobalInt
                0x0000000008004710       0x14 Drivers/STM32F0xx_HAL_Driver/Src/stm32f0xx_ll_usb.o
                0x0000000008004710                USB_DisableGlobalInt
 .text.USB_DevInit
                0x0000000008004724       0x2c Drivers/STM32F0xx_HAL_Driver/Src/stm32f0xx_ll_usb.o
                0x0000000008004724                USB_DevInit
 .text.USB_ActivateEndpoint
                0x0000000008004750      0x284 Drivers/STM32F0xx_HAL_Driver/Src/stm32f0xx_ll_usb.o
                0x0000000008004750                USB_ActivateEndpoint
 .text.USB_DeactivateEndpoint
                0x00000000080049d4      0x12c Drivers/STM32F0xx_HAL_Driver/Src/stm32f0xx_ll_usb.o
                0x00000000080049d4                USB_DeactivateEndpoint
 .text.USB_EPSetStall
                0x0000000008004b00       0x3c Drivers/STM32F0xx_HAL_Driver/Src/stm32f0xx_ll_usb.o
                0x0000000008004b00                USB_EPSetStall
 .text.USB_EPClearStall
                0x0000000008004b3c       0x84 Drivers/STM32F0xx_HAL_Driver/Src/stm32f0xx_ll_usb.o
                0x0000000008004b3c                USB_EPClearStall
 .text.USB_StopDevice
                0x0000000008004bc0       0x12 Drivers/STM32F0xx_HAL_Driver/Src/stm32f0xx_ll_usb.o
                0x0000000008004bc0                USB_StopDevice
 .text.USB_SetDevAddress
                0x0000000008004bd2        0xe Drivers/STM32F0xx_HAL_Driver/Src/stm32f0xx_ll_usb.o
                0x0000000008004bd2                USB_SetDevAddress
 .text.USB_DevConnect
                0x0000000008004be0       0x10 Drivers/STM32F0xx_HAL_Driver/Src/stm32f0xx_ll_usb.o
                0x0000000008004be0                USB_DevConnect
 .text.USB_DevDisconnect
                0x0000000008004bf0        0xe Drivers/STM32F0xx_HAL_Driver/Src/stm32f0xx_ll_usb.o
                0x0000000008004bf0                USB_DevDisconnect
 .text.USB_ReadInterrupts
                0x0000000008004bfe        0x8 Drivers/STM32F0xx_HAL_Driver/Src/stm32f0xx_ll_usb.o
                0x0000000008004bfe                USB_ReadInterrupts
 .text.USB_EP0_OutStart
                0x0000000008004c06        0x4 Drivers/STM32F0xx_HAL_Driver/Src/stm32f0xx_ll_usb.o
                0x0000000008004c06                USB_EP0_OutStart
 .text.USB_WritePMA
                0x0000000008004c0a       0x28 Drivers/STM32F0xx_HAL_Driver/Src/stm32f0xx_ll_usb.o
                0x0000000008004c0a                USB_WritePMA
 *fill*         0x0000000008004c32        0x2 
 .text.USB_EPStartXfer
                0x0000000008004c34      0x1d0 Drivers/STM32F0xx_HAL_Driver/Src/stm32f0xx_ll_usb.o
                0x0000000008004c34                USB_EPStartXfer
 .text.USB_ReadPMA
                0x0000000008004e04       0x38 Drivers/STM32F0xx_HAL_Driver/Src/stm32f0xx_ll_usb.o
                0x0000000008004e04                USB_ReadPMA
 .text.LL_SetSystemCoreClock
                0x0000000008004e3c        0xc Drivers/STM32F0xx_HAL_Driver/Src/stm32f0xx_ll_utils.o
                0x0000000008004e3c                LL_SetSystemCoreClock
 .text.USBD_CDC_EP0_RxReady
                0x0000000008004e48       0x34 Middlewares/ST/STM32_USB_Device_Library/Class/CDC/Src/usbd_cdc.o
 .text.USBD_CDC_GetFSCfgDesc
                0x0000000008004e7c        0xc Middlewares/ST/STM32_USB_Device_Library/Class/CDC/Src/usbd_cdc.o
 .text.USBD_CDC_GetHSCfgDesc
                0x0000000008004e88        0xc Middlewares/ST/STM32_USB_Device_Library/Class/CDC/Src/usbd_cdc.o
 .text.USBD_CDC_GetOtherSpeedCfgDesc
                0x0000000008004e94        0xc Middlewares/ST/STM32_USB_Device_Library/Class/CDC/Src/usbd_cdc.o
 .text.USBD_CDC_GetDeviceQualifierDescriptor
                0x0000000008004ea0        0xc Middlewares/ST/STM32_USB_Device_Library/Class/CDC/Src/usbd_cdc.o
                0x0000000008004ea0                USBD_CDC_GetDeviceQualifierDescriptor
 .text.USBD_CDC_DataOut
                0x0000000008004eac       0x34 Middlewares/ST/STM32_USB_Device_Library/Class/CDC/Src/usbd_cdc.o
 .text.USBD_CDC_DataIn
                0x0000000008004ee0       0x52 Middlewares/ST/STM32_USB_Device_Library/Class/CDC/Src/usbd_cdc.o
 *fill*         0x0000000008004f32        0x2 
 .text.USBD_CDC_Setup
                0x0000000008004f34       0xbc Middlewares/ST/STM32_USB_Device_Library/Class/CDC/Src/usbd_cdc.o
 .text.USBD_CDC_DeInit
                0x0000000008004ff0       0x46 Middlewares/ST/STM32_USB_Device_Library/Class/CDC/Src/usbd_cdc.o
 .text.USBD_CDC_Init
                0x0000000008005036       0xb4 Middlewares/ST/STM32_USB_Device_Library/Class/CDC/Src/usbd_cdc.o
 .text.USBD_CDC_RegisterInterface
                0x00000000080050ea       0x12 Middlewares/ST/STM32_USB_Device_Library/Class/CDC/Src/usbd_cdc.o
                0x00000000080050ea                USBD_CDC_RegisterInterface
 .text.USBD_CDC_SetTxBuffer
                0x00000000080050fc       0x16 Middlewares/ST/STM32_USB_Device_Library/Class/CDC/Src/usbd_cdc.o
                0x00000000080050fc                USBD_CDC_SetTxBuffer
 .text.USBD_CDC_SetRxBuffer
                0x0000000008005112        0xe Middlewares/ST/STM32_USB_Device_Library/Class/CDC/Src/usbd_cdc.o
                0x0000000008005112                USBD_CDC_SetRxBuffer
 .text.USBD_CDC_TransmitPacket
                0x0000000008005120       0x38 Middlewares/ST/STM32_USB_Device_Library/Class/CDC/Src/usbd_cdc.o
                0x0000000008005120                USBD_CDC_TransmitPacket
 .text.USBD_CDC_ReceivePacket
                0x0000000008005158       0x30 Middlewares/ST/STM32_USB_Device_Library/Class/CDC/Src/usbd_cdc.o
                0x0000000008005158                USBD_CDC_ReceivePacket
 .text.USBD_Init
                0x0000000008005188       0x34 Middlewares/ST/STM32_USB_Device_Library/Core/Src/usbd_core.o
                0x0000000008005188                USBD_Init
 .text.USBD_DeInit
                0x00000000080051bc       0x2a Middlewares/ST/STM32_USB_Device_Library/Core/Src/usbd_core.o
                0x00000000080051bc                USBD_DeInit
 .text.USBD_RegisterClass
                0x00000000080051e6       0x12 Middlewares/ST/STM32_USB_Device_Library/Core/Src/usbd_core.o
                0x00000000080051e6                USBD_RegisterClass
 .text.USBD_Start
                0x00000000080051f8        0xa Middlewares/ST/STM32_USB_Device_Library/Core/Src/usbd_core.o
                0x00000000080051f8                USBD_Start
 .text.USBD_Stop
                0x0000000008005202       0x1c Middlewares/ST/STM32_USB_Device_Library/Core/Src/usbd_core.o
                0x0000000008005202                USBD_Stop
 .text.USBD_SetClassConfig
                0x000000000800521e       0x1a Middlewares/ST/STM32_USB_Device_Library/Core/Src/usbd_core.o
                0x000000000800521e                USBD_SetClassConfig
 .text.USBD_ClrClassConfig
                0x0000000008005238       0x10 Middlewares/ST/STM32_USB_Device_Library/Core/Src/usbd_core.o
                0x0000000008005238                USBD_ClrClassConfig
 .text.USBD_LL_SetupStage
                0x0000000008005248       0x64 Middlewares/ST/STM32_USB_Device_Library/Core/Src/usbd_core.o
                0x0000000008005248                USBD_LL_SetupStage
 .text.USBD_LL_DataOutStage
                0x00000000080052ac       0x88 Middlewares/ST/STM32_USB_Device_Library/Core/Src/usbd_core.o
                0x00000000080052ac                USBD_LL_DataOutStage
 .text.USBD_LL_DataInStage
                0x0000000008005334       0xc6 Middlewares/ST/STM32_USB_Device_Library/Core/Src/usbd_core.o
                0x0000000008005334                USBD_LL_DataInStage
 .text.USBD_LL_Reset
                0x00000000080053fa       0x54 Middlewares/ST/STM32_USB_Device_Library/Core/Src/usbd_core.o
                0x00000000080053fa                USBD_LL_Reset
 .text.USBD_LL_SetSpeed
                0x000000000800544e        0x6 Middlewares/ST/STM32_USB_Device_Library/Core/Src/usbd_core.o
                0x000000000800544e                USBD_LL_SetSpeed
 .text.USBD_LL_Suspend
                0x0000000008005454       0x18 Middlewares/ST/STM32_USB_Device_Library/Core/Src/usbd_core.o
                0x0000000008005454                USBD_LL_Suspend
 .text.USBD_LL_Resume
                0x000000000800546c       0x18 Middlewares/ST/STM32_USB_Device_Library/Core/Src/usbd_core.o
                0x000000000800546c                USBD_LL_Resume
 .text.USBD_LL_SOF
                0x0000000008005484       0x1e Middlewares/ST/STM32_USB_Device_Library/Core/Src/usbd_core.o
                0x0000000008005484                USBD_LL_SOF
 .text.USBD_CtlError.constprop.1
                0x00000000080054a2       0x14 Middlewares/ST/STM32_USB_Device_Library/Core/Src/usbd_ctlreq.o
 *fill*         0x00000000080054b6        0x2 
 .text.USBD_StdDevReq
                0x00000000080054b8      0x25c Middlewares/ST/STM32_USB_Device_Library/Core/Src/usbd_ctlreq.o
                0x00000000080054b8                USBD_StdDevReq
 .text.USBD_StdItfReq
                0x0000000008005714       0x54 Middlewares/ST/STM32_USB_Device_Library/Core/Src/usbd_ctlreq.o
                0x0000000008005714                USBD_StdItfReq
 .text.USBD_StdEPReq
                0x0000000008005768      0x126 Middlewares/ST/STM32_USB_Device_Library/Core/Src/usbd_ctlreq.o
                0x0000000008005768                USBD_StdEPReq
 .text.USBD_ParseSetupRequest
                0x000000000800588e       0x28 Middlewares/ST/STM32_USB_Device_Library/Core/Src/usbd_ctlreq.o
                0x000000000800588e                USBD_ParseSetupRequest
 .text.USBD_CtlError
                0x00000000080058b6       0x14 Middlewares/ST/STM32_USB_Device_Library/Core/Src/usbd_ctlreq.o
                0x00000000080058b6                USBD_CtlError
 .text.USBD_GetString
                0x00000000080058ca       0x3a Middlewares/ST/STM32_USB_Device_Library/Core/Src/usbd_ctlreq.o
                0x00000000080058ca                USBD_GetString
 .text.USBD_CtlSendData
                0x0000000008005904       0x1c Middlewares/ST/STM32_USB_Device_Library/Core/Src/usbd_ioreq.o
                0x0000000008005904                USBD_CtlSendData
 .text.USBD_CtlContinueSendData
                0x0000000008005920       0x10 Middlewares/ST/STM32_USB_Device_Library/Core/Src/usbd_ioreq.o
                0x0000000008005920                USBD_CtlContinueSendData
 .text.USBD_CtlPrepareRx
                0x0000000008005930       0x20 Middlewares/ST/STM32_USB_Device_Library/Core/Src/usbd_ioreq.o
                0x0000000008005930                USBD_CtlPrepareRx
 .text.USBD_CtlContinueRx
                0x0000000008005950       0x10 Middlewares/ST/STM32_USB_Device_Library/Core/Src/usbd_ioreq.o
                0x0000000008005950                USBD_CtlContinueRx
 .text.USBD_CtlSendStatus
                0x0000000008005960       0x18 Middlewares/ST/STM32_USB_Device_Library/Core/Src/usbd_ioreq.o
                0x0000000008005960                USBD_CtlSendStatus
 .text.USBD_CtlReceiveStatus
                0x0000000008005978       0x18 Middlewares/ST/STM32_USB_Device_Library/Core/Src/usbd_ioreq.o
                0x0000000008005978                USBD_CtlReceiveStatus
 .text.MX_USB_DEVICE_Init
                0x0000000008005990       0x68 USB_DEVICE/App/usb_device.o
                0x0000000008005990                MX_USB_DEVICE_Init
 .text.GetStatus
                0x00000000080059f8       0x4c USB_DEVICE/App/usbd_cdc_if.o
 .text.CDC_DeInit_FS
                0x0000000008005a44        0x4 USB_DEVICE/App/usbd_cdc_if.o
 .text.CDC_Control_FS
                0x0000000008005a48        0x4 USB_DEVICE/App/usbd_cdc_if.o
 .text.CDC_Init_FS
                0x0000000008005a4c       0x28 USB_DEVICE/App/usbd_cdc_if.o
 .text.CDC_Transmit_FS
                0x0000000008005a74       0x2c USB_DEVICE/App/usbd_cdc_if.o
                0x0000000008005a74                CDC_Transmit_FS
 .text.CDC_Receive_FS
                0x0000000008005aa0      0x32c USB_DEVICE/App/usbd_cdc_if.o
 .text.USBD_FS_DeviceDescriptor
                0x0000000008005dcc        0xc USB_DEVICE/App/usbd_desc.o
                0x0000000008005dcc                USBD_FS_DeviceDescriptor
 .text.USBD_FS_LangIDStrDescriptor
                0x0000000008005dd8        0xc USB_DEVICE/App/usbd_desc.o
                0x0000000008005dd8                USBD_FS_LangIDStrDescriptor
 .text.IntToUnicode
                0x0000000008005de4       0x2a USB_DEVICE/App/usbd_desc.o
 *fill*         0x0000000008005e0e        0x2 
 .text.USBD_FS_SerialStrDescriptor
                0x0000000008005e10       0x44 USB_DEVICE/App/usbd_desc.o
                0x0000000008005e10                USBD_FS_SerialStrDescriptor
 .text.USBD_FS_ManufacturerStrDescriptor
                0x0000000008005e54       0x1c USB_DEVICE/App/usbd_desc.o
                0x0000000008005e54                USBD_FS_ManufacturerStrDescriptor
 .text.USBD_FS_ProductStrDescriptor
                0x0000000008005e70       0x1c USB_DEVICE/App/usbd_desc.o
                0x0000000008005e70                USBD_FS_ProductStrDescriptor
 .text.USBD_FS_ConfigStrDescriptor
                0x0000000008005e8c       0x1c USB_DEVICE/App/usbd_desc.o
                0x0000000008005e8c                USBD_FS_ConfigStrDescriptor
 .text.USBD_FS_InterfaceStrDescriptor
                0x0000000008005ea8       0x1c USB_DEVICE/App/usbd_desc.o
                0x0000000008005ea8                USBD_FS_InterfaceStrDescriptor
 .text.HAL_PCD_MspInit
                0x0000000008005ec4       0x38 USB_DEVICE/Target/usbd_conf.o
                0x0000000008005ec4                HAL_PCD_MspInit
 .text.HAL_PCD_MspDeInit
                0x0000000008005efc       0x28 USB_DEVICE/Target/usbd_conf.o
                0x0000000008005efc                HAL_PCD_MspDeInit
 .text.HAL_PCD_SetupStageCallback
                0x0000000008005f24       0x12 USB_DEVICE/Target/usbd_conf.o
                0x0000000008005f24                HAL_PCD_SetupStageCallback
 .text.HAL_PCD_DataOutStageCallback
                0x0000000008005f36       0x16 USB_DEVICE/Target/usbd_conf.o
                0x0000000008005f36                HAL_PCD_DataOutStageCallback
 .text.HAL_PCD_DataInStageCallback
                0x0000000008005f4c       0x14 USB_DEVICE/Target/usbd_conf.o
                0x0000000008005f4c                HAL_PCD_DataInStageCallback
 .text.HAL_PCD_SOFCallback
                0x0000000008005f60        0xe USB_DEVICE/Target/usbd_conf.o
                0x0000000008005f60                HAL_PCD_SOFCallback
 .text.HAL_PCD_ResetCallback
                0x0000000008005f6e       0x22 USB_DEVICE/Target/usbd_conf.o
                0x0000000008005f6e                HAL_PCD_ResetCallback
 .text.HAL_PCD_SuspendCallback
                0x0000000008005f90       0x24 USB_DEVICE/Target/usbd_conf.o
                0x0000000008005f90                HAL_PCD_SuspendCallback
 .text.HAL_PCD_ResumeCallback
                0x0000000008005fb4       0x28 USB_DEVICE/Target/usbd_conf.o
                0x0000000008005fb4                HAL_PCD_ResumeCallback
 .text.USBD_LL_Init
                0x0000000008005fdc       0x80 USB_DEVICE/Target/usbd_conf.o
                0x0000000008005fdc                USBD_LL_Init
 .text.USBD_LL_DeInit
                0x000000000800605c       0x20 USB_DEVICE/Target/usbd_conf.o
                0x000000000800605c                USBD_LL_DeInit
 .text.USBD_LL_Start
                0x000000000800607c       0x20 USB_DEVICE/Target/usbd_conf.o
                0x000000000800607c                USBD_LL_Start
 .text.USBD_LL_Stop
                0x000000000800609c       0x20 USB_DEVICE/Target/usbd_conf.o
                0x000000000800609c                USBD_LL_Stop
 .text.USBD_LL_OpenEP
                0x00000000080060bc       0x24 USB_DEVICE/Target/usbd_conf.o
                0x00000000080060bc                USBD_LL_OpenEP
 .text.USBD_LL_CloseEP
                0x00000000080060e0       0x20 USB_DEVICE/Target/usbd_conf.o
                0x00000000080060e0                USBD_LL_CloseEP
 .text.USBD_LL_StallEP
                0x0000000008006100       0x20 USB_DEVICE/Target/usbd_conf.o
                0x0000000008006100                USBD_LL_StallEP
 .text.USBD_LL_ClearStallEP
                0x0000000008006120       0x20 USB_DEVICE/Target/usbd_conf.o
                0x0000000008006120                USBD_LL_ClearStallEP
 .text.USBD_LL_IsStallEP
                0x0000000008006140       0x24 USB_DEVICE/Target/usbd_conf.o
                0x0000000008006140                USBD_LL_IsStallEP
 .text.USBD_LL_SetUSBAddress
                0x0000000008006164       0x20 USB_DEVICE/Target/usbd_conf.o
                0x0000000008006164                USBD_LL_SetUSBAddress
 .text.USBD_LL_Transmit
                0x0000000008006184       0x20 USB_DEVICE/Target/usbd_conf.o
                0x0000000008006184                USBD_LL_Transmit
 .text.USBD_LL_PrepareReceive
                0x00000000080061a4       0x20 USB_DEVICE/Target/usbd_conf.o
                0x00000000080061a4                USBD_LL_PrepareReceive
 .text.USBD_LL_GetRxDataSize
                0x00000000080061c4        0xe USB_DEVICE/Target/usbd_conf.o
                0x00000000080061c4                USBD_LL_GetRxDataSize
 *fill*         0x00000000080061d2        0x2 
 .text.USBD_static_malloc
                0x00000000080061d4        0x8 USB_DEVICE/Target/usbd_conf.o
                0x00000000080061d4                USBD_static_malloc
 .text.USBD_static_free
                0x00000000080061dc        0x2 USB_DEVICE/Target/usbd_conf.o
                0x00000000080061dc                USBD_static_free
 *fill*         0x00000000080061de        0x2 
 .text.__errno  0x00000000080061e0        0xc c:/st/stm32cubeide_1.4.0/stm32cubeide/plugins/com.st.stm32cube.ide.mcu.externaltools.gnu-tools-for-stm32.7-2018-q2-update.win32_1.4.0.202007081208/tools/bin/../lib/gcc/arm-none-eabi/7.3.1/../../../../arm-none-eabi/lib/thumb/v6-m\libc_nano.a(lib_a-errno.o)
                0x00000000080061e0                __errno
 .text.__libc_init_array
                0x00000000080061ec       0x48 c:/st/stm32cubeide_1.4.0/stm32cubeide/plugins/com.st.stm32cube.ide.mcu.externaltools.gnu-tools-for-stm32.7-2018-q2-update.win32_1.4.0.202007081208/tools/bin/../lib/gcc/arm-none-eabi/7.3.1/../../../../arm-none-eabi/lib/thumb/v6-m\libc_nano.a(lib_a-init.o)
                0x00000000080061ec                __libc_init_array
 .text.memcpy   0x0000000008006234       0x12 c:/st/stm32cubeide_1.4.0/stm32cubeide/plugins/com.st.stm32cube.ide.mcu.externaltools.gnu-tools-for-stm32.7-2018-q2-update.win32_1.4.0.202007081208/tools/bin/../lib/gcc/arm-none-eabi/7.3.1/../../../../arm-none-eabi/lib/thumb/v6-m\libc_nano.a(lib_a-memcpy-stub.o)
                0x0000000008006234                memcpy
 .text.memset   0x0000000008006246       0x10 c:/st/stm32cubeide_1.4.0/stm32cubeide/plugins/com.st.stm32cube.ide.mcu.externaltools.gnu-tools-for-stm32.7-2018-q2-update.win32_1.4.0.202007081208/tools/bin/../lib/gcc/arm-none-eabi/7.3.1/../../../../arm-none-eabi/lib/thumb/v6-m\libc_nano.a(lib_a-memset.o)
                0x0000000008006246                memset
 *fill*         0x0000000008006256        0x2 
 .text.sprintf  0x0000000008006258       0x40 c:/st/stm32cubeide_1.4.0/stm32cubeide/plugins/com.st.stm32cube.ide.mcu.externaltools.gnu-tools-for-stm32.7-2018-q2-update.win32_1.4.0.202007081208/tools/bin/../lib/gcc/arm-none-eabi/7.3.1/../../../../arm-none-eabi/lib/thumb/v6-m\libc_nano.a(lib_a-sprintf.o)
                0x0000000008006258                siprintf
                0x0000000008006258                sprintf
 .text.__ssputs_r
                0x0000000008006298       0xc4 c:/st/stm32cubeide_1.4.0/stm32cubeide/plugins/com.st.stm32cube.ide.mcu.externaltools.gnu-tools-for-stm32.7-2018-q2-update.win32_1.4.0.202007081208/tools/bin/../lib/gcc/arm-none-eabi/7.3.1/../../../../arm-none-eabi/lib/thumb/v6-m\libc_nano.a(lib_a-nano-svfprintf.o)
                0x0000000008006298                __ssputs_r
 .text._svfprintf_r
                0x000000000800635c      0x1fc c:/st/stm32cubeide_1.4.0/stm32cubeide/plugins/com.st.stm32cube.ide.mcu.externaltools.gnu-tools-for-stm32.7-2018-q2-update.win32_1.4.0.202007081208/tools/bin/../lib/gcc/arm-none-eabi/7.3.1/../../../../arm-none-eabi/lib/thumb/v6-m\libc_nano.a(lib_a-nano-svfprintf.o)
                0x000000000800635c                _svfiprintf_r
                0x000000000800635c                _svfprintf_r
 .text._printf_common
                0x0000000008006558       0xda c:/st/stm32cubeide_1.4.0/stm32cubeide/plugins/com.st.stm32cube.ide.mcu.externaltools.gnu-tools-for-stm32.7-2018-q2-update.win32_1.4.0.202007081208/tools/bin/../lib/gcc/arm-none-eabi/7.3.1/../../../../arm-none-eabi/lib/thumb/v6-m\libc_nano.a(lib_a-nano-vfprintf_i.o)
                0x0000000008006558                _printf_common
 *fill*         0x0000000008006632        0x2 
 .text._printf_i
                0x0000000008006634      0x210 c:/st/stm32cubeide_1.4.0/stm32cubeide/plugins/com.st.stm32cube.ide.mcu.externaltools.gnu-tools-for-stm32.7-2018-q2-update.win32_1.4.0.202007081208/tools/bin/../lib/gcc/arm-none-eabi/7.3.1/../../../../arm-none-eabi/lib/thumb/v6-m\libc_nano.a(lib_a-nano-vfprintf_i.o)
                0x0000000008006634                _printf_i
 .text.memchr   0x0000000008006844       0x16 c:/st/stm32cubeide_1.4.0/stm32cubeide/plugins/com.st.stm32cube.ide.mcu.externaltools.gnu-tools-for-stm32.7-2018-q2-update.win32_1.4.0.202007081208/tools/bin/../lib/gcc/arm-none-eabi/7.3.1/../../../../arm-none-eabi/lib/thumb/v6-m\libc_nano.a(lib_a-memchr-stub.o)
                0x0000000008006844                memchr
 .text.memmove  0x000000000800685a       0x26 c:/st/stm32cubeide_1.4.0/stm32cubeide/plugins/com.st.stm32cube.ide.mcu.externaltools.gnu-tools-for-stm32.7-2018-q2-update.win32_1.4.0.202007081208/tools/bin/../lib/gcc/arm-none-eabi/7.3.1/../../../../arm-none-eabi/lib/thumb/v6-m\libc_nano.a(lib_a-memmove.o)
                0x000000000800685a                memmove
 .text._free_r  0x0000000008006880       0x94 c:/st/stm32cubeide_1.4.0/stm32cubeide/plugins/com.st.stm32cube.ide.mcu.externaltools.gnu-tools-for-stm32.7-2018-q2-update.win32_1.4.0.202007081208/tools/bin/../lib/gcc/arm-none-eabi/7.3.1/../../../../arm-none-eabi/lib/thumb/v6-m\libc_nano.a(lib_a-nano-freer.o)
                0x0000000008006880                _free_r
 .text._malloc_r
                0x0000000008006914       0xbc c:/st/stm32cubeide_1.4.0/stm32cubeide/plugins/com.st.stm32cube.ide.mcu.externaltools.gnu-tools-for-stm32.7-2018-q2-update.win32_1.4.0.202007081208/tools/bin/../lib/gcc/arm-none-eabi/7.3.1/../../../../arm-none-eabi/lib/thumb/v6-m\libc_nano.a(lib_a-nano-mallocr.o)
                0x0000000008006914                _malloc_r
 .text._realloc_r
                0x00000000080069d0       0x4c c:/st/stm32cubeide_1.4.0/stm32cubeide/plugins/com.st.stm32cube.ide.mcu.externaltools.gnu-tools-for-stm32.7-2018-q2-update.win32_1.4.0.202007081208/tools/bin/../lib/gcc/arm-none-eabi/7.3.1/../../../../arm-none-eabi/lib/thumb/v6-m\libc_nano.a(lib_a-nano-reallocr.o)
                0x00000000080069d0                _realloc_r
 .text._sbrk_r  0x0000000008006a1c       0x24 c:/st/stm32cubeide_1.4.0/stm32cubeide/plugins/com.st.stm32cube.ide.mcu.externaltools.gnu-tools-for-stm32.7-2018-q2-update.win32_1.4.0.202007081208/tools/bin/../lib/gcc/arm-none-eabi/7.3.1/../../../../arm-none-eabi/lib/thumb/v6-m\libc_nano.a(lib_a-sbrkr.o)
                0x0000000008006a1c                _sbrk_r
 .text.__malloc_lock
                0x0000000008006a40        0x2 c:/st/stm32cubeide_1.4.0/stm32cubeide/plugins/com.st.stm32cube.ide.mcu.externaltools.gnu-tools-for-stm32.7-2018-q2-update.win32_1.4.0.202007081208/tools/bin/../lib/gcc/arm-none-eabi/7.3.1/../../../../arm-none-eabi/lib/thumb/v6-m\libc_nano.a(lib_a-mlock.o)
                0x0000000008006a40                __malloc_lock
 .text.__malloc_unlock
                0x0000000008006a42        0x2 c:/st/stm32cubeide_1.4.0/stm32cubeide/plugins/com.st.stm32cube.ide.mcu.externaltools.gnu-tools-for-stm32.7-2018-q2-update.win32_1.4.0.202007081208/tools/bin/../lib/gcc/arm-none-eabi/7.3.1/../../../../arm-none-eabi/lib/thumb/v6-m\libc_nano.a(lib_a-mlock.o)
                0x0000000008006a42                __malloc_unlock
 .text._malloc_usable_size_r
                0x0000000008006a44       0x10 c:/st/stm32cubeide_1.4.0/stm32cubeide/plugins/com.st.stm32cube.ide.mcu.externaltools.gnu-tools-for-stm32.7-2018-q2-update.win32_1.4.0.202007081208/tools/bin/../lib/gcc/arm-none-eabi/7.3.1/../../../../arm-none-eabi/lib/thumb/v6-m\libc_nano.a(lib_a-nano-msizer.o)
                0x0000000008006a44                _malloc_usable_size_r
 *(.glue_7)
 .glue_7        0x0000000008006a54        0x0 linker stubs
 *(.glue_7t)
 .glue_7t       0x0000000008006a54        0x0 linker stubs
 *(.eh_frame)
 .eh_frame      0x0000000008006a54        0x0 c:/st/stm32cubeide_1.4.0/stm32cubeide/plugins/com.st.stm32cube.ide.mcu.externaltools.gnu-tools-for-stm32.7-2018-q2-update.win32_1.4.0.202007081208/tools/bin/../lib/gcc/arm-none-eabi/7.3.1/thumb/v6-m/crtbegin.o
 *(.init)
 .init          0x0000000008006a54        0x4 c:/st/stm32cubeide_1.4.0/stm32cubeide/plugins/com.st.stm32cube.ide.mcu.externaltools.gnu-tools-for-stm32.7-2018-q2-update.win32_1.4.0.202007081208/tools/bin/../lib/gcc/arm-none-eabi/7.3.1/thumb/v6-m/crti.o
                0x0000000008006a54                _init
 .init          0x0000000008006a58        0x8 c:/st/stm32cubeide_1.4.0/stm32cubeide/plugins/com.st.stm32cube.ide.mcu.externaltools.gnu-tools-for-stm32.7-2018-q2-update.win32_1.4.0.202007081208/tools/bin/../lib/gcc/arm-none-eabi/7.3.1/thumb/v6-m/crtn.o
 *(.fini)
 .fini          0x0000000008006a60        0x4 c:/st/stm32cubeide_1.4.0/stm32cubeide/plugins/com.st.stm32cube.ide.mcu.externaltools.gnu-tools-for-stm32.7-2018-q2-update.win32_1.4.0.202007081208/tools/bin/../lib/gcc/arm-none-eabi/7.3.1/thumb/v6-m/crti.o
                0x0000000008006a60                _fini
 .fini          0x0000000008006a64        0x8 c:/st/stm32cubeide_1.4.0/stm32cubeide/plugins/com.st.stm32cube.ide.mcu.externaltools.gnu-tools-for-stm32.7-2018-q2-update.win32_1.4.0.202007081208/tools/bin/../lib/gcc/arm-none-eabi/7.3.1/thumb/v6-m/crtn.o
                0x0000000008006a6c                . = ALIGN (0x4)
                0x0000000008006a6c                _etext = .

.vfp11_veneer   0x0000000008006a6c        0x0
 .vfp11_veneer  0x0000000008006a6c        0x0 linker stubs

.v4_bx          0x0000000008006a6c        0x0
 .v4_bx         0x0000000008006a6c        0x0 linker stubs

.iplt           0x0000000008006a6c        0x0
 .iplt          0x0000000008006a6c        0x0 c:/st/stm32cubeide_1.4.0/stm32cubeide/plugins/com.st.stm32cube.ide.mcu.externaltools.gnu-tools-for-stm32.7-2018-q2-update.win32_1.4.0.202007081208/tools/bin/../lib/gcc/arm-none-eabi/7.3.1/thumb/v6-m/crtbegin.o

.rodata         0x0000000008006a6c      0xeec
                0x0000000008006a6c                . = ALIGN (0x4)
 *(.rodata)
 .rodata        0x0000000008006a6c       0x40 c:/st/stm32cubeide_1.4.0/stm32cubeide/plugins/com.st.stm32cube.ide.mcu.externaltools.gnu-tools-for-stm32.7-2018-q2-update.win32_1.4.0.202007081208/tools/bin/../lib/gcc/arm-none-eabi/7.3.1/thumb/v6-m\libgcc.a(mulsf3.o)
 .rodata        0x0000000008006aac       0x40 c:/st/stm32cubeide_1.4.0/stm32cubeide/plugins/com.st.stm32cube.ide.mcu.externaltools.gnu-tools-for-stm32.7-2018-q2-update.win32_1.4.0.202007081208/tools/bin/../lib/gcc/arm-none-eabi/7.3.1/thumb/v6-m\libgcc.a(muldf3.o)
 *(.rodata*)
 .rodata.Font11x18
                0x0000000008006aec      0xda4 Core/Src/fonts.o
 .rodata.SegmentArrInfo
                0x0000000008007890       0x10 Core/Src/main.o
                0x0000000008007890                SegmentArrInfo
 .rodata.main.str1.1
                0x00000000080078a0       0x1e Core/Src/main.o
 .rodata.CDC_Receive_FS.str1.1
                0x00000000080078be       0x30 USB_DEVICE/App/usbd_cdc_if.o
 .rodata.USBD_FS_ConfigStrDescriptor.str1.1
                0x00000000080078ee        0xb USB_DEVICE/App/usbd_desc.o
 .rodata.USBD_FS_InterfaceStrDescriptor.str1.1
                0x00000000080078f9        0xe USB_DEVICE/App/usbd_desc.o
 .rodata.USBD_FS_ManufacturerStrDescriptor.str1.1
                0x0000000008007907        0xa USB_DEVICE/App/usbd_desc.o
 .rodata.USBD_FS_ProductStrDescriptor.str1.1
                0x0000000008007911        0xd USB_DEVICE/App/usbd_desc.o
 .rodata.CSWTCH.3
                0x000000000800791e        0x4 USB_DEVICE/Target/usbd_conf.o
 .rodata._svfprintf_r.str1.1
                0x0000000008007922       0x11 c:/st/stm32cubeide_1.4.0/stm32cubeide/plugins/com.st.stm32cube.ide.mcu.externaltools.gnu-tools-for-stm32.7-2018-q2-update.win32_1.4.0.202007081208/tools/bin/../lib/gcc/arm-none-eabi/7.3.1/../../../../arm-none-eabi/lib/thumb/v6-m\libc_nano.a(lib_a-nano-svfprintf.o)
 .rodata._printf_i.str1.1
                0x0000000008007933       0x22 c:/st/stm32cubeide_1.4.0/stm32cubeide/plugins/com.st.stm32cube.ide.mcu.externaltools.gnu-tools-for-stm32.7-2018-q2-update.win32_1.4.0.202007081208/tools/bin/../lib/gcc/arm-none-eabi/7.3.1/../../../../arm-none-eabi/lib/thumb/v6-m\libc_nano.a(lib_a-nano-vfprintf_i.o)
                0x0000000008007958                . = ALIGN (0x4)
 *fill*         0x0000000008007955        0x3 

.rel.dyn        0x0000000008007958        0x0
 .rel.iplt      0x0000000008007958        0x0 c:/st/stm32cubeide_1.4.0/stm32cubeide/plugins/com.st.stm32cube.ide.mcu.externaltools.gnu-tools-for-stm32.7-2018-q2-update.win32_1.4.0.202007081208/tools/bin/../lib/gcc/arm-none-eabi/7.3.1/thumb/v6-m/crtbegin.o

.ARM.extab      0x0000000008007958        0x0
                0x0000000008007958                . = ALIGN (0x4)
 *(.ARM.extab* .gnu.linkonce.armextab.*)
                0x0000000008007958                . = ALIGN (0x4)

.ARM            0x0000000008007958        0x0
                0x0000000008007958                . = ALIGN (0x4)
                0x0000000008007958                __exidx_start = .
 *(.ARM.exidx*)
                0x0000000008007958                __exidx_end = .
                0x0000000008007958                . = ALIGN (0x4)

.preinit_array  0x0000000008007958        0x0
                0x0000000008007958                . = ALIGN (0x4)
                0x0000000008007958                PROVIDE (__preinit_array_start = .)
 *(.preinit_array*)
                0x0000000008007958                PROVIDE (__preinit_array_end = .)
                0x0000000008007958                . = ALIGN (0x4)

.init_array     0x0000000008007958        0x4
                0x0000000008007958                . = ALIGN (0x4)
                0x0000000008007958                PROVIDE (__init_array_start = .)
 *(SORT_BY_NAME(.init_array.*))
 *(.init_array*)
 .init_array    0x0000000008007958        0x4 c:/st/stm32cubeide_1.4.0/stm32cubeide/plugins/com.st.stm32cube.ide.mcu.externaltools.gnu-tools-for-stm32.7-2018-q2-update.win32_1.4.0.202007081208/tools/bin/../lib/gcc/arm-none-eabi/7.3.1/thumb/v6-m/crtbegin.o
                0x000000000800795c                PROVIDE (__init_array_end = .)
                0x000000000800795c                . = ALIGN (0x4)

.fini_array     0x000000000800795c        0x4
                0x000000000800795c                . = ALIGN (0x4)
                [!provide]                        PROVIDE (__fini_array_start = .)
 *(SORT_BY_NAME(.fini_array.*))
 *(.fini_array*)
 .fini_array    0x000000000800795c        0x4 c:/st/stm32cubeide_1.4.0/stm32cubeide/plugins/com.st.stm32cube.ide.mcu.externaltools.gnu-tools-for-stm32.7-2018-q2-update.win32_1.4.0.202007081208/tools/bin/../lib/gcc/arm-none-eabi/7.3.1/thumb/v6-m/crtbegin.o
                [!provide]                        PROVIDE (__fini_array_end = .)
                0x0000000008007960                . = ALIGN (0x4)
                0x0000000008007960                _sidata = LOADADDR (.data)

.data           0x0000000020000000      0x364 load address 0x0000000008007960
                0x0000000020000000                . = ALIGN (0x4)
                0x0000000020000000                _sdata = .
 *(.data)
 *(.data*)
 .data.Font_11x18
                0x0000000020000000        0x8 Core/Src/fonts.o
                0x0000000020000000                Font_11x18
 .data.now.9516
                0x0000000020000008        0x2 Core/Src/main.o
 *fill*         0x000000002000000a        0x2 
 .data.SystemCoreClock
                0x000000002000000c        0x4 Core/Src/system_stm32f0xx.o
                0x000000002000000c                SystemCoreClock
 .data.uwTickFreq
                0x0000000020000010        0x1 Drivers/STM32F0xx_HAL_Driver/Src/stm32f0xx_hal.o
                0x0000000020000010                uwTickFreq
 *fill*         0x0000000020000011        0x3 
 .data.uwTickPrio
                0x0000000020000014        0x4 Drivers/STM32F0xx_HAL_Driver/Src/stm32f0xx_hal.o
                0x0000000020000014                uwTickPrio
 .data.USBD_CDC
                0x0000000020000018       0x38 Middlewares/ST/STM32_USB_Device_Library/Class/CDC/Src/usbd_cdc.o
                0x0000000020000018                USBD_CDC
 .data.USBD_CDC_CfgFSDesc
                0x0000000020000050       0x43 Middlewares/ST/STM32_USB_Device_Library/Class/CDC/Src/usbd_cdc.o
                0x0000000020000050                USBD_CDC_CfgFSDesc
 *fill*         0x0000000020000093        0x1 
 .data.USBD_CDC_CfgHSDesc
                0x0000000020000094       0x43 Middlewares/ST/STM32_USB_Device_Library/Class/CDC/Src/usbd_cdc.o
                0x0000000020000094                USBD_CDC_CfgHSDesc
 *fill*         0x00000000200000d7        0x1 
 .data.USBD_CDC_DeviceQualifierDesc
                0x00000000200000d8        0xa Middlewares/ST/STM32_USB_Device_Library/Class/CDC/Src/usbd_cdc.o
 *fill*         0x00000000200000e2        0x2 
 .data.USBD_CDC_OtherSpeedCfgDesc
                0x00000000200000e4       0x43 Middlewares/ST/STM32_USB_Device_Library/Class/CDC/Src/usbd_cdc.o
                0x00000000200000e4                USBD_CDC_OtherSpeedCfgDesc
 .data.Manual   0x0000000020000127      0x178 USB_DEVICE/App/usbd_cdc_if.o
                0x0000000020000127                Manual
 *fill*         0x000000002000029f        0x1 
 .data.USBD_Interface_fops_FS
                0x00000000200002a0       0x10 USB_DEVICE/App/usbd_cdc_if.o
                0x00000000200002a0                USBD_Interface_fops_FS
 .data.FS_Desc  0x00000000200002b0       0x1c USB_DEVICE/App/usbd_desc.o
                0x00000000200002b0                FS_Desc
 .data.USBD_FS_DeviceDesc
                0x00000000200002cc       0x12 USB_DEVICE/App/usbd_desc.o
                0x00000000200002cc                USBD_FS_DeviceDesc
 *fill*         0x00000000200002de        0x2 
 .data.USBD_LangIDDesc
                0x00000000200002e0        0x4 USB_DEVICE/App/usbd_desc.o
                0x00000000200002e0                USBD_LangIDDesc
 .data.USBD_StringSerial
                0x00000000200002e4       0x1a USB_DEVICE/App/usbd_desc.o
                0x00000000200002e4                USBD_StringSerial
 *fill*         0x00000000200002fe        0x2 
 .data._impure_ptr
                0x0000000020000300        0x4 c:/st/stm32cubeide_1.4.0/stm32cubeide/plugins/com.st.stm32cube.ide.mcu.externaltools.gnu-tools-for-stm32.7-2018-q2-update.win32_1.4.0.202007081208/tools/bin/../lib/gcc/arm-none-eabi/7.3.1/../../../../arm-none-eabi/lib/thumb/v6-m\libc_nano.a(lib_a-impure.o)
                0x0000000020000300                _impure_ptr
 .data.impure_data
                0x0000000020000304       0x60 c:/st/stm32cubeide_1.4.0/stm32cubeide/plugins/com.st.stm32cube.ide.mcu.externaltools.gnu-tools-for-stm32.7-2018-q2-update.win32_1.4.0.202007081208/tools/bin/../lib/gcc/arm-none-eabi/7.3.1/../../../../arm-none-eabi/lib/thumb/v6-m\libc_nano.a(lib_a-impure.o)
                0x0000000020000364                . = ALIGN (0x4)
                0x0000000020000364                _edata = .

.igot.plt       0x0000000020000364        0x0 load address 0x0000000008007cc4
 .igot.plt      0x0000000020000364        0x0 c:/st/stm32cubeide_1.4.0/stm32cubeide/plugins/com.st.stm32cube.ide.mcu.externaltools.gnu-tools-for-stm32.7-2018-q2-update.win32_1.4.0.202007081208/tools/bin/../lib/gcc/arm-none-eabi/7.3.1/thumb/v6-m/crtbegin.o
                0x0000000020000364                . = ALIGN (0x4)

.bss            0x0000000020000364     0x1084 load address 0x0000000008007cc4
                0x0000000020000364                _sbss = .
                0x0000000020000364                __bss_start__ = _sbss
 *(.bss)
 .bss           0x0000000020000364       0x1c c:/st/stm32cubeide_1.4.0/stm32cubeide/plugins/com.st.stm32cube.ide.mcu.externaltools.gnu-tools-for-stm32.7-2018-q2-update.win32_1.4.0.202007081208/tools/bin/../lib/gcc/arm-none-eabi/7.3.1/thumb/v6-m/crtbegin.o
 *(.bss*)
 .bss._Inited   0x0000000020000380        0x1 Core/Src/main.o
                0x0000000020000380                _Inited
 .bss.usbInitFlag
                0x0000000020000381        0x1 Core/Src/main.o
                0x0000000020000381                usbInitFlag
 .bss.SSD1306   0x0000000020000382        0x6 Core/Src/ssd1306.o
 .bss.SSD1306_Buffer
                0x0000000020000388      0x400 Core/Src/ssd1306.o
 .bss.__sbrk_heap_end
                0x0000000020000788        0x4 Core/Src/sysmem.o
 .bss.cfgidx.9645
                0x000000002000078c        0x1 Middlewares/ST/STM32_USB_Device_Library/Core/Src/usbd_ctlreq.o
 .bss.action    0x000000002000078d        0x1 USB_DEVICE/App/usbd_cdc_if.o
                0x000000002000078d                action
 .bss.pstat     0x000000002000078e        0x6 USB_DEVICE/App/usbd_cdc_if.o
                0x000000002000078e                pstat
 .bss.mem.9714  0x0000000020000794      0x220 USB_DEVICE/Target/usbd_conf.o
 .bss.__malloc_free_list
                0x00000000200009b4        0x4 c:/st/stm32cubeide_1.4.0/stm32cubeide/plugins/com.st.stm32cube.ide.mcu.externaltools.gnu-tools-for-stm32.7-2018-q2-update.win32_1.4.0.202007081208/tools/bin/../lib/gcc/arm-none-eabi/7.3.1/../../../../arm-none-eabi/lib/thumb/v6-m\libc_nano.a(lib_a-nano-mallocr.o)
                0x00000000200009b4                __malloc_free_list
 .bss.__malloc_sbrk_start
                0x00000000200009b8        0x4 c:/st/stm32cubeide_1.4.0/stm32cubeide/plugins/com.st.stm32cube.ide.mcu.externaltools.gnu-tools-for-stm32.7-2018-q2-update.win32_1.4.0.202007081208/tools/bin/../lib/gcc/arm-none-eabi/7.3.1/../../../../arm-none-eabi/lib/thumb/v6-m\libc_nano.a(lib_a-nano-mallocr.o)
                0x00000000200009b8                __malloc_sbrk_start
 *(COMMON)
 COMMON         0x00000000200009bc      0x148 Core/Src/main.o
                0x00000000200009bc                hi2c1
                0x0000000020000a08                _cresult
                0x0000000020000a0c                cdata
                0x0000000020000a20                _bresult
                0x0000000020000a24                bdata
                0x0000000020000a38                htim1
                0x0000000020000a78                SegVar
                0x0000000020000a7c                hdma_adc
                0x0000000020000ac0                adcValue
                0x0000000020000ac4                hadc
 COMMON         0x0000000020000b04        0x4 Drivers/STM32F0xx_HAL_Driver/Src/stm32f0xx_hal.o
                0x0000000020000b04                uwTick
 COMMON         0x0000000020000b08      0x2c4 USB_DEVICE/App/usb_device.o
                0x0000000020000b08                hUsbDeviceFS
 COMMON         0x0000000020000dcc      0x1a4 USB_DEVICE/App/usbd_cdc_if.o
                0x0000000020000dcc                UserRxBufferFS
                0x0000000020000e94                UserTxBufferFS
                0x0000000020000f5c                buf
 COMMON         0x0000000020000f70      0x200 USB_DEVICE/App/usbd_desc.o
                0x0000000020000f70                USBD_StrDesc
 COMMON         0x0000000020001170      0x274 USB_DEVICE/Target/usbd_conf.o
                0x0000000020001170                hpcd_USB_FS
 COMMON         0x00000000200013e4        0x4 c:/st/stm32cubeide_1.4.0/stm32cubeide/plugins/com.st.stm32cube.ide.mcu.externaltools.gnu-tools-for-stm32.7-2018-q2-update.win32_1.4.0.202007081208/tools/bin/../lib/gcc/arm-none-eabi/7.3.1/../../../../arm-none-eabi/lib/thumb/v6-m\libc_nano.a(lib_a-reent.o)
                0x00000000200013e4                errno
                0x00000000200013e8                . = ALIGN (0x4)
                0x00000000200013e8                _ebss = .
                0x00000000200013e8                __bss_end__ = _ebss

._user_heap_stack
                0x00000000200013e8      0x300 load address 0x0000000008007cc4
                0x00000000200013e8                . = ALIGN (0x8)
                [!provide]                        PROVIDE (end = .)
                0x00000000200013e8                PROVIDE (_end = .)
                0x00000000200014e8                . = (. + _Min_Heap_Size)
 *fill*         0x00000000200013e8      0x100 
                0x00000000200016e8                . = (. + _Min_Stack_Size)
 *fill*         0x00000000200014e8      0x200 
                0x00000000200016e8                . = ALIGN (0x8)

/DISCARD/
 libc.a(*)
 libm.a(*)
 libgcc.a(*)

.ARM.attributes
                0x0000000000000000       0x28
 *(.ARM.attributes)
 .ARM.attributes
                0x0000000000000000       0x1e c:/st/stm32cubeide_1.4.0/stm32cubeide/plugins/com.st.stm32cube.ide.mcu.externaltools.gnu-tools-for-stm32.7-2018-q2-update.win32_1.4.0.202007081208/tools/bin/../lib/gcc/arm-none-eabi/7.3.1/thumb/v6-m/crti.o
 .ARM.attributes
                0x000000000000001e       0x2c c:/st/stm32cubeide_1.4.0/stm32cubeide/plugins/com.st.stm32cube.ide.mcu.externaltools.gnu-tools-for-stm32.7-2018-q2-update.win32_1.4.0.202007081208/tools/bin/../lib/gcc/arm-none-eabi/7.3.1/thumb/v6-m/crtbegin.o
 .ARM.attributes
                0x000000000000004a       0x31 Core/Src/fonts.o
 .ARM.attributes
                0x000000000000007b       0x31 Core/Src/main.o
 .ARM.attributes
                0x00000000000000ac       0x31 Core/Src/ssd1306.o
 .ARM.attributes
                0x00000000000000dd       0x31 Core/Src/stm32f0xx_hal_msp.o
 .ARM.attributes
                0x000000000000010e       0x31 Core/Src/stm32f0xx_it.o
 .ARM.attributes
                0x000000000000013f       0x31 Core/Src/sysmem.o
 .ARM.attributes
                0x0000000000000170       0x31 Core/Src/system_stm32f0xx.o
 .ARM.attributes
                0x00000000000001a1       0x21 Core/Startup/startup_stm32f042c6tx.o
 .ARM.attributes
                0x00000000000001c2       0x31 Drivers/STM32F0xx_HAL_Driver/Src/stm32f0xx_hal.o
 .ARM.attributes
                0x00000000000001f3       0x31 Drivers/STM32F0xx_HAL_Driver/Src/stm32f0xx_hal_adc.o
 .ARM.attributes
                0x0000000000000224       0x31 Drivers/STM32F0xx_HAL_Driver/Src/stm32f0xx_hal_cortex.o
 .ARM.attributes
                0x0000000000000255       0x31 Drivers/STM32F0xx_HAL_Driver/Src/stm32f0xx_hal_dma.o
 .ARM.attributes
                0x0000000000000286       0x31 Drivers/STM32F0xx_HAL_Driver/Src/stm32f0xx_hal_gpio.o
 .ARM.attributes
                0x00000000000002b7       0x31 Drivers/STM32F0xx_HAL_Driver/Src/stm32f0xx_hal_i2c.o
 .ARM.attributes
                0x00000000000002e8       0x31 Drivers/STM32F0xx_HAL_Driver/Src/stm32f0xx_hal_i2c_ex.o
 .ARM.attributes
                0x0000000000000319       0x31 Drivers/STM32F0xx_HAL_Driver/Src/stm32f0xx_hal_pcd.o
 .ARM.attributes
                0x000000000000034a       0x31 Drivers/STM32F0xx_HAL_Driver/Src/stm32f0xx_hal_pcd_ex.o
 .ARM.attributes
                0x000000000000037b       0x31 Drivers/STM32F0xx_HAL_Driver/Src/stm32f0xx_hal_tim.o
 .ARM.attributes
                0x00000000000003ac       0x31 Drivers/STM32F0xx_HAL_Driver/Src/stm32f0xx_hal_tim_ex.o
 .ARM.attributes
                0x00000000000003dd       0x31 Drivers/STM32F0xx_HAL_Driver/Src/stm32f0xx_ll_exti.o
 .ARM.attributes
                0x000000000000040e       0x31 Drivers/STM32F0xx_HAL_Driver/Src/stm32f0xx_ll_gpio.o
 .ARM.attributes
                0x000000000000043f       0x31 Drivers/STM32F0xx_HAL_Driver/Src/stm32f0xx_ll_usb.o
 .ARM.attributes
                0x0000000000000470       0x31 Drivers/STM32F0xx_HAL_Driver/Src/stm32f0xx_ll_utils.o
 .ARM.attributes
                0x00000000000004a1       0x31 Middlewares/ST/STM32_USB_Device_Library/Class/CDC/Src/usbd_cdc.o
 .ARM.attributes
                0x00000000000004d2       0x31 Middlewares/ST/STM32_USB_Device_Library/Core/Src/usbd_core.o
 .ARM.attributes
                0x0000000000000503       0x31 Middlewares/ST/STM32_USB_Device_Library/Core/Src/usbd_ctlreq.o
 .ARM.attributes
                0x0000000000000534       0x31 Middlewares/ST/STM32_USB_Device_Library/Core/Src/usbd_ioreq.o
 .ARM.attributes
                0x0000000000000565       0x31 USB_DEVICE/App/usb_device.o
 .ARM.attributes
                0x0000000000000596       0x31 USB_DEVICE/App/usbd_cdc_if.o
 .ARM.attributes
                0x00000000000005c7       0x31 USB_DEVICE/App/usbd_desc.o
 .ARM.attributes
                0x00000000000005f8       0x31 USB_DEVICE/Target/usbd_conf.o
 .ARM.attributes
                0x0000000000000629       0x2c c:/st/stm32cubeide_1.4.0/stm32cubeide/plugins/com.st.stm32cube.ide.mcu.externaltools.gnu-tools-for-stm32.7-2018-q2-update.win32_1.4.0.202007081208/tools/bin/../lib/gcc/arm-none-eabi/7.3.1/../../../../arm-none-eabi/lib/thumb/v6-m\libc_nano.a(lib_a-errno.o)
 .ARM.attributes
                0x0000000000000655       0x2c c:/st/stm32cubeide_1.4.0/stm32cubeide/plugins/com.st.stm32cube.ide.mcu.externaltools.gnu-tools-for-stm32.7-2018-q2-update.win32_1.4.0.202007081208/tools/bin/../lib/gcc/arm-none-eabi/7.3.1/../../../../arm-none-eabi/lib/thumb/v6-m\libc_nano.a(lib_a-impure.o)
 .ARM.attributes
                0x0000000000000681       0x2c c:/st/stm32cubeide_1.4.0/stm32cubeide/plugins/com.st.stm32cube.ide.mcu.externaltools.gnu-tools-for-stm32.7-2018-q2-update.win32_1.4.0.202007081208/tools/bin/../lib/gcc/arm-none-eabi/7.3.1/../../../../arm-none-eabi/lib/thumb/v6-m\libc_nano.a(lib_a-init.o)
 .ARM.attributes
                0x00000000000006ad       0x2c c:/st/stm32cubeide_1.4.0/stm32cubeide/plugins/com.st.stm32cube.ide.mcu.externaltools.gnu-tools-for-stm32.7-2018-q2-update.win32_1.4.0.202007081208/tools/bin/../lib/gcc/arm-none-eabi/7.3.1/../../../../arm-none-eabi/lib/thumb/v6-m\libc_nano.a(lib_a-memcpy-stub.o)
 .ARM.attributes
                0x00000000000006d9       0x2c c:/st/stm32cubeide_1.4.0/stm32cubeide/plugins/com.st.stm32cube.ide.mcu.externaltools.gnu-tools-for-stm32.7-2018-q2-update.win32_1.4.0.202007081208/tools/bin/../lib/gcc/arm-none-eabi/7.3.1/../../../../arm-none-eabi/lib/thumb/v6-m\libc_nano.a(lib_a-memset.o)
 .ARM.attributes
                0x0000000000000705       0x2c c:/st/stm32cubeide_1.4.0/stm32cubeide/plugins/com.st.stm32cube.ide.mcu.externaltools.gnu-tools-for-stm32.7-2018-q2-update.win32_1.4.0.202007081208/tools/bin/../lib/gcc/arm-none-eabi/7.3.1/../../../../arm-none-eabi/lib/thumb/v6-m\libc_nano.a(lib_a-sprintf.o)
 .ARM.attributes
                0x0000000000000731       0x1c c:/st/stm32cubeide_1.4.0/stm32cubeide/plugins/com.st.stm32cube.ide.mcu.externaltools.gnu-tools-for-stm32.7-2018-q2-update.win32_1.4.0.202007081208/tools/bin/../lib/gcc/arm-none-eabi/7.3.1/../../../../arm-none-eabi/lib/thumb/v6-m\libc_nano.a(lib_a-strlen.o)
 .ARM.attributes
                0x000000000000074d       0x2c c:/st/stm32cubeide_1.4.0/stm32cubeide/plugins/com.st.stm32cube.ide.mcu.externaltools.gnu-tools-for-stm32.7-2018-q2-update.win32_1.4.0.202007081208/tools/bin/../lib/gcc/arm-none-eabi/7.3.1/../../../../arm-none-eabi/lib/thumb/v6-m\libc_nano.a(lib_a-nano-svfprintf.o)
 .ARM.attributes
                0x0000000000000779       0x2c c:/st/stm32cubeide_1.4.0/stm32cubeide/plugins/com.st.stm32cube.ide.mcu.externaltools.gnu-tools-for-stm32.7-2018-q2-update.win32_1.4.0.202007081208/tools/bin/../lib/gcc/arm-none-eabi/7.3.1/../../../../arm-none-eabi/lib/thumb/v6-m\libc_nano.a(lib_a-nano-vfprintf_i.o)
 .ARM.attributes
                0x00000000000007a5       0x2c c:/st/stm32cubeide_1.4.0/stm32cubeide/plugins/com.st.stm32cube.ide.mcu.externaltools.gnu-tools-for-stm32.7-2018-q2-update.win32_1.4.0.202007081208/tools/bin/../lib/gcc/arm-none-eabi/7.3.1/../../../../arm-none-eabi/lib/thumb/v6-m\libc_nano.a(lib_a-memchr-stub.o)
 .ARM.attributes
                0x00000000000007d1       0x2c c:/st/stm32cubeide_1.4.0/stm32cubeide/plugins/com.st.stm32cube.ide.mcu.externaltools.gnu-tools-for-stm32.7-2018-q2-update.win32_1.4.0.202007081208/tools/bin/../lib/gcc/arm-none-eabi/7.3.1/../../../../arm-none-eabi/lib/thumb/v6-m\libc_nano.a(lib_a-memmove.o)
 .ARM.attributes
                0x00000000000007fd       0x2c c:/st/stm32cubeide_1.4.0/stm32cubeide/plugins/com.st.stm32cube.ide.mcu.externaltools.gnu-tools-for-stm32.7-2018-q2-update.win32_1.4.0.202007081208/tools/bin/../lib/gcc/arm-none-eabi/7.3.1/../../../../arm-none-eabi/lib/thumb/v6-m\libc_nano.a(lib_a-nano-freer.o)
 .ARM.attributes
                0x0000000000000829       0x2c c:/st/stm32cubeide_1.4.0/stm32cubeide/plugins/com.st.stm32cube.ide.mcu.externaltools.gnu-tools-for-stm32.7-2018-q2-update.win32_1.4.0.202007081208/tools/bin/../lib/gcc/arm-none-eabi/7.3.1/../../../../arm-none-eabi/lib/thumb/v6-m\libc_nano.a(lib_a-nano-mallocr.o)
 .ARM.attributes
                0x0000000000000855       0x2c c:/st/stm32cubeide_1.4.0/stm32cubeide/plugins/com.st.stm32cube.ide.mcu.externaltools.gnu-tools-for-stm32.7-2018-q2-update.win32_1.4.0.202007081208/tools/bin/../lib/gcc/arm-none-eabi/7.3.1/../../../../arm-none-eabi/lib/thumb/v6-m\libc_nano.a(lib_a-nano-reallocr.o)
 .ARM.attributes
                0x0000000000000881       0x2c c:/st/stm32cubeide_1.4.0/stm32cubeide/plugins/com.st.stm32cube.ide.mcu.externaltools.gnu-tools-for-stm32.7-2018-q2-update.win32_1.4.0.202007081208/tools/bin/../lib/gcc/arm-none-eabi/7.3.1/../../../../arm-none-eabi/lib/thumb/v6-m\libc_nano.a(lib_a-sbrkr.o)
 .ARM.attributes
                0x00000000000008ad       0x2c c:/st/stm32cubeide_1.4.0/stm32cubeide/plugins/com.st.stm32cube.ide.mcu.externaltools.gnu-tools-for-stm32.7-2018-q2-update.win32_1.4.0.202007081208/tools/bin/../lib/gcc/arm-none-eabi/7.3.1/../../../../arm-none-eabi/lib/thumb/v6-m\libc_nano.a(lib_a-mlock.o)
 .ARM.attributes
                0x00000000000008d9       0x2c c:/st/stm32cubeide_1.4.0/stm32cubeide/plugins/com.st.stm32cube.ide.mcu.externaltools.gnu-tools-for-stm32.7-2018-q2-update.win32_1.4.0.202007081208/tools/bin/../lib/gcc/arm-none-eabi/7.3.1/../../../../arm-none-eabi/lib/thumb/v6-m\libc_nano.a(lib_a-nano-msizer.o)
 .ARM.attributes
                0x0000000000000905       0x2c c:/st/stm32cubeide_1.4.0/stm32cubeide/plugins/com.st.stm32cube.ide.mcu.externaltools.gnu-tools-for-stm32.7-2018-q2-update.win32_1.4.0.202007081208/tools/bin/../lib/gcc/arm-none-eabi/7.3.1/../../../../arm-none-eabi/lib/thumb/v6-m\libc_nano.a(lib_a-reent.o)
 .ARM.attributes
                0x0000000000000931       0x1e c:/st/stm32cubeide_1.4.0/stm32cubeide/plugins/com.st.stm32cube.ide.mcu.externaltools.gnu-tools-for-stm32.7-2018-q2-update.win32_1.4.0.202007081208/tools/bin/../lib/gcc/arm-none-eabi/7.3.1/thumb/v6-m\libgcc.a(_thumb1_case_uqi.o)
 .ARM.attributes
                0x000000000000094f       0x1e c:/st/stm32cubeide_1.4.0/stm32cubeide/plugins/com.st.stm32cube.ide.mcu.externaltools.gnu-tools-for-stm32.7-2018-q2-update.win32_1.4.0.202007081208/tools/bin/../lib/gcc/arm-none-eabi/7.3.1/thumb/v6-m\libgcc.a(_thumb1_case_uhi.o)
 .ARM.attributes
                0x000000000000096d       0x1e c:/st/stm32cubeide_1.4.0/stm32cubeide/plugins/com.st.stm32cube.ide.mcu.externaltools.gnu-tools-for-stm32.7-2018-q2-update.win32_1.4.0.202007081208/tools/bin/../lib/gcc/arm-none-eabi/7.3.1/thumb/v6-m\libgcc.a(_udivsi3.o)
 .ARM.attributes
                0x000000000000098b       0x1e c:/st/stm32cubeide_1.4.0/stm32cubeide/plugins/com.st.stm32cube.ide.mcu.externaltools.gnu-tools-for-stm32.7-2018-q2-update.win32_1.4.0.202007081208/tools/bin/../lib/gcc/arm-none-eabi/7.3.1/thumb/v6-m\libgcc.a(_divsi3.o)
 .ARM.attributes
                0x00000000000009a9       0x1e c:/st/stm32cubeide_1.4.0/stm32cubeide/plugins/com.st.stm32cube.ide.mcu.externaltools.gnu-tools-for-stm32.7-2018-q2-update.win32_1.4.0.202007081208/tools/bin/../lib/gcc/arm-none-eabi/7.3.1/thumb/v6-m\libgcc.a(_dvmd_tls.o)
 .ARM.attributes
                0x00000000000009c7       0x1e c:/st/stm32cubeide_1.4.0/stm32cubeide/plugins/com.st.stm32cube.ide.mcu.externaltools.gnu-tools-for-stm32.7-2018-q2-update.win32_1.4.0.202007081208/tools/bin/../lib/gcc/arm-none-eabi/7.3.1/thumb/v6-m\libgcc.a(_arm_cmpdf2.o)
 .ARM.attributes
                0x00000000000009e5       0x2c c:/st/stm32cubeide_1.4.0/stm32cubeide/plugins/com.st.stm32cube.ide.mcu.externaltools.gnu-tools-for-stm32.7-2018-q2-update.win32_1.4.0.202007081208/tools/bin/../lib/gcc/arm-none-eabi/7.3.1/thumb/v6-m\libgcc.a(_fixunsdfsi.o)
 .ARM.attributes
                0x0000000000000a11       0x2c c:/st/stm32cubeide_1.4.0/stm32cubeide/plugins/com.st.stm32cube.ide.mcu.externaltools.gnu-tools-for-stm32.7-2018-q2-update.win32_1.4.0.202007081208/tools/bin/../lib/gcc/arm-none-eabi/7.3.1/thumb/v6-m\libgcc.a(mulsf3.o)
 .ARM.attributes
                0x0000000000000a3d       0x2c c:/st/stm32cubeide_1.4.0/stm32cubeide/plugins/com.st.stm32cube.ide.mcu.externaltools.gnu-tools-for-stm32.7-2018-q2-update.win32_1.4.0.202007081208/tools/bin/../lib/gcc/arm-none-eabi/7.3.1/thumb/v6-m\libgcc.a(fixsfsi.o)
 .ARM.attributes
                0x0000000000000a69       0x2c c:/st/stm32cubeide_1.4.0/stm32cubeide/plugins/com.st.stm32cube.ide.mcu.externaltools.gnu-tools-for-stm32.7-2018-q2-update.win32_1.4.0.202007081208/tools/bin/../lib/gcc/arm-none-eabi/7.3.1/thumb/v6-m\libgcc.a(floatunsisf.o)
 .ARM.attributes
                0x0000000000000a95       0x2c c:/st/stm32cubeide_1.4.0/stm32cubeide/plugins/com.st.stm32cube.ide.mcu.externaltools.gnu-tools-for-stm32.7-2018-q2-update.win32_1.4.0.202007081208/tools/bin/../lib/gcc/arm-none-eabi/7.3.1/thumb/v6-m\libgcc.a(eqdf2.o)
 .ARM.attributes
                0x0000000000000ac1       0x2c c:/st/stm32cubeide_1.4.0/stm32cubeide/plugins/com.st.stm32cube.ide.mcu.externaltools.gnu-tools-for-stm32.7-2018-q2-update.win32_1.4.0.202007081208/tools/bin/../lib/gcc/arm-none-eabi/7.3.1/thumb/v6-m\libgcc.a(gedf2.o)
 .ARM.attributes
                0x0000000000000aed       0x2c c:/st/stm32cubeide_1.4.0/stm32cubeide/plugins/com.st.stm32cube.ide.mcu.externaltools.gnu-tools-for-stm32.7-2018-q2-update.win32_1.4.0.202007081208/tools/bin/../lib/gcc/arm-none-eabi/7.3.1/thumb/v6-m\libgcc.a(ledf2.o)
 .ARM.attributes
                0x0000000000000b19       0x2c c:/st/stm32cubeide_1.4.0/stm32cubeide/plugins/com.st.stm32cube.ide.mcu.externaltools.gnu-tools-for-stm32.7-2018-q2-update.win32_1.4.0.202007081208/tools/bin/../lib/gcc/arm-none-eabi/7.3.1/thumb/v6-m\libgcc.a(muldf3.o)
 .ARM.attributes
                0x0000000000000b45       0x2c c:/st/stm32cubeide_1.4.0/stm32cubeide/plugins/com.st.stm32cube.ide.mcu.externaltools.gnu-tools-for-stm32.7-2018-q2-update.win32_1.4.0.202007081208/tools/bin/../lib/gcc/arm-none-eabi/7.3.1/thumb/v6-m\libgcc.a(subdf3.o)
 .ARM.attributes
                0x0000000000000b71       0x2c c:/st/stm32cubeide_1.4.0/stm32cubeide/plugins/com.st.stm32cube.ide.mcu.externaltools.gnu-tools-for-stm32.7-2018-q2-update.win32_1.4.0.202007081208/tools/bin/../lib/gcc/arm-none-eabi/7.3.1/thumb/v6-m\libgcc.a(fixdfsi.o)
 .ARM.attributes
                0x0000000000000b9d       0x2c c:/st/stm32cubeide_1.4.0/stm32cubeide/plugins/com.st.stm32cube.ide.mcu.externaltools.gnu-tools-for-stm32.7-2018-q2-update.win32_1.4.0.202007081208/tools/bin/../lib/gcc/arm-none-eabi/7.3.1/thumb/v6-m\libgcc.a(extendsfdf2.o)
 .ARM.attributes
                0x0000000000000bc9       0x1e c:/st/stm32cubeide_1.4.0/stm32cubeide/plugins/com.st.stm32cube.ide.mcu.externaltools.gnu-tools-for-stm32.7-2018-q2-update.win32_1.4.0.202007081208/tools/bin/../lib/gcc/arm-none-eabi/7.3.1/thumb/v6-m\libgcc.a(_clzsi2.o)
 .ARM.attributes
                0x0000000000000be7       0x1e c:/st/stm32cubeide_1.4.0/stm32cubeide/plugins/com.st.stm32cube.ide.mcu.externaltools.gnu-tools-for-stm32.7-2018-q2-update.win32_1.4.0.202007081208/tools/bin/../lib/gcc/arm-none-eabi/7.3.1/thumb/v6-m/crtn.o
OUTPUT(Web_MMS_Power.elf elf32-littlearm)

.debug_info     0x0000000000000000    0x229d2
 .debug_info    0x0000000000000000      0x25a Core/Src/fonts.o
 .debug_info    0x000000000000025a     0x3678 Core/Src/main.o