<html>
<body>
<pre>
<h1>µVision Build Log</h1>
<h2>Tool Versions:</h2>
IDE-Version: •ÏVision V5.33.0.0
Copyright (C) 2020 ARM Ltd and ARM Germany GmbH. All rights reserved.
License Information: Jisan Han, Stryx.Inc, LIC=2K1BF-62L57-4IVMD-LMELW-HDEA0-BYKNV
 
Tool Versions:
Toolchain:       MDK-ARM Cortex-M0/M0+ for ST  Version: 5.33.0.0
Toolchain Path:  C:\Keil_v5\ARM\ARMCLANG\Bin
C Compiler:      ArmClang.exe V6.15
Assembler:       Armasm.exe V6.15
Linker/Locator:  ArmLink.exe V6.15
Library Manager: ArmAr.exe V6.15
Hex Converter:   FromElf.exe V6.15
CPU DLL:         SARMCM3.DLL V5.33.0.0
Dialog DLL:      DARMCM1.DLL V1.19.4.0
Target DLL:      STLink\ST-LINKIII-KEIL_SWO.dll V3.0.8.0
Dialog DLL:      TARMCM1.DLL V1.14.3.0
 
<h2>Project:</h2>
C:\Users\eidos\GitHub\ArgosV2_Power_FW\Keil Web_MMS_Power_1.3.1\MDK-ARM\Web_MMS_Power.uvprojx
Project File Date:  03/09/2021

<h2>Output:</h2>
*** Using Compiler 'V6.15', folder: 'C:\Keil_v5\ARM\ARMCLANG\Bin'
Rebuild target 'Web_MMS_Power'
assembling startup_stm32f042x6.s...
compiling fonts.c...
compiling ssd1306.c...
compiling main.c...
compiling stm32f0xx_it.c...
compiling stm32f0xx_hal_msp.c...
compiling usb_device.c...
compiling usbd_desc.c...
compiling usbd_conf.c...
compiling usbd_cdc_if.c...
compiling stm32f0xx_ll_usb.c...
compiling stm32f0xx_ll_gpio.c...
compiling stm32f0xx_hal_pcd_ex.c...
compiling stm32f0xx_ll_rcc.c...
compiling stm32f0xx_hal_pcd.c...
compiling stm32f0xx_ll_exti.c...
compiling stm32f0xx_ll_utils.c...
compiling stm32f0xx_hal_rcc.c...
compiling stm32f0xx_hal.c...
compiling stm32f0xx_hal_rcc_ex.c...
compiling stm32f0xx_hal_i2c_ex.c...
compiling stm32f0xx_hal_gpio.c...
compiling stm32f0xx_hal_dma.c...
compiling stm32f0xx_hal_cortex.c...
compiling stm32f0xx_hal_pwr.c...
compiling stm32f0xx_hal_pwr_ex.c...
compiling stm32f0xx_hal_i2c.c...
compiling stm32f0xx_hal_flash.c...
compiling stm32f0xx_hal_exti.c...
compiling stm32f0xx_hal_flash_ex.c...
compiling stm32f0xx_hal_adc_ex.c...
compiling stm32f0xx_hal_adc.c...
compiling stm32f0xx_hal_can.c...
compiling system_stm32f0xx.c...
compiling stm32f0xx_hal_tim_ex.c...
compiling usbd_core.c...
compiling stm32f0xx_hal_tim.c...
compiling usbd_ctlreq.c...
compiling usbd_ioreq.c...
compiling usbd_cdc.c...
linking...
Program Size: Code=22474 RO-data=3902 RW-data=756 ZI-data=4300  
FromELF: creating hex file...
"Web_MMS_Power\Web_MMS_Power.axf" - 0 Error(s), 0 Warning(s).

<h2>Software Packages used:</h2>

Package Vendor: ARM
                http://www.keil.com/pack/ARM.CMSIS.5.7.0.pack
                ARM.CMSIS.5.7.0
                CMSIS (Cortex Microcontroller Software Interface Standard)
   * Component: CORE Version: 5.4.0

Package Vendor: Keil
                http://www.keil.com/pack/Keil.STM32F0xx_DFP.2.1.0.pack
                Keil.STM32F0xx_DFP.2.1.0
                STMicroelectronics STM32F0 Series Device Support, Drivers and Examples

<h2>Collection of Component include folders:</h2>
  .\RTE\_Web_MMS_Power
  C:\Users\eidos\AppData\Local\Arm\Packs\ARM\CMSIS\5.7.0\CMSIS\Core\Include
  C:\Users\eidos\AppData\Local\Arm\Packs\Keil\STM32F0xx_DFP\2.1.0\Drivers\CMSIS\Device\ST\STM32F0xx\Include

<h2>Collection of Component Files used:</h2>

   * Component: ARM::CMSIS:CORE:5.4.0
      Include file:  CMSIS\Core\Include\tz_context.h
Build Time Elapsed:  00:00:08
</pre>
</body>
</html>
