Component: ARM Compiler 6.15 Tool: armlink [5dd79300]

==============================================================================

Section Cross References

    startup_stm32f042x6.o(RESET) refers to startup_stm32f042x6.o(STACK) for __initial_sp
    startup_stm32f042x6.o(RESET) refers to startup_stm32f042x6.o(.text) for Reset_Handler
    startup_stm32f042x6.o(RESET) refers to stm32f0xx_it.o(.text.NMI_Handler) for NMI_Handler
    startup_stm32f042x6.o(RESET) refers to stm32f0xx_it.o(.text.HardFault_Handler) for HardFault_Handler
    startup_stm32f042x6.o(RESET) refers to stm32f0xx_it.o(.text.SVC_Handler) for SVC_Handler
    startup_stm32f042x6.o(RESET) refers to stm32f0xx_it.o(.text.PendSV_Handler) for PendSV_Handler
    startup_stm32f042x6.o(RESET) refers to stm32f0xx_it.o(.text.SysTick_Handler) for SysTick_Handler
    startup_stm32f042x6.o(RESET) refers to stm32f0xx_it.o(.text.EXTI4_15_IRQHandler) for EXTI4_15_IRQHandler
    startup_stm32f042x6.o(RESET) refers to stm32f0xx_it.o(.text.DMA1_Channel1_IRQHandler) for DMA1_Channel1_IRQHandler
    startup_stm32f042x6.o(RESET) refers to stm32f0xx_it.o(.text.ADC1_IRQHandler) for ADC1_IRQHandler
    startup_stm32f042x6.o(RESET) refers to stm32f0xx_it.o(.text.TIM1_BRK_UP_TRG_COM_IRQHandler) for TIM1_BRK_UP_TRG_COM_IRQHandler
    startup_stm32f042x6.o(RESET) refers to stm32f0xx_it.o(.text.I2C1_IRQHandler) for I2C1_IRQHandler
    startup_stm32f042x6.o(RESET) refers to stm32f0xx_it.o(.text.USB_IRQHandler) for USB_IRQHandler
    startup_stm32f042x6.o(.text) refers to startup_stm32f042x6.o(STACK) for __initial_sp
    startup_stm32f042x6.o(.text) refers to system_stm32f0xx.o(.text.SystemInit) for SystemInit
    startup_stm32f042x6.o(.text) refers to entry.o(.ARM.Collect$$$$00000000) for __main
    fonts.o(.data.Font_7x10) refers to fonts.o(.rodata.Font7x10) for [Anonymous Symbol]
    fonts.o(.data.Font_11x18) refers to fonts.o(.rodata.Font11x18) for [Anonymous Symbol]
    fonts.o(.data.Font_16x26) refers to fonts.o(.rodata.Font16x26) for [Anonymous Symbol]
    ssd1306.o(.text.ssd1306_Init) refers to stm32f0xx_hal.o(.text.HAL_Delay) for HAL_Delay
    ssd1306.o(.text.ssd1306_Init) refers to ssd1306.o(.text.ssd1306_WriteCommand) for ssd1306_WriteCommand
    ssd1306.o(.text.ssd1306_Init) refers to ssd1306.o(.text.ssd1306_Fill) for ssd1306_Fill
    ssd1306.o(.text.ssd1306_Init) refers to ssd1306.o(.text.ssd1306_UpdateScreen) for ssd1306_UpdateScreen
    ssd1306.o(.text.ssd1306_Init) refers to ssd1306.o(.bss.SSD1306.1) for [Anonymous Symbol]
    ssd1306.o(.text.ssd1306_Init) refers to ssd1306.o(.bss.SSD1306.0) for [Anonymous Symbol]
    ssd1306.o(.ARM.exidx.text.ssd1306_Init) refers to ssd1306.o(.text.ssd1306_Init) for [Anonymous Symbol]
    ssd1306.o(.text.ssd1306_WriteCommand) refers to stm32f0xx_hal_i2c.o(.text.HAL_I2C_Mem_Write) for HAL_I2C_Mem_Write
    ssd1306.o(.text.ssd1306_WriteCommand) refers to main.o(.bss.hi2c1) for hi2c1
    ssd1306.o(.ARM.exidx.text.ssd1306_WriteCommand) refers to ssd1306.o(.text.ssd1306_WriteCommand) for [Anonymous Symbol]
    ssd1306.o(.text.ssd1306_Fill) refers to memseta.o(.text) for __aeabi_memset4
    ssd1306.o(.text.ssd1306_Fill) refers to ssd1306.o(.bss.SSD1306_Buffer) for [Anonymous Symbol]
    ssd1306.o(.ARM.exidx.text.ssd1306_Fill) refers to ssd1306.o(.text.ssd1306_Fill) for [Anonymous Symbol]
    ssd1306.o(.text.ssd1306_UpdateScreen) refers to ssd1306.o(.text.ssd1306_WriteCommand) for ssd1306_WriteCommand
    ssd1306.o(.text.ssd1306_UpdateScreen) refers to stm32f0xx_hal_i2c.o(.text.HAL_I2C_Mem_Write) for HAL_I2C_Mem_Write
    ssd1306.o(.text.ssd1306_UpdateScreen) refers to ssd1306.o(.bss.SSD1306_Buffer) for [Anonymous Symbol]
    ssd1306.o(.text.ssd1306_UpdateScreen) refers to main.o(.bss.hi2c1) for hi2c1
    ssd1306.o(.ARM.exidx.text.ssd1306_UpdateScreen) refers to ssd1306.o(.text.ssd1306_UpdateScreen) for [Anonymous Symbol]
    ssd1306.o(.text.ssd1306_DrawPixel) refers to ssd1306.o(.bss.SSD1306_Buffer) for [Anonymous Symbol]
    ssd1306.o(.ARM.exidx.text.ssd1306_DrawPixel) refers to ssd1306.o(.text.ssd1306_DrawPixel) for [Anonymous Symbol]
    ssd1306.o(.text.ssd1306_WriteChar) refers to ssd1306.o(.text.ssd1306_DrawPixel) for ssd1306_DrawPixel
    ssd1306.o(.text.ssd1306_WriteChar) refers to ssd1306.o(.bss.SSD1306.0) for [Anonymous Symbol]
    ssd1306.o(.text.ssd1306_WriteChar) refers to ssd1306.o(.bss.SSD1306.1) for [Anonymous Symbol]
    ssd1306.o(.ARM.exidx.text.ssd1306_WriteChar) refers to ssd1306.o(.text.ssd1306_WriteChar) for [Anonymous Symbol]
    ssd1306.o(.text.ssd1306_WriteString) refers to ssd1306.o(.text.ssd1306_WriteChar) for ssd1306_WriteChar
    ssd1306.o(.ARM.exidx.text.ssd1306_WriteString) refers to ssd1306.o(.text.ssd1306_WriteString) for [Anonymous Symbol]
    ssd1306.o(.text.ssd1306_SetCursor) refers to ssd1306.o(.bss.SSD1306.1) for [Anonymous Symbol]
    ssd1306.o(.text.ssd1306_SetCursor) refers to ssd1306.o(.bss.SSD1306.0) for [Anonymous Symbol]
[...]
    [Anonymous Symbol]                       0x08005e64   Section        0  ssd1306.o(.text.ssd1306_SetCursor)
    [Anonymous Symbol]                       0x08005e70   Section        0  ssd1306.o(.text.ssd1306_UpdateScreen)
    __arm_cp.3_0                             0x08005eb4   Number         4  ssd1306.o(.text.ssd1306_UpdateScreen)
    [Anonymous Symbol]                       0x08005eb8   Section        0  ssd1306.o(.text.ssd1306_WriteChar)
    __arm_cp.5_0                             0x08005f50   Number         4  ssd1306.o(.text.ssd1306_WriteChar)
    __arm_cp.5_1                             0x08005f54   Number         4  ssd1306.o(.text.ssd1306_WriteChar)
    ssd1306_WriteCommand                     0x08005f59   Thumb Code    36  ssd1306.o(.text.ssd1306_WriteCommand)
    [Anonymous Symbol]                       0x08005f58   Section        0  ssd1306.o(.text.ssd1306_WriteCommand)
    __arm_cp.1_0                             0x08005f78   Number         4  ssd1306.o(.text.ssd1306_WriteCommand)
    [Anonymous Symbol]                       0x08005f7c   Section        0  ssd1306.o(.text.ssd1306_WriteString)
    i.__0sprintf$3                           0x08005fbc   Section        0  printf3.o(i.__0sprintf$3)
    i.__ARM_clz                              0x08005fe4   Section        0  depilogue.o(i.__ARM_clz)
    i.__scatterload_copy                     0x08006012   Section       14  handlers.o(i.__scatterload_copy)
    i.__scatterload_null                     0x08006020   Section        2  handlers.o(i.__scatterload_null)
    i.__scatterload_zeroinit                 0x08006022   Section       14  handlers.o(i.__scatterload_zeroinit)
    _printf_core                             0x08006031   Thumb Code   456  printf3.o(i._printf_core)
    i._printf_core                           0x08006030   Section        0  printf3.o(i._printf_core)
    _sputc                                   0x080061fd   Thumb Code    10  printf3.o(i._sputc)
    i._sputc                                 0x080061fc   Section        0  printf3.o(i._sputc)
    Font11x18                                0x08006206   Data        3492  fonts.o(.rodata.Font11x18)
    [Anonymous Symbol]                       0x08006206   Section        0  fonts.o(.rodata.Font11x18)
    .L.str.3                                 0x08006fba   Data           6  main.o(.rodata.str1.1)
    [Anonymous Symbol]                       0x08006fba   Section        0  main.o(.rodata.str1.1)
    .L.str.1                                 0x08006fc0   Data          83  usbd_cdc_if.o(.rodata.str1.1)
    [Anonymous Symbol]                       0x08006fc0   Section        0  usbd_cdc_if.o(.rodata.str1.1)
    .L.str.5                                 0x08007013   Data          12  usbd_cdc_if.o(.rodata.str1.1)
    .L.str.6                                 0x0800701f   Data          12  usbd_cdc_if.o(.rodata.str1.1)
    .L.str.8                                 0x0800702b   Data          12  usbd_cdc_if.o(.rodata.str1.1)
    .L.str.4                                 0x08007038   Data          22  usbd_cdc_if.o(.rodata.str1.4)
    [Anonymous Symbol]                       0x08007038   Section        0  usbd_cdc_if.o(.rodata.str1.4)
    CDC_Control_FS.lineCoding                0x20000000   Data           7  usbd_cdc_if.o(.data.CDC_Control_FS.lineCoding)
    [Anonymous Symbol]                       0x20000000   Section        0  usbd_cdc_if.o(.data.CDC_Control_FS.lineCoding)
    HAL_TIM_PeriodElapsedCallback.now        0x2000002c   Data           2  main.o(.data.HAL_TIM_PeriodElapsedCallback.now)
    [Anonymous Symbol]                       0x2000002c   Section        0  main.o(.data.HAL_TIM_PeriodElapsedCallback.now)
    USBD_CDC_DeviceQualifierDesc             0x20000258   Data          10  usbd_cdc.o(.data.USBD_CDC_DeviceQualifierDesc)
    [Anonymous Symbol]                       0x20000258   Section        0  usbd_cdc.o(.data.USBD_CDC_DeviceQualifierDesc)
    SSD1306.0                                0x2000030c   Data           2  ssd1306.o(.bss.SSD1306.0)
    [Anonymous Symbol]                       0x2000030c   Section        0  ssd1306.o(.bss.SSD1306.0)
    SSD1306.1                                0x2000030e   Data           2  ssd1306.o(.bss.SSD1306.1)
    [Anonymous Symbol]                       0x2000030e   Section        0  ssd1306.o(.bss.SSD1306.1)
    SSD1306_Buffer                           0x20000310   Data        1024  ssd1306.o(.bss.SSD1306_Buffer)
    [Anonymous Symbol]                       0x20000310   Section        0  ssd1306.o(.bss.SSD1306_Buffer)
    USBD_SetConfig.cfgidx                    0x20000710   Data           1  usbd_ctlreq.o(.bss.USBD_SetConfig.cfgidx)
    [Anonymous Symbol]                       0x20000710   Section        0  usbd_ctlreq.o(.bss.USBD_SetConfig.cfgidx)
    USBD_static_malloc.mem                   0x20000754   Data         544  usbd_conf.o(.bss.USBD_static_malloc.mem)
    [Anonymous Symbol]                       0x20000754   Section        0  usbd_conf.o(.bss.USBD_static_malloc.mem)
    STACK                                    0x200011a8   Section      512  startup_stm32f042x6.o(STACK)

    Global Symbols

    Symbol Name                              Value     Ov Type        Size  Object(Section)

    BuildAttributes$$THM_ISAv3M$S$PE$A:L22$X:L11$S22$IEEE1$IW$~IW$USESV6$~STKCKD$USESV7$WCHAR32$ENUMINT$~SHL$OTIME$ROPI$EBA8$MICROLIB$REQ8$PRES8$EABIv2 0x00000000   Number         0  anon$$obj.o ABSOLUTE
    _printf_a                                0x00000000   Number         0  printfstubs.o ABSOLUTE
    _printf_c                                0x00000000   Number         0  printfstubs.o ABSOLUTE
    _printf_charcount                        0x00000000   Number         0  printfstubs.o ABSOLUTE
    _printf_d                                0x00000000   Number         0  printfstubs.o ABSOLUTE
    _printf_e                                0x00000000   Number         0  printfstubs.o ABSOLUTE
    _printf_f                                0x00000000   Number         0  printfstubs.o ABSOLUTE
    _printf_flags                            0x00000000   Number         0  printfstubs.o ABSOLUTE
    _printf_fp_dec                           0x00000000   Number         0  printfstubs.o ABSOLUTE
    _printf_fp_hex                           0x00000000   Number         0  printfstubs.o ABSOLUTE
    _printf_g                                0x00000000   Number         0  printfstubs.o ABSOLUTE
    _printf_i                                0x00000000   Number         0  printfstubs.o ABSOLUTE
    _printf_int_dec                          0x00000000   Number         0  printfstubs.o ABSOLUTE
    _printf_l                                0x00000000   Number         0  printfstubs.o ABSOLUTE
    _printf_lc                               0x00000000   Number         0  printfstubs.o ABSOLUTE
    _printf_ll                               0x00000000   Number         0  printfstubs.o ABSOLUTE
    _printf_lld                              0x00000000   Number         0  printfstubs.o ABSOLUTE
    _printf_lli                              0x00000000   Number         0  printfstubs.o ABSOLUTE
    _printf_llo                              0x00000000   Number         0  printfstubs.o ABSOLUTE
    _printf_llu                              0x00000000   Number         0  printfstubs.o ABSOLUTE
    _printf_llx                              0x00000000   Number         0  printfstubs.o ABSOLUTE
    _printf_longlong_dec                     0x00000000   Number         0  printfstubs.o ABSOLUTE
    _printf_longlong_hex                     0x00000000   Number         0  printfstubs.o ABSOLUTE
    _printf_longlong_oct                     0x00000000   Number         0  printfstubs.o ABSOLUTE
    _printf_ls                               0x00000000   Number         0  printfstubs.o ABSOLUTE
    _printf_mbtowc                           0x00000000   Number         0  printfstubs.o ABSOLUTE
    _printf_n                                0x00000000   Number         0  printfstubs.o ABSOLUTE
    _printf_o                                0x00000000   Number         0  printfstubs.o ABSOLUTE
    _printf_p                                0x00000000   Number         0  printfstubs.o ABSOLUTE
    _printf_percent                          0x00000000   Number         0  printfstubs.o ABSOLUTE
    _printf_pre_padding                      0x00000000   Number         0  printfstubs.o ABSOLUTE
    _printf_return_value                     0x00000000   Number         0  printfstubs.o ABSOLUTE
    _printf_s                                0x00000000   Number         0  printfstubs.o ABSOLUTE
    _printf_sizespec                         0x00000000   Number         0  printfstubs.o ABSOLUTE
    _printf_str                              0x00000000   Number         0  printfstubs.o ABSOLUTE
    _printf_truncate_signed                  0x00000000   Number         0  printfstubs.o ABSOLUTE
    _printf_truncate_unsigned                0x00000000   Number         0  printfstubs.o ABSOLUTE
    _printf_u                                0x00000000   Number         0  printfstubs.o ABSOLUTE
    _printf_wc                               0x00000000   Number         0  printfstubs.o ABSOLUTE
    _printf_wctomb                           0x00000000   Number         0  printfstubs.o ABSOLUTE
    _printf_widthprec                        0x00000000   Number         0  printfstubs.o ABSOLUTE
    _printf_x                                0x00000000   Number         0  printfstubs.o ABSOLUTE
    __cpp_initialize__aeabi_                  - Undefined Weak Reference
    __cxa_finalize                            - Undefined Weak Reference
    _clock_init                               - Undefined Weak Reference
    _microlib_exit                            - Undefined Weak Reference
    __Vectors_Size                           0x000000c0   Number         0  startup_stm32f042x6.o ABSOLUTE
    __Vectors                                0x08000000   Data           4  startup_stm32f042x6.o(RESET)
    __Vectors_End                            0x080000c0   Data           0  startup_stm32f042x6.o(RESET)
    __main                                   0x080000c1   Thumb Code     0  entry.o(.ARM.Collect$$$$00000000)
    _main_stk                                0x080000c1   Thumb Code     0  entry2.o(.ARM.Collect$$$$00000001)
    _main_scatterload                        0x080000c5   Thumb Code     0  entry5.o(.ARM.Collect$$$$00000004)
    __main_after_scatterload                 0x080000c9   Thumb Code     0  entry5.o(.ARM.Collect$$$$00000004)
    _main_clock                              0x080000c9   Thumb Code     0  entry7b.o(.ARM.Collect$$$$00000008)
    _main_cpp_init                           0x080000c9   Thumb Code     0  entry8b.o(.ARM.Collect$$$$0000000A)
    _main_init                               0x080000c9   Thumb Code     0  entry9a.o(.ARM.Collect$$$$0000000B)
    __rt_final_cpp                           0x080000d1   Thumb Code     0  entry10a.o(.ARM.Collect$$$$0000000D)
    __rt_final_exit                          0x080000d1   Thumb Code     0  entry11a.o(.ARM.Collect$$$$0000000F)
    Reset_Handler                            0x080000d5   Thumb Code    38  startup_stm32f042x6.o(.text)
    CEC_CAN_IRQHandler                       0x08000105   Thumb Code     0  startup_stm32f042x6.o(.text)
    DMA1_Channel2_3_IRQHandler               0x08000105   Thumb Code     0  startup_stm32f042x6.o(.text)
    DMA1_Channel4_5_IRQHandler               0x08000105   Thumb Code     0  startup_stm32f042x6.o(.text)
    EXTI0_1_IRQHandler                       0x08000105   Thumb Code     0  startup_stm32f042x6.o(.text)
    EXTI2_3_IRQHandler                       0x08000105   Thumb Code     0  startup_stm32f042x6.o(.text)
    FLASH_IRQHandler                         0x08000105   Thumb Code     0  startup_stm32f042x6.o(.text)
    PVD_VDDIO2_IRQHandler                    0x08000105   Thumb Code     0  startup_stm32f042x6.o(.text)
    RCC_CRS_IRQHandler                       0x08000105   Thumb Code     0  startup_stm32f042x6.o(.text)
    RTC_IRQHandler                           0x08000105   Thumb Code     0  startup_stm32f042x6.o(.text)
    SPI1_IRQHandler                          0x08000105   Thumb Code     0  startup_stm32f042x6.o(.text)
    SPI2_IRQHandler                          0x08000105   Thumb Code     0  startup_stm32f042x6.o(.text)
    TIM14_IRQHandler                         0x08000105   Thumb Code     0  startup_stm32f042x6.o(.text)
    TIM16_IRQHandler                         0x08000105   Thumb Code     0  startup_stm32f042x6.o(.text)
    TIM17_IRQHandler                         0x08000105   Thumb Code     0  startup_stm32f042x6.o(.text)
    TIM1_CC_IRQHandler                       0x08000105   Thumb Code     0  startup_stm32f042x6.o(.text)
    TIM2_IRQHandler                          0x08000105   Thumb Code     0  startup_stm32f042x6.o(.text)
    TIM3_IRQHandler                          0x08000105   Thumb Code     0  startup_stm32f042x6.o(.text)
    TSC_IRQHandler                           0x08000105   Thumb Code     0  startup_stm32f042x6.o(.text)
    USART1_IRQHandler                        0x08000105   Thumb Code     0  startup_stm32f042x6.o(.text)
    USART2_IRQHandler                        0x08000105   Thumb Code     0  startup_stm32f042x6.o(.text)
    WWDG_IRQHandler                          0x08000105   Thumb Code     0  startup_stm32f042x6.o(.text)
    __aeabi_llsr                             0x0800012d   Thumb Code    34  llushr.o(.text)
    _ll_ushift_r                             0x0800012d   Thumb Code     0  llushr.o(.text)
    __aeabi_memcpy                           0x0800014f   Thumb Code    36  memcpya.o(.text)
    __aeabi_memcpy4                          0x0800014f   Thumb Code     0  memcpya.o(.text)
    __aeabi_memcpy8                          0x0800014f   Thumb Code     0  memcpya.o(.text)
    __aeabi_memset                           0x08000173   Thumb Code    14  memseta.o(.text)
    __aeabi_memset4                          0x08000173   Thumb Code     0  memseta.o(.text)
    __aeabi_memset8                          0x08000173   Thumb Code     0  memseta.o(.text)
    __aeabi_memclr                           0x08000181   Thumb Code     4  memseta.o(.text)
    __aeabi_memclr4                          0x08000181   Thumb Code     0  memseta.o(.text)
    __aeabi_memclr8                          0x08000181   Thumb Code     0  memseta.o(.text)
    _memset$wrapper                          0x08000185   Thumb Code    18  memseta.o(.text)
    strlen                                   0x08000197   Thumb Code    14  strlen.o(.text)
    __aeabi_fmul                             0x080001a5   Thumb Code   122  fmul.o(.text)
    __aeabi_dmul                             0x08000221   Thumb Code   202  dmul.o(.text)
    __aeabi_dcmpge                           0x080002f1   Thumb Code    44  dcmpge.o(.text)
    __aeabi_ui2f                             0x0800031d   Thumb Code    14  ffltui.o(.text)
    __aeabi_f2iz                             0x0800032b   Thumb Code    50  ffixi.o(.text)
    __aeabi_d2iz                             0x0800035d   Thumb Code    62  dfixi.o(.text)
    __aeabi_f2d                              0x080003a5   Thumb Code    40  f2d.o(.text)
    __aeabi_uidiv                            0x080003cd   Thumb Code     0  uidiv_div0.o(.text)
    __aeabi_uidivmod                         0x080003cd   Thumb Code    62  uidiv_div0.o(.text)
    __aeabi_idiv$div0                        0x0800040d   Thumb Code     0  idiv_div0.o(.text)
    __aeabi_idivmod                          0x0800040d   Thumb Code    74  idiv_div0.o(.text)
    __I$use$fp                               0x0800045d   Thumb Code     0  iusefp.o(.text)
    _float_round                             0x0800045d   Thumb Code    16  fepilogue.o(.text)
    _float_epilogue                          0x0800046d   Thumb Code   114  fepilogue.o(.text)
    _double_round                            0x080004df   Thumb Code    26  depilogue.o(.text)
    _double_epilogue                         0x080004f9   Thumb Code   164  depilogue.o(.text)
    __scatterload                            0x0800059d   Thumb Code    28  init.o(.text)
    __scatterload_rt2                        0x0800059d   Thumb Code     0  init.o(.text)
    __aeabi_llsl                             0x080005c1   Thumb Code    32  llshl.o(.text)
    _ll_shift_l                              0x080005c1   Thumb Code     0  llshl.o(.text)
    __decompress                             0x080005e1   Thumb Code     0  __dczerorl2.o(.text)
    __decompress1                            0x080005e1   Thumb Code    86  __dczerorl2.o(.text)
    ADC1_IRQHandler                          0x08000639   Thumb Code    12  stm32f0xx_it.o(.text.ADC1_IRQHandler)
    ADC_PRINT                                0x0800083d   Thumb Code   180  main.o(.text.ADC_PRINT)
    CDC_Transmit_FS                          0x08000f79   Thumb Code    48  usbd_cdc_if.o(.text.CDC_Transmit_FS)
    DMA1_Channel1_IRQHandler                 0x08000fa9   Thumb Code    16  stm32f0xx_it.o(.text.DMA1_Channel1_IRQHandler)
    EXTI4_15_IRQHandler                      0x08001005   Thumb Code    60  stm32f0xx_it.o(.text.EXTI4_15_IRQHandler)
    Error_Handler                            0x08001041   Thumb Code     2  main.o(.text.Error_Handler)
    HAL_ADC_ConfigChannel                    0x08001075   Thumb Code   272  stm32f0xx_hal_adc.o(.text.HAL_ADC_ConfigChannel)
    HAL_ADC_ConvCpltCallback                 0x08001185   Thumb Code     2  stm32f0xx_hal_adc.o(.text.HAL_ADC_ConvCpltCallback)
    HAL_ADC_ConvHalfCpltCallback             0x08001187   Thumb Code     2  stm32f0xx_hal_adc.o(.text.HAL_ADC_ConvHalfCpltCallback)
    HAL_ADC_ErrorCallback                    0x08001189   Thumb Code     2  stm32f0xx_hal_adc.o(.text.HAL_ADC_ErrorCallback)
    HAL_ADC_IRQHandler                       0x0800118b   Thumb Code   210  stm32f0xx_hal_adc.o(.text.HAL_ADC_IRQHandler)
    HAL_ADC_Init                             0x0800125d   Thumb Code   332  stm32f0xx_hal_adc.o(.text.HAL_ADC_Init)
    HAL_ADC_LevelOutOfWindowCallback         0x080013a9   Thumb Code     2  stm32f0xx_hal_adc.o(.text.HAL_ADC_LevelOutOfWindowCallback)
    HAL_ADC_MspInit                          0x080013ad   Thumb Code   164  stm32f0xx_hal_msp.o(.text.HAL_ADC_MspInit)
    HAL_ADC_Start_DMA                        0x08001451   Thumb Code   144  stm32f0xx_hal_adc.o(.text.HAL_ADC_Start_DMA)
    HAL_ADC_Stop_DMA                         0x080014e1   Thumb Code   116  stm32f0xx_hal_adc.o(.text.HAL_ADC_Stop_DMA)
    HAL_CAN_Init                             0x08001555   Thumb Code   258  stm32f0xx_hal_can.o(.text.HAL_CAN_Init)
    HAL_CAN_MspInit                          0x08001659   Thumb Code   108  stm32f0xx_hal_msp.o(.text.HAL_CAN_MspInit)
    HAL_DMA_Abort                            0x080016c5   Thumb Code    56  stm32f0xx_hal_dma.o(.text.HAL_DMA_Abort)
    HAL_DMA_Abort_IT                         0x080016fd   Thumb Code    64  stm32f0xx_hal_dma.o(.text.HAL_DMA_Abort_IT)
    HAL_DMA_GetState                         0x0800173d   Thumb Code     4  stm32f0xx_hal_dma.o(.text.HAL_DMA_GetState)
    HAL_DMA_IRQHandler                       0x08001741   Thumb Code   160  stm32f0xx_hal_dma.o(.text.HAL_DMA_IRQHandler)
    HAL_DMA_Init                             0x080017e1   Thumb Code    92  stm32f0xx_hal_dma.o(.text.HAL_DMA_Init)
    HAL_DMA_PollForTransfer                  0x0800183d   Thumb Code   192  stm32f0xx_hal_dma.o(.text.HAL_DMA_PollForTransfer)
    HAL_DMA_Start_IT                         0x080018fd   Thumb Code    96  stm32f0xx_hal_dma.o(.text.HAL_DMA_Start_IT)
    HAL_Delay                                0x0800195d   Thumb Code    36  stm32f0xx_hal.o(.text.HAL_Delay)
    HAL_GPIO_Init                            0x08001981   Thumb Code   392  stm32f0xx_hal_gpio.o(.text.HAL_GPIO_Init)
    HAL_GPIO_ReadPin                         0x08001b09   Thumb Code    10  stm32f0xx_hal_gpio.o(.text.HAL_GPIO_ReadPin)
    HAL_GPIO_WritePin                        0x08001b13   Thumb Code    16  stm32f0xx_hal_gpio.o(.text.HAL_GPIO_WritePin)
    HAL_GetTick                              0x08001b25   Thumb Code     8  stm32f0xx_hal.o(.text.HAL_GetTick)
    HAL_I2CEx_ConfigAnalogFilter             0x08001b2d   Thumb Code    62  stm32f0xx_hal_i2c_ex.o(.text.HAL_I2CEx_ConfigAnalogFilter)
    HAL_I2CEx_ConfigDigitalFilter            0x08001b6b   Thumb Code    62  stm32f0xx_hal_i2c_ex.o(.text.HAL_I2CEx_ConfigDigitalFilter)
    HAL_I2C_AbortCpltCallback                0x08001ba9   Thumb Code     2  stm32f0xx_hal_i2c.o(.text.HAL_I2C_AbortCpltCallback)
    HAL_I2C_AddrCallback                     0x08001bab   Thumb Code     2  stm32f0xx_hal_i2c.o(.text.HAL_I2C_AddrCallback)
    HAL_I2C_ER_IRQHandler                    0x08001bad   Thumb Code    90  stm32f0xx_hal_i2c.o(.text.HAL_I2C_ER_IRQHandler)
    HAL_I2C_EV_IRQHandler                    0x08001c07   Thumb Code    18  stm32f0xx_hal_i2c.o(.text.HAL_I2C_EV_IRQHandler)
    HAL_I2C_ErrorCallback                    0x08001c19   Thumb Code     2  stm32f0xx_hal_i2c.o(.text.HAL_I2C_ErrorCallback)
    HAL_I2C_Init                             0x08001c1d   Thumb Code   152  stm32f0xx_hal_i2c.o(.text.HAL_I2C_Init)
    HAL_I2C_ListenCpltCallback               0x08001cb5   Thumb Code     2  stm32f0xx_hal_i2c.o(.text.HAL_I2C_ListenCpltCallback)
    HAL_I2C_Mem_Write                        0x08001cb9   Thumb Code   352  stm32f0xx_hal_i2c.o(.text.HAL_I2C_Mem_Write)
    HAL_I2C_MspInit                          0x08001e19   Thumb Code   120  stm32f0xx_hal_msp.o(.text.HAL_I2C_MspInit)
    HAL_I2C_SlaveRxCpltCallback              0x08001e91   Thumb Code     2  stm32f0xx_hal_i2c.o(.text.HAL_I2C_SlaveRxCpltCallback)
    HAL_I2C_SlaveTxCpltCallback              0x08001e93   Thumb Code     2  stm32f0xx_hal_i2c.o(.text.HAL_I2C_SlaveTxCpltCallback)
    HAL_IncTick                              0x08001e95   Thumb Code    20  stm32f0xx_hal.o(.text.HAL_IncTick)
    HAL_Init                                 0x08001ea9   Thumb Code    32  stm32f0xx_hal.o(.text.HAL_Init)
    HAL_InitTick                             0x08001ec9   Thumb Code    72  stm32f0xx_hal.o(.text.HAL_InitTick)
    HAL_MspInit                              0x08001f11   Thumb Code    44  stm32f0xx_hal_msp.o(.text.HAL_MspInit)
    HAL_NVIC_DisableIRQ                      0x08001f3d   Thumb Code     8  stm32f0xx_hal_cortex.o(.text.HAL_NVIC_DisableIRQ)
    HAL_NVIC_EnableIRQ                       0x08001f45   Thumb Code     8  stm32f0xx_hal_cortex.o(.text.HAL_NVIC_EnableIRQ)
    HAL_NVIC_SetPriority                     0x08001f4d   Thumb Code     8  stm32f0xx_hal_cortex.o(.text.HAL_NVIC_SetPriority)
    HAL_PCDEx_ActivateLPM                    0x08001f55   Thumb Code    38  stm32f0xx_hal_pcd_ex.o(.text.HAL_PCDEx_ActivateLPM)
    HAL_PCDEx_LPM_Callback                   0x08001f7b   Thumb Code     2  stm32f0xx_hal_pcd_ex.o(.text.HAL_PCDEx_LPM_Callback)
    HAL_PCDEx_PMAConfig                      0x08001f7d   Thumb Code    60  stm32f0xx_hal_pcd_ex.o(.text.HAL_PCDEx_PMAConfig)
    HAL_PCD_DataInStageCallback              0x08001fb9   Thumb Code    24  usbd_conf.o(.text.HAL_PCD_DataInStageCallback)
    HAL_PCD_DataOutStageCallback             0x08001fd1   Thumb Code    28  usbd_conf.o(.text.HAL_PCD_DataOutStageCallback)
    HAL_PCD_DeInit                           0x08001fed   Thumb Code    48  stm32f0xx_hal_pcd.o(.text.HAL_PCD_DeInit)
    HAL_PCD_DevDisconnect                    0x0800201d   Thumb Code    34  stm32f0xx_hal_pcd.o(.text.HAL_PCD_DevDisconnect)
    HAL_PCD_EP_Close                         0x0800203f   Thumb Code    80  stm32f0xx_hal_pcd.o(.text.HAL_PCD_EP_Close)
    HAL_PCD_EP_ClrStall                      0x0800208f   Thumb Code    98  stm32f0xx_hal_pcd.o(.text.HAL_PCD_EP_ClrStall)
    HAL_PCD_EP_GetRxCount                    0x0800241d   Thumb Code    18  stm32f0xx_hal_pcd.o(.text.HAL_PCD_EP_GetRxCount)
    HAL_PCD_EP_Open                          0x0800242f   Thumb Code   100  stm32f0xx_hal_pcd.o(.text.HAL_PCD_EP_Open)
    HAL_PCD_EP_Receive                       0x08002493   Thumb Code    40  stm32f0xx_hal_pcd.o(.text.HAL_PCD_EP_Receive)
    HAL_PCD_EP_SetStall                      0x080024bb   Thumb Code    92  stm32f0xx_hal_pcd.o(.text.HAL_PCD_EP_SetStall)
    HAL_PCD_EP_Transmit                      0x08002517   Thumb Code    50  stm32f0xx_hal_pcd.o(.text.HAL_PCD_EP_Transmit)
    HAL_PCD_IRQHandler                       0x08002549   Thumb Code   372  stm32f0xx_hal_pcd.o(.text.HAL_PCD_IRQHandler)
    HAL_PCD_Init                             0x080026bd   Thumb Code   212  stm32f0xx_hal_pcd.o(.text.HAL_PCD_Init)
    HAL_PCD_MspDeInit                        0x08002791   Thumb Code    32  usbd_conf.o(.text.HAL_PCD_MspDeInit)
    HAL_PCD_MspInit                          0x080027b1   Thumb Code    68  usbd_conf.o(.text.HAL_PCD_MspInit)
    HAL_PCD_ResetCallback                    0x080027f5   Thumb Code    34  usbd_conf.o(.text.HAL_PCD_ResetCallback)
    HAL_PCD_ResumeCallback                   0x08002819   Thumb Code    36  usbd_conf.o(.text.HAL_PCD_ResumeCallback)
    HAL_PCD_SOFCallback                      0x0800283d   Thumb Code    14  usbd_conf.o(.text.HAL_PCD_SOFCallback)
    HAL_PCD_SetAddress                       0x0800284b   Thumb Code    40  stm32f0xx_hal_pcd.o(.text.HAL_PCD_SetAddress)
    HAL_PCD_SetupStageCallback               0x08002873   Thumb Code    22  usbd_conf.o(.text.HAL_PCD_SetupStageCallback)
    HAL_PCD_Start                            0x08002889   Thumb Code    42  stm32f0xx_hal_pcd.o(.text.HAL_PCD_Start)
    HAL_PCD_Stop                             0x080028b3   Thumb Code    42  stm32f0xx_hal_pcd.o(.text.HAL_PCD_Stop)
    HAL_PCD_SuspendCallback                  0x080028dd   Thumb Code    36  usbd_conf.o(.text.HAL_PCD_SuspendCallback)
    HAL_SYSTICK_Config                       0x08002901   Thumb Code     8  stm32f0xx_hal_cortex.o(.text.HAL_SYSTICK_Config)
    HAL_TIMEx_BreakCallback                  0x08002909   Thumb Code     2  stm32f0xx_hal_tim_ex.o(.text.HAL_TIMEx_BreakCallback)
    HAL_TIMEx_CommutCallback                 0x0800290b   Thumb Code     2  stm32f0xx_hal_tim_ex.o(.text.HAL_TIMEx_CommutCallback)
    HAL_TIMEx_MasterConfigSynchronization    0x0800290d   Thumb Code    76  stm32f0xx_hal_tim_ex.o(.text.HAL_TIMEx_MasterConfigSynchronization)
    HAL_TIM_Base_Init                        0x08002959   Thumb Code    66  stm32f0xx_hal_tim.o(.text.HAL_TIM_Base_Init)
    HAL_TIM_Base_MspInit                     0x0800299d   Thumb Code    64  stm32f0xx_hal_msp.o(.text.HAL_TIM_Base_MspInit)
    HAL_TIM_Base_Start_IT                    0x080029dd   Thumb Code    76  stm32f0xx_hal_tim.o(.text.HAL_TIM_Base_Start_IT)
    HAL_TIM_ConfigClockSource                0x08002a29   Thumb Code   196  stm32f0xx_hal_tim.o(.text.HAL_TIM_ConfigClockSource)
    HAL_TIM_IC_CaptureCallback               0x08002aed   Thumb Code     2  stm32f0xx_hal_tim.o(.text.HAL_TIM_IC_CaptureCallback)
    HAL_TIM_IRQHandler                       0x08002aef   Thumb Code   328  stm32f0xx_hal_tim.o(.text.HAL_TIM_IRQHandler)
    HAL_TIM_OC_DelayElapsedCallback          0x08002c37   Thumb Code     2  stm32f0xx_hal_tim.o(.text.HAL_TIM_OC_DelayElapsedCallback)
    HAL_TIM_PWM_PulseFinishedCallback        0x08002c39   Thumb Code     2  stm32f0xx_hal_tim.o(.text.HAL_TIM_PWM_PulseFinishedCallback)
    HAL_TIM_PeriodElapsedCallback            0x08002c3d   Thumb Code   120  main.o(.text.HAL_TIM_PeriodElapsedCallback)
    HAL_TIM_TriggerCallback                  0x08002cb5   Thumb Code     2  stm32f0xx_hal_tim.o(.text.HAL_TIM_TriggerCallback)
    HardFault_Handler                        0x08002cb7   Thumb Code     2  stm32f0xx_it.o(.text.HardFault_Handler)
    I2C1_IRQHandler                          0x08002cb9   Thumb Code    36  stm32f0xx_it.o(.text.I2C1_IRQHandler)
    LL_EXTI_Init                             0x080034dd   Thumb Code   152  stm32f0xx_ll_exti.o(.text.LL_EXTI_Init)
    LL_GPIO_Init                             0x080035a1   Thumb Code   122  stm32f0xx_ll_gpio.o(.text.LL_GPIO_Init)
    LL_SetSystemCoreClock                    0x080037a1   Thumb Code    12  stm32f0xx_ll_utils.o(.text.LL_SetSystemCoreClock)
    MX_USB_DEVICE_Init                       0x08003b89   Thumb Code   100  usb_device.o(.text.MX_USB_DEVICE_Init)
    NMI_Handler                              0x08003bed   Thumb Code     2  stm32f0xx_it.o(.text.NMI_Handler)
    PendSV_Handler                           0x08003f25   Thumb Code     2  stm32f0xx_it.o(.text.PendSV_Handler)
    SVC_Handler                              0x08003f27   Thumb Code     2  stm32f0xx_it.o(.text.SVC_Handler)
    SysTick_Handler                          0x08003f51   Thumb Code     8  stm32f0xx_it.o(.text.SysTick_Handler)
    SystemClock_Config                       0x08003f61   Thumb Code   108  main.o(.text.SystemClock_Config)
    SystemInit                               0x08003fcd   Thumb Code     2  system_stm32f0xx.o(.text.SystemInit)
    TIM1_BRK_UP_TRG_COM_IRQHandler           0x08003fd1   Thumb Code    16  stm32f0xx_it.o(.text.TIM1_BRK_UP_TRG_COM_IRQHandler)
    TIM_Base_SetConfig                       0x08003fe1   Thumb Code   160  stm32f0xx_hal_tim.o(.text.TIM_Base_SetConfig)
    TIM_ETR_SetConfig                        0x08004081   Thumb Code    22  stm32f0xx_hal_tim.o(.text.TIM_ETR_SetConfig)
    USBD_CDC_GetDeviceQualifierDescriptor    0x080041ed   Thumb Code    12  usbd_cdc.o(.text.USBD_CDC_GetDeviceQualifierDescriptor)
    USBD_CDC_ReceivePacket                   0x080042a5   Thumb Code    44  usbd_cdc.o(.text.USBD_CDC_ReceivePacket)
    USBD_CDC_RegisterInterface               0x080042d1   Thumb Code    18  usbd_cdc.o(.text.USBD_CDC_RegisterInterface)
    USBD_CDC_SetRxBuffer                     0x080042e3   Thumb Code    16  usbd_cdc.o(.text.USBD_CDC_SetRxBuffer)
    USBD_CDC_SetTxBuffer                     0x080042f3   Thumb Code    20  usbd_cdc.o(.text.USBD_CDC_SetTxBuffer)
    USBD_CDC_TransmitPacket                  0x080043ef   Thumb Code    58  usbd_cdc.o(.text.USBD_CDC_TransmitPacket)
    USBD_ClrClassConfig                      0x08004429   Thumb Code    16  usbd_core.o(.text.USBD_ClrClassConfig)
    USBD_CtlContinueRx                       0x0800445f   Thumb Code    18  usbd_ioreq.o(.text.USBD_CtlContinueRx)
    USBD_CtlContinueSendData                 0x08004471   Thumb Code    18  usbd_ioreq.o(.text.USBD_CtlContinueSendData)
    USBD_CtlError                            0x08004483   Thumb Code    20  usbd_ctlreq.o(.text.USBD_CtlError)
    USBD_CtlPrepareRx                        0x08004497   Thumb Code    36  usbd_ioreq.o(.text.USBD_CtlPrepareRx)
    USBD_CtlReceiveStatus                    0x080044bb   Thumb Code    26  usbd_ioreq.o(.text.USBD_CtlReceiveStatus)
    USBD_CtlSendData                         0x080044d5   Thumb Code    30  usbd_ioreq.o(.text.USBD_CtlSendData)
    USBD_CtlSendStatus                       0x080044f3   Thumb Code    26  usbd_ioreq.o(.text.USBD_CtlSendStatus)
    USBD_DeInit                              0x0800450d   Thumb Code    40  usbd_core.o(.text.USBD_DeInit)
    USBD_FS_ConfigStrDescriptor              0x08004535   Thumb Code    32  usbd_desc.o(.text.USBD_FS_ConfigStrDescriptor)
    USBD_FS_DeviceDescriptor                 0x08004555   Thumb Code    12  usbd_desc.o(.text.USBD_FS_DeviceDescriptor)
    USBD_FS_InterfaceStrDescriptor           0x08004561   Thumb Code    36  usbd_desc.o(.text.USBD_FS_InterfaceStrDescriptor)
    USBD_FS_LangIDStrDescriptor              0x08004585   Thumb Code    12  usbd_desc.o(.text.USBD_FS_LangIDStrDescriptor)
    USBD_FS_ManufacturerStrDescriptor        0x08004591   Thumb Code    32  usbd_desc.o(.text.USBD_FS_ManufacturerStrDescriptor)
    USBD_FS_ProductStrDescriptor             0x080045b1   Thumb Code    40  usbd_desc.o(.text.USBD_FS_ProductStrDescriptor)
    USBD_FS_SerialStrDescriptor              0x080045d9   Thumb Code    20  usbd_desc.o(.text.USBD_FS_SerialStrDescriptor)
    USBD_GetString                           0x0800478b   Thumb Code    64  usbd_ctlreq.o(.text.USBD_GetString)
    USBD_Init                                0x080047ed   Thumb Code    46  usbd_core.o(.text.USBD_Init)
    USBD_LL_ClearStallEP                     0x0800481b   Thumb Code    18  usbd_conf.o(.text.USBD_LL_ClearStallEP)
    USBD_LL_CloseEP                          0x0800482d   Thumb Code    18  usbd_conf.o(.text.USBD_LL_CloseEP)
    USBD_LL_DataInStage                      0x0800483f   Thumb Code   208  usbd_core.o(.text.USBD_LL_DataInStage)
    USBD_LL_DataOutStage                     0x0800490f   Thumb Code   134  usbd_core.o(.text.USBD_LL_DataOutStage)
    USBD_LL_DeInit                           0x08004995   Thumb Code    18  usbd_conf.o(.text.USBD_LL_DeInit)
    USBD_LL_GetRxDataSize                    0x080049a7   Thumb Code    14  usbd_conf.o(.text.USBD_LL_GetRxDataSize)
    USBD_LL_Init                             0x080049b5   Thumb Code   132  usbd_conf.o(.text.USBD_LL_Init)
    USBD_LL_IsStallEP                        0x08004a39   Thumb Code    36  usbd_conf.o(.text.USBD_LL_IsStallEP)
    USBD_LL_OpenEP                           0x08004a5d   Thumb Code    24  usbd_conf.o(.text.USBD_LL_OpenEP)
    USBD_LL_PrepareReceive                   0x08004a75   Thumb Code    18  usbd_conf.o(.text.USBD_LL_PrepareReceive)
    USBD_LL_Reset                            0x08004a87   Thumb Code    84  usbd_core.o(.text.USBD_LL_Reset)
    USBD_LL_Resume                           0x08004adb   Thumb Code    20  usbd_core.o(.text.USBD_LL_Resume)
    USBD_LL_SOF                              0x08004aef   Thumb Code    28  usbd_core.o(.text.USBD_LL_SOF)
    USBD_LL_SetSpeed                         0x08004b0b   Thumb Code     6  usbd_core.o(.text.USBD_LL_SetSpeed)
    USBD_LL_SetUSBAddress                    0x08004b11   Thumb Code    18  usbd_conf.o(.text.USBD_LL_SetUSBAddress)
    USBD_LL_SetupStage                       0x08004b25   Thumb Code   100  usbd_core.o(.text.USBD_LL_SetupStage)
    USBD_LL_StallEP                          0x08004b89   Thumb Code    18  usbd_conf.o(.text.USBD_LL_StallEP)
    USBD_LL_Start                            0x08004b9b   Thumb Code    18  usbd_conf.o(.text.USBD_LL_Start)
    USBD_LL_Stop                             0x08004bad   Thumb Code    18  usbd_conf.o(.text.USBD_LL_Stop)
    USBD_LL_Suspend                          0x08004bbf   Thumb Code    18  usbd_core.o(.text.USBD_LL_Suspend)
    USBD_LL_Transmit                         0x08004bd1   Thumb Code    18  usbd_conf.o(.text.USBD_LL_Transmit)
    USBD_ParseSetupRequest                   0x08004be3   Thumb Code    40  usbd_ctlreq.o(.text.USBD_ParseSetupRequest)
    USBD_RegisterClass                       0x08004c0b   Thumb Code    18  usbd_core.o(.text.USBD_RegisterClass)
    USBD_SetClassConfig                      0x08004c6b   Thumb Code    28  usbd_core.o(.text.USBD_SetClassConfig)
    USBD_Start                               0x08004d27   Thumb Code    10  usbd_core.o(.text.USBD_Start)
    USBD_StdDevReq                           0x08004d31   Thumb Code   122  usbd_ctlreq.o(.text.USBD_StdDevReq)
    USBD_StdEPReq                            0x08004dab   Thumb Code   340  usbd_ctlreq.o(.text.USBD_StdEPReq)
    USBD_StdItfReq                           0x08004eff   Thumb Code    94  usbd_ctlreq.o(.text.USBD_StdItfReq)
    USBD_Stop                                0x08004f5d   Thumb Code    28  usbd_core.o(.text.USBD_Stop)
    USBD_static_free                         0x08004f79   Thumb Code     2  usbd_conf.o(.text.USBD_static_free)
    USBD_static_malloc                       0x08004f7d   Thumb Code     8  usbd_conf.o(.text.USBD_static_malloc)
    USB_ActivateEndpoint                     0x08004f85   Thumb Code   544  stm32f0xx_ll_usb.o(.text.USB_ActivateEndpoint)
    USB_DeactivateEndpoint                   0x080051a5   Thumb Code   208  stm32f0xx_ll_usb.o(.text.USB_DeactivateEndpoint)
    USB_DevConnect                           0x08005275   Thumb Code    16  stm32f0xx_ll_usb.o(.text.USB_DevConnect)
    USB_DevDisconnect                        0x08005285   Thumb Code    20  stm32f0xx_ll_usb.o(.text.USB_DevDisconnect)
    USB_DevInit                              0x08005299   Thumb Code    20  stm32f0xx_ll_usb.o(.text.USB_DevInit)
    USB_DisableGlobalInt                     0x080052ad   Thumb Code    20  stm32f0xx_ll_usb.o(.text.USB_DisableGlobalInt)
    USB_EPClearStall                         0x080052c1   Thumb Code   112  stm32f0xx_ll_usb.o(.text.USB_EPClearStall)
    USB_EPSetStall                           0x08005331   Thumb Code    60  stm32f0xx_ll_usb.o(.text.USB_EPSetStall)
    USB_EPStartXfer                          0x0800536d   Thumb Code  1728  stm32f0xx_ll_usb.o(.text.USB_EPStartXfer)
    USB_EnableGlobalInt                      0x08005a2d   Thumb Code    24  stm32f0xx_ll_usb.o(.text.USB_EnableGlobalInt)
    USB_IRQHandler                           0x08005a45   Thumb Code    12  stm32f0xx_it.o(.text.USB_IRQHandler)
    USB_ReadInterrupts                       0x08005a51   Thumb Code     6  stm32f0xx_ll_usb.o(.text.USB_ReadInterrupts)
    USB_ReadPMA                              0x08005a57   Thumb Code    42  stm32f0xx_ll_usb.o(.text.USB_ReadPMA)
    USB_SetDevAddress                        0x08005a81   Thumb Code    18  stm32f0xx_ll_usb.o(.text.USB_SetDevAddress)
    USB_StopDevice                           0x08005a93   Thumb Code    22  stm32f0xx_ll_usb.o(.text.USB_StopDevice)
    USB_WritePMA                             0x08005aa9   Thumb Code    38  stm32f0xx_ll_usb.o(.text.USB_WritePMA)
    main                                     0x08005b65   Thumb Code   396  main.o(.text.main)
    setSegVal                                0x08005cf1   Thumb Code    96  main.o(.text.setSegVal)
    ssd1306_DrawPixel                        0x08005d51   Thumb Code    48  ssd1306.o(.text.ssd1306_DrawPixel)
    ssd1306_Fill                             0x08005d81   Thumb Code    24  ssd1306.o(.text.ssd1306_Fill)
    ssd1306_Init                             0x08005d99   Thumb Code   204  ssd1306.o(.text.ssd1306_Init)
    ssd1306_SetCursor                        0x08005e65   Thumb Code    12  ssd1306.o(.text.ssd1306_SetCursor)
    ssd1306_UpdateScreen                     0x08005e71   Thumb Code    72  ssd1306.o(.text.ssd1306_UpdateScreen)
    ssd1306_WriteChar                        0x08005eb9   Thumb Code   160  ssd1306.o(.text.ssd1306_WriteChar)
    ssd1306_WriteString                      0x08005f7d   Thumb Code    64  ssd1306.o(.text.ssd1306_WriteString)
    __0sprintf$3                             0x08005fbd   Thumb Code    36  printf3.o(i.__0sprintf$3)
    __1sprintf$3                             0x08005fbd   Thumb Code     0  printf3.o(i.__0sprintf$3)
    __2sprintf                               0x08005fbd   Thumb Code     0  printf3.o(i.__0sprintf$3)
    __ARM_clz                                0x08005fe5   Thumb Code    46  depilogue.o(i.__ARM_clz)
    __scatterload_copy                       0x08006013   Thumb Code    14  handlers.o(i.__scatterload_copy)
    __scatterload_null                       0x08006021   Thumb Code     2  handlers.o(i.__scatterload_null)
    __scatterload_zeroinit                   0x08006023   Thumb Code    14  handlers.o(i.__scatterload_zeroinit)
    SegmentArrInfo                           0x08006faa   Data          16  main.o(.rodata.SegmentArrInfo)
    Region$$Table$$Base                      0x08007050   Number         0  anon$$obj.o(Region$$Table)
    Region$$Table$$Limit                     0x08007070   Number         0  anon$$obj.o(Region$$Table)
    FS_Desc                                  0x20000008   Data          28  usbd_desc.o(.data.FS_Desc)
    Font_11x18                               0x20000024   Data           8  fonts.o(.data.Font_11x18)
    Manual                                   0x2000002e   Data         356  usbd_cdc_if.o(.data.Manual)
    SystemCoreClock                          0x20000194   Data           4  system_stm32f0xx.o(.data.SystemCoreClock)
    USBD_CDC                                 0x20000198   Data          56  usbd_cdc.o(.data.USBD_CDC)
    USBD_CDC_CfgFSDesc                       0x200001d0   Data          67  usbd_cdc.o(.data.USBD_CDC_CfgFSDesc)
    USBD_CDC_CfgHSDesc                       0x20000214   Data          67  usbd_cdc.o(.data.USBD_CDC_CfgHSDesc)
    USBD_CDC_OtherSpeedCfgDesc               0x20000264   Data          67  usbd_cdc.o(.data.USBD_CDC_OtherSpeedCfgDesc)
    USBD_FS_DeviceDesc                       0x200002a8   Data          18  usbd_desc.o(.data.USBD_FS_DeviceDesc)
    USBD_Interface_fops_FS                   0x200002bc   Data          16  usbd_cdc_if.o(.data.USBD_Interface_fops_FS)
    USBD_LangIDDesc                          0x200002cc   Data           4  usbd_desc.o(.data.USBD_LangIDDesc)
    USBD_StringSerial                        0x200002d0   Data          26  usbd_desc.o(.data.USBD_StringSerial)
    uwTickFreq                               0x200002ec   Data           4  stm32f0xx_hal.o(.data.uwTickFreq)
    uwTickPrio                               0x200002f0   Data           4  stm32f0xx_hal.o(.data.uwTickPrio)
    ADC_Value                                0x200002f8   Data           4  main.o(.bss.ADC_Value)
    Action_Flag                              0x200002fc   Data           6  usbd_cdc_if.o(.bss.Action_Flag)
    Action_Flag_S                            0x20000302   Data           6  usbd_cdc_if.o(.bss.Action_Flag_S)
    FND_Var                                  0x20000308   Data           3  main.o(.bss.FND_Var)
    USBD_StrDesc                             0x20000714   Data          64  usbd_desc.o(.bss.USBD_StrDesc)
    USB_Init_Flag                            0x20000974   Data           1  main.o(.bss.USB_Init_Flag)
    USB_Inited_Flag                          0x20000975   Data           1  main.o(.bss.USB_Inited_Flag)
    UserRxBufferFS                           0x20000976   Data          64  usbd_cdc_if.o(.bss.UserRxBufferFS)
    UserTxBufferFS                           0x200009b6   Data          64  usbd_cdc_if.o(.bss.UserTxBufferFS)
    bdata                                    0x200009f6   Data          20  main.o(.bss.bdata)
    buf                                      0x20000a0c   Data          50  usbd_cdc_if.o(.bss.buf)
    cdata                                    0x20000a3e   Data          20  main.o(.bss.cdata)
    hUsbDeviceFS                             0x20000a54   Data         708  usb_device.o(.bss.hUsbDeviceFS)
    hadc                                     0x20000d18   Data          76  main.o(.bss.hadc)
    hcan                                     0x20000d64   Data          56  main.o(.bss.hcan)
    hdma_adc                                 0x20000d9c   Data          72  main.o(.bss.hdma_adc)
    hi2c1                                    0x20000de4   Data          84  main.o(.bss.hi2c1)
    hpcd_USB_FS                              0x20000e38   Data         760  usbd_conf.o(.bss.hpcd_USB_FS)
    htim1                                    0x20001130   Data         104  main.o(.bss.htim1)
    uwTick                                   0x20001198   Data           4  stm32f0xx_hal.o(.bss.uwTick)
    voltage_bat                              0x2000119c   Data           4  main.o(.bss.voltage_bat)
    voltage_cam                              0x200011a0   Data           4  main.o(.bss.voltage_cam)
    __initial_sp                             0x200013a8   Data           0  startup_stm32f042x6.o(STACK)



==============================================================================

Memory Map of the image

  Image Entry point : 0x080000c1

  Load Region LR_IROM1 (Base: 0x08000000, Size: 0x00007368, Max: 0x00008000, ABSOLUTE, COMPRESSED[0x00007210])

    Execution Region ER_IROM1 (Exec base: 0x08000000, Load base: 0x08000000, Size: 0x00007070, Max: 0x00008000, ABSOLUTE)

    Exec Addr    Load Addr    Size         Type   Attr      Idx    E Section Name        Object

    0x08000000   0x08000000   0x000000c0   Data   RO            3    RESET               startup_stm32f042x6.o
    0x080000c0   0x080000c0   0x00000000   Code   RO         1952  * .ARM.Collect$$$$00000000  mc_p.l(entry.o)
    0x080000c0   0x080000c0   0x00000004   Code   RO         2248    .ARM.Collect$$$$00000001  mc_p.l(entry2.o)
    0x080000c4   0x080000c4   0x00000004   Code   RO         2251    .ARM.Collect$$$$00000004  mc_p.l(entry5.o)
    0x080000c8   0x080000c8   0x00000000   Code   RO         2253    .ARM.Collect$$$$00000008  mc_p.l(entry7b.o)
    0x080000c8   0x080000c8   0x00000000   Code   RO         2255    .ARM.Collect$$$$0000000A  mc_p.l(entry8b.o)
    0x080000c8   0x080000c8   0x00000008   Code   RO         2256    .ARM.Collect$$$$0000000B  mc_p.l(entry9a.o)
    0x080000d0   0x080000d0   0x00000000   Code   RO         2258    .ARM.Collect$$$$0000000D  mc_p.l(entry10a.o)
    0x080000d0   0x080000d0   0x00000000   Code   RO         2260    .ARM.Collect$$$$0000000F  mc_p.l(entry11a.o)
    0x080000d0   0x080000d0   0x00000004   Code   RO         2249    .ARM.Collect$$$$00002712  mc_p.l(entry2.o)
    0x080000d4   0x080000d4   0x00000058   Code   RO            4    .text               startup_stm32f042x6.o
    0x0800012c   0x0800012c   0x00000022   Code   RO         1963    .text               mc_p.l(llushr.o)
    0x0800014e   0x0800014e   0x00000024   Code   RO         1965    .text               mc_p.l(memcpya.o)
    0x08000172   0x08000172   0x00000024   Code   RO         1967    .text               mc_p.l(memseta.o)
    0x08000196   0x08000196   0x0000000e   Code   RO         1969    .text               mc_p.l(strlen.o)
    0x080001a4   0x080001a4   0x0000007a   Code   RO         2234    .text               mf_p.l(fmul.o)
    0x0800021e   0x0800021e   0x00000002   PAD
    0x08000220   0x08000220   0x000000d0   Code   RO         2236    .text               mf_p.l(dmul.o)
    0x080002f0   0x080002f0   0x0000002c   Code   RO         2238    .text               mf_p.l(dcmpge.o)
    0x0800031c   0x0800031c   0x0000000e   Code   RO         2240    .text               mf_p.l(ffltui.o)
    0x0800032a   0x0800032a   0x00000032   Code   RO         2242    .text               mf_p.l(ffixi.o)
    0x0800035c   0x0800035c   0x00000048   Code   RO         2244    .text               mf_p.l(dfixi.o)
    0x080003a4   0x080003a4   0x00000028   Code   RO         2246    .text               mf_p.l(f2d.o)
    0x080003cc   0x080003cc   0x0000003e   Code   RO         2271    .text               mc_p.l(uidiv_div0.o)
    0x0800040a   0x0800040a   0x00000002   PAD
    0x0800040c   0x0800040c   0x00000050   Code   RO         2273    .text               mc_p.l(idiv_div0.o)
    0x0800045c   0x0800045c   0x00000000   Code   RO         2279    .text               mc_p.l(iusefp.o)
    0x0800045c   0x0800045c   0x00000082   Code   RO         2280    .text               mf_p.l(fepilogue.o)
    0x080004de   0x080004de   0x000000be   Code   RO         2282    .text               mf_p.l(depilogue.o)
    0x0800059c   0x0800059c   0x00000024   Code   RO         2294    .text               mc_p.l(init.o)
    0x080005c0   0x080005c0   0x00000020   Code   RO         2297    .text               mc_p.l(llshl.o)
    0x080005e0   0x080005e0   0x00000056   Code   RO         2310    .text               mc_p.l(__dczerorl2.o)
    0x08000636   0x08000636   0x00000002   PAD
    0x08000638   0x08000638   0x0000000c   Code   RO          184    .text.ADC1_IRQHandler  stm32f0xx_it.o
    0x08000644   0x08000644   0x0000004e   Code   RO         1303    .text.ADC_ConversionStop  stm32f0xx_hal_adc.o
    0x08000692   0x08000692   0x00000072   Code   RO         1325    .text.ADC_DMAConvCplt  stm32f0xx_hal_adc.o
    0x08000704   0x08000704   0x0000001a   Code   RO         1329    .text.ADC_DMAError  stm32f0xx_hal_adc.o
    0x0800071e   0x0800071e   0x0000000a   Code   RO         1327    .text.ADC_DMAHalfConvCplt  stm32f0xx_hal_adc.o
    0x08000728   0x08000728   0x00000072   Code   RO         1305    .text.ADC_Disable   stm32f0xx_hal_adc.o
    0x0800079a   0x0800079a   0x00000002   PAD
    0x0800079c   0x0800079c   0x000000a0   Code   RO         1311    .text.ADC_Enable    stm32f0xx_hal_adc.o
    0x0800083c   0x0800083c   0x000000b4   Code   RO           71    .text.ADC_PRINT     main.o
    0x080008f0   0x080008f0   0x0000002c   Code   RO          273    .text.CDC_Control_FS  usbd_cdc_if.o
    0x0800091c   0x0800091c   0x00000004   Code   RO          271    .text.CDC_DeInit_FS  usbd_cdc_if.o
    0x08000920   0x08000920   0x00000024   Code   RO          269    .text.CDC_Init_FS   usbd_cdc_if.o
    0x08000944   0x08000944   0x00000634   Code   RO          275    .text.CDC_Receive_FS  usbd_cdc_if.o
    0x08000f78   0x08000f78   0x00000030   Code   RO          277    .text.CDC_Transmit_FS  usbd_cdc_if.o
    0x08000fa8   0x08000fa8   0x00000010   Code   RO          182    .text.DMA1_Channel1_IRQHandler  stm32f0xx_it.o
    0x08000fb8   0x08000fb8   0x00000024   Code   RO         1052    .text.DMA_CalcBaseAndBitshift  stm32f0xx_hal_dma.o
    0x08000fdc   0x08000fdc   0x00000026   Code   RO         1058    .text.DMA_SetConfig  stm32f0xx_hal_dma.o
    0x08001002   0x08001002   0x00000002   PAD
    0x08001004   0x08001004   0x0000003c   Code   RO          176    .text.EXTI4_15_IRQHandler  stm32f0xx_it.o
    0x08001040   0x08001040   0x00000002   Code   RO          117    .text.Error_Handler  main.o
    0x08001042   0x08001042   0x00000002   PAD
    0x08001044   0x08001044   0x00000030   Code   RO          248    .text.Get_SerialNum  usbd_desc.o
    0x08001074   0x08001074   0x00000110   Code   RO         1345    .text.HAL_ADC_ConfigChannel  stm32f0xx_hal_adc.o
    0x08001184   0x08001184   0x00000002   Code   RO         1337    .text.HAL_ADC_ConvCpltCallback  stm32f0xx_hal_adc.o
    0x08001186   0x08001186   0x00000002   Code   RO         1343    .text.HAL_ADC_ConvHalfCpltCallback  stm32f0xx_hal_adc.o
    0x08001188   0x08001188   0x00000002   Code   RO         1341    .text.HAL_ADC_ErrorCallback  stm32f0xx_hal_adc.o
    0x0800118a   0x0800118a   0x000000d2   Code   RO         1335    .text.HAL_ADC_IRQHandler  stm32f0xx_hal_adc.o
    0x0800125c   0x0800125c   0x0000014c   Code   RO         1297    .text.HAL_ADC_Init  stm32f0xx_hal_adc.o
    0x080013a8   0x080013a8   0x00000002   Code   RO         1339    .text.HAL_ADC_LevelOutOfWindowCallback  stm32f0xx_hal_adc.o
    0x080013aa   0x080013aa   0x00000002   PAD
    0x080013ac   0x080013ac   0x000000a4   Code   RO          201    .text.HAL_ADC_MspInit  stm32f0xx_hal_msp.o
    0x08001450   0x08001450   0x00000090   Code   RO         1323    .text.HAL_ADC_Start_DMA  stm32f0xx_hal_adc.o
    0x080014e0   0x080014e0   0x00000074   Code   RO         1331    .text.HAL_ADC_Stop_DMA  stm32f0xx_hal_adc.o
    0x08001554   0x08001554   0x00000102   Code   RO         1370    .text.HAL_CAN_Init  stm32f0xx_hal_can.o
    0x08001656   0x08001656   0x00000002   PAD
    0x08001658   0x08001658   0x0000006c   Code   RO          205    .text.HAL_CAN_MspInit  stm32f0xx_hal_msp.o
    0x080016c4   0x080016c4   0x00000038   Code   RO         1062    .text.HAL_DMA_Abort  stm32f0xx_hal_dma.o
    0x080016fc   0x080016fc   0x00000040   Code   RO         1064    .text.HAL_DMA_Abort_IT  stm32f0xx_hal_dma.o
    0x0800173c   0x0800173c   0x00000004   Code   RO         1074    .text.HAL_DMA_GetState  stm32f0xx_hal_dma.o
    0x08001740   0x08001740   0x000000a0   Code   RO         1068    .text.HAL_DMA_IRQHandler  stm32f0xx_hal_dma.o
    0x080017e0   0x080017e0   0x0000005c   Code   RO         1050    .text.HAL_DMA_Init  stm32f0xx_hal_dma.o
    0x0800183c   0x0800183c   0x000000c0   Code   RO         1066    .text.HAL_DMA_PollForTransfer  stm32f0xx_hal_dma.o
    0x080018fc   0x080018fc   0x00000060   Code   RO         1060    .text.HAL_DMA_Start_IT  stm32f0xx_hal_dma.o
    0x0800195c   0x0800195c   0x00000024   Code   RO          803    .text.HAL_Delay     stm32f0xx_hal.o
    0x08001980   0x08001980   0x00000188   Code   RO         1026    .text.HAL_GPIO_Init  stm32f0xx_hal_gpio.o
    0x08001b08   0x08001b08   0x0000000a   Code   RO         1030    .text.HAL_GPIO_ReadPin  stm32f0xx_hal_gpio.o
    0x08001b12   0x08001b12   0x00000010   Code   RO         1032    .text.HAL_GPIO_WritePin  stm32f0xx_hal_gpio.o
    0x08001b22   0x08001b22   0x00000002   PAD
    0x08001b24   0x08001b24   0x00000008   Code   RO          795    .text.HAL_GetTick   stm32f0xx_hal.o
    0x08001b2c   0x08001b2c   0x0000003e   Code   RO         1006    .text.HAL_I2CEx_ConfigAnalogFilter  stm32f0xx_hal_i2c_ex.o
    0x08001b6a   0x08001b6a   0x0000003e   Code   RO         1008    .text.HAL_I2CEx_ConfigDigitalFilter  stm32f0xx_hal_i2c_ex.o
    0x08001ba8   0x08001ba8   0x00000002   Code   RO          972    .text.HAL_I2C_AbortCpltCallback  stm32f0xx_hal_i2c.o
    0x08001baa   0x08001baa   0x00000002   Code   RO          962    .text.HAL_I2C_AddrCallback  stm32f0xx_hal_i2c.o
    0x08001bac   0x08001bac   0x0000005a   Code   RO          950    .text.HAL_I2C_ER_IRQHandler  stm32f0xx_hal_i2c.o
    0x08001c06   0x08001c06   0x00000012   Code   RO          948    .text.HAL_I2C_EV_IRQHandler  stm32f0xx_hal_i2c.o
    0x08001c18   0x08001c18   0x00000002   Code   RO          970    .text.HAL_I2C_ErrorCallback  stm32f0xx_hal_i2c.o
    0x08001c1a   0x08001c1a   0x00000002   PAD
    0x08001c1c   0x08001c1c   0x00000098   Code   RO          840    .text.HAL_I2C_Init  stm32f0xx_hal_i2c.o
    0x08001cb4   0x08001cb4   0x00000002   Code   RO          964    .text.HAL_I2C_ListenCpltCallback  stm32f0xx_hal_i2c.o
    0x08001cb6   0x08001cb6   0x00000002   PAD
    0x08001cb8   0x08001cb8   0x00000160   Code   RO          902    .text.HAL_I2C_Mem_Write  stm32f0xx_hal_i2c.o
    0x08001e18   0x08001e18   0x00000078   Code   RO          209    .text.HAL_I2C_MspInit  stm32f0xx_hal_msp.o
    0x08001e90   0x08001e90   0x00000002   Code   RO          960    .text.HAL_I2C_SlaveRxCpltCallback  stm32f0xx_hal_i2c.o
    0x08001e92   0x08001e92   0x00000002   Code   RO          958    .text.HAL_I2C_SlaveTxCpltCallback  stm32f0xx_hal_i2c.o
    0x08001e94   0x08001e94   0x00000014   Code   RO          793    .text.HAL_IncTick   stm32f0xx_hal.o
    0x08001ea8   0x08001ea8   0x00000020   Code   RO          783    .text.HAL_Init      stm32f0xx_hal.o
    0x08001ec8   0x08001ec8   0x00000048   Code   RO          785    .text.HAL_InitTick  stm32f0xx_hal.o
    0x08001f10   0x08001f10   0x0000002c   Code   RO          199    .text.HAL_MspInit   stm32f0xx_hal_msp.o
    0x08001f3c   0x08001f3c   0x00000008   Code   RO         1094    .text.HAL_NVIC_DisableIRQ  stm32f0xx_hal_cortex.o
    0x08001f44   0x08001f44   0x00000008   Code   RO         1090    .text.HAL_NVIC_EnableIRQ  stm32f0xx_hal_cortex.o
    0x08001f4c   0x08001f4c   0x00000008   Code   RO         1086    .text.HAL_NVIC_SetPriority  stm32f0xx_hal_cortex.o
    0x08001f54   0x08001f54   0x00000026   Code   RO          535    .text.HAL_PCDEx_ActivateLPM  stm32f0xx_hal_pcd_ex.o
    0x08001f7a   0x08001f7a   0x00000002   Code   RO          539    .text.HAL_PCDEx_LPM_Callback  stm32f0xx_hal_pcd_ex.o
    0x08001f7c   0x08001f7c   0x0000003c   Code   RO          525    .text.HAL_PCDEx_PMAConfig  stm32f0xx_hal_pcd_ex.o
    0x08001fb8   0x08001fb8   0x00000018   Code   RO          305    .text.HAL_PCD_DataInStageCallback  usbd_conf.o
    0x08001fd0   0x08001fd0   0x0000001c   Code   RO          303    .text.HAL_PCD_DataOutStageCallback  usbd_conf.o
    0x08001fec   0x08001fec   0x00000030   Code   RO          451    .text.HAL_PCD_DeInit  stm32f0xx_hal_pcd.o
    0x0800201c   0x0800201c   0x00000022   Code   RO          489    .text.HAL_PCD_DevDisconnect  stm32f0xx_hal_pcd.o
    0x0800203e   0x0800203e   0x00000050   Code   RO          493    .text.HAL_PCD_EP_Close  stm32f0xx_hal_pcd.o
    0x0800208e   0x0800208e   0x00000062   Code   RO          503    .text.HAL_PCD_EP_ClrStall  stm32f0xx_hal_pcd.o
    0x080020f0   0x080020f0   0x000000cc   Code   RO          513    .text.HAL_PCD_EP_DB_Receive  stm32f0xx_hal_pcd.o
    0x080021bc   0x080021bc   0x00000260   Code   RO          515    .text.HAL_PCD_EP_DB_Transmit  stm32f0xx_hal_pcd.o
    0x0800241c   0x0800241c   0x00000012   Code   RO          497    .text.HAL_PCD_EP_GetRxCount  stm32f0xx_hal_pcd.o
    0x0800242e   0x0800242e   0x00000064   Code   RO          491    .text.HAL_PCD_EP_Open  stm32f0xx_hal_pcd.o
    0x08002492   0x08002492   0x00000028   Code   RO          495    .text.HAL_PCD_EP_Receive  stm32f0xx_hal_pcd.o
    0x080024ba   0x080024ba   0x0000005c   Code   RO          501    .text.HAL_PCD_EP_SetStall  stm32f0xx_hal_pcd.o
    0x08002516   0x08002516   0x00000032   Code   RO          499    .text.HAL_PCD_EP_Transmit  stm32f0xx_hal_pcd.o
    0x08002548   0x08002548   0x00000174   Code   RO          459    .text.HAL_PCD_IRQHandler  stm32f0xx_hal_pcd.o
    0x080026bc   0x080026bc   0x000000d4   Code   RO          447    .text.HAL_PCD_Init  stm32f0xx_hal_pcd.o
    0x08002790   0x08002790   0x00000020   Code   RO          299    .text.HAL_PCD_MspDeInit  usbd_conf.o
    0x080027b0   0x080027b0   0x00000044   Code   RO          297    .text.HAL_PCD_MspInit  usbd_conf.o
    0x080027f4   0x080027f4   0x00000022   Code   RO          309    .text.HAL_PCD_ResetCallback  usbd_conf.o
    0x08002816   0x08002816   0x00000002   PAD
    0x08002818   0x08002818   0x00000024   Code   RO          313    .text.HAL_PCD_ResumeCallback  usbd_conf.o
    0x0800283c   0x0800283c   0x0000000e   Code   RO          307    .text.HAL_PCD_SOFCallback  usbd_conf.o
    0x0800284a   0x0800284a   0x00000028   Code   RO          465    .text.HAL_PCD_SetAddress  stm32f0xx_hal_pcd.o
    0x08002872   0x08002872   0x00000016   Code   RO          301    .text.HAL_PCD_SetupStageCallback  usbd_conf.o
    0x08002888   0x08002888   0x0000002a   Code   RO          455    .text.HAL_PCD_Start  stm32f0xx_hal_pcd.o
    0x080028b2   0x080028b2   0x0000002a   Code   RO          457    .text.HAL_PCD_Stop  stm32f0xx_hal_pcd.o
    0x080028dc   0x080028dc   0x00000024   Code   RO          311    .text.HAL_PCD_SuspendCallback  usbd_conf.o
    0x08002900   0x08002900   0x00000008   Code   RO         1102    .text.HAL_SYSTICK_Config  stm32f0xx_hal_cortex.o
    0x08002908   0x08002908   0x00000002   Code   RO         1774    .text.HAL_TIMEx_BreakCallback  stm32f0xx_hal_tim_ex.o
    0x0800290a   0x0800290a   0x00000002   Code   RO         1770    .text.HAL_TIMEx_CommutCallback  stm32f0xx_hal_tim_ex.o
    0x0800290c   0x0800290c   0x0000004c   Code   RO         1764    .text.HAL_TIMEx_MasterConfigSynchronization  stm32f0xx_hal_tim_ex.o
    0x08002958   0x08002958   0x00000042   Code   RO         1450    .text.HAL_TIM_Base_Init  stm32f0xx_hal_tim.o
    0x0800299a   0x0800299a   0x00000002   PAD
    0x0800299c   0x0800299c   0x00000040   Code   RO          213    .text.HAL_TIM_Base_MspInit  stm32f0xx_hal_msp.o
    0x080029dc   0x080029dc   0x0000004c   Code   RO         1464    .text.HAL_TIM_Base_Start_IT  stm32f0xx_hal_tim.o
    0x08002a28   0x08002a28   0x000000c4   Code   RO         1642    .text.HAL_TIM_ConfigClockSource  stm32f0xx_hal_tim.o
    0x08002aec   0x08002aec   0x00000002   Code   RO         1586    .text.HAL_TIM_IC_CaptureCallback  stm32f0xx_hal_tim.o
    0x08002aee   0x08002aee   0x00000148   Code   RO         1584    .text.HAL_TIM_IRQHandler  stm32f0xx_hal_tim.o
    0x08002c36   0x08002c36   0x00000002   Code   RO         1588    .text.HAL_TIM_OC_DelayElapsedCallback  stm32f0xx_hal_tim.o
    0x08002c38   0x08002c38   0x00000002   Code   RO         1590    .text.HAL_TIM_PWM_PulseFinishedCallback  stm32f0xx_hal_tim.o
    0x08002c3a   0x08002c3a   0x00000002   PAD
    0x08002c3c   0x08002c3c   0x00000078   Code   RO           67    .text.HAL_TIM_PeriodElapsedCallback  main.o
    0x08002cb4   0x08002cb4   0x00000002   Code   RO         1594    .text.HAL_TIM_TriggerCallback  stm32f0xx_hal_tim.o
    0x08002cb6   0x08002cb6   0x00000002   Code   RO          168    .text.HardFault_Handler  stm32f0xx_it.o
    0x08002cb8   0x08002cb8   0x00000024   Code   RO          188    .text.I2C1_IRQHandler  stm32f0xx_it.o
    0x08002cdc   0x08002cdc   0x0000001e   Code   RO          934    .text.I2C_DMAAbort  stm32f0xx_hal_i2c.o
    0x08002cfa   0x08002cfa   0x00000072   Code   RO          932    .text.I2C_Disable_IRQ  stm32f0xx_hal_i2c.o
    0x08002d6c   0x08002d6c   0x0000001c   Code   RO          980    .text.I2C_Flush_TXDR  stm32f0xx_hal_i2c.o
    0x08002d88   0x08002d88   0x0000009c   Code   RO          992    .text.I2C_ITAddrCplt  stm32f0xx_hal_i2c.o
    0x08002e24   0x08002e24   0x000000d8   Code   RO          952    .text.I2C_ITError   stm32f0xx_hal_i2c.o
    0x08002efc   0x08002efc   0x0000005c   Code   RO          988    .text.I2C_ITListenCplt  stm32f0xx_hal_i2c.o
    0x08002f58   0x08002f58   0x00000120   Code   RO          986    .text.I2C_ITSlaveCplt  stm32f0xx_hal_i2c.o
    0x08003078   0x08003078   0x00000068   Code   RO          990    .text.I2C_ITSlaveSeqCplt  stm32f0xx_hal_i2c.o
    0x080030e0   0x080030e0   0x00000070   Code   RO          996    .text.I2C_IsAcknowledgeFailed  stm32f0xx_hal_i2c.o
    0x08003150   0x08003150   0x00000070   Code   RO          904    .text.I2C_RequestMemoryWrite  stm32f0xx_hal_i2c.o
    0x080031c0   0x080031c0   0x00000104   Code   RO          876    .text.I2C_Slave_ISR_IT  stm32f0xx_hal_i2c.o
    0x080032c4   0x080032c4   0x0000002c   Code   RO          852    .text.I2C_TransferConfig  stm32f0xx_hal_i2c.o
    0x080032f0   0x080032f0   0x00000024   Code   RO          994    .text.I2C_TreatErrorCallback  stm32f0xx_hal_i2c.o
    0x08003314   0x08003314   0x00000066   Code   RO          850    .text.I2C_WaitOnFlagUntilTimeout  stm32f0xx_hal_i2c.o
    0x0800337a   0x0800337a   0x0000004a   Code   RO          856    .text.I2C_WaitOnSTOPFlagUntilTimeout  stm32f0xx_hal_i2c.o
    0x080033c4   0x080033c4   0x0000005c   Code   RO          854    .text.I2C_WaitOnTXISFlagUntilTimeout  stm32f0xx_hal_i2c.o
    0x08003420   0x08003420   0x00000024   Code   RO          250    .text.IntToUnicode  usbd_desc.o
    0x08003444   0x08003444   0x0000001c   Code   RO          125    .text.LL_AHB1_GRP1_EnableClock  main.o
    0x08003460   0x08003460   0x0000000c   Code   RO          180    .text.LL_EXTI_ClearFlag_0_31  stm32f0xx_it.o
    0x0800346c   0x0800346c   0x0000000c   Code   RO          691    .text.LL_EXTI_DisableEvent_0_31  stm32f0xx_ll_exti.o
    0x08003478   0x08003478   0x0000000c   Code   RO          699    .text.LL_EXTI_DisableFallingTrig_0_31  stm32f0xx_ll_exti.o
    0x08003484   0x08003484   0x0000000c   Code   RO          695    .text.LL_EXTI_DisableIT_0_31  stm32f0xx_ll_exti.o
    0x08003490   0x08003490   0x0000000c   Code   RO          703    .text.LL_EXTI_DisableRisingTrig_0_31  stm32f0xx_ll_exti.o
    0x0800349c   0x0800349c   0x00000010   Code   RO          697    .text.LL_EXTI_EnableEvent_0_31  stm32f0xx_ll_exti.o
    0x080034ac   0x080034ac   0x00000010   Code   RO          705    .text.LL_EXTI_EnableFallingTrig_0_31  stm32f0xx_ll_exti.o
    0x080034bc   0x080034bc   0x00000010   Code   RO          693    .text.LL_EXTI_EnableIT_0_31  stm32f0xx_ll_exti.o
    0x080034cc   0x080034cc   0x00000010   Code   RO          701    .text.LL_EXTI_EnableRisingTrig_0_31  stm32f0xx_ll_exti.o
    0x080034dc   0x080034dc   0x00000098   Code   RO          689    .text.LL_EXTI_Init  stm32f0xx_ll_exti.o
    0x08003574   0x08003574   0x00000010   Code   RO          178    .text.LL_EXTI_IsActiveFlag_0_31  stm32f0xx_it.o
    0x08003584   0x08003584   0x0000000c   Code   RO           91    .text.LL_FLASH_GetLatency  main.o
    0x08003590   0x08003590   0x00000010   Code   RO           89    .text.LL_FLASH_SetLatency  main.o
    0x080035a0   0x080035a0   0x0000007a   Code   RO          423    .text.LL_GPIO_Init  stm32f0xx_ll_gpio.o
    0x0800361a   0x0800361a   0x00000004   Code   RO          127    .text.LL_GPIO_ResetOutputPin  main.o
    0x0800361e   0x0800361e   0x00000014   Code   RO          431    .text.LL_GPIO_SetAFPin_0_7  stm32f0xx_ll_gpio.o
    0x08003632   0x08003632   0x00000016   Code   RO          433    .text.LL_GPIO_SetAFPin_8_15  stm32f0xx_ll_gpio.o
    0x08003648   0x08003648   0x0000000c   Code   RO          129    .text.LL_GPIO_SetOutputPin  main.o
    0x08003654   0x08003654   0x00000010   Code   RO          135    .text.LL_GPIO_SetPinMode  main.o
    0x08003664   0x08003664   0x00000012   Code   RO          435    .text.LL_GPIO_SetPinMode  stm32f0xx_ll_gpio.o
    0x08003676   0x08003676   0x0000000c   Code   RO          427    .text.LL_GPIO_SetPinOutputType  stm32f0xx_ll_gpio.o
    0x08003682   0x08003682   0x00000002   PAD
    0x08003684   0x08003684   0x00000014   Code   RO          133    .text.LL_GPIO_SetPinPull  main.o
    0x08003698   0x08003698   0x00000012   Code   RO          429    .text.LL_GPIO_SetPinPull  stm32f0xx_ll_gpio.o
    0x080036aa   0x080036aa   0x00000012   Code   RO          425    .text.LL_GPIO_SetPinSpeed  stm32f0xx_ll_gpio.o
    0x080036bc   0x080036bc   0x0000000c   Code   RO          115    .text.LL_RCC_GetSysClkSource  main.o
    0x080036c8   0x080036c8   0x0000000c   Code   RO           99    .text.LL_RCC_HSI14_Enable  main.o
    0x080036d4   0x080036d4   0x0000000c   Code   RO          119    .text.LL_RCC_HSI14_EnableADCControl  main.o
    0x080036e0   0x080036e0   0x0000000c   Code   RO          101    .text.LL_RCC_HSI14_IsReady  main.o
    0x080036ec   0x080036ec   0x00000010   Code   RO          103    .text.LL_RCC_HSI14_SetCalibTrimming  main.o
    0x080036fc   0x080036fc   0x00000010   Code   RO          105    .text.LL_RCC_HSI48_Enable  main.o
    0x0800370c   0x0800370c   0x00000010   Code   RO          107    .text.LL_RCC_HSI48_IsReady  main.o
    0x0800371c   0x0800371c   0x0000000c   Code   RO           93    .text.LL_RCC_HSI_Enable  main.o
    0x08003728   0x08003728   0x0000000c   Code   RO           95    .text.LL_RCC_HSI_IsReady  main.o
    0x08003734   0x08003734   0x00000014   Code   RO           97    .text.LL_RCC_HSI_SetCalibTrimming  main.o
    0x08003748   0x08003748   0x0000000c   Code   RO          109    .text.LL_RCC_SetAHBPrescaler  main.o
    0x08003754   0x08003754   0x00000010   Code   RO          111    .text.LL_RCC_SetAPB1Prescaler  main.o
    0x08003764   0x08003764   0x0000000c   Code   RO          121    .text.LL_RCC_SetI2CClockSource  main.o
    0x08003770   0x08003770   0x00000010   Code   RO          113    .text.LL_RCC_SetSysClkSource  main.o
    0x08003780   0x08003780   0x00000010   Code   RO          123    .text.LL_RCC_SetUSBClockSource  main.o
    0x08003790   0x08003790   0x00000010   Code   RO          131    .text.LL_SYSCFG_SetEXTISource  main.o
    0x080037a0   0x080037a0   0x0000000c   Code   RO          627    .text.LL_SetSystemCoreClock  stm32f0xx_ll_utils.o
    0x080037ac   0x080037ac   0x00000064   Code   RO           81    .text.MX_ADC_Init   main.o
    0x08003810   0x08003810   0x00000038   Code   RO           87    .text.MX_CAN_Init   main.o
    0x08003848   0x08003848   0x00000030   Code   RO           79    .text.MX_DMA_Init   main.o
    0x08003878   0x08003878   0x00000274   Code   RO           77    .text.MX_GPIO_Init  main.o
    0x08003aec   0x08003aec   0x00000044   Code   RO           85    .text.MX_I2C1_Init  main.o
    0x08003b30   0x08003b30   0x00000058   Code   RO           83    .text.MX_TIM1_Init  main.o
    0x08003b88   0x08003b88   0x00000064   Code   RO          225    .text.MX_USB_DEVICE_Init  usb_device.o
    0x08003bec   0x08003bec   0x00000002   Code   RO          166    .text.NMI_Handler   stm32f0xx_it.o
    0x08003bee   0x08003bee   0x00000002   PAD
    0x08003bf0   0x08003bf0   0x00000334   Code   RO          461    .text.PCD_EP_ISR_Handler  stm32f0xx_hal_pcd.o
    0x08003f24   0x08003f24   0x00000002   Code   RO          172    .text.PendSV_Handler  stm32f0xx_it.o
    0x08003f26   0x08003f26   0x00000002   Code   RO          170    .text.SVC_Handler   stm32f0xx_it.o
    0x08003f28   0x08003f28   0x00000028   Code   RO         1104    .text.SysTick_Config  stm32f0xx_hal_cortex.o
    0x08003f50   0x08003f50   0x00000008   Code   RO          174    .text.SysTick_Handler  stm32f0xx_it.o
    0x08003f58   0x08003f58   0x00000008   Code   RO          315    .text.SystemClockConfig_Resume  usbd_conf.o
    0x08003f60   0x08003f60   0x0000006c   Code   RO           75    .text.SystemClock_Config  main.o
    0x08003fcc   0x08003fcc   0x00000002   Code   RO         1788    .text.SystemInit    system_stm32f0xx.o
    0x08003fce   0x08003fce   0x00000002   PAD
    0x08003fd0   0x08003fd0   0x00000010   Code   RO          186    .text.TIM1_BRK_UP_TRG_COM_IRQHandler  stm32f0xx_it.o
    0x08003fe0   0x08003fe0   0x000000a0   Code   RO         1454    .text.TIM_Base_SetConfig  stm32f0xx_hal_tim.o
    0x08004080   0x08004080   0x00000016   Code   RO         1640    .text.TIM_ETR_SetConfig  stm32f0xx_hal_tim.o
    0x08004096   0x08004096   0x00000010   Code   RO         1646    .text.TIM_ITRx_SetConfig  stm32f0xx_hal_tim.o
    0x080040a6   0x080040a6   0x00000022   Code   RO         1644    .text.TIM_TI1_ConfigInputStage  stm32f0xx_hal_tim.o
    0x080040c8   0x080040c8   0x00000026   Code   RO         1648    .text.TIM_TI2_ConfigInputStage  stm32f0xx_hal_tim.o
    0x080040ee   0x080040ee   0x0000005a   Code   RO         1918    .text.USBD_CDC_DataIn  usbd_cdc.o
    0x08004148   0x08004148   0x00000036   Code   RO         1920    .text.USBD_CDC_DataOut  usbd_cdc.o
    0x0800417e   0x0800417e   0x00000044   Code   RO         1912    .text.USBD_CDC_DeInit  usbd_cdc.o
    0x080041c2   0x080041c2   0x0000002a   Code   RO         1916    .text.USBD_CDC_EP0_RxReady  usbd_cdc.o
    0x080041ec   0x080041ec   0x0000000c   Code   RO         1928    .text.USBD_CDC_GetDeviceQualifierDescriptor  usbd_cdc.o
    0x080041f8   0x080041f8   0x0000000c   Code   RO         1924    .text.USBD_CDC_GetFSCfgDesc  usbd_cdc.o
    0x08004204   0x08004204   0x0000000c   Code   RO         1922    .text.USBD_CDC_GetHSCfgDesc  usbd_cdc.o
    0x08004210   0x08004210   0x0000000c   Code   RO         1926    .text.USBD_CDC_GetOtherSpeedCfgDesc  usbd_cdc.o
    0x0800421c   0x0800421c   0x00000088   Code   RO         1910    .text.USBD_CDC_Init  usbd_cdc.o
    0x080042a4   0x080042a4   0x0000002c   Code   RO         1938    .text.USBD_CDC_ReceivePacket  usbd_cdc.o
    0x080042d0   0x080042d0   0x00000012   Code   RO         1930    .text.USBD_CDC_RegisterInterface  usbd_cdc.o
    0x080042e2   0x080042e2   0x00000010   Code   RO         1934    .text.USBD_CDC_SetRxBuffer  usbd_cdc.o
    0x080042f2   0x080042f2   0x00000014   Code   RO         1932    .text.USBD_CDC_SetTxBuffer  usbd_cdc.o
    0x08004306   0x08004306   0x000000e8   Code   RO         1914    .text.USBD_CDC_Setup  usbd_cdc.o
    0x080043ee   0x080043ee   0x0000003a   Code   RO         1936    .text.USBD_CDC_TransmitPacket  usbd_cdc.o
    0x08004428   0x08004428   0x00000010   Code   RO         1817    .text.USBD_ClrClassConfig  usbd_core.o
    0x08004438   0x08004438   0x00000026   Code   RO         1865    .text.USBD_ClrFeature  usbd_ctlreq.o
    0x0800445e   0x0800445e   0x00000012   Code   RO         1894    .text.USBD_CtlContinueRx  usbd_ioreq.o
    0x08004470   0x08004470   0x00000012   Code   RO         1890    .text.USBD_CtlContinueSendData  usbd_ioreq.o
    0x08004482   0x08004482   0x00000014   Code   RO         1867    .text.USBD_CtlError  usbd_ctlreq.o
    0x08004496   0x08004496   0x00000024   Code   RO         1892    .text.USBD_CtlPrepareRx  usbd_ioreq.o
    0x080044ba   0x080044ba   0x0000001a   Code   RO         1898    .text.USBD_CtlReceiveStatus  usbd_ioreq.o
    0x080044d4   0x080044d4   0x0000001e   Code   RO         1888    .text.USBD_CtlSendData  usbd_ioreq.o
    0x080044f2   0x080044f2   0x0000001a   Code   RO         1896    .text.USBD_CtlSendStatus  usbd_ioreq.o
    0x0800450c   0x0800450c   0x00000028   Code   RO         1805    .text.USBD_DeInit   usbd_core.o
    0x08004534   0x08004534   0x00000020   Code   RO          244    .text.USBD_FS_ConfigStrDescriptor  usbd_desc.o
    0x08004554   0x08004554   0x0000000c   Code   RO          234    .text.USBD_FS_DeviceDescriptor  usbd_desc.o
    0x08004560   0x08004560   0x00000024   Code   RO          246    .text.USBD_FS_InterfaceStrDescriptor  usbd_desc.o
    0x08004584   0x08004584   0x0000000c   Code   RO          236    .text.USBD_FS_LangIDStrDescriptor  usbd_desc.o
    0x08004590   0x08004590   0x00000020   Code   RO          238    .text.USBD_FS_ManufacturerStrDescriptor  usbd_desc.o
    0x080045b0   0x080045b0   0x00000028   Code   RO          240    .text.USBD_FS_ProductStrDescriptor  usbd_desc.o
    0x080045d8   0x080045d8   0x00000014   Code   RO          242    .text.USBD_FS_SerialStrDescriptor  usbd_desc.o
    0x080045ec   0x080045ec   0x00000032   Code   RO         1859    .text.USBD_GetConfig  usbd_ctlreq.o
    0x0800461e   0x0800461e   0x00000002   PAD
    0x08004620   0x08004620   0x00000114   Code   RO         1853    .text.USBD_GetDescriptor  usbd_ctlreq.o
    0x08004734   0x08004734   0x00000020   Code   RO         1877    .text.USBD_GetLen   usbd_ctlreq.o
    0x08004754   0x08004754   0x00000036   Code   RO         1861    .text.USBD_GetStatus  usbd_ctlreq.o
    0x0800478a   0x0800478a   0x00000040   Code   RO         1875    .text.USBD_GetString  usbd_ctlreq.o
    0x080047ca   0x080047ca   0x00000002   PAD
    0x080047cc   0x080047cc   0x00000020   Code   RO          329    .text.USBD_Get_USB_Status  usbd_conf.o
    0x080047ec   0x080047ec   0x0000002e   Code   RO         1803    .text.USBD_Init     usbd_core.o
    0x0800481a   0x0800481a   0x00000012   Code   RO          343    .text.USBD_LL_ClearStallEP  usbd_conf.o
    0x0800482c   0x0800482c   0x00000012   Code   RO          337    .text.USBD_LL_CloseEP  usbd_conf.o
    0x0800483e   0x0800483e   0x000000d0   Code   RO         1823    .text.USBD_LL_DataInStage  usbd_core.o
    0x0800490e   0x0800490e   0x00000086   Code   RO         1821    .text.USBD_LL_DataOutStage  usbd_core.o
    0x08004994   0x08004994   0x00000012   Code   RO          327    .text.USBD_LL_DeInit  usbd_conf.o
    0x080049a6   0x080049a6   0x0000000e   Code   RO          353    .text.USBD_LL_GetRxDataSize  usbd_conf.o
    0x080049b4   0x080049b4   0x00000084   Code   RO          325    .text.USBD_LL_Init  usbd_conf.o
    0x08004a38   0x08004a38   0x00000024   Code   RO          345    .text.USBD_LL_IsStallEP  usbd_conf.o
    0x08004a5c   0x08004a5c   0x00000018   Code   RO          335    .text.USBD_LL_OpenEP  usbd_conf.o
    0x08004a74   0x08004a74   0x00000012   Code   RO          351    .text.USBD_LL_PrepareReceive  usbd_conf.o
    0x08004a86   0x08004a86   0x00000054   Code   RO         1825    .text.USBD_LL_Reset  usbd_core.o
    0x08004ada   0x08004ada   0x00000014   Code   RO         1831    .text.USBD_LL_Resume  usbd_core.o
    0x08004aee   0x08004aee   0x0000001c   Code   RO         1833    .text.USBD_LL_SOF   usbd_core.o
    0x08004b0a   0x08004b0a   0x00000006   Code   RO         1827    .text.USBD_LL_SetSpeed  usbd_core.o
    0x08004b10   0x08004b10   0x00000012   Code   RO          347    .text.USBD_LL_SetUSBAddress  usbd_conf.o
    0x08004b22   0x08004b22   0x00000002   PAD
    0x08004b24   0x08004b24   0x00000064   Code   RO         1819    .text.USBD_LL_SetupStage  usbd_core.o
    0x08004b88   0x08004b88   0x00000012   Code   RO          341    .text.USBD_LL_StallEP  usbd_conf.o
    0x08004b9a   0x08004b9a   0x00000012   Code   RO          331    .text.USBD_LL_Start  usbd_conf.o
    0x08004bac   0x08004bac   0x00000012   Code   RO          333    .text.USBD_LL_Stop  usbd_conf.o
    0x08004bbe   0x08004bbe   0x00000012   Code   RO         1829    .text.USBD_LL_Suspend  usbd_core.o
    0x08004bd0   0x08004bd0   0x00000012   Code   RO          349    .text.USBD_LL_Transmit  usbd_conf.o
    0x08004be2   0x08004be2   0x00000028   Code   RO         1873    .text.USBD_ParseSetupRequest  usbd_ctlreq.o
    0x08004c0a   0x08004c0a   0x00000012   Code   RO         1807    .text.USBD_RegisterClass  usbd_core.o
    0x08004c1c   0x08004c1c   0x0000004e   Code   RO         1855    .text.USBD_SetAddress  usbd_ctlreq.o
    0x08004c6a   0x08004c6a   0x0000001c   Code   RO         1815    .text.USBD_SetClassConfig  usbd_core.o
    0x08004c86   0x08004c86   0x00000002   PAD
    0x08004c88   0x08004c88   0x00000088   Code   RO         1857    .text.USBD_SetConfig  usbd_ctlreq.o
    0x08004d10   0x08004d10   0x00000016   Code   RO         1863    .text.USBD_SetFeature  usbd_ctlreq.o
    0x08004d26   0x08004d26   0x0000000a   Code   RO         1809    .text.USBD_Start    usbd_core.o
    0x08004d30   0x08004d30   0x0000007a   Code   RO         1851    .text.USBD_StdDevReq  usbd_ctlreq.o
    0x08004daa   0x08004daa   0x00000154   Code   RO         1871    .text.USBD_StdEPReq  usbd_ctlreq.o
    0x08004efe   0x08004efe   0x0000005e   Code   RO         1869    .text.USBD_StdItfReq  usbd_ctlreq.o
    0x08004f5c   0x08004f5c   0x0000001c   Code   RO         1811    .text.USBD_Stop     usbd_core.o
    0x08004f78   0x08004f78   0x00000002   Code   RO          359    .text.USBD_static_free  usbd_conf.o
    0x08004f7a   0x08004f7a   0x00000002   PAD
    0x08004f7c   0x08004f7c   0x00000008   Code   RO          357    .text.USBD_static_malloc  usbd_conf.o
    0x08004f84   0x08004f84   0x00000220   Code   RO          381    .text.USB_ActivateEndpoint  stm32f0xx_ll_usb.o
    0x080051a4   0x080051a4   0x000000d0   Code   RO          383    .text.USB_DeactivateEndpoint  stm32f0xx_ll_usb.o
    0x08005274   0x08005274   0x00000010   Code   RO          397    .text.USB_DevConnect  stm32f0xx_ll_usb.o
    0x08005284   0x08005284   0x00000014   Code   RO          399    .text.USB_DevDisconnect  stm32f0xx_ll_usb.o
    0x08005298   0x08005298   0x00000014   Code   RO          379    .text.USB_DevInit   stm32f0xx_ll_usb.o
    0x080052ac   0x080052ac   0x00000014   Code   RO          375    .text.USB_DisableGlobalInt  stm32f0xx_ll_usb.o
    0x080052c0   0x080052c0   0x00000070   Code   RO          391    .text.USB_EPClearStall  stm32f0xx_ll_usb.o
    0x08005330   0x08005330   0x0000003c   Code   RO          389    .text.USB_EPSetStall  stm32f0xx_ll_usb.o
    0x0800536c   0x0800536c   0x000006c0   Code   RO          385    .text.USB_EPStartXfer  stm32f0xx_ll_usb.o
    0x08005a2c   0x08005a2c   0x00000018   Code   RO          373    .text.USB_EnableGlobalInt  stm32f0xx_ll_usb.o
    0x08005a44   0x08005a44   0x0000000c   Code   RO          190    .text.USB_IRQHandler  stm32f0xx_it.o
    0x08005a50   0x08005a50   0x00000006   Code   RO          401    .text.USB_ReadInterrupts  stm32f0xx_ll_usb.o
    0x08005a56   0x08005a56   0x0000002a   Code   RO          407    .text.USB_ReadPMA   stm32f0xx_ll_usb.o
    0x08005a80   0x08005a80   0x00000012   Code   RO          395    .text.USB_SetDevAddress  stm32f0xx_ll_usb.o
    0x08005a92   0x08005a92   0x00000016   Code   RO          393    .text.USB_StopDevice  stm32f0xx_ll_usb.o
    0x08005aa8   0x08005aa8   0x00000026   Code   RO          387    .text.USB_WritePMA  stm32f0xx_ll_usb.o
    0x08005ace   0x08005ace   0x00000002   PAD
    0x08005ad0   0x08005ad0   0x00000020   Code   RO         1096    .text.__NVIC_DisableIRQ  stm32f0xx_hal_cortex.o
    0x08005af0   0x08005af0   0x00000008   Code   RO          139    .text.__NVIC_EnableIRQ  main.o
    0x08005af8   0x08005af8   0x00000018   Code   RO         1092    .text.__NVIC_EnableIRQ  stm32f0xx_hal_cortex.o
    0x08005b10   0x08005b10   0x00000014   Code   RO          137    .text.__NVIC_SetPriority  main.o
    0x08005b24   0x08005b24   0x00000040   Code   RO         1088    .text.__NVIC_SetPriority  stm32f0xx_hal_cortex.o
    0x08005b64   0x08005b64   0x0000018c   Code   RO           73    .text.main          main.o
    0x08005cf0   0x08005cf0   0x00000060   Code   RO           69    .text.setSegVal     main.o
    0x08005d50   0x08005d50   0x00000030   Code   RO           30    .text.ssd1306_DrawPixel  ssd1306.o
    0x08005d80   0x08005d80   0x00000018   Code   RO           26    .text.ssd1306_Fill  ssd1306.o
    0x08005d98   0x08005d98   0x000000cc   Code   RO           22    .text.ssd1306_Init  ssd1306.o
    0x08005e64   0x08005e64   0x0000000c   Code   RO           36    .text.ssd1306_SetCursor  ssd1306.o
    0x08005e70   0x08005e70   0x00000048   Code   RO           28    .text.ssd1306_UpdateScreen  ssd1306.o
    0x08005eb8   0x08005eb8   0x000000a0   Code   RO           32    .text.ssd1306_WriteChar  ssd1306.o
    0x08005f58   0x08005f58   0x00000024   Code   RO           24    .text.ssd1306_WriteCommand  ssd1306.o
    0x08005f7c   0x08005f7c   0x00000040   Code   RO           34    .text.ssd1306_WriteString  ssd1306.o
    0x08005fbc   0x08005fbc   0x00000028   Code   RO         2064    i.__0sprintf$3      mc_p.l(printf3.o)
    0x08005fe4   0x08005fe4   0x0000002e   Code   RO         2284    i.__ARM_clz         mf_p.l(depilogue.o)
    0x08006012   0x08006012   0x0000000e   Code   RO         2304    i.__scatterload_copy  mc_p.l(handlers.o)
    0x08006020   0x08006020   0x00000002   Code   RO         2305    i.__scatterload_null  mc_p.l(handlers.o)
    0x08006022   0x08006022   0x0000000e   Code   RO         2306    i.__scatterload_zeroinit  mc_p.l(handlers.o)
    0x08006030   0x08006030   0x000001cc   Code   RO         2069    i._printf_core      mc_p.l(printf3.o)
    0x080061fc   0x080061fc   0x0000000a   Code   RO         2071    i._sputc            mc_p.l(printf3.o)
    0x08006206   0x08006206   0x00000da4   Data   RO           13    .rodata.Font11x18   fonts.o
    0x08006faa   0x08006faa   0x00000010   Data   RO          141    .rodata.SegmentArrInfo  main.o
    0x08006fba   0x08006fba   0x00000006   Data   RO          153    .rodata.str1.1      main.o
    0x08006fc0   0x08006fc0   0x00000077   Data   RO          283    .rodata.str1.1      usbd_cdc_if.o
    0x08007037   0x08007037   0x00000001   PAD
    0x08007038   0x08007038   0x00000016   Data   RO          288    .rodata.str1.4      usbd_cdc_if.o
    0x0800704e   0x0800704e   0x00000002   PAD
    0x08007050   0x08007050   0x00000020   Data   RO         2303    Region$$Table       anon$$obj.o


    Execution Region RW_IRAM1 (Exec base: 0x20000000, Load base: 0x08007070, Size: 0x000013a8, Max: 0x00001800, ABSOLUTE, COMPRESSED[0x000001a0])

    Exec Addr    Load Addr    Size         Type   Attr      Idx    E Section Name        Object

    0x20000000   COMPRESSED   0x00000007   Data   RW          287    .data.CDC_Control_FS.lineCoding  usbd_cdc_if.o
    0x20000007   COMPRESSED   0x00000001   PAD
    0x20000008   COMPRESSED   0x0000001c   Data   RW          252    .data.FS_Desc       usbd_desc.o
    0x20000024   COMPRESSED   0x00000008   Data   RW           14    .data.Font_11x18    fonts.o
    0x2000002c   COMPRESSED   0x00000002   Data   RW          144    .data.HAL_TIM_PeriodElapsedCallback.now  main.o
    0x2000002e   COMPRESSED   0x00000164   Data   RW          280    .data.Manual        usbd_cdc_if.o
    0x20000192   COMPRESSED   0x00000002   PAD
    0x20000194   COMPRESSED   0x00000004   Data   RW         1792    .data.SystemCoreClock  system_stm32f0xx.o
    0x20000198   COMPRESSED   0x00000038   Data   RW         1940    .data.USBD_CDC      usbd_cdc.o
    0x200001d0   COMPRESSED   0x00000043   Data   RW         1942    .data.USBD_CDC_CfgFSDesc  usbd_cdc.o
    0x20000213   COMPRESSED   0x00000001   PAD
    0x20000214   COMPRESSED   0x00000043   Data   RW         1941    .data.USBD_CDC_CfgHSDesc  usbd_cdc.o
    0x20000257   COMPRESSED   0x00000001   PAD
    0x20000258   COMPRESSED   0x0000000a   Data   RW         1944    .data.USBD_CDC_DeviceQualifierDesc  usbd_cdc.o
    0x20000262   COMPRESSED   0x00000002   PAD
    0x20000264   COMPRESSED   0x00000043   Data   RW         1943    .data.USBD_CDC_OtherSpeedCfgDesc  usbd_cdc.o
    0x200002a7   COMPRESSED   0x00000001   PAD
    0x200002a8   COMPRESSED   0x00000012   Data   RW          253    .data.USBD_FS_DeviceDesc  usbd_desc.o
    0x200002ba   COMPRESSED   0x00000002   PAD
    0x200002bc   COMPRESSED   0x00000010   Data   RW          284    .data.USBD_Interface_fops_FS  usbd_cdc_if.o
    0x200002cc   COMPRESSED   0x00000004   Data   RW          254    .data.USBD_LangIDDesc  usbd_desc.o
    0x200002d0   COMPRESSED   0x0000001a   Data   RW          255    .data.USBD_StringSerial  usbd_desc.o
    0x200002ea   COMPRESSED   0x00000002   PAD
    0x200002ec   COMPRESSED   0x00000004   Data   RW          830    .data.uwTickFreq    stm32f0xx_hal.o
    0x200002f0   COMPRESSED   0x00000004   Data   RW          829    .data.uwTickPrio    stm32f0xx_hal.o
    0x200002f4   COMPRESSED   0x00000004   PAD
    0x200002f8        -       0x00000004   Zero   RW          147    .bss.ADC_Value      main.o
    0x200002fc        -       0x00000006   Zero   RW          279    .bss.Action_Flag    usbd_cdc_if.o
    0x20000302        -       0x00000006   Zero   RW          281    .bss.Action_Flag_S  usbd_cdc_if.o
    0x20000308        -       0x00000003   Zero   RW          145    .bss.FND_Var        main.o
    0x2000030b   COMPRESSED   0x00000001   PAD
    0x2000030c        -       0x00000002   Zero   RW           57    .bss.SSD1306.0      ssd1306.o
    0x2000030e        -       0x00000002   Zero   RW           58    .bss.SSD1306.1      ssd1306.o
    0x20000310        -       0x00000400   Zero   RW           56    .bss.SSD1306_Buffer  ssd1306.o
    0x20000710        -       0x00000001   Zero   RW         1879    .bss.USBD_SetConfig.cfgidx  usbd_ctlreq.o
    0x20000711   COMPRESSED   0x00000003   PAD
    0x20000714        -       0x00000040   Zero   RW          256    .bss.USBD_StrDesc   usbd_desc.o
    0x20000754        -       0x00000220   Zero   RW          362    .bss.USBD_static_malloc.mem  usbd_conf.o
    0x20000974        -       0x00000001   Zero   RW          143    .bss.USB_Init_Flag  main.o
    0x20000975        -       0x00000001   Zero   RW          142    .bss.USB_Inited_Flag  main.o
    0x20000976        -       0x00000040   Zero   RW          285    .bss.UserRxBufferFS  usbd_cdc_if.o
    0x200009b6        -       0x00000040   Zero   RW          286    .bss.UserTxBufferFS  usbd_cdc_if.o
    0x200009f6        -       0x00000014   Zero   RW          152    .bss.bdata          main.o
    0x20000a0a   COMPRESSED   0x00000002   PAD
    0x20000a0c        -       0x00000032   Zero   RW          282    .bss.buf            usbd_cdc_if.o
    0x20000a3e        -       0x00000014   Zero   RW          154    .bss.cdata          main.o
    0x20000a52   COMPRESSED   0x00000002   PAD
    0x20000a54        -       0x000002c4   Zero   RW          227    .bss.hUsbDeviceFS   usb_device.o
    0x20000d18        -       0x0000004c   Zero   RW          146    .bss.hadc           main.o
    0x20000d64        -       0x00000038   Zero   RW          155    .bss.hcan           main.o
    0x20000d9c        -       0x00000048   Zero   RW          148    .bss.hdma_adc       main.o
    0x20000de4        -       0x00000054   Zero   RW          156    .bss.hi2c1          main.o
    0x20000e38        -       0x000002f8   Zero   RW          361    .bss.hpcd_USB_FS    usbd_conf.o
    0x20001130        -       0x00000068   Zero   RW          151    .bss.htim1          main.o
    0x20001198        -       0x00000004   Zero   RW          831    .bss.uwTick         stm32f0xx_hal.o
    0x2000119c        -       0x00000004   Zero   RW          149    .bss.voltage_bat    main.o
    0x200011a0        -       0x00000004   Zero   RW          150    .bss.voltage_cam    main.o
    0x200011a4   COMPRESSED   0x00000004   PAD
    0x200011a8        -       0x00000200   Zero   RW            1    STACK               startup_stm32f042x6.o


==============================================================================

Image component sizes


      Code (inc. data)   RO Data    RW Data    ZI Data      Debug   Object Name

         0          0       3492          8          0        846   fonts.o
      2254        236         22          2        449      16217   main.o
       620         16          0          0       1028       9809   ssd1306.o
        88         38        192          0        512        620   startup_stm32f042x6.o
       168         24          0          8          4       5319   stm32f0xx_hal.o
      1584         64          0          0          0      11570   stm32f0xx_hal_adc.o
       258          0          0          0          0      14240   stm32f0xx_hal_can.o
       192         20          0          0          0       5776   stm32f0xx_hal_cortex.o
       738         12          0          0          0       7444   stm32f0xx_hal_dma.o
       418         24          0          0          0       4907   stm32f0xx_hal_gpio.o
      2484         68          0          0          0      39197   stm32f0xx_hal_i2c.o
       124          0          0          0          0       5201   stm32f0xx_hal_i2c_ex.o
       500         44          0          0          0      10727   stm32f0xx_hal_msp.o
      2900         84          0          0          0      14234   stm32f0xx_hal_pcd.o
       100          0          0          0          0       5551   stm32f0xx_hal_pcd_ex.o
       944         32          0          0          0      45748   stm32f0xx_hal_tim.o
        80          0          0          0          0      18762   stm32f0xx_hal_tim_ex.o
       196         24          0          0          0       2501   stm32f0xx_it.o
       264         20          0          0          0       2866   stm32f0xx_ll_exti.o
       230          0          0          0          0       4017   stm32f0xx_ll_gpio.o
      2878        136          0          0          0      14251   stm32f0xx_ll_usb.o
        12          4          0          0          0       7419   stm32f0xx_ll_utils.o
         2          0          0          4          0       1679   system_stm32f0xx.o
       100         16          0          0        708       3205   usb_device.o
       826         16          0        267          0      10354   usbd_cdc.o
      1720        558        141        379        190       4867   usbd_cdc_if.o
       712         40          0          0       1304      14471   usbd_conf.o
       784          4          0          0          0       7720   usbd_core.o
      1366         28          0          0          1       8853   usbd_ctlreq.o
       268         80          0         76         64       3472   usbd_desc.o
       154          0          0          0          0       4442   usbd_ioreq.o

    ----------------------------------------------------------------------
     23004       1588       3882        756       4276     306285   Object Totals
         0          0         32          0          0          0   (incl. Generated)
        40          0          3         12         16          0   (incl. Padding)

    ----------------------------------------------------------------------

      Code (inc. data)   RO Data    RW Data    ZI Data      Debug   Library Member Name

        86          0          0          0          0          0   __dczerorl2.o
         0          0          0          0          0          0   entry.o
         0          0          0          0          0          0   entry10a.o
         0          0          0          0          0          0   entry11a.o
         8          4          0          0          0          0   entry2.o
         4          0          0          0          0          0   entry5.o
         0          0          0          0          0          0   entry7b.o
         0          0          0          0          0          0   entry8b.o
         8          4          0          0          0          0   entry9a.o
        30          0          0          0          0          0   handlers.o
        80          6          0          0          0         72   idiv_div0.o
        36          8          0          0          0         68   init.o
         0          0          0          0          0          0   iusefp.o
        32          0          0          0          0         68   llshl.o
        34          0          0          0          0         68   llushr.o
        36          0          0          0          0         60   memcpya.o
        36          0          0          0          0        100   memseta.o
       510          8          0          0          0        228   printf3.o
        14          0          0          0          0         60   strlen.o
        62          0          0          0          0         72   uidiv_div0.o
        44          0          0          0          0         68   dcmpge.o
       236          0          0          0          0        216   depilogue.o
        72         10          0          0          0         72   dfixi.o
       208          6          0          0          0         88   dmul.o
        40          0          0          0          0         60   f2d.o
       130          0          0          0          0        144   fepilogue.o
        50          0          0          0          0         60   ffixi.o
        14          0          0          0          0         68   ffltui.o
       122          0          0          0          0         72   fmul.o

    ----------------------------------------------------------------------
      1898         46          0          0          0       1644   Library Totals
         6          0          0          0          0          0   (incl. Padding)

    ----------------------------------------------------------------------

      Code (inc. data)   RO Data    RW Data    ZI Data      Debug   Library Name

       976         30          0          0          0        796   mc_p.l
       916         16          0          0          0        848   mf_p.l

    ----------------------------------------------------------------------
      1898         46          0          0          0       1644   Library Totals

    ----------------------------------------------------------------------

==============================================================================


      Code (inc. data)   RO Data    RW Data    ZI Data      Debug   

     24902       1634       3882        756       4276     306913   Grand Totals
     24902       1634       3882        416       4276     306913   ELF Image Totals (compressed)
     24902       1634       3882        416          0          0   ROM Totals

==============================================================================

    Total RO  Size (Code + RO Data)                28784 (  28.11kB)
    Total RW  Size (RW Data + ZI Data)              5032 (   4.91kB)
    Total ROM Size (Code + RO Data + RW Data)      29200 (  28.52kB)

==============================================================================

