Component: ARM Compiler 6.15 Tool: armlink [5dd79300]

==============================================================================

Section Cross References

    startup_stm32f042x6.o(RESET) refers to startup_stm32f042x6.o(STACK) for __initial_sp
    startup_stm32f042x6.o(RESET) refers to startup_stm32f042x6.o(.text) for Reset_Handler
    startup_stm32f042x6.o(RESET) refers to stm32f0xx_it.o(.text.NMI_Handler) for NMI_Handler
    startup_stm32f042x6.o(RESET) refers to stm32f0xx_it.o(.text.HardFault_Handler) for HardFault_Handler
    startup_stm32f042x6.o(RESET) refers to stm32f0xx_it.o(.text.SVC_Handler) for SVC_Handler
    startup_stm32f042x6.o(RESET) refers to stm32f0xx_it.o(.text.PendSV_Handler) for PendSV_Handler
    startup_stm32f042x6.o(RESET) refers to stm32f0xx_it.o(.text.SysTick_Handler) for SysTick_Handler
    startup_stm32f042x6.o(RESET) refers to stm32f0xx_it.o(.text.EXTI4_15_IRQHandler) for EXTI4_15_IRQHandler
    startup_stm32f042x6.o(RESET) refers to stm32f0xx_it.o(.text.DMA1_Channel1_IRQHandler) for DMA1_Channel1_IRQHandler
    startup_stm32f042x6.o(RESET) refers to stm32f0xx_it.o(.text.ADC1_IRQHandler) for ADC1_IRQHandler
    startup_stm32f042x6.o(RESET) refers to stm32f0xx_it.o(.text.TIM1_BRK_UP_TRG_COM_IRQHandler) for TIM1_BRK_UP_TRG_COM_IRQHandler
    startup_stm32f042x6.o(RESET) refers to stm32f0xx_it.o(.text.I2C1_IRQHandler) for I2C1_IRQHandler
    startup_stm32f042x6.o(RESET) refers to stm32f0xx_it.o(.text.USB_IRQHandler) for USB_IRQHandler
    startup_stm32f042x6.o(.text) refers to startup_stm32f042x6.o(STACK) for __initial_sp
    startup_stm32f042x6.o(.text) refers to system_stm32f0xx.o(.text.SystemInit) for SystemInit
    startup_stm32f042x6.o(.text) refers to entry.o(.ARM.Collect$$$$00000000) for __main
    fonts.o(.data.Font_7x10) refers to fonts.o(.rodata.Font7x10) for [Anonymous Symbol]
    fonts.o(.data.Font_11x18) refers to fonts.o(.rodata.Font11x18) for [Anonymous Symbol]
    fonts.o(.data.Font_16x26) refers to fonts.o(.rodata.Font16x26) for [Anonymous Symbol]
    ssd1306.o(.text.ssd1306_Init) refers to stm32f0xx_hal.o(.text.HAL_Delay) for HAL_Delay
    ssd1306.o(.text.ssd1306_Init) refers to ssd1306.o(.text.ssd1306_Fill) for ssd1306_Fill
    ssd1306.o(.text.ssd1306_Init) refers to ssd1306.o(.text.ssd1306_UpdateScreen) for ssd1306_UpdateScreen
    ssd1306.o(.text.ssd1306_Init) refers to ssd1306.o(.text.ssd1306_WriteCommand) for ssd1306_WriteCommand
    ssd1306.o(.text.ssd1306_Init) refers to ssd1306.o(.bss..L_MergedGlobals) for [Anonymous Symbol]
    ssd1306.o(.ARM.exidx.text.ssd1306_Init) refers to ssd1306.o(.text.ssd1306_Init) for [Anonymous Symbol]
    ssd1306.o(.text.ssd1306_WriteCommand) refers to stm32f0xx_hal_i2c.o(.text.HAL_I2C_Mem_Write) for HAL_I2C_Mem_Write
    ssd1306.o(.text.ssd1306_WriteCommand) refers to main.o(.bss.hi2c1) for hi2c1
    ssd1306.o(.ARM.exidx.text.ssd1306_WriteCommand) refers to ssd1306.o(.text.ssd1306_WriteCommand) for [Anonymous Symbol]
    ssd1306.o(.text.ssd1306_Fill) refers to ssd1306.o(.bss.SSD1306_Buffer) for [Anonymous Symbol]
    ssd1306.o(.ARM.exidx.text.ssd1306_Fill) refers to ssd1306.o(.text.ssd1306_Fill) for [Anonymous Symbol]
    ssd1306.o(.text.ssd1306_UpdateScreen) refers to stm32f0xx_hal_i2c.o(.text.HAL_I2C_Mem_Write) for HAL_I2C_Mem_Write
    ssd1306.o(.text.ssd1306_UpdateScreen) refers to ssd1306.o(.bss.SSD1306_Buffer) for [Anonymous Symbol]
    ssd1306.o(.text.ssd1306_UpdateScreen) refers to ssd1306.o(.text.ssd1306_WriteCommand) for ssd1306_WriteCommand
    ssd1306.o(.text.ssd1306_UpdateScreen) refers to main.o(.bss.hi2c1) for hi2c1
    ssd1306.o(.ARM.exidx.text.ssd1306_UpdateScreen) refers to ssd1306.o(.text.ssd1306_UpdateScreen) for [Anonymous Symbol]
    ssd1306.o(.text.ssd1306_DrawPixel) refers to ssd1306.o(.bss.SSD1306_Buffer) for [Anonymous Symbol]
    ssd1306.o(.ARM.exidx.text.ssd1306_DrawPixel) refers to ssd1306.o(.text.ssd1306_DrawPixel) for [Anonymous Symbol]
    ssd1306.o(.text.ssd1306_WriteChar) refers to ssd1306.o(.text.ssd1306_DrawPixel) for ssd1306_DrawPixel
    ssd1306.o(.text.ssd1306_WriteChar) refers to ssd1306.o(.bss..L_MergedGlobals) for [Anonymous Symbol]
    ssd1306.o(.ARM.exidx.text.ssd1306_WriteChar) refers to ssd1306.o(.text.ssd1306_WriteChar) for [Anonymous Symbol]
    ssd1306.o(.text.ssd1306_WriteString) refers to ssd1306.o(.text.ssd1306_WriteChar) for ssd1306_WriteChar
    ssd1306.o(.ARM.exidx.text.ssd1306_WriteString) refers to ssd1306.o(.text.ssd1306_WriteString) for [Anonymous Symbol]
    ssd1306.o(.text.ssd1306_SetCursor) refers to ssd1306.o(.bss..L_MergedGlobals) for [Anonymous Symbol]
    ssd1306.o(.ARM.exidx.text.ssd1306_SetCursor) refers to ssd1306.o(.text.ssd1306_SetCursor) for [Anonymous Symbol]
    ssd1306.o(.text.ssd1306_DrawLine) refers to ssd1306.o(.text.ssd1306_DrawPixel) for ssd1306_DrawPixel
    ssd1306.o(.ARM.exidx.text.ssd1306_DrawLine) refers to ssd1306.o(.text.ssd1306_DrawLine) for [Anonymous Symbol]
[...]
    __arm_cp.14_0                            0x08004898   Number         4  stm32f0xx_ll_usb.o(.text.USB_DevDisconnect)
    [Anonymous Symbol]                       0x0800489c   Section        0  stm32f0xx_ll_usb.o(.text.USB_DevInit)
    [Anonymous Symbol]                       0x080048b0   Section        0  stm32f0xx_ll_usb.o(.text.USB_DisableGlobalInt)
    __arm_cp.2_0                             0x080048c0   Number         4  stm32f0xx_ll_usb.o(.text.USB_DisableGlobalInt)
    [Anonymous Symbol]                       0x080048c4   Section        0  stm32f0xx_ll_usb.o(.text.USB_EPClearStall)
    __arm_cp.10_0                            0x08004920   Number         4  stm32f0xx_ll_usb.o(.text.USB_EPClearStall)
    __arm_cp.10_1                            0x08004924   Number         4  stm32f0xx_ll_usb.o(.text.USB_EPClearStall)
    __arm_cp.10_3                            0x08004928   Number         4  stm32f0xx_ll_usb.o(.text.USB_EPClearStall)
    __arm_cp.10_4                            0x0800492c   Number         4  stm32f0xx_ll_usb.o(.text.USB_EPClearStall)
    [Anonymous Symbol]                       0x08004930   Section        0  stm32f0xx_ll_usb.o(.text.USB_EPSetStall)
    __arm_cp.9_0                             0x08004958   Number         4  stm32f0xx_ll_usb.o(.text.USB_EPSetStall)
    __arm_cp.9_1                             0x0800495c   Number         4  stm32f0xx_ll_usb.o(.text.USB_EPSetStall)
    __arm_cp.9_2                             0x08004960   Number         4  stm32f0xx_ll_usb.o(.text.USB_EPSetStall)
    __arm_cp.9_3                             0x08004964   Number         4  stm32f0xx_ll_usb.o(.text.USB_EPSetStall)
    [Anonymous Symbol]                       0x08004968   Section        0  stm32f0xx_ll_usb.o(.text.USB_EPStartXfer)
    __arm_cp.7_12                            0x08004d6c   Number         4  stm32f0xx_ll_usb.o(.text.USB_EPStartXfer)
    __arm_cp.7_13                            0x08004d70   Number         4  stm32f0xx_ll_usb.o(.text.USB_EPStartXfer)
    __arm_cp.7_0                             0x08004e2c   Number         4  stm32f0xx_ll_usb.o(.text.USB_EPStartXfer)
    __arm_cp.7_1                             0x08004e30   Number         4  stm32f0xx_ll_usb.o(.text.USB_EPStartXfer)
    __arm_cp.7_2                             0x08004e34   Number         4  stm32f0xx_ll_usb.o(.text.USB_EPStartXfer)
    __arm_cp.7_3                             0x08004e38   Number         4  stm32f0xx_ll_usb.o(.text.USB_EPStartXfer)
    __arm_cp.7_4                             0x08004e3c   Number         4  stm32f0xx_ll_usb.o(.text.USB_EPStartXfer)
    __arm_cp.7_5                             0x08004e40   Number         4  stm32f0xx_ll_usb.o(.text.USB_EPStartXfer)
    __arm_cp.7_6                             0x08004e44   Number         4  stm32f0xx_ll_usb.o(.text.USB_EPStartXfer)
    __arm_cp.7_8                             0x08004e48   Number         4  stm32f0xx_ll_usb.o(.text.USB_EPStartXfer)
    [Anonymous Symbol]                       0x08004e4c   Section        0  stm32f0xx_ll_usb.o(.text.USB_EnableGlobalInt)
    __arm_cp.1_0                             0x08004e60   Number         4  stm32f0xx_ll_usb.o(.text.USB_EnableGlobalInt)
    [Anonymous Symbol]                       0x08004e64   Section        0  stm32f0xx_it.o(.text.USB_IRQHandler)
    __arm_cp.10_0                            0x08004e70   Number         4  stm32f0xx_it.o(.text.USB_IRQHandler)
    [Anonymous Symbol]                       0x08004e74   Section        0  stm32f0xx_ll_usb.o(.text.USB_ReadInterrupts)
    [Anonymous Symbol]                       0x08004e7a   Section        0  stm32f0xx_ll_usb.o(.text.USB_ReadPMA)
    [Anonymous Symbol]                       0x08004ea4   Section        0  stm32f0xx_ll_usb.o(.text.USB_SetDevAddress)
    [Anonymous Symbol]                       0x08004eb2   Section        0  stm32f0xx_ll_usb.o(.text.USB_StopDevice)
    [Anonymous Symbol]                       0x08004ec8   Section        0  stm32f0xx_ll_usb.o(.text.USB_WritePMA)
    __NVIC_SetPriority                       0x08004ef1   Thumb Code    64  stm32f0xx_hal_cortex.o(.text.__NVIC_SetPriority)
    [Anonymous Symbol]                       0x08004ef0   Section        0  stm32f0xx_hal_cortex.o(.text.__NVIC_SetPriority)
    __arm_cp.1_0                             0x08004f28   Number         4  stm32f0xx_hal_cortex.o(.text.__NVIC_SetPriority)
    __arm_cp.1_1                             0x08004f2c   Number         4  stm32f0xx_hal_cortex.o(.text.__NVIC_SetPriority)
    [Anonymous Symbol]                       0x08004f30   Section        0  main.o(.text.main)
    __arm_cp.3_28                            0x08005340   Number         4  main.o(.text.main)
    __arm_cp.3_1                             0x08005364   Number         4  main.o(.text.main)
    __arm_cp.3_2                             0x08005368   Number         4  main.o(.text.main)
    __arm_cp.3_3                             0x0800536c   Number         4  main.o(.text.main)
    __arm_cp.3_4                             0x08005370   Number         4  main.o(.text.main)
    __arm_cp.3_5                             0x08005374   Number         4  main.o(.text.main)
    __arm_cp.3_6                             0x08005378   Number         4  main.o(.text.main)
    __arm_cp.3_7                             0x0800537c   Number         4  main.o(.text.main)
    __arm_cp.3_8                             0x08005380   Number         4  main.o(.text.main)
    __arm_cp.3_9                             0x08005384   Number         4  main.o(.text.main)
    __arm_cp.3_10                            0x08005388   Number         4  main.o(.text.main)
    __arm_cp.3_11                            0x0800538c   Number         4  main.o(.text.main)
    __arm_cp.3_12                            0x08005390   Number         4  main.o(.text.main)
    __arm_cp.3_13                            0x08005394   Number         4  main.o(.text.main)
    __arm_cp.3_14                            0x08005398   Number         4  main.o(.text.main)
    __arm_cp.3_15                            0x0800539c   Number         4  main.o(.text.main)
    __arm_cp.3_16                            0x080053a0   Number         4  main.o(.text.main)
    __arm_cp.3_17                            0x080053a4   Number         4  main.o(.text.main)
    __arm_cp.3_18                            0x080053a8   Number         4  main.o(.text.main)
    __arm_cp.3_19                            0x080053ac   Number         4  main.o(.text.main)
    __arm_cp.3_21                            0x080053bc   Number         4  main.o(.text.main)
    __arm_cp.3_24                            0x080053d0   Number         4  main.o(.text.main)
    __arm_cp.3_25                            0x080053d4   Number         4  main.o(.text.main)
    __arm_cp.3_26                            0x080053d8   Number         4  main.o(.text.main)
    __arm_cp.3_27                            0x080053dc   Number         4  main.o(.text.main)
    [Anonymous Symbol]                       0x080053e0   Section        0  main.o(.text.setSegVal)
    __arm_cp.1_0                             0x08005434   Number         4  main.o(.text.setSegVal)
    __arm_cp.1_1                             0x08005438   Number         4  main.o(.text.setSegVal)
    [Anonymous Symbol]                       0x0800543c   Section        0  ssd1306.o(.text.ssd1306_DrawPixel)
    [Anonymous Symbol]                       0x0800546c   Section        0  ssd1306.o(.text.ssd1306_Fill)
    [Anonymous Symbol]                       0x08005488   Section        0  ssd1306.o(.text.ssd1306_Init)
    [Anonymous Symbol]                       0x0800551c   Section        0  ssd1306.o(.text.ssd1306_SetCursor)
    [Anonymous Symbol]                       0x08005524   Section        0  ssd1306.o(.text.ssd1306_UpdateScreen)
    __arm_cp.3_0                             0x08005560   Number         4  ssd1306.o(.text.ssd1306_UpdateScreen)
    __arm_cp.3_1                             0x08005564   Number         4  ssd1306.o(.text.ssd1306_UpdateScreen)
    [Anonymous Symbol]                       0x08005568   Section        0  ssd1306.o(.text.ssd1306_WriteChar)
    __arm_cp.5_0                             0x080055f0   Number         4  ssd1306.o(.text.ssd1306_WriteChar)
    ssd1306_WriteCommand                     0x080055f5   Thumb Code    32  ssd1306.o(.text.ssd1306_WriteCommand)
    [Anonymous Symbol]                       0x080055f4   Section        0  ssd1306.o(.text.ssd1306_WriteCommand)
    __arm_cp.1_0                             0x08005610   Number         4  ssd1306.o(.text.ssd1306_WriteCommand)
    [Anonymous Symbol]                       0x08005614   Section        0  ssd1306.o(.text.ssd1306_WriteString)
    i.__0sprintf$3                           0x08005640   Section        0  printf3.o(i.__0sprintf$3)
    i.__ARM_clz                              0x08005668   Section        0  depilogue.o(i.__ARM_clz)
    i.__scatterload_copy                     0x08005696   Section       14  handlers.o(i.__scatterload_copy)
    i.__scatterload_null                     0x080056a4   Section        2  handlers.o(i.__scatterload_null)
    i.__scatterload_zeroinit                 0x080056a6   Section       14  handlers.o(i.__scatterload_zeroinit)
    _printf_core                             0x080056b5   Thumb Code   456  printf3.o(i._printf_core)
    i._printf_core                           0x080056b4   Section        0  printf3.o(i._printf_core)
    _sputc                                   0x08005881   Thumb Code    10  printf3.o(i._sputc)
    i._sputc                                 0x08005880   Section        0  printf3.o(i._sputc)
    Font11x18                                0x0800588a   Data        3492  fonts.o(.rodata.Font11x18)
    [Anonymous Symbol]                       0x0800588a   Section        0  fonts.o(.rodata.Font11x18)
    .L.str.3                                 0x0800663e   Data           6  main.o(.rodata.str1.1)
    [Anonymous Symbol]                       0x0800663e   Section        0  main.o(.rodata.str1.1)
    .L.str.1                                 0x08006644   Data          83  usbd_cdc_if.o(.rodata.str1.1)
    [Anonymous Symbol]                       0x08006644   Section        0  usbd_cdc_if.o(.rodata.str1.1)
    .L.str.5                                 0x08006697   Data          12  usbd_cdc_if.o(.rodata.str1.1)
    .L.str.8                                 0x080066a3   Data          12  usbd_cdc_if.o(.rodata.str1.1)
    .L.str.3                                 0x080066b0   Data          13  usbd_cdc_if.o(.rodata.str1.4)
    [Anonymous Symbol]                       0x080066b0   Section        0  usbd_cdc_if.o(.rodata.str1.4)
    .L.str.4                                 0x080066c0   Data          22  usbd_cdc_if.o(.rodata.str1.4)
    .L.str.2                                 0x080066d8   Data          14  usbd_cdc_if.o(.rodata.str1.4)
    [Anonymous Symbol]                       0x20000000   Section        0  stm32f0xx_hal.o(.data..L_MergedGlobals)
    CDC_Control_FS.lineCoding                0x20000008   Data           7  usbd_cdc_if.o(.data.CDC_Control_FS.lineCoding)
    [Anonymous Symbol]                       0x20000008   Section        0  usbd_cdc_if.o(.data.CDC_Control_FS.lineCoding)
    HAL_TIM_PeriodElapsedCallback.now        0x20000034   Data           2  main.o(.data.HAL_TIM_PeriodElapsedCallback.now)
    [Anonymous Symbol]                       0x20000034   Section        0  main.o(.data.HAL_TIM_PeriodElapsedCallback.now)
    USBD_CDC_DeviceQualifierDesc             0x20000260   Data          10  usbd_cdc.o(.data.USBD_CDC_DeviceQualifierDesc)
    [Anonymous Symbol]                       0x20000260   Section        0  usbd_cdc.o(.data.USBD_CDC_DeviceQualifierDesc)
    SSD1306.0                                0x200002f8   Data           2  ssd1306.o(.bss..L_MergedGlobals)
    [Anonymous Symbol]                       0x200002f8   Section        0  ssd1306.o(.bss..L_MergedGlobals)
    SSD1306.1                                0x200002fa   Data           2  ssd1306.o(.bss..L_MergedGlobals)
    [Anonymous Symbol]                       0x200002fc   Section        0  main.o(.bss..L_MergedGlobals)
    [Anonymous Symbol]                       0x2000036c   Section        0  usbd_cdc_if.o(.bss..L_MergedGlobals)
    SSD1306_Buffer                           0x200003bb   Data        1024  ssd1306.o(.bss.SSD1306_Buffer)
    [Anonymous Symbol]                       0x200003bb   Section        0  ssd1306.o(.bss.SSD1306_Buffer)
    USBD_SetConfig.cfgidx                    0x200007bb   Data           1  usbd_ctlreq.o(.bss.USBD_SetConfig.cfgidx)
    [Anonymous Symbol]                       0x200007bb   Section        0  usbd_ctlreq.o(.bss.USBD_SetConfig.cfgidx)
    USBD_static_malloc.mem                   0x200007fc   Data         544  usbd_conf.o(.bss.USBD_static_malloc.mem)
    [Anonymous Symbol]                       0x200007fc   Section        0  usbd_conf.o(.bss.USBD_static_malloc.mem)
    STACK                                    0x200011c0   Section      512  startup_stm32f042x6.o(STACK)

    Global Symbols

    Symbol Name                              Value     Ov Type        Size  Object(Section)

    BuildAttributes$$THM_ISAv3M$S$PE$A:L22$X:L11$S22$IEEE1$IW$~IW$USESV6$~STKCKD$USESV7$WCHAR32$ENUMINT$~SHL$OTIME$ROPI$EBA8$MICROLIB$REQ8$PRES8$EABIv2 0x00000000   Number         0  anon$$obj.o ABSOLUTE
    _printf_a                                0x00000000   Number         0  printfstubs.o ABSOLUTE
    _printf_c                                0x00000000   Number         0  printfstubs.o ABSOLUTE
    _printf_charcount                        0x00000000   Number         0  printfstubs.o ABSOLUTE
    _printf_d                                0x00000000   Number         0  printfstubs.o ABSOLUTE
    _printf_e                                0x00000000   Number         0  printfstubs.o ABSOLUTE
    _printf_f                                0x00000000   Number         0  printfstubs.o ABSOLUTE
    _printf_flags                            0x00000000   Number         0  printfstubs.o ABSOLUTE
    _printf_fp_dec                           0x00000000   Number         0  printfstubs.o ABSOLUTE
    _printf_fp_hex                           0x00000000   Number         0  printfstubs.o ABSOLUTE
    _printf_g                                0x00000000   Number         0  printfstubs.o ABSOLUTE
    _printf_i                                0x00000000   Number         0  printfstubs.o ABSOLUTE
    _printf_int_dec                          0x00000000   Number         0  printfstubs.o ABSOLUTE
    _printf_l                                0x00000000   Number         0  printfstubs.o ABSOLUTE
    _printf_lc                               0x00000000   Number         0  printfstubs.o ABSOLUTE
    _printf_ll                               0x00000000   Number         0  printfstubs.o ABSOLUTE
    _printf_lld                              0x00000000   Number         0  printfstubs.o ABSOLUTE
    _printf_lli                              0x00000000   Number         0  printfstubs.o ABSOLUTE
    _printf_llo                              0x00000000   Number         0  printfstubs.o ABSOLUTE
    _printf_llu                              0x00000000   Number         0  printfstubs.o ABSOLUTE
    _printf_llx                              0x00000000   Number         0  printfstubs.o ABSOLUTE
    _printf_longlong_dec                     0x00000000   Number         0  printfstubs.o ABSOLUTE
    _printf_longlong_hex                     0x00000000   Number         0  printfstubs.o ABSOLUTE
    _printf_longlong_oct                     0x00000000   Number         0  printfstubs.o ABSOLUTE
    _printf_ls                               0x00000000   Number         0  printfstubs.o ABSOLUTE
    _printf_mbtowc                           0x00000000   Number         0  printfstubs.o ABSOLUTE
    _printf_n                                0x00000000   Number         0  printfstubs.o ABSOLUTE
    _printf_o                                0x00000000   Number         0  printfstubs.o ABSOLUTE
    _printf_p                                0x00000000   Number         0  printfstubs.o ABSOLUTE
    _printf_percent                          0x00000000   Number         0  printfstubs.o ABSOLUTE
    _printf_pre_padding                      0x00000000   Number         0  printfstubs.o ABSOLUTE
    _printf_return_value                     0x00000000   Number         0  printfstubs.o ABSOLUTE
    _printf_s                                0x00000000   Number         0  printfstubs.o ABSOLUTE
    _printf_sizespec                         0x00000000   Number         0  printfstubs.o ABSOLUTE
    _printf_str                              0x00000000   Number         0  printfstubs.o ABSOLUTE
    _printf_truncate_signed                  0x00000000   Number         0  printfstubs.o ABSOLUTE
    _printf_truncate_unsigned                0x00000000   Number         0  printfstubs.o ABSOLUTE
    _printf_u                                0x00000000   Number         0  printfstubs.o ABSOLUTE
    _printf_wc                               0x00000000   Number         0  printfstubs.o ABSOLUTE
    _printf_wctomb                           0x00000000   Number         0  printfstubs.o ABSOLUTE
    _printf_widthprec                        0x00000000   Number         0  printfstubs.o ABSOLUTE
    _printf_x                                0x00000000   Number         0  printfstubs.o ABSOLUTE
    __cpp_initialize__aeabi_                  - Undefined Weak Reference
    __cxa_finalize                            - Undefined Weak Reference
    _clock_init                               - Undefined Weak Reference
    _microlib_exit                            - Undefined Weak Reference
    __Vectors_Size                           0x000000c0   Number         0  startup_stm32f042x6.o ABSOLUTE
    __Vectors                                0x08000000   Data           4  startup_stm32f042x6.o(RESET)
    __Vectors_End                            0x080000c0   Data           0  startup_stm32f042x6.o(RESET)
    __main                                   0x080000c1   Thumb Code     0  entry.o(.ARM.Collect$$$$00000000)
    _main_stk                                0x080000c1   Thumb Code     0  entry2.o(.ARM.Collect$$$$00000001)
    _main_scatterload                        0x080000c5   Thumb Code     0  entry5.o(.ARM.Collect$$$$00000004)
    __main_after_scatterload                 0x080000c9   Thumb Code     0  entry5.o(.ARM.Collect$$$$00000004)
    _main_clock                              0x080000c9   Thumb Code     0  entry7b.o(.ARM.Collect$$$$00000008)
    _main_cpp_init                           0x080000c9   Thumb Code     0  entry8b.o(.ARM.Collect$$$$0000000A)
    _main_init                               0x080000c9   Thumb Code     0  entry9a.o(.ARM.Collect$$$$0000000B)
    __rt_final_cpp                           0x080000d1   Thumb Code     0  entry10a.o(.ARM.Collect$$$$0000000D)
    __rt_final_exit                          0x080000d1   Thumb Code     0  entry11a.o(.ARM.Collect$$$$0000000F)
    Reset_Handler                            0x080000d5   Thumb Code    38  startup_stm32f042x6.o(.text)
    CEC_CAN_IRQHandler                       0x08000105   Thumb Code     0  startup_stm32f042x6.o(.text)
    DMA1_Channel2_3_IRQHandler               0x08000105   Thumb Code     0  startup_stm32f042x6.o(.text)
    DMA1_Channel4_5_IRQHandler               0x08000105   Thumb Code     0  startup_stm32f042x6.o(.text)
    EXTI0_1_IRQHandler                       0x08000105   Thumb Code     0  startup_stm32f042x6.o(.text)
    EXTI2_3_IRQHandler                       0x08000105   Thumb Code     0  startup_stm32f042x6.o(.text)
    FLASH_IRQHandler                         0x08000105   Thumb Code     0  startup_stm32f042x6.o(.text)
    PVD_VDDIO2_IRQHandler                    0x08000105   Thumb Code     0  startup_stm32f042x6.o(.text)
    RCC_CRS_IRQHandler                       0x08000105   Thumb Code     0  startup_stm32f042x6.o(.text)
    RTC_IRQHandler                           0x08000105   Thumb Code     0  startup_stm32f042x6.o(.text)
    SPI1_IRQHandler                          0x08000105   Thumb Code     0  startup_stm32f042x6.o(.text)
    SPI2_IRQHandler                          0x08000105   Thumb Code     0  startup_stm32f042x6.o(.text)
    TIM14_IRQHandler                         0x08000105   Thumb Code     0  startup_stm32f042x6.o(.text)
    TIM16_IRQHandler                         0x08000105   Thumb Code     0  startup_stm32f042x6.o(.text)
    TIM17_IRQHandler                         0x08000105   Thumb Code     0  startup_stm32f042x6.o(.text)
    TIM1_CC_IRQHandler                       0x08000105   Thumb Code     0  startup_stm32f042x6.o(.text)
    TIM2_IRQHandler                          0x08000105   Thumb Code     0  startup_stm32f042x6.o(.text)
    TIM3_IRQHandler                          0x08000105   Thumb Code     0  startup_stm32f042x6.o(.text)
    TSC_IRQHandler                           0x08000105   Thumb Code     0  startup_stm32f042x6.o(.text)
    USART1_IRQHandler                        0x08000105   Thumb Code     0  startup_stm32f042x6.o(.text)
    USART2_IRQHandler                        0x08000105   Thumb Code     0  startup_stm32f042x6.o(.text)
    WWDG_IRQHandler                          0x08000105   Thumb Code     0  startup_stm32f042x6.o(.text)
    __aeabi_llsr                             0x0800012d   Thumb Code    34  llushr.o(.text)
    _ll_ushift_r                             0x0800012d   Thumb Code     0  llushr.o(.text)
    __aeabi_memcpy                           0x0800014f   Thumb Code    36  memcpya.o(.text)
    __aeabi_memcpy4                          0x0800014f   Thumb Code     0  memcpya.o(.text)
    __aeabi_memcpy8                          0x0800014f   Thumb Code     0  memcpya.o(.text)
    __aeabi_memset                           0x08000173   Thumb Code    14  memseta.o(.text)
    __aeabi_memset4                          0x08000173   Thumb Code     0  memseta.o(.text)
    __aeabi_memset8                          0x08000173   Thumb Code     0  memseta.o(.text)
    __aeabi_memclr                           0x08000181   Thumb Code     4  memseta.o(.text)
    __aeabi_memclr4                          0x08000181   Thumb Code     0  memseta.o(.text)
    __aeabi_memclr8                          0x08000181   Thumb Code     0  memseta.o(.text)
    _memset$wrapper                          0x08000185   Thumb Code    18  memseta.o(.text)
    strlen                                   0x08000197   Thumb Code    14  strlen.o(.text)
    __aeabi_fmul                             0x080001a5   Thumb Code   122  fmul.o(.text)
    __aeabi_dmul                             0x08000221   Thumb Code   202  dmul.o(.text)
    __aeabi_dcmpge                           0x080002f1   Thumb Code    44  dcmpge.o(.text)
    __aeabi_ui2f                             0x0800031d   Thumb Code    14  ffltui.o(.text)
    __aeabi_f2iz                             0x0800032b   Thumb Code    50  ffixi.o(.text)
    __aeabi_d2iz                             0x0800035d   Thumb Code    62  dfixi.o(.text)
    __aeabi_f2d                              0x080003a5   Thumb Code    40  f2d.o(.text)
    __aeabi_uidiv                            0x080003cd   Thumb Code     0  uidiv_div0.o(.text)
    __aeabi_uidivmod                         0x080003cd   Thumb Code    62  uidiv_div0.o(.text)
    __aeabi_idiv$div0                        0x0800040d   Thumb Code     0  idiv_div0.o(.text)
    __aeabi_idivmod                          0x0800040d   Thumb Code    74  idiv_div0.o(.text)
    __I$use$fp                               0x0800045d   Thumb Code     0  iusefp.o(.text)
    _float_round                             0x0800045d   Thumb Code    16  fepilogue.o(.text)
    _float_epilogue                          0x0800046d   Thumb Code   114  fepilogue.o(.text)
    _double_round                            0x080004df   Thumb Code    26  depilogue.o(.text)
    _double_epilogue                         0x080004f9   Thumb Code   164  depilogue.o(.text)
    __scatterload                            0x0800059d   Thumb Code    28  init.o(.text)
    __scatterload_rt2                        0x0800059d   Thumb Code     0  init.o(.text)
    __aeabi_llsl                             0x080005c1   Thumb Code    32  llshl.o(.text)
    _ll_shift_l                              0x080005c1   Thumb Code     0  llshl.o(.text)
    __decompress                             0x080005e1   Thumb Code     0  __dczerorl2.o(.text)
    __decompress1                            0x080005e1   Thumb Code    86  __dczerorl2.o(.text)
    ADC1_IRQHandler                          0x08000639   Thumb Code    12  stm32f0xx_it.o(.text.ADC1_IRQHandler)
    ADC_PRINT                                0x0800080d   Thumb Code   168  main.o(.text.ADC_PRINT)
    CDC_Transmit_FS                          0x08000d15   Thumb Code    48  usbd_cdc_if.o(.text.CDC_Transmit_FS)
    DMA1_Channel1_IRQHandler                 0x08000d45   Thumb Code    16  stm32f0xx_it.o(.text.DMA1_Channel1_IRQHandler)
    EXTI4_15_IRQHandler                      0x08000d7d   Thumb Code    64  stm32f0xx_it.o(.text.EXTI4_15_IRQHandler)
    Error_Handler                            0x08000dbd   Thumb Code     2  main.o(.text.Error_Handler)
    HAL_ADC_ConfigChannel                    0x08000dc1   Thumb Code   256  stm32f0xx_hal_adc.o(.text.HAL_ADC_ConfigChannel)
    HAL_ADC_ConvCpltCallback                 0x08000ec1   Thumb Code     2  stm32f0xx_hal_adc.o(.text.HAL_ADC_ConvCpltCallback)
    HAL_ADC_ConvHalfCpltCallback             0x08000ec3   Thumb Code     2  stm32f0xx_hal_adc.o(.text.HAL_ADC_ConvHalfCpltCallback)
    HAL_ADC_ErrorCallback                    0x08000ec5   Thumb Code     2  stm32f0xx_hal_adc.o(.text.HAL_ADC_ErrorCallback)
    HAL_ADC_IRQHandler                       0x08000ec7   Thumb Code   206  stm32f0xx_hal_adc.o(.text.HAL_ADC_IRQHandler)
    HAL_ADC_Init                             0x08000f95   Thumb Code   324  stm32f0xx_hal_adc.o(.text.HAL_ADC_Init)
    HAL_ADC_LevelOutOfWindowCallback         0x080010d9   Thumb Code     2  stm32f0xx_hal_adc.o(.text.HAL_ADC_LevelOutOfWindowCallback)
    HAL_ADC_MspInit                          0x080010dd   Thumb Code   160  stm32f0xx_hal_msp.o(.text.HAL_ADC_MspInit)
    HAL_ADC_Start_DMA                        0x0800117d   Thumb Code   140  stm32f0xx_hal_adc.o(.text.HAL_ADC_Start_DMA)
    HAL_ADC_Stop_DMA                         0x08001209   Thumb Code   114  stm32f0xx_hal_adc.o(.text.HAL_ADC_Stop_DMA)
    HAL_CAN_Init                             0x0800127b   Thumb Code   256  stm32f0xx_hal_can.o(.text.HAL_CAN_Init)
    HAL_CAN_MspInit                          0x0800137d   Thumb Code   104  stm32f0xx_hal_msp.o(.text.HAL_CAN_MspInit)
    HAL_DMA_Abort                            0x080013e5   Thumb Code    56  stm32f0xx_hal_dma.o(.text.HAL_DMA_Abort)
    HAL_DMA_Abort_IT                         0x0800141d   Thumb Code    62  stm32f0xx_hal_dma.o(.text.HAL_DMA_Abort_IT)
    HAL_DMA_GetState                         0x0800145b   Thumb Code     4  stm32f0xx_hal_dma.o(.text.HAL_DMA_GetState)
    HAL_DMA_IRQHandler                       0x0800145f   Thumb Code   136  stm32f0xx_hal_dma.o(.text.HAL_DMA_IRQHandler)
    HAL_DMA_Init                             0x080014e9   Thumb Code   108  stm32f0xx_hal_dma.o(.text.HAL_DMA_Init)
    HAL_DMA_PollForTransfer                  0x08001555   Thumb Code   160  stm32f0xx_hal_dma.o(.text.HAL_DMA_PollForTransfer)
    HAL_DMA_Start_IT                         0x080015f5   Thumb Code    90  stm32f0xx_hal_dma.o(.text.HAL_DMA_Start_IT)
    HAL_Delay                                0x08001651   Thumb Code    36  stm32f0xx_hal.o(.text.HAL_Delay)
    HAL_GPIO_Init                            0x08001675   Thumb Code   396  stm32f0xx_hal_gpio.o(.text.HAL_GPIO_Init)
    HAL_GPIO_ReadPin                         0x08001801   Thumb Code    10  stm32f0xx_hal_gpio.o(.text.HAL_GPIO_ReadPin)
    HAL_GPIO_WritePin                        0x0800180b   Thumb Code    14  stm32f0xx_hal_gpio.o(.text.HAL_GPIO_WritePin)
    HAL_GetTick                              0x08001819   Thumb Code     8  stm32f0xx_hal.o(.text.HAL_GetTick)
    HAL_I2CEx_ConfigAnalogFilter             0x08001821   Thumb Code    62  stm32f0xx_hal_i2c_ex.o(.text.HAL_I2CEx_ConfigAnalogFilter)
    HAL_I2CEx_ConfigDigitalFilter            0x0800185f   Thumb Code    62  stm32f0xx_hal_i2c_ex.o(.text.HAL_I2CEx_ConfigDigitalFilter)
    HAL_I2C_AbortCpltCallback                0x0800189d   Thumb Code     2  stm32f0xx_hal_i2c.o(.text.HAL_I2C_AbortCpltCallback)
    HAL_I2C_AddrCallback                     0x0800189f   Thumb Code     2  stm32f0xx_hal_i2c.o(.text.HAL_I2C_AddrCallback)
    HAL_I2C_ER_IRQHandler                    0x080018a1   Thumb Code    82  stm32f0xx_hal_i2c.o(.text.HAL_I2C_ER_IRQHandler)
    HAL_I2C_EV_IRQHandler                    0x080018f3   Thumb Code    18  stm32f0xx_hal_i2c.o(.text.HAL_I2C_EV_IRQHandler)
    HAL_I2C_ErrorCallback                    0x08001905   Thumb Code     2  stm32f0xx_hal_i2c.o(.text.HAL_I2C_ErrorCallback)
    HAL_I2C_Init                             0x08001909   Thumb Code   156  stm32f0xx_hal_i2c.o(.text.HAL_I2C_Init)
    HAL_I2C_ListenCpltCallback               0x080019a5   Thumb Code     2  stm32f0xx_hal_i2c.o(.text.HAL_I2C_ListenCpltCallback)
    HAL_I2C_Mem_Write                        0x080019a9   Thumb Code   352  stm32f0xx_hal_i2c.o(.text.HAL_I2C_Mem_Write)
    HAL_I2C_MspInit                          0x08001b09   Thumb Code   116  stm32f0xx_hal_msp.o(.text.HAL_I2C_MspInit)
    HAL_I2C_SlaveRxCpltCallback              0x08001b7d   Thumb Code     2  stm32f0xx_hal_i2c.o(.text.HAL_I2C_SlaveRxCpltCallback)
    HAL_I2C_SlaveTxCpltCallback              0x08001b7f   Thumb Code     2  stm32f0xx_hal_i2c.o(.text.HAL_I2C_SlaveTxCpltCallback)
    HAL_IncTick                              0x08001b81   Thumb Code    20  stm32f0xx_hal.o(.text.HAL_IncTick)
    HAL_Init                                 0x08001b95   Thumb Code    32  stm32f0xx_hal.o(.text.HAL_Init)
    HAL_InitTick                             0x08001bb5   Thumb Code    68  stm32f0xx_hal.o(.text.HAL_InitTick)
    HAL_MspInit                              0x08001bf9   Thumb Code    44  stm32f0xx_hal_msp.o(.text.HAL_MspInit)
    HAL_NVIC_DisableIRQ                      0x08001c25   Thumb Code    32  stm32f0xx_hal_cortex.o(.text.HAL_NVIC_DisableIRQ)
    HAL_NVIC_EnableIRQ                       0x08001c45   Thumb Code    24  stm32f0xx_hal_cortex.o(.text.HAL_NVIC_EnableIRQ)
    HAL_NVIC_SetPriority                     0x08001c5d   Thumb Code     8  stm32f0xx_hal_cortex.o(.text.HAL_NVIC_SetPriority)
    HAL_PCDEx_ActivateLPM                    0x08001c65   Thumb Code    38  stm32f0xx_hal_pcd_ex.o(.text.HAL_PCDEx_ActivateLPM)
    HAL_PCDEx_LPM_Callback                   0x08001c8b   Thumb Code     2  stm32f0xx_hal_pcd_ex.o(.text.HAL_PCDEx_LPM_Callback)
    HAL_PCDEx_PMAConfig                      0x08001c8d   Thumb Code    50  stm32f0xx_hal_pcd_ex.o(.text.HAL_PCDEx_PMAConfig)
    HAL_PCD_DataInStageCallback              0x08001cbf   Thumb Code    24  usbd_conf.o(.text.HAL_PCD_DataInStageCallback)
    HAL_PCD_DataOutStageCallback             0x08001cd7   Thumb Code    28  usbd_conf.o(.text.HAL_PCD_DataOutStageCallback)
    HAL_PCD_DeInit                           0x08001cf3   Thumb Code    44  stm32f0xx_hal_pcd.o(.text.HAL_PCD_DeInit)
    HAL_PCD_DevDisconnect                    0x08001d1f   Thumb Code    34  stm32f0xx_hal_pcd.o(.text.HAL_PCD_DevDisconnect)
    HAL_PCD_EP_Close                         0x08001d41   Thumb Code    80  stm32f0xx_hal_pcd.o(.text.HAL_PCD_EP_Close)
    HAL_PCD_EP_ClrStall                      0x08001d91   Thumb Code    98  stm32f0xx_hal_pcd.o(.text.HAL_PCD_EP_ClrStall)
    HAL_PCD_EP_GetRxCount                    0x08001df3   Thumb Code    18  stm32f0xx_hal_pcd.o(.text.HAL_PCD_EP_GetRxCount)
    HAL_PCD_EP_Open                          0x08001e05   Thumb Code   100  stm32f0xx_hal_pcd.o(.text.HAL_PCD_EP_Open)
    HAL_PCD_EP_Receive                       0x08001e69   Thumb Code    40  stm32f0xx_hal_pcd.o(.text.HAL_PCD_EP_Receive)
    HAL_PCD_EP_SetStall                      0x08001e91   Thumb Code    92  stm32f0xx_hal_pcd.o(.text.HAL_PCD_EP_SetStall)
    HAL_PCD_EP_Transmit                      0x08001eed   Thumb Code    46  stm32f0xx_hal_pcd.o(.text.HAL_PCD_EP_Transmit)
    HAL_PCD_IRQHandler                       0x08001f1d   Thumb Code  1960  stm32f0xx_hal_pcd.o(.text.HAL_PCD_IRQHandler)
    HAL_PCD_Init                             0x080026c5   Thumb Code   202  stm32f0xx_hal_pcd.o(.text.HAL_PCD_Init)
    HAL_PCD_MspDeInit                        0x08002791   Thumb Code    32  usbd_conf.o(.text.HAL_PCD_MspDeInit)
    HAL_PCD_MspInit                          0x080027b1   Thumb Code    60  usbd_conf.o(.text.HAL_PCD_MspInit)
    HAL_PCD_ResetCallback                    0x080027ed   Thumb Code    34  usbd_conf.o(.text.HAL_PCD_ResetCallback)
    HAL_PCD_ResumeCallback                   0x08002811   Thumb Code    36  usbd_conf.o(.text.HAL_PCD_ResumeCallback)
    HAL_PCD_SOFCallback                      0x08002835   Thumb Code    14  usbd_conf.o(.text.HAL_PCD_SOFCallback)
    HAL_PCD_SetAddress                       0x08002843   Thumb Code    40  stm32f0xx_hal_pcd.o(.text.HAL_PCD_SetAddress)
    HAL_PCD_SetupStageCallback               0x0800286b   Thumb Code    22  usbd_conf.o(.text.HAL_PCD_SetupStageCallback)
    HAL_PCD_Start                            0x08002881   Thumb Code    42  stm32f0xx_hal_pcd.o(.text.HAL_PCD_Start)
    HAL_PCD_Stop                             0x080028ab   Thumb Code    42  stm32f0xx_hal_pcd.o(.text.HAL_PCD_Stop)
    HAL_PCD_SuspendCallback                  0x080028d5   Thumb Code    36  usbd_conf.o(.text.HAL_PCD_SuspendCallback)
    HAL_SYSTICK_Config                       0x080028f9   Thumb Code    52  stm32f0xx_hal_cortex.o(.text.HAL_SYSTICK_Config)
    HAL_TIMEx_BreakCallback                  0x0800292d   Thumb Code     2  stm32f0xx_hal_tim_ex.o(.text.HAL_TIMEx_BreakCallback)
    HAL_TIMEx_CommutCallback                 0x0800292f   Thumb Code     2  stm32f0xx_hal_tim_ex.o(.text.HAL_TIMEx_CommutCallback)
    HAL_TIMEx_MasterConfigSynchronization    0x08002931   Thumb Code    76  stm32f0xx_hal_tim_ex.o(.text.HAL_TIMEx_MasterConfigSynchronization)
    HAL_TIM_Base_Init                        0x0800297d   Thumb Code    66  stm32f0xx_hal_tim.o(.text.HAL_TIM_Base_Init)
    HAL_TIM_Base_MspInit                     0x080029c1   Thumb Code    56  stm32f0xx_hal_msp.o(.text.HAL_TIM_Base_MspInit)
    HAL_TIM_Base_Start_IT                    0x080029f9   Thumb Code    76  stm32f0xx_hal_tim.o(.text.HAL_TIM_Base_Start_IT)
    HAL_TIM_ConfigClockSource                0x08002a45   Thumb Code   224  stm32f0xx_hal_tim.o(.text.HAL_TIM_ConfigClockSource)
    HAL_TIM_IC_CaptureCallback               0x08002b25   Thumb Code     2  stm32f0xx_hal_tim.o(.text.HAL_TIM_IC_CaptureCallback)
    HAL_TIM_IRQHandler                       0x08002b27   Thumb Code   328  stm32f0xx_hal_tim.o(.text.HAL_TIM_IRQHandler)
    HAL_TIM_OC_DelayElapsedCallback          0x08002c6f   Thumb Code     2  stm32f0xx_hal_tim.o(.text.HAL_TIM_OC_DelayElapsedCallback)
    HAL_TIM_PWM_PulseFinishedCallback        0x08002c71   Thumb Code     2  stm32f0xx_hal_tim.o(.text.HAL_TIM_PWM_PulseFinishedCallback)
    HAL_TIM_PeriodElapsedCallback            0x08002c75   Thumb Code   112  main.o(.text.HAL_TIM_PeriodElapsedCallback)
    HAL_TIM_TriggerCallback                  0x08002ce5   Thumb Code     2  stm32f0xx_hal_tim.o(.text.HAL_TIM_TriggerCallback)
    HardFault_Handler                        0x08002ce7   Thumb Code     2  stm32f0xx_it.o(.text.HardFault_Handler)
    I2C1_IRQHandler                          0x08002ce9   Thumb Code    36  stm32f0xx_it.o(.text.I2C1_IRQHandler)
    LL_EXTI_Init                             0x08003445   Thumb Code   152  stm32f0xx_ll_exti.o(.text.LL_EXTI_Init)
    LL_GPIO_Init                             0x080034dd   Thumb Code   168  stm32f0xx_ll_gpio.o(.text.LL_GPIO_Init)
    LL_SetSystemCoreClock                    0x08003585   Thumb Code    12  stm32f0xx_ll_utils.o(.text.LL_SetSystemCoreClock)
    MX_USB_DEVICE_Init                       0x08003591   Thumb Code   100  usb_device.o(.text.MX_USB_DEVICE_Init)
    NMI_Handler                              0x080035f5   Thumb Code     2  stm32f0xx_it.o(.text.NMI_Handler)
    PendSV_Handler                           0x080035f7   Thumb Code     2  stm32f0xx_it.o(.text.PendSV_Handler)
    Port_ReFresh                             0x080035f9   Thumb Code   104  usbd_cdc_if.o(.text.Port_ReFresh)
    ResPonse_PSTAT                           0x08003661   Thumb Code    88  usbd_cdc_if.o(.text.ResPonse_PSTAT)
    SVC_Handler                              0x080036b9   Thumb Code     2  stm32f0xx_it.o(.text.SVC_Handler)
    SysTick_Handler                          0x080036bb   Thumb Code     8  stm32f0xx_it.o(.text.SysTick_Handler)
    SystemClock_Config                       0x080036c5   Thumb Code   164  main.o(.text.SystemClock_Config)
    SystemInit                               0x08003769   Thumb Code     2  system_stm32f0xx.o(.text.SystemInit)
    TIM1_BRK_UP_TRG_COM_IRQHandler           0x0800376d   Thumb Code    16  stm32f0xx_it.o(.text.TIM1_BRK_UP_TRG_COM_IRQHandler)
    TIM_Base_SetConfig                       0x0800377d   Thumb Code   148  stm32f0xx_hal_tim.o(.text.TIM_Base_SetConfig)
    USBD_CDC_GetDeviceQualifierDescriptor    0x08003955   Thumb Code    12  usbd_cdc.o(.text.USBD_CDC_GetDeviceQualifierDescriptor)
    USBD_CDC_ReceivePacket                   0x08003a0d   Thumb Code    44  usbd_cdc.o(.text.USBD_CDC_ReceivePacket)
    USBD_CDC_RegisterInterface               0x08003a39   Thumb Code    18  usbd_cdc.o(.text.USBD_CDC_RegisterInterface)
    USBD_CDC_SetRxBuffer                     0x08003a4b   Thumb Code    16  usbd_cdc.o(.text.USBD_CDC_SetRxBuffer)
    USBD_CDC_SetTxBuffer                     0x08003a5b   Thumb Code    20  usbd_cdc.o(.text.USBD_CDC_SetTxBuffer)
    USBD_CDC_TransmitPacket                  0x08003b1b   Thumb Code    58  usbd_cdc.o(.text.USBD_CDC_TransmitPacket)
    USBD_ClrClassConfig                      0x08003b55   Thumb Code    16  usbd_core.o(.text.USBD_ClrClassConfig)
    USBD_CtlContinueRx                       0x08003b65   Thumb Code    18  usbd_ioreq.o(.text.USBD_CtlContinueRx)
    USBD_CtlContinueSendData                 0x08003b77   Thumb Code    18  usbd_ioreq.o(.text.USBD_CtlContinueSendData)
    USBD_CtlError                            0x08003b89   Thumb Code    20  usbd_ctlreq.o(.text.USBD_CtlError)
    USBD_CtlPrepareRx                        0x08003b9d   Thumb Code    36  usbd_ioreq.o(.text.USBD_CtlPrepareRx)
    USBD_CtlReceiveStatus                    0x08003bc1   Thumb Code    26  usbd_ioreq.o(.text.USBD_CtlReceiveStatus)
    USBD_CtlSendData                         0x08003bdb   Thumb Code    30  usbd_ioreq.o(.text.USBD_CtlSendData)
    USBD_CtlSendStatus                       0x08003bf9   Thumb Code    26  usbd_ioreq.o(.text.USBD_CtlSendStatus)
    USBD_DeInit                              0x08003c13   Thumb Code    40  usbd_core.o(.text.USBD_DeInit)
    USBD_FS_ConfigStrDescriptor              0x08003c3d   Thumb Code    32  usbd_desc.o(.text.USBD_FS_ConfigStrDescriptor)
    USBD_FS_DeviceDescriptor                 0x08003c5d   Thumb Code    12  usbd_desc.o(.text.USBD_FS_DeviceDescriptor)
    USBD_FS_InterfaceStrDescriptor           0x08003c69   Thumb Code    36  usbd_desc.o(.text.USBD_FS_InterfaceStrDescriptor)
    USBD_FS_LangIDStrDescriptor              0x08003c8d   Thumb Code    12  usbd_desc.o(.text.USBD_FS_LangIDStrDescriptor)
    USBD_FS_ManufacturerStrDescriptor        0x08003c99   Thumb Code    32  usbd_desc.o(.text.USBD_FS_ManufacturerStrDescriptor)
    USBD_FS_ProductStrDescriptor             0x08003cb9   Thumb Code    40  usbd_desc.o(.text.USBD_FS_ProductStrDescriptor)
    USBD_FS_SerialStrDescriptor              0x08003ce1   Thumb Code    52  usbd_desc.o(.text.USBD_FS_SerialStrDescriptor)
    USBD_GetString                           0x08003d15   Thumb Code    66  usbd_ctlreq.o(.text.USBD_GetString)
    USBD_Init                                0x08003d79   Thumb Code    46  usbd_core.o(.text.USBD_Init)
    USBD_LL_ClearStallEP                     0x08003da7   Thumb Code    18  usbd_conf.o(.text.USBD_LL_ClearStallEP)
    USBD_LL_CloseEP                          0x08003db9   Thumb Code    18  usbd_conf.o(.text.USBD_LL_CloseEP)
    USBD_LL_DataInStage                      0x08003dcb   Thumb Code   194  usbd_core.o(.text.USBD_LL_DataInStage)
    USBD_LL_DataOutStage                     0x08003e8d   Thumb Code   128  usbd_core.o(.text.USBD_LL_DataOutStage)
    USBD_LL_DeInit                           0x08003f0d   Thumb Code    18  usbd_conf.o(.text.USBD_LL_DeInit)
    USBD_LL_GetRxDataSize                    0x08003f1f   Thumb Code    14  usbd_conf.o(.text.USBD_LL_GetRxDataSize)
    USBD_LL_Init                             0x08003f2d   Thumb Code   128  usbd_conf.o(.text.USBD_LL_Init)
    USBD_LL_IsStallEP                        0x08003fad   Thumb Code    34  usbd_conf.o(.text.USBD_LL_IsStallEP)
    USBD_LL_OpenEP                           0x08003fcf   Thumb Code    24  usbd_conf.o(.text.USBD_LL_OpenEP)
    USBD_LL_PrepareReceive                   0x08003fe7   Thumb Code    18  usbd_conf.o(.text.USBD_LL_PrepareReceive)
    USBD_LL_Reset                            0x08003ff9   Thumb Code    80  usbd_core.o(.text.USBD_LL_Reset)
    USBD_LL_Resume                           0x08004049   Thumb Code    20  usbd_core.o(.text.USBD_LL_Resume)
    USBD_LL_SOF                              0x0800405d   Thumb Code    28  usbd_core.o(.text.USBD_LL_SOF)
    USBD_LL_SetSpeed                         0x08004079   Thumb Code     6  usbd_core.o(.text.USBD_LL_SetSpeed)
    USBD_LL_SetUSBAddress                    0x0800407f   Thumb Code    18  usbd_conf.o(.text.USBD_LL_SetUSBAddress)
    USBD_LL_SetupStage                       0x08004091   Thumb Code    96  usbd_core.o(.text.USBD_LL_SetupStage)
    USBD_LL_StallEP                          0x080040f1   Thumb Code    18  usbd_conf.o(.text.USBD_LL_StallEP)
    USBD_LL_Start                            0x08004103   Thumb Code    18  usbd_conf.o(.text.USBD_LL_Start)
    USBD_LL_Stop                             0x08004115   Thumb Code    18  usbd_conf.o(.text.USBD_LL_Stop)
    USBD_LL_Suspend                          0x08004127   Thumb Code    18  usbd_core.o(.text.USBD_LL_Suspend)
    USBD_LL_Transmit                         0x08004139   Thumb Code    18  usbd_conf.o(.text.USBD_LL_Transmit)
    USBD_ParseSetupRequest                   0x0800414b   Thumb Code    40  usbd_ctlreq.o(.text.USBD_ParseSetupRequest)
    USBD_RegisterClass                       0x08004173   Thumb Code    18  usbd_core.o(.text.USBD_RegisterClass)
    USBD_SetClassConfig                      0x08004185   Thumb Code    28  usbd_core.o(.text.USBD_SetClassConfig)
    USBD_Start                               0x080041a1   Thumb Code    10  usbd_core.o(.text.USBD_Start)
    USBD_StdDevReq                           0x080041ad   Thumb Code   568  usbd_ctlreq.o(.text.USBD_StdDevReq)
    USBD_StdEPReq                            0x080043e5   Thumb Code   306  usbd_ctlreq.o(.text.USBD_StdEPReq)
    USBD_StdItfReq                           0x08004517   Thumb Code    82  usbd_ctlreq.o(.text.USBD_StdItfReq)
    USBD_Stop                                0x08004569   Thumb Code    28  usbd_core.o(.text.USBD_Stop)
    USBD_static_free                         0x08004585   Thumb Code     2  usbd_conf.o(.text.USBD_static_free)
    USBD_static_malloc                       0x08004589   Thumb Code     8  usbd_conf.o(.text.USBD_static_malloc)
    USB_ActivateEndpoint                     0x08004591   Thumb Code   532  stm32f0xx_ll_usb.o(.text.USB_ActivateEndpoint)
    USB_DeactivateEndpoint                   0x080047a5   Thumb Code   212  stm32f0xx_ll_usb.o(.text.USB_DeactivateEndpoint)
    USB_DevConnect                           0x08004879   Thumb Code    16  stm32f0xx_ll_usb.o(.text.USB_DevConnect)
    USB_DevDisconnect                        0x08004889   Thumb Code    20  stm32f0xx_ll_usb.o(.text.USB_DevDisconnect)
    USB_DevInit                              0x0800489d   Thumb Code    20  stm32f0xx_ll_usb.o(.text.USB_DevInit)
    USB_DisableGlobalInt                     0x080048b1   Thumb Code    20  stm32f0xx_ll_usb.o(.text.USB_DisableGlobalInt)
    USB_EPClearStall                         0x080048c5   Thumb Code   108  stm32f0xx_ll_usb.o(.text.USB_EPClearStall)
    USB_EPSetStall                           0x08004931   Thumb Code    56  stm32f0xx_ll_usb.o(.text.USB_EPSetStall)
    USB_EPStartXfer                          0x08004969   Thumb Code  1252  stm32f0xx_ll_usb.o(.text.USB_EPStartXfer)
    USB_EnableGlobalInt                      0x08004e4d   Thumb Code    24  stm32f0xx_ll_usb.o(.text.USB_EnableGlobalInt)
    USB_IRQHandler                           0x08004e65   Thumb Code    16  stm32f0xx_it.o(.text.USB_IRQHandler)
    USB_ReadInterrupts                       0x08004e75   Thumb Code     6  stm32f0xx_ll_usb.o(.text.USB_ReadInterrupts)
    USB_ReadPMA                              0x08004e7b   Thumb Code    42  stm32f0xx_ll_usb.o(.text.USB_ReadPMA)
    USB_SetDevAddress                        0x08004ea5   Thumb Code    14  stm32f0xx_ll_usb.o(.text.USB_SetDevAddress)
    USB_StopDevice                           0x08004eb3   Thumb Code    22  stm32f0xx_ll_usb.o(.text.USB_StopDevice)
    USB_WritePMA                             0x08004ec9   Thumb Code    38  stm32f0xx_ll_usb.o(.text.USB_WritePMA)
    main                                     0x08004f31   Thumb Code  1200  main.o(.text.main)
    setSegVal                                0x080053e1   Thumb Code    92  main.o(.text.setSegVal)
    ssd1306_DrawPixel                        0x0800543d   Thumb Code    48  ssd1306.o(.text.ssd1306_DrawPixel)
    ssd1306_Fill                             0x0800546d   Thumb Code    28  ssd1306.o(.text.ssd1306_Fill)
    ssd1306_Init                             0x08005489   Thumb Code   148  ssd1306.o(.text.ssd1306_Init)
    ssd1306_SetCursor                        0x0800551d   Thumb Code     8  ssd1306.o(.text.ssd1306_SetCursor)
    ssd1306_UpdateScreen                     0x08005525   Thumb Code    68  ssd1306.o(.text.ssd1306_UpdateScreen)
    ssd1306_WriteChar                        0x08005569   Thumb Code   140  ssd1306.o(.text.ssd1306_WriteChar)
    ssd1306_WriteString                      0x08005615   Thumb Code    44  ssd1306.o(.text.ssd1306_WriteString)
    __0sprintf$3                             0x08005641   Thumb Code    36  printf3.o(i.__0sprintf$3)
    __1sprintf$3                             0x08005641   Thumb Code     0  printf3.o(i.__0sprintf$3)
    __2sprintf                               0x08005641   Thumb Code     0  printf3.o(i.__0sprintf$3)
    __ARM_clz                                0x08005669   Thumb Code    46  depilogue.o(i.__ARM_clz)
    __scatterload_copy                       0x08005697   Thumb Code    14  handlers.o(i.__scatterload_copy)
    __scatterload_null                       0x080056a5   Thumb Code     2  handlers.o(i.__scatterload_null)
    __scatterload_zeroinit                   0x080056a7   Thumb Code    14  handlers.o(i.__scatterload_zeroinit)
    SegmentArrInfo                           0x0800662e   Data          16  main.o(.rodata.SegmentArrInfo)
    Region$$Table$$Base                      0x080066e8   Number         0  anon$$obj.o(Region$$Table)
    Region$$Table$$Limit                     0x08006708   Number         0  anon$$obj.o(Region$$Table)
    uwTickPrio                               0x20000000   Data           4  stm32f0xx_hal.o(.data..L_MergedGlobals)
    uwTickFreq                               0x20000004   Data           4  stm32f0xx_hal.o(.data..L_MergedGlobals)
    FS_Desc                                  0x20000010   Data          28  usbd_desc.o(.data.FS_Desc)
    Font_11x18                               0x2000002c   Data           8  fonts.o(.data.Font_11x18)
    Manual                                   0x20000036   Data         356  usbd_cdc_if.o(.data.Manual)
    SystemCoreClock                          0x2000019c   Data           4  system_stm32f0xx.o(.data.SystemCoreClock)
    USBD_CDC                                 0x200001a0   Data          56  usbd_cdc.o(.data.USBD_CDC)
    USBD_CDC_CfgFSDesc                       0x200001d8   Data          67  usbd_cdc.o(.data.USBD_CDC_CfgFSDesc)
    USBD_CDC_CfgHSDesc                       0x2000021c   Data          67  usbd_cdc.o(.data.USBD_CDC_CfgHSDesc)
    USBD_CDC_OtherSpeedCfgDesc               0x2000026c   Data          67  usbd_cdc.o(.data.USBD_CDC_OtherSpeedCfgDesc)
    USBD_FS_DeviceDesc                       0x200002b0   Data          18  usbd_desc.o(.data.USBD_FS_DeviceDesc)
    USBD_Interface_fops_FS                   0x200002c4   Data          16  usbd_cdc_if.o(.data.USBD_Interface_fops_FS)
    USBD_LangIDDesc                          0x200002d4   Data           4  usbd_desc.o(.data.USBD_LangIDDesc)
    USBD_StringSerial                        0x200002d8   Data          26  usbd_desc.o(.data.USBD_StringSerial)
    USB_Inited_Flag                          0x200002fc   Data           1  main.o(.bss..L_MergedGlobals)
    USB_Init_Flag                            0x200002fd   Data           1  main.o(.bss..L_MergedGlobals)
    ADC_Value                                0x200002fe   Data           4  main.o(.bss..L_MergedGlobals)
    voltage_bat                              0x20000304   Data           4  main.o(.bss..L_MergedGlobals)
    voltage_cam                              0x20000308   Data           4  main.o(.bss..L_MergedGlobals)
    bdata                                    0x2000030c   Data          20  main.o(.bss..L_MergedGlobals)
    cdata                                    0x20000320   Data          20  main.o(.bss..L_MergedGlobals)
    hcan                                     0x20000334   Data          56  main.o(.bss..L_MergedGlobals)
    Action_Flag                              0x2000036c   Data           6  usbd_cdc_if.o(.bss..L_MergedGlobals)
    Action_Flag_S                            0x20000372   Data           6  usbd_cdc_if.o(.bss..L_MergedGlobals)
    UserRxBufferFS                           0x20000378   Data          64  usbd_cdc_if.o(.bss..L_MergedGlobals)
    FND_Var                                  0x200003b8   Data           3  main.o(.bss.FND_Var)
    USBD_StrDesc                             0x200007bc   Data          64  usbd_desc.o(.bss.USBD_StrDesc)
    UserTxBufferFS                           0x20000a1c   Data          64  usbd_cdc_if.o(.bss.UserTxBufferFS)
    buf                                      0x20000a5c   Data          78  usbd_cdc_if.o(.bss.buf)
    hUsbDeviceFS                             0x20000aac   Data         708  usb_device.o(.bss.hUsbDeviceFS)
    hadc                                     0x20000d70   Data          76  main.o(.bss.hadc)
    hdma_adc                                 0x20000dbc   Data          72  main.o(.bss.hdma_adc)
    hi2c1                                    0x20000e04   Data          84  main.o(.bss.hi2c1)
    hpcd_USB_FS                              0x20000e58   Data         760  usbd_conf.o(.bss.hpcd_USB_FS)
    htim1                                    0x20001150   Data         104  main.o(.bss.htim1)
    uwTick                                   0x200011b8   Data           4  stm32f0xx_hal.o(.bss.uwTick)
    __initial_sp                             0x200013c0   Data           0  startup_stm32f042x6.o(STACK)



==============================================================================

Memory Map of the image

  Image Entry point : 0x080000c1

  Load Region LR_IROM1 (Base: 0x08000000, Size: 0x00006a00, Max: 0x00008000, ABSOLUTE, COMPRESSED[0x000068a0])

    Execution Region ER_IROM1 (Exec base: 0x08000000, Load base: 0x08000000, Size: 0x00006708, Max: 0x00008000, ABSOLUTE)

    Exec Addr    Load Addr    Size         Type   Attr      Idx    E Section Name        Object

    0x08000000   0x08000000   0x000000c0   Data   RO            3    RESET               startup_stm32f042x6.o
    0x080000c0   0x080000c0   0x00000000   Code   RO         1699  * .ARM.Collect$$$$00000000  mc_p.l(entry.o)
    0x080000c0   0x080000c0   0x00000004   Code   RO         1993    .ARM.Collect$$$$00000001  mc_p.l(entry2.o)
    0x080000c4   0x080000c4   0x00000004   Code   RO         1996    .ARM.Collect$$$$00000004  mc_p.l(entry5.o)
    0x080000c8   0x080000c8   0x00000000   Code   RO         1998    .ARM.Collect$$$$00000008  mc_p.l(entry7b.o)
    0x080000c8   0x080000c8   0x00000000   Code   RO         2000    .ARM.Collect$$$$0000000A  mc_p.l(entry8b.o)
    0x080000c8   0x080000c8   0x00000008   Code   RO         2001    .ARM.Collect$$$$0000000B  mc_p.l(entry9a.o)
    0x080000d0   0x080000d0   0x00000000   Code   RO         2003    .ARM.Collect$$$$0000000D  mc_p.l(entry10a.o)
    0x080000d0   0x080000d0   0x00000000   Code   RO         2005    .ARM.Collect$$$$0000000F  mc_p.l(entry11a.o)
    0x080000d0   0x080000d0   0x00000004   Code   RO         1994    .ARM.Collect$$$$00002712  mc_p.l(entry2.o)
    0x080000d4   0x080000d4   0x00000058   Code   RO            4    .text               startup_stm32f042x6.o
    0x0800012c   0x0800012c   0x00000022   Code   RO         1708    .text               mc_p.l(llushr.o)
    0x0800014e   0x0800014e   0x00000024   Code   RO         1710    .text               mc_p.l(memcpya.o)
    0x08000172   0x08000172   0x00000024   Code   RO         1712    .text               mc_p.l(memseta.o)
    0x08000196   0x08000196   0x0000000e   Code   RO         1714    .text               mc_p.l(strlen.o)
    0x080001a4   0x080001a4   0x0000007a   Code   RO         1979    .text               mf_p.l(fmul.o)
    0x0800021e   0x0800021e   0x00000002   PAD
    0x08000220   0x08000220   0x000000d0   Code   RO         1981    .text               mf_p.l(dmul.o)
    0x080002f0   0x080002f0   0x0000002c   Code   RO         1983    .text               mf_p.l(dcmpge.o)
    0x0800031c   0x0800031c   0x0000000e   Code   RO         1985    .text               mf_p.l(ffltui.o)
    0x0800032a   0x0800032a   0x00000032   Code   RO         1987    .text               mf_p.l(ffixi.o)
    0x0800035c   0x0800035c   0x00000048   Code   RO         1989    .text               mf_p.l(dfixi.o)
    0x080003a4   0x080003a4   0x00000028   Code   RO         1991    .text               mf_p.l(f2d.o)
    0x080003cc   0x080003cc   0x0000003e   Code   RO         2014    .text               mc_p.l(uidiv_div0.o)
    0x0800040a   0x0800040a   0x00000002   PAD
    0x0800040c   0x0800040c   0x00000050   Code   RO         2016    .text               mc_p.l(idiv_div0.o)
    0x0800045c   0x0800045c   0x00000000   Code   RO         2022    .text               mc_p.l(iusefp.o)
    0x0800045c   0x0800045c   0x00000082   Code   RO         2023    .text               mf_p.l(fepilogue.o)
    0x080004de   0x080004de   0x000000be   Code   RO         2025    .text               mf_p.l(depilogue.o)
    0x0800059c   0x0800059c   0x00000024   Code   RO         2037    .text               mc_p.l(init.o)
    0x080005c0   0x080005c0   0x00000020   Code   RO         2040    .text               mc_p.l(llshl.o)
    0x080005e0   0x080005e0   0x00000056   Code   RO         2053    .text               mc_p.l(__dczerorl2.o)
    0x08000636   0x08000636   0x00000002   PAD
    0x08000638   0x08000638   0x0000000c   Code   RO          112    .text.ADC1_IRQHandler  stm32f0xx_it.o
    0x08000644   0x08000644   0x0000004e   Code   RO         1072    .text.ADC_ConversionStop  stm32f0xx_hal_adc.o
    0x08000692   0x08000692   0x00000068   Code   RO         1094    .text.ADC_DMAConvCplt  stm32f0xx_hal_adc.o
    0x080006fa   0x080006fa   0x0000001a   Code   RO         1098    .text.ADC_DMAError  stm32f0xx_hal_adc.o
    0x08000714   0x08000714   0x0000000a   Code   RO         1096    .text.ADC_DMAHalfConvCplt  stm32f0xx_hal_adc.o
    0x0800071e   0x0800071e   0x0000005e   Code   RO         1074    .text.ADC_Disable   stm32f0xx_hal_adc.o
    0x0800077c   0x0800077c   0x00000090   Code   RO         1080    .text.ADC_Enable    stm32f0xx_hal_adc.o
    0x0800080c   0x0800080c   0x000000a8   Code   RO           70    .text.ADC_PRINT     main.o
    0x080008b4   0x080008b4   0x00000024   Code   RO          199    .text.CDC_Control_FS  usbd_cdc_if.o
    0x080008d8   0x080008d8   0x00000004   Code   RO          197    .text.CDC_DeInit_FS  usbd_cdc_if.o
    0x080008dc   0x080008dc   0x00000024   Code   RO          195    .text.CDC_Init_FS   usbd_cdc_if.o
    0x08000900   0x08000900   0x00000414   Code   RO          201    .text.CDC_Receive_FS  usbd_cdc_if.o
    0x08000d14   0x08000d14   0x00000030   Code   RO          203    .text.CDC_Transmit_FS  usbd_cdc_if.o
    0x08000d44   0x08000d44   0x00000010   Code   RO          110    .text.DMA1_Channel1_IRQHandler  stm32f0xx_it.o
    0x08000d54   0x08000d54   0x00000026   Code   RO          855    .text.DMA_SetConfig  stm32f0xx_hal_dma.o
    0x08000d7a   0x08000d7a   0x00000002   PAD
    0x08000d7c   0x08000d7c   0x00000040   Code   RO          108    .text.EXTI4_15_IRQHandler  stm32f0xx_it.o
    0x08000dbc   0x08000dbc   0x00000002   Code   RO           76    .text.Error_Handler  main.o
    0x08000dbe   0x08000dbe   0x00000002   PAD
    0x08000dc0   0x08000dc0   0x00000100   Code   RO         1114    .text.HAL_ADC_ConfigChannel  stm32f0xx_hal_adc.o
    0x08000ec0   0x08000ec0   0x00000002   Code   RO         1106    .text.HAL_ADC_ConvCpltCallback  stm32f0xx_hal_adc.o
    0x08000ec2   0x08000ec2   0x00000002   Code   RO         1112    .text.HAL_ADC_ConvHalfCpltCallback  stm32f0xx_hal_adc.o
    0x08000ec4   0x08000ec4   0x00000002   Code   RO         1110    .text.HAL_ADC_ErrorCallback  stm32f0xx_hal_adc.o
    0x08000ec6   0x08000ec6   0x000000ce   Code   RO         1104    .text.HAL_ADC_IRQHandler  stm32f0xx_hal_adc.o
    0x08000f94   0x08000f94   0x00000144   Code   RO         1066    .text.HAL_ADC_Init  stm32f0xx_hal_adc.o
    0x080010d8   0x080010d8   0x00000002   Code   RO         1108    .text.HAL_ADC_LevelOutOfWindowCallback  stm32f0xx_hal_adc.o
    0x080010da   0x080010da   0x00000002   PAD
    0x080010dc   0x080010dc   0x000000a0   Code   RO          129    .text.HAL_ADC_MspInit  stm32f0xx_hal_msp.o
    0x0800117c   0x0800117c   0x0000008c   Code   RO         1092    .text.HAL_ADC_Start_DMA  stm32f0xx_hal_adc.o
    0x08001208   0x08001208   0x00000072   Code   RO         1100    .text.HAL_ADC_Stop_DMA  stm32f0xx_hal_adc.o
    0x0800127a   0x0800127a   0x00000100   Code   RO         1139    .text.HAL_CAN_Init  stm32f0xx_hal_can.o
    0x0800137a   0x0800137a   0x00000002   PAD
    0x0800137c   0x0800137c   0x00000068   Code   RO          133    .text.HAL_CAN_MspInit  stm32f0xx_hal_msp.o
    0x080013e4   0x080013e4   0x00000038   Code   RO          859    .text.HAL_DMA_Abort  stm32f0xx_hal_dma.o
    0x0800141c   0x0800141c   0x0000003e   Code   RO          861    .text.HAL_DMA_Abort_IT  stm32f0xx_hal_dma.o
    0x0800145a   0x0800145a   0x00000004   Code   RO          871    .text.HAL_DMA_GetState  stm32f0xx_hal_dma.o
    0x0800145e   0x0800145e   0x00000088   Code   RO          865    .text.HAL_DMA_IRQHandler  stm32f0xx_hal_dma.o
    0x080014e6   0x080014e6   0x00000002   PAD
    0x080014e8   0x080014e8   0x0000006c   Code   RO          849    .text.HAL_DMA_Init  stm32f0xx_hal_dma.o
    0x08001554   0x08001554   0x000000a0   Code   RO          863    .text.HAL_DMA_PollForTransfer  stm32f0xx_hal_dma.o
    0x080015f4   0x080015f4   0x0000005a   Code   RO          857    .text.HAL_DMA_Start_IT  stm32f0xx_hal_dma.o
    0x0800164e   0x0800164e   0x00000002   PAD
    0x08001650   0x08001650   0x00000024   Code   RO          603    .text.HAL_Delay     stm32f0xx_hal.o
    0x08001674   0x08001674   0x0000018c   Code   RO          825    .text.HAL_GPIO_Init  stm32f0xx_hal_gpio.o
    0x08001800   0x08001800   0x0000000a   Code   RO          829    .text.HAL_GPIO_ReadPin  stm32f0xx_hal_gpio.o
    0x0800180a   0x0800180a   0x0000000e   Code   RO          831    .text.HAL_GPIO_WritePin  stm32f0xx_hal_gpio.o
    0x08001818   0x08001818   0x00000008   Code   RO          595    .text.HAL_GetTick   stm32f0xx_hal.o
    0x08001820   0x08001820   0x0000003e   Code   RO          805    .text.HAL_I2CEx_ConfigAnalogFilter  stm32f0xx_hal_i2c_ex.o
    0x0800185e   0x0800185e   0x0000003e   Code   RO          807    .text.HAL_I2CEx_ConfigDigitalFilter  stm32f0xx_hal_i2c_ex.o
    0x0800189c   0x0800189c   0x00000002   Code   RO          771    .text.HAL_I2C_AbortCpltCallback  stm32f0xx_hal_i2c.o
    0x0800189e   0x0800189e   0x00000002   Code   RO          761    .text.HAL_I2C_AddrCallback  stm32f0xx_hal_i2c.o
    0x080018a0   0x080018a0   0x00000052   Code   RO          749    .text.HAL_I2C_ER_IRQHandler  stm32f0xx_hal_i2c.o
    0x080018f2   0x080018f2   0x00000012   Code   RO          747    .text.HAL_I2C_EV_IRQHandler  stm32f0xx_hal_i2c.o
    0x08001904   0x08001904   0x00000002   Code   RO          769    .text.HAL_I2C_ErrorCallback  stm32f0xx_hal_i2c.o
    0x08001906   0x08001906   0x00000002   PAD
    0x08001908   0x08001908   0x0000009c   Code   RO          639    .text.HAL_I2C_Init  stm32f0xx_hal_i2c.o
    0x080019a4   0x080019a4   0x00000002   Code   RO          763    .text.HAL_I2C_ListenCpltCallback  stm32f0xx_hal_i2c.o
    0x080019a6   0x080019a6   0x00000002   PAD
    0x080019a8   0x080019a8   0x00000160   Code   RO          701    .text.HAL_I2C_Mem_Write  stm32f0xx_hal_i2c.o
    0x08001b08   0x08001b08   0x00000074   Code   RO          137    .text.HAL_I2C_MspInit  stm32f0xx_hal_msp.o
    0x08001b7c   0x08001b7c   0x00000002   Code   RO          759    .text.HAL_I2C_SlaveRxCpltCallback  stm32f0xx_hal_i2c.o
    0x08001b7e   0x08001b7e   0x00000002   Code   RO          757    .text.HAL_I2C_SlaveTxCpltCallback  stm32f0xx_hal_i2c.o
    0x08001b80   0x08001b80   0x00000014   Code   RO          593    .text.HAL_IncTick   stm32f0xx_hal.o
    0x08001b94   0x08001b94   0x00000020   Code   RO          583    .text.HAL_Init      stm32f0xx_hal.o
    0x08001bb4   0x08001bb4   0x00000044   Code   RO          585    .text.HAL_InitTick  stm32f0xx_hal.o
    0x08001bf8   0x08001bf8   0x0000002c   Code   RO          127    .text.HAL_MspInit   stm32f0xx_hal_msp.o
    0x08001c24   0x08001c24   0x00000020   Code   RO          889    .text.HAL_NVIC_DisableIRQ  stm32f0xx_hal_cortex.o
    0x08001c44   0x08001c44   0x00000018   Code   RO          887    .text.HAL_NVIC_EnableIRQ  stm32f0xx_hal_cortex.o
    0x08001c5c   0x08001c5c   0x00000008   Code   RO          883    .text.HAL_NVIC_SetPriority  stm32f0xx_hal_cortex.o
    0x08001c64   0x08001c64   0x00000026   Code   RO          435    .text.HAL_PCDEx_ActivateLPM  stm32f0xx_hal_pcd_ex.o
    0x08001c8a   0x08001c8a   0x00000002   Code   RO          439    .text.HAL_PCDEx_LPM_Callback  stm32f0xx_hal_pcd_ex.o
    0x08001c8c   0x08001c8c   0x00000032   Code   RO          425    .text.HAL_PCDEx_PMAConfig  stm32f0xx_hal_pcd_ex.o
    0x08001cbe   0x08001cbe   0x00000018   Code   RO          229    .text.HAL_PCD_DataInStageCallback  usbd_conf.o
    0x08001cd6   0x08001cd6   0x0000001c   Code   RO          227    .text.HAL_PCD_DataOutStageCallback  usbd_conf.o
    0x08001cf2   0x08001cf2   0x0000002c   Code   RO          357    .text.HAL_PCD_DeInit  stm32f0xx_hal_pcd.o
    0x08001d1e   0x08001d1e   0x00000022   Code   RO          393    .text.HAL_PCD_DevDisconnect  stm32f0xx_hal_pcd.o
    0x08001d40   0x08001d40   0x00000050   Code   RO          397    .text.HAL_PCD_EP_Close  stm32f0xx_hal_pcd.o
    0x08001d90   0x08001d90   0x00000062   Code   RO          407    .text.HAL_PCD_EP_ClrStall  stm32f0xx_hal_pcd.o
    0x08001df2   0x08001df2   0x00000012   Code   RO          401    .text.HAL_PCD_EP_GetRxCount  stm32f0xx_hal_pcd.o
    0x08001e04   0x08001e04   0x00000064   Code   RO          395    .text.HAL_PCD_EP_Open  stm32f0xx_hal_pcd.o
    0x08001e68   0x08001e68   0x00000028   Code   RO          399    .text.HAL_PCD_EP_Receive  stm32f0xx_hal_pcd.o
    0x08001e90   0x08001e90   0x0000005c   Code   RO          405    .text.HAL_PCD_EP_SetStall  stm32f0xx_hal_pcd.o
    0x08001eec   0x08001eec   0x0000002e   Code   RO          403    .text.HAL_PCD_EP_Transmit  stm32f0xx_hal_pcd.o
    0x08001f1a   0x08001f1a   0x00000002   PAD
    0x08001f1c   0x08001f1c   0x000007a8   Code   RO          365    .text.HAL_PCD_IRQHandler  stm32f0xx_hal_pcd.o
    0x080026c4   0x080026c4   0x000000ca   Code   RO          353    .text.HAL_PCD_Init  stm32f0xx_hal_pcd.o
    0x0800278e   0x0800278e   0x00000002   PAD
    0x08002790   0x08002790   0x00000020   Code   RO          223    .text.HAL_PCD_MspDeInit  usbd_conf.o
    0x080027b0   0x080027b0   0x0000003c   Code   RO          221    .text.HAL_PCD_MspInit  usbd_conf.o
    0x080027ec   0x080027ec   0x00000022   Code   RO          233    .text.HAL_PCD_ResetCallback  usbd_conf.o
    0x0800280e   0x0800280e   0x00000002   PAD
    0x08002810   0x08002810   0x00000024   Code   RO          237    .text.HAL_PCD_ResumeCallback  usbd_conf.o
    0x08002834   0x08002834   0x0000000e   Code   RO          231    .text.HAL_PCD_SOFCallback  usbd_conf.o
    0x08002842   0x08002842   0x00000028   Code   RO          369    .text.HAL_PCD_SetAddress  stm32f0xx_hal_pcd.o
    0x0800286a   0x0800286a   0x00000016   Code   RO          225    .text.HAL_PCD_SetupStageCallback  usbd_conf.o
    0x08002880   0x08002880   0x0000002a   Code   RO          361    .text.HAL_PCD_Start  stm32f0xx_hal_pcd.o
    0x080028aa   0x080028aa   0x0000002a   Code   RO          363    .text.HAL_PCD_Stop  stm32f0xx_hal_pcd.o
    0x080028d4   0x080028d4   0x00000024   Code   RO          235    .text.HAL_PCD_SuspendCallback  usbd_conf.o
    0x080028f8   0x080028f8   0x00000034   Code   RO          895    .text.HAL_SYSTICK_Config  stm32f0xx_hal_cortex.o
    0x0800292c   0x0800292c   0x00000002   Code   RO         1537    .text.HAL_TIMEx_BreakCallback  stm32f0xx_hal_tim_ex.o
    0x0800292e   0x0800292e   0x00000002   Code   RO         1533    .text.HAL_TIMEx_CommutCallback  stm32f0xx_hal_tim_ex.o
    0x08002930   0x08002930   0x0000004c   Code   RO         1527    .text.HAL_TIMEx_MasterConfigSynchronization  stm32f0xx_hal_tim_ex.o
    0x0800297c   0x0800297c   0x00000042   Code   RO         1219    .text.HAL_TIM_Base_Init  stm32f0xx_hal_tim.o
    0x080029be   0x080029be   0x00000002   PAD
    0x080029c0   0x080029c0   0x00000038   Code   RO          141    .text.HAL_TIM_Base_MspInit  stm32f0xx_hal_msp.o
    0x080029f8   0x080029f8   0x0000004c   Code   RO         1233    .text.HAL_TIM_Base_Start_IT  stm32f0xx_hal_tim.o
    0x08002a44   0x08002a44   0x000000e0   Code   RO         1407    .text.HAL_TIM_ConfigClockSource  stm32f0xx_hal_tim.o
    0x08002b24   0x08002b24   0x00000002   Code   RO         1355    .text.HAL_TIM_IC_CaptureCallback  stm32f0xx_hal_tim.o
    0x08002b26   0x08002b26   0x00000148   Code   RO         1353    .text.HAL_TIM_IRQHandler  stm32f0xx_hal_tim.o
    0x08002c6e   0x08002c6e   0x00000002   Code   RO         1357    .text.HAL_TIM_OC_DelayElapsedCallback  stm32f0xx_hal_tim.o
    0x08002c70   0x08002c70   0x00000002   Code   RO         1359    .text.HAL_TIM_PWM_PulseFinishedCallback  stm32f0xx_hal_tim.o
    0x08002c72   0x08002c72   0x00000002   PAD
    0x08002c74   0x08002c74   0x00000070   Code   RO           66    .text.HAL_TIM_PeriodElapsedCallback  main.o
    0x08002ce4   0x08002ce4   0x00000002   Code   RO         1363    .text.HAL_TIM_TriggerCallback  stm32f0xx_hal_tim.o
    0x08002ce6   0x08002ce6   0x00000002   Code   RO          100    .text.HardFault_Handler  stm32f0xx_it.o
    0x08002ce8   0x08002ce8   0x00000024   Code   RO          116    .text.I2C1_IRQHandler  stm32f0xx_it.o
    0x08002d0c   0x08002d0c   0x0000001e   Code   RO          733    .text.I2C_DMAAbort  stm32f0xx_hal_i2c.o
    0x08002d2a   0x08002d2a   0x0000005e   Code   RO          731    .text.I2C_Disable_IRQ  stm32f0xx_hal_i2c.o
    0x08002d88   0x08002d88   0x0000001c   Code   RO          779    .text.I2C_Flush_TXDR  stm32f0xx_hal_i2c.o
    0x08002da4   0x08002da4   0x00000098   Code   RO          791    .text.I2C_ITAddrCplt  stm32f0xx_hal_i2c.o
    0x08002e3c   0x08002e3c   0x000000d0   Code   RO          751    .text.I2C_ITError   stm32f0xx_hal_i2c.o
    0x08002f0c   0x08002f0c   0x0000005c   Code   RO          787    .text.I2C_ITListenCplt  stm32f0xx_hal_i2c.o
    0x08002f68   0x08002f68   0x00000128   Code   RO          785    .text.I2C_ITSlaveCplt  stm32f0xx_hal_i2c.o
    0x08003090   0x08003090   0x00000068   Code   RO          789    .text.I2C_ITSlaveSeqCplt  stm32f0xx_hal_i2c.o
    0x080030f8   0x080030f8   0x00000064   Code   RO          795    .text.I2C_IsAcknowledgeFailed  stm32f0xx_hal_i2c.o
    0x0800315c   0x0800315c   0x00000068   Code   RO          703    .text.I2C_RequestMemoryWrite  stm32f0xx_hal_i2c.o
    0x080031c4   0x080031c4   0x00000110   Code   RO          675    .text.I2C_Slave_ISR_IT  stm32f0xx_hal_i2c.o
    0x080032d4   0x080032d4   0x0000002c   Code   RO          651    .text.I2C_TransferConfig  stm32f0xx_hal_i2c.o
    0x08003300   0x08003300   0x00000024   Code   RO          793    .text.I2C_TreatErrorCallback  stm32f0xx_hal_i2c.o
    0x08003324   0x08003324   0x0000004a   Code   RO          649    .text.I2C_WaitOnFlagUntilTimeout  stm32f0xx_hal_i2c.o
    0x0800336e   0x0800336e   0x00000046   Code   RO          655    .text.I2C_WaitOnSTOPFlagUntilTimeout  stm32f0xx_hal_i2c.o
    0x080033b4   0x080033b4   0x0000004a   Code   RO          653    .text.I2C_WaitOnTXISFlagUntilTimeout  stm32f0xx_hal_i2c.o
    0x080033fe   0x080033fe   0x0000002a   Code   RO          176    .text.IntToUnicode  usbd_desc.o
    0x08003428   0x08003428   0x0000001c   Code   RO           78    .text.LL_AHB1_GRP1_EnableClock  main.o
    0x08003444   0x08003444   0x00000098   Code   RO          505    .text.LL_EXTI_Init  stm32f0xx_ll_exti.o
    0x080034dc   0x080034dc   0x000000a8   Code   RO          341    .text.LL_GPIO_Init  stm32f0xx_ll_gpio.o
    0x08003584   0x08003584   0x0000000c   Code   RO          481    .text.LL_SetSystemCoreClock  stm32f0xx_ll_utils.o
    0x08003590   0x08003590   0x00000064   Code   RO          153    .text.MX_USB_DEVICE_Init  usb_device.o
    0x080035f4   0x080035f4   0x00000002   Code   RO           98    .text.NMI_Handler   stm32f0xx_it.o
    0x080035f6   0x080035f6   0x00000002   Code   RO          104    .text.PendSV_Handler  stm32f0xx_it.o
    0x080035f8   0x080035f8   0x00000068   Code   RO          191    .text.Port_ReFresh  usbd_cdc_if.o
    0x08003660   0x08003660   0x00000058   Code   RO          193    .text.ResPonse_PSTAT  usbd_cdc_if.o
    0x080036b8   0x080036b8   0x00000002   Code   RO          102    .text.SVC_Handler   stm32f0xx_it.o
    0x080036ba   0x080036ba   0x00000008   Code   RO          106    .text.SysTick_Handler  stm32f0xx_it.o
    0x080036c2   0x080036c2   0x00000002   PAD
    0x080036c4   0x080036c4   0x000000a4   Code   RO           74    .text.SystemClock_Config  main.o
    0x08003768   0x08003768   0x00000002   Code   RO         1551    .text.SystemInit    system_stm32f0xx.o
    0x0800376a   0x0800376a   0x00000002   PAD
    0x0800376c   0x0800376c   0x00000010   Code   RO          114    .text.TIM1_BRK_UP_TRG_COM_IRQHandler  stm32f0xx_it.o
    0x0800377c   0x0800377c   0x00000094   Code   RO         1223    .text.TIM_Base_SetConfig  stm32f0xx_hal_tim.o
    0x08003810   0x08003810   0x00000022   Code   RO         1409    .text.TIM_TI1_ConfigInputStage  stm32f0xx_hal_tim.o
    0x08003832   0x08003832   0x00000026   Code   RO         1411    .text.TIM_TI2_ConfigInputStage  stm32f0xx_hal_tim.o
    0x08003858   0x08003858   0x00000056   Code   RO         1665    .text.USBD_CDC_DataIn  usbd_cdc.o
    0x080038ae   0x080038ae   0x00000036   Code   RO         1667    .text.USBD_CDC_DataOut  usbd_cdc.o
    0x080038e4   0x080038e4   0x00000044   Code   RO         1659    .text.USBD_CDC_DeInit  usbd_cdc.o
    0x08003928   0x08003928   0x0000002a   Code   RO         1663    .text.USBD_CDC_EP0_RxReady  usbd_cdc.o
    0x08003952   0x08003952   0x00000002   PAD
    0x08003954   0x08003954   0x0000000c   Code   RO         1675    .text.USBD_CDC_GetDeviceQualifierDescriptor  usbd_cdc.o
    0x08003960   0x08003960   0x0000000c   Code   RO         1671    .text.USBD_CDC_GetFSCfgDesc  usbd_cdc.o
    0x0800396c   0x0800396c   0x0000000c   Code   RO         1669    .text.USBD_CDC_GetHSCfgDesc  usbd_cdc.o
    0x08003978   0x08003978   0x0000000c   Code   RO         1673    .text.USBD_CDC_GetOtherSpeedCfgDesc  usbd_cdc.o
    0x08003984   0x08003984   0x00000088   Code   RO         1657    .text.USBD_CDC_Init  usbd_cdc.o
    0x08003a0c   0x08003a0c   0x0000002c   Code   RO         1685    .text.USBD_CDC_ReceivePacket  usbd_cdc.o
    0x08003a38   0x08003a38   0x00000012   Code   RO         1677    .text.USBD_CDC_RegisterInterface  usbd_cdc.o
    0x08003a4a   0x08003a4a   0x00000010   Code   RO         1681    .text.USBD_CDC_SetRxBuffer  usbd_cdc.o
    0x08003a5a   0x08003a5a   0x00000014   Code   RO         1679    .text.USBD_CDC_SetTxBuffer  usbd_cdc.o
    0x08003a6e   0x08003a6e   0x000000ac   Code   RO         1661    .text.USBD_CDC_Setup  usbd_cdc.o
    0x08003b1a   0x08003b1a   0x0000003a   Code   RO         1683    .text.USBD_CDC_TransmitPacket  usbd_cdc.o
    0x08003b54   0x08003b54   0x00000010   Code   RO         1580    .text.USBD_ClrClassConfig  usbd_core.o
    0x08003b64   0x08003b64   0x00000012   Code   RO         1641    .text.USBD_CtlContinueRx  usbd_ioreq.o
    0x08003b76   0x08003b76   0x00000012   Code   RO         1637    .text.USBD_CtlContinueSendData  usbd_ioreq.o
    0x08003b88   0x08003b88   0x00000014   Code   RO         1616    .text.USBD_CtlError  usbd_ctlreq.o
    0x08003b9c   0x08003b9c   0x00000024   Code   RO         1639    .text.USBD_CtlPrepareRx  usbd_ioreq.o
    0x08003bc0   0x08003bc0   0x0000001a   Code   RO         1645    .text.USBD_CtlReceiveStatus  usbd_ioreq.o
    0x08003bda   0x08003bda   0x0000001e   Code   RO         1635    .text.USBD_CtlSendData  usbd_ioreq.o
    0x08003bf8   0x08003bf8   0x0000001a   Code   RO         1643    .text.USBD_CtlSendStatus  usbd_ioreq.o
    0x08003c12   0x08003c12   0x00000028   Code   RO         1568    .text.USBD_DeInit   usbd_core.o
    0x08003c3a   0x08003c3a   0x00000002   PAD
    0x08003c3c   0x08003c3c   0x00000020   Code   RO          172    .text.USBD_FS_ConfigStrDescriptor  usbd_desc.o
    0x08003c5c   0x08003c5c   0x0000000c   Code   RO          162    .text.USBD_FS_DeviceDescriptor  usbd_desc.o
    0x08003c68   0x08003c68   0x00000024   Code   RO          174    .text.USBD_FS_InterfaceStrDescriptor  usbd_desc.o
    0x08003c8c   0x08003c8c   0x0000000c   Code   RO          164    .text.USBD_FS_LangIDStrDescriptor  usbd_desc.o
    0x08003c98   0x08003c98   0x00000020   Code   RO          166    .text.USBD_FS_ManufacturerStrDescriptor  usbd_desc.o
    0x08003cb8   0x08003cb8   0x00000028   Code   RO          168    .text.USBD_FS_ProductStrDescriptor  usbd_desc.o
    0x08003ce0   0x08003ce0   0x00000034   Code   RO          170    .text.USBD_FS_SerialStrDescriptor  usbd_desc.o
    0x08003d14   0x08003d14   0x00000042   Code   RO         1624    .text.USBD_GetString  usbd_ctlreq.o
    0x08003d56   0x08003d56   0x00000002   PAD
    0x08003d58   0x08003d58   0x00000020   Code   RO          251    .text.USBD_Get_USB_Status  usbd_conf.o
    0x08003d78   0x08003d78   0x0000002e   Code   RO         1566    .text.USBD_Init     usbd_core.o
    0x08003da6   0x08003da6   0x00000012   Code   RO          265    .text.USBD_LL_ClearStallEP  usbd_conf.o
    0x08003db8   0x08003db8   0x00000012   Code   RO          259    .text.USBD_LL_CloseEP  usbd_conf.o
    0x08003dca   0x08003dca   0x000000c2   Code   RO         1586    .text.USBD_LL_DataInStage  usbd_core.o
    0x08003e8c   0x08003e8c   0x00000080   Code   RO         1584    .text.USBD_LL_DataOutStage  usbd_core.o
    0x08003f0c   0x08003f0c   0x00000012   Code   RO          249    .text.USBD_LL_DeInit  usbd_conf.o
    0x08003f1e   0x08003f1e   0x0000000e   Code   RO          275    .text.USBD_LL_GetRxDataSize  usbd_conf.o
    0x08003f2c   0x08003f2c   0x00000080   Code   RO          247    .text.USBD_LL_Init  usbd_conf.o
    0x08003fac   0x08003fac   0x00000022   Code   RO          267    .text.USBD_LL_IsStallEP  usbd_conf.o
    0x08003fce   0x08003fce   0x00000018   Code   RO          257    .text.USBD_LL_OpenEP  usbd_conf.o
    0x08003fe6   0x08003fe6   0x00000012   Code   RO          273    .text.USBD_LL_PrepareReceive  usbd_conf.o
    0x08003ff8   0x08003ff8   0x00000050   Code   RO         1588    .text.USBD_LL_Reset  usbd_core.o
    0x08004048   0x08004048   0x00000014   Code   RO         1594    .text.USBD_LL_Resume  usbd_core.o
    0x0800405c   0x0800405c   0x0000001c   Code   RO         1596    .text.USBD_LL_SOF   usbd_core.o
    0x08004078   0x08004078   0x00000006   Code   RO         1590    .text.USBD_LL_SetSpeed  usbd_core.o
    0x0800407e   0x0800407e   0x00000012   Code   RO          269    .text.USBD_LL_SetUSBAddress  usbd_conf.o
    0x08004090   0x08004090   0x00000060   Code   RO         1582    .text.USBD_LL_SetupStage  usbd_core.o
    0x080040f0   0x080040f0   0x00000012   Code   RO          263    .text.USBD_LL_StallEP  usbd_conf.o
    0x08004102   0x08004102   0x00000012   Code   RO          253    .text.USBD_LL_Start  usbd_conf.o
    0x08004114   0x08004114   0x00000012   Code   RO          255    .text.USBD_LL_Stop  usbd_conf.o
    0x08004126   0x08004126   0x00000012   Code   RO         1592    .text.USBD_LL_Suspend  usbd_core.o
    0x08004138   0x08004138   0x00000012   Code   RO          271    .text.USBD_LL_Transmit  usbd_conf.o
    0x0800414a   0x0800414a   0x00000028   Code   RO         1622    .text.USBD_ParseSetupRequest  usbd_ctlreq.o
    0x08004172   0x08004172   0x00000012   Code   RO         1570    .text.USBD_RegisterClass  usbd_core.o
    0x08004184   0x08004184   0x0000001c   Code   RO         1578    .text.USBD_SetClassConfig  usbd_core.o
    0x080041a0   0x080041a0   0x0000000a   Code   RO         1572    .text.USBD_Start    usbd_core.o
    0x080041aa   0x080041aa   0x00000002   PAD
    0x080041ac   0x080041ac   0x00000238   Code   RO         1614    .text.USBD_StdDevReq  usbd_ctlreq.o
    0x080043e4   0x080043e4   0x00000132   Code   RO         1620    .text.USBD_StdEPReq  usbd_ctlreq.o
    0x08004516   0x08004516   0x00000052   Code   RO         1618    .text.USBD_StdItfReq  usbd_ctlreq.o
    0x08004568   0x08004568   0x0000001c   Code   RO         1574    .text.USBD_Stop     usbd_core.o
    0x08004584   0x08004584   0x00000002   Code   RO          281    .text.USBD_static_free  usbd_conf.o
    0x08004586   0x08004586   0x00000002   PAD
    0x08004588   0x08004588   0x00000008   Code   RO          279    .text.USBD_static_malloc  usbd_conf.o
    0x08004590   0x08004590   0x00000214   Code   RO          303    .text.USB_ActivateEndpoint  stm32f0xx_ll_usb.o
    0x080047a4   0x080047a4   0x000000d4   Code   RO          305    .text.USB_DeactivateEndpoint  stm32f0xx_ll_usb.o
    0x08004878   0x08004878   0x00000010   Code   RO          319    .text.USB_DevConnect  stm32f0xx_ll_usb.o
    0x08004888   0x08004888   0x00000014   Code   RO          321    .text.USB_DevDisconnect  stm32f0xx_ll_usb.o
    0x0800489c   0x0800489c   0x00000014   Code   RO          301    .text.USB_DevInit   stm32f0xx_ll_usb.o
    0x080048b0   0x080048b0   0x00000014   Code   RO          297    .text.USB_DisableGlobalInt  stm32f0xx_ll_usb.o
    0x080048c4   0x080048c4   0x0000006c   Code   RO          313    .text.USB_EPClearStall  stm32f0xx_ll_usb.o
    0x08004930   0x08004930   0x00000038   Code   RO          311    .text.USB_EPSetStall  stm32f0xx_ll_usb.o
    0x08004968   0x08004968   0x000004e4   Code   RO          307    .text.USB_EPStartXfer  stm32f0xx_ll_usb.o
    0x08004e4c   0x08004e4c   0x00000018   Code   RO          295    .text.USB_EnableGlobalInt  stm32f0xx_ll_usb.o
    0x08004e64   0x08004e64   0x00000010   Code   RO          118    .text.USB_IRQHandler  stm32f0xx_it.o
    0x08004e74   0x08004e74   0x00000006   Code   RO          323    .text.USB_ReadInterrupts  stm32f0xx_ll_usb.o
    0x08004e7a   0x08004e7a   0x0000002a   Code   RO          329    .text.USB_ReadPMA   stm32f0xx_ll_usb.o
    0x08004ea4   0x08004ea4   0x0000000e   Code   RO          317    .text.USB_SetDevAddress  stm32f0xx_ll_usb.o
    0x08004eb2   0x08004eb2   0x00000016   Code   RO          315    .text.USB_StopDevice  stm32f0xx_ll_usb.o
    0x08004ec8   0x08004ec8   0x00000026   Code   RO          309    .text.USB_WritePMA  stm32f0xx_ll_usb.o
    0x08004eee   0x08004eee   0x00000002   PAD
    0x08004ef0   0x08004ef0   0x00000040   Code   RO          885    .text.__NVIC_SetPriority  stm32f0xx_hal_cortex.o
    0x08004f30   0x08004f30   0x000004b0   Code   RO           72    .text.main          main.o
    0x080053e0   0x080053e0   0x0000005c   Code   RO           68    .text.setSegVal     main.o
    0x0800543c   0x0800543c   0x00000030   Code   RO           30    .text.ssd1306_DrawPixel  ssd1306.o
    0x0800546c   0x0800546c   0x0000001c   Code   RO           26    .text.ssd1306_Fill  ssd1306.o
    0x08005488   0x08005488   0x00000094   Code   RO           22    .text.ssd1306_Init  ssd1306.o
    0x0800551c   0x0800551c   0x00000008   Code   RO           36    .text.ssd1306_SetCursor  ssd1306.o
    0x08005524   0x08005524   0x00000044   Code   RO           28    .text.ssd1306_UpdateScreen  ssd1306.o
    0x08005568   0x08005568   0x0000008c   Code   RO           32    .text.ssd1306_WriteChar  ssd1306.o
    0x080055f4   0x080055f4   0x00000020   Code   RO           24    .text.ssd1306_WriteCommand  ssd1306.o
    0x08005614   0x08005614   0x0000002c   Code   RO           34    .text.ssd1306_WriteString  ssd1306.o
    0x08005640   0x08005640   0x00000028   Code   RO         1809    i.__0sprintf$3      mc_p.l(printf3.o)
    0x08005668   0x08005668   0x0000002e   Code   RO         2027    i.__ARM_clz         mf_p.l(depilogue.o)
    0x08005696   0x08005696   0x0000000e   Code   RO         2047    i.__scatterload_copy  mc_p.l(handlers.o)
    0x080056a4   0x080056a4   0x00000002   Code   RO         2048    i.__scatterload_null  mc_p.l(handlers.o)
    0x080056a6   0x080056a6   0x0000000e   Code   RO         2049    i.__scatterload_zeroinit  mc_p.l(handlers.o)
    0x080056b4   0x080056b4   0x000001cc   Code   RO         1814    i._printf_core      mc_p.l(printf3.o)
    0x08005880   0x08005880   0x0000000a   Code   RO         1816    i._sputc            mc_p.l(printf3.o)
    0x0800588a   0x0800588a   0x00000da4   Data   RO           13    .rodata.Font11x18   fonts.o
    0x0800662e   0x0800662e   0x00000010   Data   RO           80    .rodata.SegmentArrInfo  main.o
    0x0800663e   0x0800663e   0x00000006   Data   RO           86    .rodata.str1.1      main.o
    0x08006644   0x08006644   0x0000006b   Data   RO          207    .rodata.str1.1      usbd_cdc_if.o
    0x080066af   0x080066af   0x00000001   PAD
    0x080066b0   0x080066b0   0x00000036   Data   RO          211    .rodata.str1.4      usbd_cdc_if.o
    0x080066e6   0x080066e6   0x00000002   PAD
    0x080066e8   0x080066e8   0x00000020   Data   RO         2046    Region$$Table       anon$$obj.o


    Execution Region RW_IRAM1 (Exec base: 0x20000000, Load base: 0x08006708, Size: 0x000013c0, Max: 0x00001800, ABSOLUTE, COMPRESSED[0x00000198])

    Exec Addr    Load Addr    Size         Type   Attr      Idx    E Section Name        Object

    0x20000000   COMPRESSED   0x00000008   Data   RW          630    .data..L_MergedGlobals  stm32f0xx_hal.o
    0x20000008   COMPRESSED   0x00000007   Data   RW          210    .data.CDC_Control_FS.lineCoding  usbd_cdc_if.o
    0x2000000f   COMPRESSED   0x00000001   PAD
    0x20000010   COMPRESSED   0x0000001c   Data   RW          178    .data.FS_Desc       usbd_desc.o
    0x2000002c   COMPRESSED   0x00000008   Data   RW           14    .data.Font_11x18    fonts.o
    0x20000034   COMPRESSED   0x00000002   Data   RW           81    .data.HAL_TIM_PeriodElapsedCallback.now  main.o
    0x20000036   COMPRESSED   0x00000164   Data   RW          205    .data.Manual        usbd_cdc_if.o
    0x2000019a   COMPRESSED   0x00000002   PAD
    0x2000019c   COMPRESSED   0x00000004   Data   RW         1555    .data.SystemCoreClock  system_stm32f0xx.o
    0x200001a0   COMPRESSED   0x00000038   Data   RW         1687    .data.USBD_CDC      usbd_cdc.o
    0x200001d8   COMPRESSED   0x00000043   Data   RW         1689    .data.USBD_CDC_CfgFSDesc  usbd_cdc.o
    0x2000021b   COMPRESSED   0x00000001   PAD
    0x2000021c   COMPRESSED   0x00000043   Data   RW         1688    .data.USBD_CDC_CfgHSDesc  usbd_cdc.o
    0x2000025f   COMPRESSED   0x00000001   PAD
    0x20000260   COMPRESSED   0x0000000a   Data   RW         1691    .data.USBD_CDC_DeviceQualifierDesc  usbd_cdc.o
    0x2000026a   COMPRESSED   0x00000002   PAD
    0x2000026c   COMPRESSED   0x00000043   Data   RW         1690    .data.USBD_CDC_OtherSpeedCfgDesc  usbd_cdc.o
    0x200002af   COMPRESSED   0x00000001   PAD
    0x200002b0   COMPRESSED   0x00000012   Data   RW          179    .data.USBD_FS_DeviceDesc  usbd_desc.o
    0x200002c2   COMPRESSED   0x00000002   PAD
    0x200002c4   COMPRESSED   0x00000010   Data   RW          208    .data.USBD_Interface_fops_FS  usbd_cdc_if.o
    0x200002d4   COMPRESSED   0x00000004   Data   RW          180    .data.USBD_LangIDDesc  usbd_desc.o
    0x200002d8   COMPRESSED   0x0000001a   Data   RW          181    .data.USBD_StringSerial  usbd_desc.o
    0x200002f2   COMPRESSED   0x00000006   PAD
    0x200002f8        -       0x00000004   Zero   RW           57    .bss..L_MergedGlobals  ssd1306.o
    0x200002fc        -       0x00000070   Zero   RW           89    .bss..L_MergedGlobals  main.o
    0x2000036c        -       0x0000004c   Zero   RW          212    .bss..L_MergedGlobals  usbd_cdc_if.o
    0x200003b8        -       0x00000003   Zero   RW           82    .bss.FND_Var        main.o
    0x200003bb        -       0x00000400   Zero   RW           56    .bss.SSD1306_Buffer  ssd1306.o
    0x200007bb        -       0x00000001   Zero   RW         1626    .bss.USBD_SetConfig.cfgidx  usbd_ctlreq.o
    0x200007bc        -       0x00000040   Zero   RW          182    .bss.USBD_StrDesc   usbd_desc.o
    0x200007fc        -       0x00000220   Zero   RW          284    .bss.USBD_static_malloc.mem  usbd_conf.o
    0x20000a1c        -       0x00000040   Zero   RW          209    .bss.UserTxBufferFS  usbd_cdc_if.o
    0x20000a5c        -       0x0000004e   Zero   RW          206    .bss.buf            usbd_cdc_if.o
    0x20000aaa   COMPRESSED   0x00000002   PAD
    0x20000aac        -       0x000002c4   Zero   RW          155    .bss.hUsbDeviceFS   usb_device.o
    0x20000d70        -       0x0000004c   Zero   RW           83    .bss.hadc           main.o
    0x20000dbc        -       0x00000048   Zero   RW           84    .bss.hdma_adc       main.o
    0x20000e04        -       0x00000054   Zero   RW           87    .bss.hi2c1          main.o
    0x20000e58        -       0x000002f8   Zero   RW          283    .bss.hpcd_USB_FS    usbd_conf.o
    0x20001150        -       0x00000068   Zero   RW           85    .bss.htim1          main.o
    0x200011b8        -       0x00000004   Zero   RW          629    .bss.uwTick         stm32f0xx_hal.o
    0x200011bc   COMPRESSED   0x00000004   PAD
    0x200011c0        -       0x00000200   Zero   RW            1    STACK               startup_stm32f042x6.o


==============================================================================

Image component sizes


      Code (inc. data)   RO Data    RW Data    ZI Data      Debug   Object Name

         0          0       3492          8          0        862   fonts.o
      1766        212         22          2        451      15947   main.o
       516         16          0          0       1028       9608   ssd1306.o
        88         38        192          0        512        636   startup_stm32f042x6.o
       164         20          0          8          4       5337   stm32f0xx_hal.o
      1504         64          0          0          0      11338   stm32f0xx_hal_adc.o
       256          0          0          0          0      13736   stm32f0xx_hal_can.o
       180         28          0          0          0       5621   stm32f0xx_hal_cortex.o
       654         12          0          0          0       7361   stm32f0xx_hal_dma.o
       420         24          0          0          0       4962   stm32f0xx_hal_gpio.o
      2398         74          0          0          0      38404   stm32f0xx_hal_i2c.o
       124          0          0          0          0       5217   stm32f0xx_hal_i2c_ex.o
       480         44          0          0          0      10730   stm32f0xx_hal_msp.o
      2838         72          0          0          0      14166   stm32f0xx_hal_pcd.o
        90          0          0          0          0       5748   stm32f0xx_hal_pcd_ex.o
       922         28          0          0          0      46066   stm32f0xx_hal_tim.o
        80          0          0          0          0      19009   stm32f0xx_hal_tim_ex.o
       176         28          0          0          0       2496   stm32f0xx_it.o
       152          8          0          0          0       2492   stm32f0xx_ll_exti.o
       168          0          0          0          0       3377   stm32f0xx_ll_gpio.o
      2382        112          0          0          0      12577   stm32f0xx_ll_usb.o
        12          4          0          0          0       7488   stm32f0xx_ll_utils.o
         2          0          0          4          0       1695   system_stm32f0xx.o
       100         16          0          0        708       3221   usb_device.o
       762         24          0        267          0      10253   usbd_cdc.o
      1360        234        161        379        218       4542   usbd_cdc_if.o
       690         44          0          0       1304      14444   usbd_conf.o
       756          4          0          0          0       7727   usbd_core.o
      1082         28          0          0          1       7588   usbd_ctlreq.o
       258         76          0         76         64       3480   usbd_desc.o
       154          0          0          0          0       4458   usbd_ioreq.o

    ----------------------------------------------------------------------
     20576       1210       3902        756       4300     300586   Object Totals
         0          0         32          0          0          0   (incl. Generated)
        42          0          3         12         10          0   (incl. Padding)

    ----------------------------------------------------------------------

      Code (inc. data)   RO Data    RW Data    ZI Data      Debug   Library Member Name

        86          0          0          0          0          0   __dczerorl2.o
         0          0          0          0          0          0   entry.o
         0          0          0          0          0          0   entry10a.o
         0          0          0          0          0          0   entry11a.o
         8          4          0          0          0          0   entry2.o
         4          0          0          0          0          0   entry5.o
         0          0          0          0          0          0   entry7b.o
         0          0          0          0          0          0   entry8b.o
         8          4          0          0          0          0   entry9a.o
        30          0          0          0          0          0   handlers.o
        80          6          0          0          0         72   idiv_div0.o
        36          8          0          0          0         68   init.o
         0          0          0          0          0          0   iusefp.o
        32          0          0          0          0         68   llshl.o
        34          0          0          0          0         68   llushr.o
        36          0          0          0          0         60   memcpya.o
        36          0          0          0          0        100   memseta.o
       510          8          0          0          0        228   printf3.o
        14          0          0          0          0         60   strlen.o
        62          0          0          0          0         72   uidiv_div0.o
        44          0          0          0          0         68   dcmpge.o
       236          0          0          0          0        216   depilogue.o
        72         10          0          0          0         72   dfixi.o
       208          6          0          0          0         88   dmul.o
        40          0          0          0          0         60   f2d.o
       130          0          0          0          0        144   fepilogue.o
        50          0          0          0          0         60   ffixi.o
        14          0          0          0          0         68   ffltui.o
       122          0          0          0          0         72   fmul.o

    ----------------------------------------------------------------------
      1898         46          0          0          0       1644   Library Totals
         6          0          0          0          0          0   (incl. Padding)

    ----------------------------------------------------------------------

      Code (inc. data)   RO Data    RW Data    ZI Data      Debug   Library Name

       976         30          0          0          0        796   mc_p.l
       916         16          0          0          0        848   mf_p.l

    ----------------------------------------------------------------------
      1898         46          0          0          0       1644   Library Totals

    ----------------------------------------------------------------------

==============================================================================


      Code (inc. data)   RO Data    RW Data    ZI Data      Debug   

     22474       1256       3902        756       4300     301214   Grand Totals
     22474       1256       3902        408       4300     301214   ELF Image Totals (compressed)
     22474       1256       3902        408          0          0   ROM Totals

==============================================================================

    Total RO  Size (Code + RO Data)                26376 (  25.76kB)
    Total RW  Size (RW Data + ZI Data)              5056 (   4.94kB)
    Total ROM Size (Code + RO Data + RW Data)      26784 (  26.16kB)

==============================================================================

