stm32f0xx_it.c:75:6:NMI_Handler	0	static
stm32f0xx_it.c:88:6:HardFault_Handler	0	static
stm32f0xx_it.c:103:6:SVC_Handler	0	static
stm32f0xx_it.c:116:6:PendSV_Handler	0	static
stm32f0xx_it.c:129:6:SysTick_Handler	8	static
stm32f0xx_it.c:150:6:EXTI4_15_IRQHandler	8	static
stm32f0xx_it.c:181:6:DMA1_Channel1_IRQHandler	8	static
stm32f0xx_it.c:195:6:ADC1_IRQHandler	8	static
stm32f0xx_it.c:209:6:TIM1_BRK_UP_TRG_COM_IRQHandler	8	static
stm32f0xx_it.c:223:6:I2C1_IRQHandler	8	static
stm32f0xx_it.c:241:6:USB_IRQHandler	8	static
