ssd1306.c:15:13:ssd1306_WriteCommand	32	static
ssd1306.c:93:6:ssd1306_Fill	0	static
ssd1306.c:107:6:ssd1306_UpdateScreen	32	static
ssd1306.c:37:9:ssd1306_Init	8	static
ssd1306.c:127:6:ssd1306_DrawPixel	16	static
ssd1306.c:159:6:ssd1306_WriteChar	56	static
ssd1306.c:201:6:ssd1306_WriteString	24	static
ssd1306.c:223:6:ssd1306_SetCursor	0	static
ssd1306.c:230:6:ssd1306_DrawLine	48	static
ssd1306.c:315:6:ssd1306_DrawRectangle	40	static
ssd1306.c:341:6:ssd1306_DrawFilledRectangle	40	static
ssd1306.c:369:6:ssd1306_DrawTriangle	48	static
ssd1306.c:378:6:ssd1306_DrawFilledTriangle	80	static
ssd1306.c:435:6:ssd1306_DrawCircle	56	static
ssd1306.c:470:6:ssd1306_DrawFilledCircle	56	static
ssd1306.c:502:6:ssd1306_ON	8	static
ssd1306.c:509:6:ssd1306_OFF	8	static
