<html>
<body>
<pre>
<h1>µVision Build Log</h1>
<h2>Tool Versions:</h2>
IDE-Version: •ÏVision V5.33.0.0
Copyright (C) 2020 ARM Ltd and ARM Germany GmbH. All rights reserved.
License Information: FUCKU FUCKU, FUCKU, LIC=76F5U-SWU7Z-X73RZ-J1M8J-WGZ9C-KS7JZ
 
Tool Versions:
Toolchain:       MDK-ARM Plus  Version: 5.33.0.0
Toolchain Path:  C:\Keil_v5\ARM\ARMCLANG\Bin
C Compiler:      ArmClang.exe V6.15
Assembler:       Armasm.exe V6.15
Linker/Locator:  ArmLink.exe V6.15
Library Manager: ArmAr.exe V6.15
Hex Converter:   FromElf.exe V6.15
CPU DLL:         SARMCM3.DLL V5.33.0.0
Dialog DLL:      DARMCM1.DLL V1.19.4.0
Target DLL:      STLink\ST-LINKIII-KEIL_SWO.dll V3.0.8.0
Dialog DLL:      TARMCM1.DLL V1.14.3.0
 
<h2>Project:</h2>
C:\Users\eidos\Desktop\Keil Web_MMS_Power_1.0.0\MDK-ARM\Web_MMS_Power.uvprojx
Project File Date:  01/11/2021

<h2>Output:</h2>
*** Using Compiler 'V6.15', folder: 'C:\Keil_v5\ARM\ARMCLANG\Bin'
Rebuild target 'Web_MMS_Power'
assembling startup_stm32f042x6.s...
compiling fonts.c...
compiling stm32f0xx_hal_msp.c...
compiling stm32f0xx_it.c...
compiling usb_device.c...
compiling usbd_desc.c...
compiling ssd1306.c...
../Core/Src/main.c(109): warning: implicit conversion from enumeration type 'FlagStatus' to different enumeration type 'GPIO_PinState' [-Wenum-conversion]
                HAL_GPIO_WritePin(GPIOC, (1 << now), SET);
                ~~~~~~~~~~~~~~~~~                    ^~~
../Core/Src/main.c(115): warning: implicit conversion from enumeration type 'FlagStatus' to different enumeration type 'GPIO_PinState' [-Wenum-conversion]
                HAL_GPIO_WritePin(GPIOB, 0x00FF, RESET);
                ~~~~~~~~~~~~~~~~~                ^~~~~
../Core/Src/main.c(116): warning: implicit conversion from enumeration type 'FlagStatus' to different enumeration type 'GPIO_PinState' [-Wenum-conversion]
                HAL_GPIO_WritePin(GPIOB, SegVar[now - 13], SET);
                ~~~~~~~~~~~~~~~~~                          ^~~
../Core/Src/main.c(117): warning: implicit conversion from enumeration type 'FlagStatus' to different enumeration type 'GPIO_PinState' [-Wenum-conversion]
                HAL_GPIO_WritePin(GPIOC, (1 << now), RESET);
                ~~~~~~~~~~~~~~~~~                    ^~~~~
../Core/Src/main.c(138): warning: incompatible pointer types passing 'uint16_t [2]' to parameter of type 'uint32_t *' (aka 'unsigned int *') [-Wincompatible-pointer-types]
        HAL_ADC_Start_DMA(&hadc, adcValue, 2); // ADC1 3????????
                                 ^~~~~~~~
../Drivers/STM32F0xx_HAL_Driver/Inc\stm32f0xx_hal_adc.h(959): note: passing argument to parameter 'pData' here
HAL_StatusTypeDef       HAL_ADC_Start_DMA(ADC_HandleTypeDef* hadc, uint32_t* pData, uint32_t Length);
                                                                             ^
../Core/Src/main.c(167): warning: implicit conversion from enumeration type 'FlagStatus' to different enumeration type 'GPIO_PinState' [-Wenum-conversion]
                HAL_GPIO_WritePin(S_CAP_CTRL_GPIO_Port, S_CAP_CTRL_Pin, SET);
                ~~~~~~~~~~~~~~~~~                                       ^~~
../Core/Src/main.c(171): warning: implicit conversion from enumeration type 'FlagStatus' to different enumeration type 'GPIO_PinState' [-Wenum-conversion]
                HAL_GPIO_WritePin(S_CAP_CTRL_GPIO_Port, S_CAP_CTRL_Pin, RESET);
                ~~~~~~~~~~~~~~~~~                                       ^~~~~
../Core/Src/main.c(261): warning: implicit declaration of function 'USBD_Stop' is invalid in C99 [-Wimplicit-function-declaration]
                        USBD_Stop(&hUsbDeviceFS);
                        ^
../Core/Src/main.c(262): warning: implicit declaration of function 'USBD_DeInit' is invalid in C99 [-Wimplicit-function-declaration]
                        USBD_DeInit(&hUsbDeviceFS);
                        ^
9 warnings generated.
compiling main.c...
../USB_DEVICE/App/usbd_cdc_if.c(297): warning: implicit conversion from enumeration type 'FlagStatus' to different enumeration type 'GPIO_PinState' [-Wenum-conversion]
                        HAL_GPIO_WritePin(PWR1_GPIO_Port, PWR1_Pin, RESET);
                        ~~~~~~~~~~~~~~~~~                           ^~~~~
../USB_DEVICE/App/usbd_cdc_if.c(310): warning: implicit conversion from enumeration type 'FlagStatus' to different enumeration type 'GPIO_PinState' [-Wenum-conversion]
                        HAL_GPIO_WritePin(PWR2_GPIO_Port, PWR2_Pin, RESET);
                        ~~~~~~~~~~~~~~~~~                           ^~~~~
../USB_DEVICE/App/usbd_cdc_if.c(323): warning: implicit conversion from enumeration type 'FlagStatus' to different enumeration type 'GPIO_PinState' [-Wenum-conversion]
                        HAL_GPIO_WritePin(PWR3_GPIO_Port, PWR3_Pin, RESET);
                        ~~~~~~~~~~~~~~~~~                           ^~~~~
../USB_DEVICE/App/usbd_cdc_if.c(337): warning: implicit conversion from enumeration type 'FlagStatus' to different enumeration type 'GPIO_PinState' [-Wenum-conversion]
                        HAL_GPIO_WritePin(PWR4_GPIO_Port, PWR4_Pin, RESET);
                        ~~~~~~~~~~~~~~~~~                           ^~~~~
../USB_DEVICE/App/usbd_cdc_if.c(350): warning: implicit conversion from enumeration type 'FlagStatus' to different enumeration type 'GPIO_PinState' [-Wenum-conversion]
                        HAL_GPIO_WritePin(PWR5_GPIO_Port, PWR5_Pin, RESET);
                        ~~~~~~~~~~~~~~~~~                           ^~~~~
../USB_DEVICE/App/usbd_cdc_if.c(363): warning: implicit conversion from enumeration type 'FlagStatus' to different enumeration type 'GPIO_PinState' [-Wenum-conversion]
                        HAL_GPIO_WritePin(PWR6_GPIO_Port, PWR6_Pin, RESET);
                        ~~~~~~~~~~~~~~~~~                           ^~~~~
../USB_DEVICE/App/usbd_cdc_if.c(371): warning: implicit conversion from enumeration type 'FlagStatus' to different enumeration type 'GPIO_PinState' [-Wenum-conversion]
                HAL_GPIO_WritePin(PWR1_GPIO_Port, PWR1_Pin, SET);
                ~~~~~~~~~~~~~~~~~                           ^~~
../USB_DEVICE/App/usbd_cdc_if.c(377): warning: implicit conversion from enumeration type 'FlagStatus' to different enumeration type 'GPIO_PinState' [-Wenum-conversion]
                HAL_GPIO_WritePin(PWR2_GPIO_Port, PWR2_Pin, SET);
                ~~~~~~~~~~~~~~~~~                           ^~~
../USB_DEVICE/App/usbd_cdc_if.c(383): warning: implicit conversion from enumeration type 'FlagStatus' to different enumeration type 'GPIO_PinState' [-Wenum-conversion]
                HAL_GPIO_WritePin(PWR3_GPIO_Port, PWR3_Pin, SET);
                ~~~~~~~~~~~~~~~~~                           ^~~
../USB_DEVICE/App/usbd_cdc_if.c(389): warning: implicit conversion from enumeration type 'FlagStatus' to different enumeration type 'GPIO_PinState' [-Wenum-conversion]
                HAL_GPIO_WritePin(PWR4_GPIO_Port, PWR4_Pin, SET);
                ~~~~~~~~~~~~~~~~~                           ^~~
../USB_DEVICE/App/usbd_cdc_if.c(395): warning: implicit conversion from enumeration type 'FlagStatus' to different enumeration type 'GPIO_PinState' [-Wenum-conversion]
                HAL_GPIO_WritePin(PWR5_GPIO_Port, PWR5_Pin, SET);
                ~~~~~~~~~~~~~~~~~                           ^~~
../USB_DEVICE/App/usbd_cdc_if.c(401): warning: implicit conversion from enumeration type 'FlagStatus' to different enumeration type 'GPIO_PinState' [-Wenum-conversion]
                HAL_GPIO_WritePin(PWR6_GPIO_Port, PWR6_Pin, SET);
                ~~~~~~~~~~~~~~~~~                           ^~~
../USB_DEVICE/App/usbd_cdc_if.c(408): warning: implicit conversion from enumeration type 'FlagStatus' to different enumeration type 'GPIO_PinState' [-Wenum-conversion]
                                NULL : HAL_GPIO_WritePin(PWR1_GPIO_Port, PWR1_Pin, RESET);
                                       ~~~~~~~~~~~~~~~~~                           ^~~~~
../USB_DEVICE/App/usbd_cdc_if.c(410): warning: implicit conversion from enumeration type 'FlagStatus' to different enumeration type 'GPIO_PinState' [-Wenum-conversion]
                                NULL : HAL_GPIO_WritePin(PWR2_GPIO_Port, PWR2_Pin, RESET);
                                       ~~~~~~~~~~~~~~~~~                           ^~~~~
../USB_DEVICE/App/usbd_cdc_if.c(412): warning: implicit conversion from enumeration type 'FlagStatus' to different enumeration type 'GPIO_PinState' [-Wenum-conversion]
                                NULL : HAL_GPIO_WritePin(PWR3_GPIO_Port, PWR3_Pin, RESET);
                                       ~~~~~~~~~~~~~~~~~                           ^~~~~
../USB_DEVICE/App/usbd_cdc_if.c(414): warning: implicit conversion from enumeration type 'FlagStatus' to different enumeration type 'GPIO_PinState' [-Wenum-conversion]
                                NULL : HAL_GPIO_WritePin(PWR4_GPIO_Port, PWR4_Pin, RESET);
                                       ~~~~~~~~~~~~~~~~~                           ^~~~~
../USB_DEVICE/App/usbd_cdc_if.c(416): warning: implicit conversion from enumeration type 'FlagStatus' to different enumeration type 'GPIO_PinState' [-Wenum-conversion]
                                NULL : HAL_GPIO_WritePin(PWR5_GPIO_Port, PWR5_Pin, RESET);
                                       ~~~~~~~~~~~~~~~~~                           ^~~~~
../USB_DEVICE/App/usbd_cdc_if.c(418): warning: implicit conversion from enumeration type 'FlagStatus' to different enumeration type 'GPIO_PinState' [-Wenum-conversion]
                                NULL : HAL_GPIO_WritePin(PWR6_GPIO_Port, PWR6_Pin, RESET);
                                       ~~~~~~~~~~~~~~~~~                           ^~~~~
../USB_DEVICE/App/usbd_cdc_if.c(431): warning: implicit conversion from enumeration type 'FlagStatus' to different enumeration type 'GPIO_PinState' [-Wenum-conversion]
                HAL_GPIO_WritePin(GPIOB, 0xFC00, SET);
                ~~~~~~~~~~~~~~~~~                ^~~
19 warnings generated.
compiling usbd_cdc_if.c...
compiling stm32f0xx_ll_gpio.c...
compiling stm32f0xx_hal_pcd_ex.c...
compiling usbd_conf.c...
compiling stm32f0xx_ll_rcc.c...
compiling stm32f0xx_ll_usb.c...
compiling stm32f0xx_hal_pcd.c...
compiling stm32f0xx_ll_utils.c...
compiling stm32f0xx_ll_exti.c...
compiling stm32f0xx_hal.c...
compiling stm32f0xx_hal_rcc_ex.c...
compiling stm32f0xx_hal_i2c_ex.c...
compiling stm32f0xx_hal_gpio.c...
compiling stm32f0xx_hal_dma.c...
compiling stm32f0xx_hal_rcc.c...
compiling stm32f0xx_hal_pwr.c...
compiling stm32f0xx_hal_pwr_ex.c...
compiling stm32f0xx_hal_cortex.c...
compiling stm32f0xx_hal_exti.c...
compiling stm32f0xx_hal_flash.c...
compiling stm32f0xx_hal_flash_ex.c...
compiling stm32f0xx_hal_adc_ex.c...
compiling stm32f0xx_hal_adc.c...
compiling stm32f0xx_hal_i2c.c...
compiling system_stm32f0xx.c...
compiling usbd_core.c...
compiling stm32f0xx_hal_tim_ex.c...
compiling usbd_ctlreq.c...
compiling usbd_ioreq.c...
compiling usbd_cdc.c...
compiling stm32f0xx_hal_tim.c...
linking...
Program Size: Code=22022 RO-data=3894 RW-data=748 ZI-data=4772  
FromELF: creating hex file...
"Web_MMS_Power\Web_MMS_Power.axf" - 0 Error(s), 28 Warning(s).

<h2>Software Packages used:</h2>

Package Vendor: ARM
                http://www.keil.com/pack/ARM.CMSIS.5.7.0.pack
                ARM.CMSIS.5.7.0
                CMSIS (Cortex Microcontroller Software Interface Standard)
   * Component: CORE Version: 5.4.0

Package Vendor: Keil
                http://www.keil.com/pack/Keil.STM32F0xx_DFP.2.1.0.pack
                Keil.STM32F0xx_DFP.2.1.0
                STMicroelectronics STM32F0 Series Device Support, Drivers and Examples

<h2>Collection of Component include folders:</h2>
  .\RTE\_Web_MMS_Power
  C:\Users\eidos\AppData\Local\Arm\Packs\ARM\CMSIS\5.7.0\CMSIS\Core\Include
  C:\Users\eidos\AppData\Local\Arm\Packs\Keil\STM32F0xx_DFP\2.1.0\Drivers\CMSIS\Device\ST\STM32F0xx\Include

<h2>Collection of Component Files used:</h2>

   * Component: ARM::CMSIS:CORE:5.4.0
      Include file:  CMSIS\Core\Include\tz_context.h
Build Time Elapsed:  00:00:04
</pre>
</body>
</html>
